┏━━━━━━━━━━━━━━━━━━━━━━┳━━━━━━━━━━┳━━━━━━━━━━┳━━━━━━━━━━┳━━━━━━━━━━┳━━━━━━━━━━━┳━━━━━━━━━━┳━━━━━━━━━━━┳━━━━━━━━━━┳━━━━━━━━━━━┳━━━━━━━━━━┳━━━━━━━━━━━┳━━━━━━━━━━┓
┃                      ┃ Hold     ┃ Reg to   ┃          ┃          ┃ of which  ┃ Setup    ┃           ┃          ┃           ┃ of which ┃           ┃          ┃
┃                      ┃ Worst    ┃ Reg      ┃          ┃ Hold Vio ┃ reg to    ┃ Worst    ┃ Reg to    ┃ Setup    ┃ Setup Vio ┃ reg to   ┃ Max Cap   ┃ Max Slew ┃
┃ Corner/Group         ┃ Slack    ┃ Paths    ┃ Hold TNS ┃ Count    ┃ reg       ┃ Slack    ┃ Reg Paths ┃ TNS      ┃ Count     ┃ reg      ┃ Violatio… ┃ Violati… ┃
┡━━━━━━━━━━━━━━━━━━━━━━╇━━━━━━━━━━╇━━━━━━━━━━╇━━━━━━━━━━╇━━━━━━━━━━╇━━━━━━━━━━━╇━━━━━━━━━━╇━━━━━━━━━━━╇━━━━━━━━━━╇━━━━━━━━━━━╇━━━━━━━━━━╇━━━━━━━━━━━╇━━━━━━━━━━┩
│ Overall              │ 4.1318   │ N/A      │ 0.0000   │ 0        │ 0         │ -12.5788 │ N/A       │ -38.8437 │ 36        │ 0        │ 0         │ 4        │
│ nom_tt_025C_1v80     │ 4.3543   │ N/A      │ 0.0000   │ 0        │ 0         │ -3.7282  │ N/A       │ -6.9566  │ 3         │ 0        │ 0         │ 0        │
│ nom_ss_100C_1v60     │ 4.8946   │ N/A      │ 0.0000   │ 0        │ 0         │ -12.4149 │ N/A       │ -37.9101 │ 8         │ 0        │ 0         │ 4        │
│ nom_ff_n40C_1v95     │ 4.1386   │ N/A      │ 0.0000   │ 0        │ 0         │ -0.2463  │ N/A       │ -0.2463  │ 1         │ 0        │ 0         │ 0        │
│ min_tt_025C_1v80     │ 4.3452   │ N/A      │ 0.0000   │ 0        │ 0         │ -3.6434  │ N/A       │ -6.7222  │ 3         │ 0        │ 0         │ 0        │
│ min_ss_100C_1v60     │ 4.8797   │ N/A      │ 0.0000   │ 0        │ 0         │ -12.2769 │ N/A       │ -37.0873 │ 8         │ 0        │ 0         │ 4        │
│ min_ff_n40C_1v95     │ 4.1318   │ N/A      │ 0.0000   │ 0        │ 0         │ -0.1846  │ N/A       │ -0.1846  │ 1         │ 0        │ 0         │ 0        │
│ max_tt_025C_1v80     │ 4.3666   │ N/A      │ 0.0000   │ 0        │ 0         │ -3.8290  │ N/A       │ -7.2301  │ 3         │ 0        │ 0         │ 0        │
│ max_ss_100C_1v60     │ 4.9157   │ N/A      │ 0.0000   │ 0        │ 0         │ -12.5788 │ N/A       │ -38.8437 │ 8         │ 0        │ 0         │ 4        │
│ max_ff_n40C_1v95     │ 4.1474   │ N/A      │ 0.0000   │ 0        │ 0         │ -0.3170  │ N/A       │ -0.3170  │ 1         │ 0        │ 0         │ 0        │
└──────────────────────┴──────────┴──────────┴──────────┴──────────┴───────────┴──────────┴───────────┴──────────┴───────────┴──────────┴───────────┴──────────┘
