
===========================================================================
report_checks -unconstrained
===========================================================================
======================= nom_tt_025C_1v80 Corner ===================================

Startpoint: op_b[0] (input port clocked by __VIRTUAL_CLK__)
Endpoint: op_out[0] (output port clocked by __VIRTUAL_CLK__)
Path Group: __VIRTUAL_CLK__
Path Type: max

Fanout         Cap        Slew       Delay        Time   Description
---------------------------------------------------------------------------------------------
                      0.000000    0.000000    0.000000   clock __VIRTUAL_CLK__ (rise edge)
                                  0.000000    0.000000   clock network delay (ideal)
                                  0.000000    0.000000 ^ input external delay
     1    0.002974    0.020481    0.010928    0.010928 ^ op_b[0] (in)
                                                         op_b[0] (net)
                      0.020481    0.000000    0.010928 ^ input13/A (sky130_fd_sc_hd__clkbuf_2)
     4    0.024570    0.138308    0.162876    0.173804 ^ input13/X (sky130_fd_sc_hd__clkbuf_2)
                                                         net13 (net)
                      0.138358    0.000793    0.174597 ^ fanout66/A (sky130_fd_sc_hd__buf_2)
    10    0.049043    0.239818    0.277908    0.452505 ^ fanout66/X (sky130_fd_sc_hd__buf_2)
                                                         net66 (net)
                      0.239820    0.000527    0.453032 ^ fanout65/A (sky130_fd_sc_hd__buf_2)
    10    0.041373    0.203911    0.281240    0.734272 ^ fanout65/X (sky130_fd_sc_hd__buf_2)
                                                         net65 (net)
                      0.203923    0.001744    0.736015 ^ _458_/A (sky130_fd_sc_hd__inv_2)
     4    0.013463    0.063499    0.084052    0.820067 v _458_/Y (sky130_fd_sc_hd__inv_2)
                                                         _188_ (net)
                      0.063499    0.000214    0.820281 v fanout35/A (sky130_fd_sc_hd__clkbuf_4)
    10    0.041913    0.093346    0.202317    1.022598 v fanout35/X (sky130_fd_sc_hd__clkbuf_4)
                                                         net35 (net)
                      0.093373    0.001501    1.024099 v _472_/A1 (sky130_fd_sc_hd__o41ai_4)
     5    0.015991    0.362973    0.459046    1.483145 ^ _472_/Y (sky130_fd_sc_hd__o41ai_4)
                                                         _338_ (net)
                      0.362973    0.000312    1.483457 ^ _481_/A2 (sky130_fd_sc_hd__a211o_1)
     4    0.012608    0.119183    0.242021    1.725478 ^ _481_/X (sky130_fd_sc_hd__a211o_1)
                                                         _410_ (net)
                      0.119183    0.000378    1.725856 ^ _484_/A2 (sky130_fd_sc_hd__a21o_1)
     4    0.013065    0.120457    0.187642    1.913497 ^ _484_/X (sky130_fd_sc_hd__a21o_1)
                                                         _413_ (net)
                      0.120457    0.000237    1.913735 ^ _493_/A1 (sky130_fd_sc_hd__a211oi_1)
     3    0.008305    0.087782    0.114287    2.028021 v _493_/Y (sky130_fd_sc_hd__a211oi_1)
                                                         _422_ (net)
                      0.087782    0.000207    2.028228 v _503_/D (sky130_fd_sc_hd__or4_1)
     3    0.008142    0.118731    0.455360    2.483588 v _503_/X (sky130_fd_sc_hd__or4_1)
                                                         _432_ (net)
                      0.118731    0.000183    2.483770 v _507_/A3 (sky130_fd_sc_hd__a31o_1)
     2    0.006088    0.051624    0.257537    2.741307 v _507_/X (sky130_fd_sc_hd__a31o_1)
                                                         _436_ (net)
                      0.051624    0.000157    2.741464 v _509_/A2 (sky130_fd_sc_hd__a211o_1)
     3    0.014668    0.099863    0.349771    3.091235 v _509_/X (sky130_fd_sc_hd__a211o_1)
                                                         _438_ (net)
                      0.099863    0.000376    3.091611 v _515_/A2 (sky130_fd_sc_hd__a21oi_4)
     8    0.038441    0.297647    0.312459    3.404070 ^ _515_/Y (sky130_fd_sc_hd__a21oi_4)
                                                         _444_ (net)
                      0.297655    0.001277    3.405346 ^ _524_/S (sky130_fd_sc_hd__mux2_1)
     2    0.008362    0.083218    0.392882    3.798229 v _524_/X (sky130_fd_sc_hd__mux2_1)
                                                         _453_ (net)
                      0.083218    0.000220    3.798448 v _539_/A2 (sky130_fd_sc_hd__a221o_1)
     3    0.009758    0.085797    0.397371    4.195819 v _539_/X (sky130_fd_sc_hd__a221o_1)
                                                         _010_ (net)
                      0.085797    0.000200    4.196019 v _544_/A3 (sky130_fd_sc_hd__a311o_1)
     5    0.015992    0.114980    0.430555    4.626574 v _544_/X (sky130_fd_sc_hd__a311o_1)
                                                         _015_ (net)
                      0.114981    0.000507    4.627080 v _571_/A1 (sky130_fd_sc_hd__a21o_1)
     4    0.011581    0.068773    0.217178    4.844259 v _571_/X (sky130_fd_sc_hd__a21o_1)
                                                         _042_ (net)
                      0.068773    0.000310    4.844569 v _574_/B (sky130_fd_sc_hd__and3_1)
     3    0.007250    0.056307    0.191263    5.035831 v _574_/X (sky130_fd_sc_hd__and3_1)
                                                         _045_ (net)
                      0.056307    0.000177    5.036008 v _585_/A (sky130_fd_sc_hd__or4_1)
     1    0.002586    0.080150    0.511104    5.547112 v _585_/X (sky130_fd_sc_hd__or4_1)
                                                         _056_ (net)
                      0.080150    0.000080    5.547192 v _586_/C (sky130_fd_sc_hd__or4b_1)
     1    0.008907    0.120240    0.527185    6.074378 v _586_/X (sky130_fd_sc_hd__or4b_1)
                                                         _057_ (net)
                      0.120240    0.000280    6.074658 v _590_/A2 (sky130_fd_sc_hd__a311oi_4)
     4    0.019898    0.351166    0.390065    6.464723 ^ _590_/Y (sky130_fd_sc_hd__a311oi_4)
                                                         _061_ (net)
                      0.351166    0.000690    6.465413 ^ max_cap30/A (sky130_fd_sc_hd__buf_6)
     5    0.027273    0.067509    0.183147    6.648560 ^ max_cap30/X (sky130_fd_sc_hd__buf_6)
                                                         net30 (net)
                      0.067510    0.000369    6.648929 ^ _619_/S (sky130_fd_sc_hd__mux2_2)
     5    0.022656    0.097090    0.395466    7.044394 v _619_/X (sky130_fd_sc_hd__mux2_2)
                                                         _090_ (net)
                      0.097093    0.000670    7.045064 v _623_/B1 (sky130_fd_sc_hd__o22a_1)
     2    0.006123    0.060293    0.212198    7.257262 v _623_/X (sky130_fd_sc_hd__o22a_1)
                                                         _094_ (net)
                      0.060293    0.000127    7.257389 v _624_/B (sky130_fd_sc_hd__or4bb_4)
     4    0.020282    0.114250    0.565243    7.822632 v _624_/X (sky130_fd_sc_hd__or4bb_4)
                                                         _095_ (net)
                      0.114250    0.000520    7.823151 v _628_/A1 (sky130_fd_sc_hd__a21oi_4)
     3    0.014484    0.150480    0.185358    8.008510 ^ _628_/Y (sky130_fd_sc_hd__a21oi_4)
                                                         _099_ (net)
                      0.150480    0.000347    8.008857 ^ fanout29/A (sky130_fd_sc_hd__clkbuf_4)
    10    0.042746    0.136429    0.240555    8.249412 ^ fanout29/X (sky130_fd_sc_hd__clkbuf_4)
                                                         net29 (net)
                      0.136439    0.001285    8.250697 ^ _665_/S (sky130_fd_sc_hd__mux2_1)
     3    0.008579    0.083686    0.372225    8.622922 v _665_/X (sky130_fd_sc_hd__mux2_1)
                                                         _136_ (net)
                      0.083686    0.000134    8.623056 v _669_/A2 (sky130_fd_sc_hd__a21o_1)
     1    0.003418    0.035886    0.189817    8.812873 v _669_/X (sky130_fd_sc_hd__a21o_1)
                                                         _140_ (net)
                      0.035886    0.000103    8.812977 v _671_/A2 (sky130_fd_sc_hd__o211a_1)
     1    0.002919    0.038993    0.196000    9.008976 v _671_/X (sky130_fd_sc_hd__o211a_1)
                                                         _142_ (net)
                      0.038993    0.000083    9.009059 v _672_/B2 (sky130_fd_sc_hd__o221a_1)
     1    0.003652    0.050142    0.204321    9.213380 v _672_/X (sky130_fd_sc_hd__o221a_1)
                                                         _143_ (net)
                      0.050142    0.000119    9.213499 v _675_/A2 (sky130_fd_sc_hd__o21a_1)
     1    0.002325    0.032520    0.160776    9.374275 v _675_/X (sky130_fd_sc_hd__o21a_1)
                                                         _146_ (net)
                      0.032520    0.000044    9.374318 v _679_/A1 (sky130_fd_sc_hd__o21a_1)
     1    0.007702    0.057965    0.198481    9.572800 v _679_/X (sky130_fd_sc_hd__o21a_1)
                                                         _150_ (net)
                      0.057966    0.000352    9.573152 v _700_/A (sky130_fd_sc_hd__or3_1)
     1    0.004592    0.074885    0.380851    9.954002 v _700_/X (sky130_fd_sc_hd__or3_1)
                                                         net21 (net)
                      0.074885    0.000161    9.954164 v output21/A (sky130_fd_sc_hd__buf_2)
     1    0.034394    0.089808    0.193632   10.147795 v output21/X (sky130_fd_sc_hd__buf_2)
                                                         op_out[0] (net)
                      0.089814    0.000789   10.148583 v op_out[0] (out)
                                             10.148583   data arrival time

                      0.000000   20.000000   20.000000   clock __VIRTUAL_CLK__ (rise edge)
                                  0.000000   20.000000   clock network delay (ideal)
                                 -0.250000   19.750002   clock uncertainty
                                  0.000000   19.750002   clock reconvergence pessimism
                                  0.000000   19.750002   output external delay
                                             19.750002   data required time
---------------------------------------------------------------------------------------------
                                             19.750002   data required time
                                            -10.148583   data arrival time
---------------------------------------------------------------------------------------------
                                              9.601418   slack (MET)




===========================================================================
report_checks --slack_max -0.01
============================================================================
======================= nom_tt_025C_1v80 Corner ===================================

No paths found.


===========================================================================
 report_check_types -max_slew -max_cap -max_fanout -violators
============================================================================
======================= nom_tt_025C_1v80 Corner ===================================



===========================================================================
report_parasitic_annotation -report_unannotated
============================================================================
Found 0 unannotated drivers.
Found 0 partially unannotated drivers.

===========================================================================
max slew violation count 0
max fanout violation count 0
max cap violation count 0
============================================================================

===========================================================================
check_setup -verbose -unconstrained_endpoints -multiple_clock -no_clock -no_input_delay -loops -generated_clocks
===========================================================================
