
===========================================================================
report_checks -path_delay max (Setup)
============================================================================
======================= nom_ss_100C_1v60 Corner ===================================

Startpoint: op_b[4] (input port clocked by __VIRTUAL_CLK__)
Endpoint: op_out[0] (output port clocked by __VIRTUAL_CLK__)
Path Group: __VIRTUAL_CLK__
Path Type: max

Fanout         Cap        Slew       Delay        Time   Description
---------------------------------------------------------------------------------------------
                      0.000000    0.000000    0.000000   clock __VIRTUAL_CLK__ (rise edge)
                                  0.000000    0.000000   clock network delay (ideal)
                                  4.000000    4.000000 v input external delay
    23    0.075280    0.321424    0.230127    4.230127 v op_b[4] (in)
                                                         op_b[4] (net)
                      0.321424    0.000000    4.230127 v _469_/B (sky130_fd_sc_hd__or4_2)
     6    0.018391    0.337000    1.809148    6.039275 v _469_/X (sky130_fd_sc_hd__or4_2)
                                                         _306_ (net)
                      0.337000    0.000000    6.039275 v _472_/A3 (sky130_fd_sc_hd__o41ai_2)
     5    0.015391    0.770087    0.857302    6.896577 ^ _472_/Y (sky130_fd_sc_hd__o41ai_2)
                                                         _338_ (net)
                      0.770087    0.000000    6.896577 ^ _481_/A1 (sky130_fd_sc_hd__a211o_2)
     4    0.011169    0.119419    0.552107    7.448684 ^ _481_/X (sky130_fd_sc_hd__a211o_2)
                                                         _410_ (net)
                      0.119419    0.000000    7.448684 ^ _482_/C (sky130_fd_sc_hd__and3_2)
     2    0.007144    0.116693    0.412464    7.861147 ^ _482_/X (sky130_fd_sc_hd__and3_2)
                                                         _411_ (net)
                      0.116693    0.000000    7.861147 ^ _493_/C1 (sky130_fd_sc_hd__a211oi_2)
     3    0.007645    0.131867    0.095278    7.956425 v _493_/Y (sky130_fd_sc_hd__a211oi_2)
                                                         _422_ (net)
                      0.131867    0.000000    7.956425 v _503_/D (sky130_fd_sc_hd__or4_2)
     3    0.008765    0.268547    1.404731    9.361156 v _503_/X (sky130_fd_sc_hd__or4_2)
                                                         _432_ (net)
                      0.268547    0.000000    9.361156 v _507_/A3 (sky130_fd_sc_hd__a31o_2)
     2    0.006528    0.083052    0.551476    9.912632 v _507_/X (sky130_fd_sc_hd__a31o_2)
                                                         _436_ (net)
                      0.083052    0.000000    9.912632 v _509_/A2 (sky130_fd_sc_hd__a211o_2)
     3    0.008920    0.116726    0.662569   10.575201 v _509_/X (sky130_fd_sc_hd__a211o_2)
                                                         _438_ (net)
                      0.116726    0.000000   10.575201 v _515_/A1 (sky130_fd_sc_hd__a21oi_2)
     8    0.027907    0.572257    0.543843   11.119043 ^ _515_/Y (sky130_fd_sc_hd__a21oi_2)
                                                         _444_ (net)
                      0.572257    0.000000   11.119043 ^ _517_/S (sky130_fd_sc_hd__mux2_1)
     3    0.016585    0.236751    1.006476   12.125520 v _517_/X (sky130_fd_sc_hd__mux2_1)
                                                         _446_ (net)
                      0.236751    0.000000   12.125520 v _519_/B (sky130_fd_sc_hd__xnor2_2)
     3    0.015988    0.394728    0.423801   12.549321 ^ _519_/Y (sky130_fd_sc_hd__xnor2_2)
                                                         _448_ (net)
                      0.394728    0.000000   12.549321 ^ _543_/A1 (sky130_fd_sc_hd__a311oi_2)
     4    0.008438    0.240556    0.355636   12.904958 v _543_/Y (sky130_fd_sc_hd__a311oi_2)
                                                         _014_ (net)
                      0.240556    0.000000   12.904958 v _572_/A (sky130_fd_sc_hd__or3_2)
     4    0.012556    0.229054    1.268839   14.173797 v _572_/X (sky130_fd_sc_hd__or3_2)
                                                         _043_ (net)
                      0.229054    0.000000   14.173797 v _574_/C (sky130_fd_sc_hd__and3_2)
     3    0.007800    0.097399    0.542972   14.716768 v _574_/X (sky130_fd_sc_hd__and3_2)
                                                         _045_ (net)
                      0.097399    0.000000   14.716768 v _585_/A (sky130_fd_sc_hd__or4_2)
     1    0.001350    0.197245    1.516213   16.232981 v _585_/X (sky130_fd_sc_hd__or4_2)
                                                         _056_ (net)
                      0.197245    0.000000   16.232981 v _586_/C (sky130_fd_sc_hd__or4b_2)
     1    0.004402    0.233929    1.507802   17.740784 v _586_/X (sky130_fd_sc_hd__or4b_2)
                                                         _057_ (net)
                      0.233929    0.000000   17.740784 v _590_/A1 (sky130_fd_sc_hd__a311oi_2)
     8    0.025614    0.888059    0.844837   18.585621 ^ _590_/Y (sky130_fd_sc_hd__a311oi_2)
                                                         _061_ (net)
                      0.888059    0.000000   18.585621 ^ _619_/S (sky130_fd_sc_hd__mux2_1)
     5    0.022495    0.281785    1.110617   19.696238 v _619_/X (sky130_fd_sc_hd__mux2_1)
                                                         _090_ (net)
                      0.281785    0.000000   19.696238 v _623_/B1 (sky130_fd_sc_hd__o22a_2)
     2    0.003713    0.077845    0.474662   20.170900 v _623_/X (sky130_fd_sc_hd__o22a_2)
                                                         _094_ (net)
                      0.077845    0.000000   20.170900 v _624_/B (sky130_fd_sc_hd__or4bb_2)
     4    0.011206    0.273952    1.527329   21.698229 v _624_/X (sky130_fd_sc_hd__or4bb_2)
                                                         _095_ (net)
                      0.273952    0.000000   21.698229 v _628_/A1 (sky130_fd_sc_hd__a21oi_2)
    12    0.035679    0.717863    0.719059   22.417288 ^ _628_/Y (sky130_fd_sc_hd__a21oi_2)
                                                         _099_ (net)
                      0.717863    0.000000   22.417288 ^ _665_/S (sky130_fd_sc_hd__mux2_1)
     3    0.008744    0.170552    0.957066   23.374353 v _665_/X (sky130_fd_sc_hd__mux2_1)
                                                         _136_ (net)
                      0.170552    0.000000   23.374353 v _669_/A2 (sky130_fd_sc_hd__a21o_2)
     1    0.002203    0.055149    0.409273   23.783627 v _669_/X (sky130_fd_sc_hd__a21o_2)
                                                         _140_ (net)
                      0.055149    0.000000   23.783627 v _671_/A2 (sky130_fd_sc_hd__o211a_2)
     1    0.002251    0.067741    0.429287   24.212914 v _671_/X (sky130_fd_sc_hd__o211a_2)
                                                         _142_ (net)
                      0.067741    0.000000   24.212914 v _672_/B2 (sky130_fd_sc_hd__o221a_2)
     1    0.002285    0.077020    0.422725   24.635637 v _672_/X (sky130_fd_sc_hd__o221a_2)
                                                         _143_ (net)
                      0.077020    0.000000   24.635637 v _675_/A2 (sky130_fd_sc_hd__o21a_2)
     1    0.002254    0.056956    0.350182   24.985821 v _675_/X (sky130_fd_sc_hd__o21a_2)
                                                         _146_ (net)
                      0.056956    0.000000   24.985821 v _679_/A1 (sky130_fd_sc_hd__o21a_2)
     1    0.001413    0.051386    0.361304   25.347124 v _679_/X (sky130_fd_sc_hd__o21a_2)
                                                         _150_ (net)
                      0.051386    0.000000   25.347124 v _700_/A (sky130_fd_sc_hd__or3_2)
     1    0.033442    0.327596    1.343114   26.690239 v _700_/X (sky130_fd_sc_hd__or3_2)
                                                         op_out[0] (net)
                      0.327596    0.000000   26.690239 v op_out[0] (out)
                                             26.690239   data arrival time

                      0.000000   20.000000   20.000000   clock __VIRTUAL_CLK__ (rise edge)
                                  0.000000   20.000000   clock network delay (ideal)
                                 -0.250000   19.750002   clock uncertainty
                                  0.000000   19.750002   clock reconvergence pessimism
                                 -4.000000   15.750001   output external delay
                                             15.750001   data required time
---------------------------------------------------------------------------------------------
                                             15.750001   data required time
                                            -26.690239   data arrival time
---------------------------------------------------------------------------------------------
                                            -10.940237   slack (VIOLATED)


Startpoint: op_b[4] (input port clocked by __VIRTUAL_CLK__)
Endpoint: op_out[1] (output port clocked by __VIRTUAL_CLK__)
Path Group: __VIRTUAL_CLK__
Path Type: max

Fanout         Cap        Slew       Delay        Time   Description
---------------------------------------------------------------------------------------------
                      0.000000    0.000000    0.000000   clock __VIRTUAL_CLK__ (rise edge)
                                  0.000000    0.000000   clock network delay (ideal)
                                  4.000000    4.000000 v input external delay
    23    0.075280    0.321424    0.230127    4.230127 v op_b[4] (in)
                                                         op_b[4] (net)
                      0.321424    0.000000    4.230127 v _469_/B (sky130_fd_sc_hd__or4_2)
     6    0.018391    0.337000    1.809148    6.039275 v _469_/X (sky130_fd_sc_hd__or4_2)
                                                         _306_ (net)
                      0.337000    0.000000    6.039275 v _472_/A3 (sky130_fd_sc_hd__o41ai_2)
     5    0.015391    0.770087    0.857302    6.896577 ^ _472_/Y (sky130_fd_sc_hd__o41ai_2)
                                                         _338_ (net)
                      0.770087    0.000000    6.896577 ^ _481_/A1 (sky130_fd_sc_hd__a211o_2)
     4    0.011169    0.119419    0.552107    7.448684 ^ _481_/X (sky130_fd_sc_hd__a211o_2)
                                                         _410_ (net)
                      0.119419    0.000000    7.448684 ^ _482_/C (sky130_fd_sc_hd__and3_2)
     2    0.007144    0.116693    0.412464    7.861147 ^ _482_/X (sky130_fd_sc_hd__and3_2)
                                                         _411_ (net)
                      0.116693    0.000000    7.861147 ^ _493_/C1 (sky130_fd_sc_hd__a211oi_2)
     3    0.007645    0.131867    0.095278    7.956425 v _493_/Y (sky130_fd_sc_hd__a211oi_2)
                                                         _422_ (net)
                      0.131867    0.000000    7.956425 v _503_/D (sky130_fd_sc_hd__or4_2)
     3    0.008765    0.268547    1.404731    9.361156 v _503_/X (sky130_fd_sc_hd__or4_2)
                                                         _432_ (net)
                      0.268547    0.000000    9.361156 v _507_/A3 (sky130_fd_sc_hd__a31o_2)
     2    0.006528    0.083052    0.551476    9.912632 v _507_/X (sky130_fd_sc_hd__a31o_2)
                                                         _436_ (net)
                      0.083052    0.000000    9.912632 v _509_/A2 (sky130_fd_sc_hd__a211o_2)
     3    0.008920    0.116726    0.662569   10.575201 v _509_/X (sky130_fd_sc_hd__a211o_2)
                                                         _438_ (net)
                      0.116726    0.000000   10.575201 v _515_/A1 (sky130_fd_sc_hd__a21oi_2)
     8    0.027907    0.572257    0.543843   11.119043 ^ _515_/Y (sky130_fd_sc_hd__a21oi_2)
                                                         _444_ (net)
                      0.572257    0.000000   11.119043 ^ _517_/S (sky130_fd_sc_hd__mux2_1)
     3    0.016585    0.236751    1.006476   12.125520 v _517_/X (sky130_fd_sc_hd__mux2_1)
                                                         _446_ (net)
                      0.236751    0.000000   12.125520 v _519_/B (sky130_fd_sc_hd__xnor2_2)
     3    0.015988    0.394728    0.423801   12.549321 ^ _519_/Y (sky130_fd_sc_hd__xnor2_2)
                                                         _448_ (net)
                      0.394728    0.000000   12.549321 ^ _543_/A1 (sky130_fd_sc_hd__a311oi_2)
     4    0.008438    0.240556    0.355636   12.904958 v _543_/Y (sky130_fd_sc_hd__a311oi_2)
                                                         _014_ (net)
                      0.240556    0.000000   12.904958 v _572_/A (sky130_fd_sc_hd__or3_2)
     4    0.012556    0.229054    1.268839   14.173797 v _572_/X (sky130_fd_sc_hd__or3_2)
                                                         _043_ (net)
                      0.229054    0.000000   14.173797 v _574_/C (sky130_fd_sc_hd__and3_2)
     3    0.007800    0.097399    0.542972   14.716768 v _574_/X (sky130_fd_sc_hd__and3_2)
                                                         _045_ (net)
                      0.097399    0.000000   14.716768 v _585_/A (sky130_fd_sc_hd__or4_2)
     1    0.001350    0.197245    1.516213   16.232981 v _585_/X (sky130_fd_sc_hd__or4_2)
                                                         _056_ (net)
                      0.197245    0.000000   16.232981 v _586_/C (sky130_fd_sc_hd__or4b_2)
     1    0.004402    0.233929    1.507802   17.740784 v _586_/X (sky130_fd_sc_hd__or4b_2)
                                                         _057_ (net)
                      0.233929    0.000000   17.740784 v _590_/A1 (sky130_fd_sc_hd__a311oi_2)
     8    0.025614    0.888059    0.844837   18.585621 ^ _590_/Y (sky130_fd_sc_hd__a311oi_2)
                                                         _061_ (net)
                      0.888059    0.000000   18.585621 ^ _619_/S (sky130_fd_sc_hd__mux2_1)
     5    0.022495    0.281785    1.110617   19.696238 v _619_/X (sky130_fd_sc_hd__mux2_1)
                                                         _090_ (net)
                      0.281785    0.000000   19.696238 v _623_/B1 (sky130_fd_sc_hd__o22a_2)
     2    0.003713    0.077845    0.474662   20.170900 v _623_/X (sky130_fd_sc_hd__o22a_2)
                                                         _094_ (net)
                      0.077845    0.000000   20.170900 v _624_/B (sky130_fd_sc_hd__or4bb_2)
     4    0.011206    0.273952    1.527329   21.698229 v _624_/X (sky130_fd_sc_hd__or4bb_2)
                                                         _095_ (net)
                      0.273952    0.000000   21.698229 v _628_/A1 (sky130_fd_sc_hd__a21oi_2)
    12    0.035679    0.717863    0.719059   22.417288 ^ _628_/Y (sky130_fd_sc_hd__a21oi_2)
                                                         _099_ (net)
                      0.717863    0.000000   22.417288 ^ _717_/A2 (sky130_fd_sc_hd__a22o_2)
     1    0.001417    0.057295    0.494573   22.911861 ^ _717_/X (sky130_fd_sc_hd__a22o_2)
                                                         _187_ (net)
                      0.057295    0.000000   22.911861 ^ _718_/B (sky130_fd_sc_hd__or2_2)
     1    0.033442    0.281834    0.343345   23.255207 ^ _718_/X (sky130_fd_sc_hd__or2_2)
                                                         op_out[1] (net)
                      0.281834    0.000000   23.255207 ^ op_out[1] (out)
                                             23.255207   data arrival time

                      0.000000   20.000000   20.000000   clock __VIRTUAL_CLK__ (rise edge)
                                  0.000000   20.000000   clock network delay (ideal)
                                 -0.250000   19.750002   clock uncertainty
                                  0.000000   19.750002   clock reconvergence pessimism
                                 -4.000000   15.750001   output external delay
                                             15.750001   data required time
---------------------------------------------------------------------------------------------
                                             15.750001   data required time
                                            -23.255207   data arrival time
---------------------------------------------------------------------------------------------
                                             -7.505206   slack (VIOLATED)


Startpoint: op_b[4] (input port clocked by __VIRTUAL_CLK__)
Endpoint: op_out[2] (output port clocked by __VIRTUAL_CLK__)
Path Group: __VIRTUAL_CLK__
Path Type: max

Fanout         Cap        Slew       Delay        Time   Description
---------------------------------------------------------------------------------------------
                      0.000000    0.000000    0.000000   clock __VIRTUAL_CLK__ (rise edge)
                                  0.000000    0.000000   clock network delay (ideal)
                                  4.000000    4.000000 v input external delay
    23    0.075280    0.321424    0.230127    4.230127 v op_b[4] (in)
                                                         op_b[4] (net)
                      0.321424    0.000000    4.230127 v _469_/B (sky130_fd_sc_hd__or4_2)
     6    0.018391    0.337000    1.809148    6.039275 v _469_/X (sky130_fd_sc_hd__or4_2)
                                                         _306_ (net)
                      0.337000    0.000000    6.039275 v _472_/A3 (sky130_fd_sc_hd__o41ai_2)
     5    0.015391    0.770087    0.857302    6.896577 ^ _472_/Y (sky130_fd_sc_hd__o41ai_2)
                                                         _338_ (net)
                      0.770087    0.000000    6.896577 ^ _481_/A1 (sky130_fd_sc_hd__a211o_2)
     4    0.011169    0.119419    0.552107    7.448684 ^ _481_/X (sky130_fd_sc_hd__a211o_2)
                                                         _410_ (net)
                      0.119419    0.000000    7.448684 ^ _482_/C (sky130_fd_sc_hd__and3_2)
     2    0.007144    0.116693    0.412464    7.861147 ^ _482_/X (sky130_fd_sc_hd__and3_2)
                                                         _411_ (net)
                      0.116693    0.000000    7.861147 ^ _493_/C1 (sky130_fd_sc_hd__a211oi_2)
     3    0.007645    0.131867    0.095278    7.956425 v _493_/Y (sky130_fd_sc_hd__a211oi_2)
                                                         _422_ (net)
                      0.131867    0.000000    7.956425 v _503_/D (sky130_fd_sc_hd__or4_2)
     3    0.008765    0.268547    1.404731    9.361156 v _503_/X (sky130_fd_sc_hd__or4_2)
                                                         _432_ (net)
                      0.268547    0.000000    9.361156 v _507_/A3 (sky130_fd_sc_hd__a31o_2)
     2    0.006528    0.083052    0.551476    9.912632 v _507_/X (sky130_fd_sc_hd__a31o_2)
                                                         _436_ (net)
                      0.083052    0.000000    9.912632 v _509_/A2 (sky130_fd_sc_hd__a211o_2)
     3    0.008920    0.116726    0.662569   10.575201 v _509_/X (sky130_fd_sc_hd__a211o_2)
                                                         _438_ (net)
                      0.116726    0.000000   10.575201 v _515_/A1 (sky130_fd_sc_hd__a21oi_2)
     8    0.027907    0.572257    0.543843   11.119043 ^ _515_/Y (sky130_fd_sc_hd__a21oi_2)
                                                         _444_ (net)
                      0.572257    0.000000   11.119043 ^ _517_/S (sky130_fd_sc_hd__mux2_1)
     3    0.016585    0.236751    1.006476   12.125520 v _517_/X (sky130_fd_sc_hd__mux2_1)
                                                         _446_ (net)
                      0.236751    0.000000   12.125520 v _519_/B (sky130_fd_sc_hd__xnor2_2)
     3    0.015988    0.394728    0.423801   12.549321 ^ _519_/Y (sky130_fd_sc_hd__xnor2_2)
                                                         _448_ (net)
                      0.394728    0.000000   12.549321 ^ _543_/A1 (sky130_fd_sc_hd__a311oi_2)
     4    0.008438    0.240556    0.355636   12.904958 v _543_/Y (sky130_fd_sc_hd__a311oi_2)
                                                         _014_ (net)
                      0.240556    0.000000   12.904958 v _572_/A (sky130_fd_sc_hd__or3_2)
     4    0.012556    0.229054    1.268839   14.173797 v _572_/X (sky130_fd_sc_hd__or3_2)
                                                         _043_ (net)
                      0.229054    0.000000   14.173797 v _574_/C (sky130_fd_sc_hd__and3_2)
     3    0.007800    0.097399    0.542972   14.716768 v _574_/X (sky130_fd_sc_hd__and3_2)
                                                         _045_ (net)
                      0.097399    0.000000   14.716768 v _585_/A (sky130_fd_sc_hd__or4_2)
     1    0.001350    0.197245    1.516213   16.232981 v _585_/X (sky130_fd_sc_hd__or4_2)
                                                         _056_ (net)
                      0.197245    0.000000   16.232981 v _586_/C (sky130_fd_sc_hd__or4b_2)
     1    0.004402    0.233929    1.507802   17.740784 v _586_/X (sky130_fd_sc_hd__or4b_2)
                                                         _057_ (net)
                      0.233929    0.000000   17.740784 v _590_/A1 (sky130_fd_sc_hd__a311oi_2)
     8    0.025614    0.888059    0.844837   18.585621 ^ _590_/Y (sky130_fd_sc_hd__a311oi_2)
                                                         _061_ (net)
                      0.888059    0.000000   18.585621 ^ _740_/A2 (sky130_fd_sc_hd__a211o_2)
     1    0.002547    0.062453    0.505048   19.090670 ^ _740_/X (sky130_fd_sc_hd__a211o_2)
                                                         _212_ (net)
                      0.062453    0.000000   19.090670 ^ _741_/B1 (sky130_fd_sc_hd__a21o_2)
     1    0.033442    0.275690    0.311957   19.402626 ^ _741_/X (sky130_fd_sc_hd__a21o_2)
                                                         op_out[2] (net)
                      0.275690    0.000000   19.402626 ^ op_out[2] (out)
                                             19.402626   data arrival time

                      0.000000   20.000000   20.000000   clock __VIRTUAL_CLK__ (rise edge)
                                  0.000000   20.000000   clock network delay (ideal)
                                 -0.250000   19.750002   clock uncertainty
                                  0.000000   19.750002   clock reconvergence pessimism
                                 -4.000000   15.750001   output external delay
                                             15.750001   data required time
---------------------------------------------------------------------------------------------
                                             15.750001   data required time
                                            -19.402626   data arrival time
---------------------------------------------------------------------------------------------
                                             -3.652625   slack (VIOLATED)


Startpoint: op_b[4] (input port clocked by __VIRTUAL_CLK__)
Endpoint: op_out[3] (output port clocked by __VIRTUAL_CLK__)
Path Group: __VIRTUAL_CLK__
Path Type: max

Fanout         Cap        Slew       Delay        Time   Description
---------------------------------------------------------------------------------------------
                      0.000000    0.000000    0.000000   clock __VIRTUAL_CLK__ (rise edge)
                                  0.000000    0.000000   clock network delay (ideal)
                                  4.000000    4.000000 v input external delay
    23    0.075280    0.321424    0.230127    4.230127 v op_b[4] (in)
                                                         op_b[4] (net)
                      0.321424    0.000000    4.230127 v _469_/B (sky130_fd_sc_hd__or4_2)
     6    0.018391    0.337000    1.809148    6.039275 v _469_/X (sky130_fd_sc_hd__or4_2)
                                                         _306_ (net)
                      0.337000    0.000000    6.039275 v _472_/A3 (sky130_fd_sc_hd__o41ai_2)
     5    0.015391    0.770087    0.857302    6.896577 ^ _472_/Y (sky130_fd_sc_hd__o41ai_2)
                                                         _338_ (net)
                      0.770087    0.000000    6.896577 ^ _481_/A1 (sky130_fd_sc_hd__a211o_2)
     4    0.011169    0.119419    0.552107    7.448684 ^ _481_/X (sky130_fd_sc_hd__a211o_2)
                                                         _410_ (net)
                      0.119419    0.000000    7.448684 ^ _482_/C (sky130_fd_sc_hd__and3_2)
     2    0.007144    0.116693    0.412464    7.861147 ^ _482_/X (sky130_fd_sc_hd__and3_2)
                                                         _411_ (net)
                      0.116693    0.000000    7.861147 ^ _493_/C1 (sky130_fd_sc_hd__a211oi_2)
     3    0.007645    0.131867    0.095278    7.956425 v _493_/Y (sky130_fd_sc_hd__a211oi_2)
                                                         _422_ (net)
                      0.131867    0.000000    7.956425 v _503_/D (sky130_fd_sc_hd__or4_2)
     3    0.008765    0.268547    1.404731    9.361156 v _503_/X (sky130_fd_sc_hd__or4_2)
                                                         _432_ (net)
                      0.268547    0.000000    9.361156 v _507_/A3 (sky130_fd_sc_hd__a31o_2)
     2    0.006528    0.083052    0.551476    9.912632 v _507_/X (sky130_fd_sc_hd__a31o_2)
                                                         _436_ (net)
                      0.083052    0.000000    9.912632 v _509_/A2 (sky130_fd_sc_hd__a211o_2)
     3    0.008920    0.116726    0.662569   10.575201 v _509_/X (sky130_fd_sc_hd__a211o_2)
                                                         _438_ (net)
                      0.116726    0.000000   10.575201 v _515_/A1 (sky130_fd_sc_hd__a21oi_2)
     8    0.027907    0.572257    0.543843   11.119043 ^ _515_/Y (sky130_fd_sc_hd__a21oi_2)
                                                         _444_ (net)
                      0.572257    0.000000   11.119043 ^ _524_/S (sky130_fd_sc_hd__mux2_1)
     2    0.004505    0.133437    0.878107   11.997151 v _524_/X (sky130_fd_sc_hd__mux2_1)
                                                         _453_ (net)
                      0.133437    0.000000   11.997151 v _539_/A2 (sky130_fd_sc_hd__a221o_2)
     3    0.010689    0.134720    0.797597   12.794748 v _539_/X (sky130_fd_sc_hd__a221o_2)
                                                         _010_ (net)
                      0.134720    0.000000   12.794748 v _543_/A3 (sky130_fd_sc_hd__a311oi_2)
     4    0.009249    0.459391    0.576224   13.370973 ^ _543_/Y (sky130_fd_sc_hd__a311oi_2)
                                                         _014_ (net)
                      0.459391    0.000000   13.370973 ^ _548_/A (sky130_fd_sc_hd__nor2_2)
     2    0.006621    0.106822    0.208630   13.579602 v _548_/Y (sky130_fd_sc_hd__nor2_2)
                                                         _019_ (net)
                      0.106822    0.000000   13.579602 v _769_/A2 (sky130_fd_sc_hd__a211o_2)
     1    0.001204    0.070662    0.601988   14.181590 v _769_/X (sky130_fd_sc_hd__a211o_2)
                                                         _243_ (net)
                      0.070662    0.000000   14.181590 v _770_/A_N (sky130_fd_sc_hd__nand2b_2)
     1    0.033442    0.292363    0.535556   14.717146 v _770_/Y (sky130_fd_sc_hd__nand2b_2)
                                                         op_out[3] (net)
                      0.292363    0.000000   14.717146 v op_out[3] (out)
                                             14.717146   data arrival time

                      0.000000   20.000000   20.000000   clock __VIRTUAL_CLK__ (rise edge)
                                  0.000000   20.000000   clock network delay (ideal)
                                 -0.250000   19.750002   clock uncertainty
                                  0.000000   19.750002   clock reconvergence pessimism
                                 -4.000000   15.750001   output external delay
                                             15.750001   data required time
---------------------------------------------------------------------------------------------
                                             15.750001   data required time
                                            -14.717146   data arrival time
---------------------------------------------------------------------------------------------
                                              1.032855   slack (MET)


Startpoint: op_b[4] (input port clocked by __VIRTUAL_CLK__)
Endpoint: op_out[4] (output port clocked by __VIRTUAL_CLK__)
Path Group: __VIRTUAL_CLK__
Path Type: max

Fanout         Cap        Slew       Delay        Time   Description
---------------------------------------------------------------------------------------------
                      0.000000    0.000000    0.000000   clock __VIRTUAL_CLK__ (rise edge)
                                  0.000000    0.000000   clock network delay (ideal)
                                  4.000000    4.000000 v input external delay
    23    0.075280    0.321424    0.230127    4.230127 v op_b[4] (in)
                                                         op_b[4] (net)
                      0.321424    0.000000    4.230127 v _469_/B (sky130_fd_sc_hd__or4_2)
     6    0.018391    0.337000    1.809148    6.039275 v _469_/X (sky130_fd_sc_hd__or4_2)
                                                         _306_ (net)
                      0.337000    0.000000    6.039275 v _472_/A3 (sky130_fd_sc_hd__o41ai_2)
     5    0.015391    0.770087    0.857302    6.896577 ^ _472_/Y (sky130_fd_sc_hd__o41ai_2)
                                                         _338_ (net)
                      0.770087    0.000000    6.896577 ^ _481_/A1 (sky130_fd_sc_hd__a211o_2)
     4    0.011169    0.119419    0.552107    7.448684 ^ _481_/X (sky130_fd_sc_hd__a211o_2)
                                                         _410_ (net)
                      0.119419    0.000000    7.448684 ^ _482_/C (sky130_fd_sc_hd__and3_2)
     2    0.007144    0.116693    0.412464    7.861147 ^ _482_/X (sky130_fd_sc_hd__and3_2)
                                                         _411_ (net)
                      0.116693    0.000000    7.861147 ^ _493_/C1 (sky130_fd_sc_hd__a211oi_2)
     3    0.007645    0.131867    0.095278    7.956425 v _493_/Y (sky130_fd_sc_hd__a211oi_2)
                                                         _422_ (net)
                      0.131867    0.000000    7.956425 v _503_/D (sky130_fd_sc_hd__or4_2)
     3    0.008765    0.268547    1.404731    9.361156 v _503_/X (sky130_fd_sc_hd__or4_2)
                                                         _432_ (net)
                      0.268547    0.000000    9.361156 v _507_/A3 (sky130_fd_sc_hd__a31o_2)
     2    0.006528    0.083052    0.551476    9.912632 v _507_/X (sky130_fd_sc_hd__a31o_2)
                                                         _436_ (net)
                      0.083052    0.000000    9.912632 v _509_/A2 (sky130_fd_sc_hd__a211o_2)
     3    0.008920    0.116726    0.662569   10.575201 v _509_/X (sky130_fd_sc_hd__a211o_2)
                                                         _438_ (net)
                      0.116726    0.000000   10.575201 v _515_/A1 (sky130_fd_sc_hd__a21oi_2)
     8    0.027907    0.572257    0.543843   11.119043 ^ _515_/Y (sky130_fd_sc_hd__a21oi_2)
                                                         _444_ (net)
                      0.572257    0.000000   11.119043 ^ _797_/A2 (sky130_fd_sc_hd__a211oi_2)
     1    0.004312    0.141057    0.307257   11.426301 v _797_/Y (sky130_fd_sc_hd__a211oi_2)
                                                         _272_ (net)
                      0.141057    0.000000   11.426301 v _798_/B1 (sky130_fd_sc_hd__o31ai_2)
     1    0.033442    1.085121    0.304384   11.730685 ^ _798_/Y (sky130_fd_sc_hd__o31ai_2)
                                                         op_out[4] (net)
                      1.085121    0.000000   11.730685 ^ op_out[4] (out)
                                             11.730685   data arrival time

                      0.000000   20.000000   20.000000   clock __VIRTUAL_CLK__ (rise edge)
                                  0.000000   20.000000   clock network delay (ideal)
                                 -0.250000   19.750002   clock uncertainty
                                  0.000000   19.750002   clock reconvergence pessimism
                                 -4.000000   15.750001   output external delay
                                             15.750001   data required time
---------------------------------------------------------------------------------------------
                                             15.750001   data required time
                                            -11.730685   data arrival time
---------------------------------------------------------------------------------------------
                                              4.019316   slack (MET)


Startpoint: op_b[0] (input port clocked by __VIRTUAL_CLK__)
Endpoint: op_out[7] (output port clocked by __VIRTUAL_CLK__)
Path Group: __VIRTUAL_CLK__
Path Type: max

Fanout         Cap        Slew       Delay        Time   Description
---------------------------------------------------------------------------------------------
                      0.000000    0.000000    0.000000   clock __VIRTUAL_CLK__ (rise edge)
                                  0.000000    0.000000   clock network delay (ideal)
                                  4.000000    4.000000 v input external delay
    22    0.065269    0.280737    0.199781    4.199781 v op_b[0] (in)
                                                         op_b[0] (net)
                      0.280737    0.000000    4.199781 v _488_/A (sky130_fd_sc_hd__and2_2)
     4    0.008359    0.097062    0.483901    4.683682 v _488_/X (sky130_fd_sc_hd__and2_2)
                                                         _417_ (net)
                      0.097062    0.000000    4.683682 v _861_/C (sky130_fd_sc_hd__and3_2)
     2    0.002611    0.071547    0.438744    5.122427 v _861_/X (sky130_fd_sc_hd__and3_2)
                                                         _341_ (net)
                      0.071547    0.000000    5.122427 v _863_/A (sky130_fd_sc_hd__or2_2)
     1    0.008022    0.142565    0.705969    5.828396 v _863_/X (sky130_fd_sc_hd__or2_2)
                                                         _343_ (net)
                      0.142565    0.000000    5.828396 v _864_/B (sky130_fd_sc_hd__xor2_2)
     2    0.006430    0.106276    0.300097    6.128492 v _864_/X (sky130_fd_sc_hd__xor2_2)
                                                         _344_ (net)
                      0.106276    0.000000    6.128492 v _866_/B1 (sky130_fd_sc_hd__o21a_2)
     2    0.005465    0.074629    0.240522    6.369015 v _866_/X (sky130_fd_sc_hd__o21a_2)
                                                         _346_ (net)
                      0.074629    0.000000    6.369015 v _867_/B (sky130_fd_sc_hd__or2_2)
     2    0.012322    0.164883    0.698635    7.067649 v _867_/X (sky130_fd_sc_hd__or2_2)
                                                         _347_ (net)
                      0.164883    0.000000    7.067649 v _869_/B (sky130_fd_sc_hd__xor2_2)
     2    0.005589    0.114947    0.304877    7.372526 v _869_/X (sky130_fd_sc_hd__xor2_2)
                                                         _350_ (net)
                      0.114947    0.000000    7.372526 v _870_/C (sky130_fd_sc_hd__and3_2)
     2    0.006146    0.091334    0.477272    7.849797 v _870_/X (sky130_fd_sc_hd__and3_2)
                                                         _351_ (net)
                      0.091334    0.000000    7.849797 v _873_/B (sky130_fd_sc_hd__or3_2)
     3    0.007135    0.197484    1.105268    8.955066 v _873_/X (sky130_fd_sc_hd__or3_2)
                                                         _354_ (net)
                      0.197484    0.000000    8.955066 v _875_/C (sky130_fd_sc_hd__and3_2)
     1    0.008219    0.099457    0.529651    9.484716 v _875_/X (sky130_fd_sc_hd__and3_2)
                                                         _356_ (net)
                      0.099457    0.000000    9.484716 v _893_/B (sky130_fd_sc_hd__xnor2_2)
     1    0.008431    0.130709    0.271646    9.756362 v _893_/Y (sky130_fd_sc_hd__xnor2_2)
                                                         _375_ (net)
                      0.130709    0.000000    9.756362 v _916_/A (sky130_fd_sc_hd__xnor2_2)
     2    0.005521    0.109528    0.268515   10.024878 v _916_/Y (sky130_fd_sc_hd__xnor2_2)
                                                         _400_ (net)
                      0.109528    0.000000   10.024878 v _917_/B (sky130_fd_sc_hd__or2_2)
     1    0.002240    0.108014    0.621409   10.646286 v _917_/X (sky130_fd_sc_hd__or2_2)
                                                         _401_ (net)
                      0.108014    0.000000   10.646286 v _923_/A2 (sky130_fd_sc_hd__a311o_2)
     1    0.033442    0.230509    0.868479   11.514765 v _923_/X (sky130_fd_sc_hd__a311o_2)
                                                         op_out[7] (net)
                      0.230509    0.000000   11.514765 v op_out[7] (out)
                                             11.514765   data arrival time

                      0.000000   20.000000   20.000000   clock __VIRTUAL_CLK__ (rise edge)
                                  0.000000   20.000000   clock network delay (ideal)
                                 -0.250000   19.750002   clock uncertainty
                                  0.000000   19.750002   clock reconvergence pessimism
                                 -4.000000   15.750001   output external delay
                                             15.750001   data required time
---------------------------------------------------------------------------------------------
                                             15.750001   data required time
                                            -11.514765   data arrival time
---------------------------------------------------------------------------------------------
                                              4.235236   slack (MET)


Startpoint: inst[0] (input port clocked by __VIRTUAL_CLK__)
Endpoint: op_out[5] (output port clocked by __VIRTUAL_CLK__)
Path Group: __VIRTUAL_CLK__
Path Type: max

Fanout         Cap        Slew       Delay        Time   Description
---------------------------------------------------------------------------------------------
                      0.000000    0.000000    0.000000   clock __VIRTUAL_CLK__ (rise edge)
                                  0.000000    0.000000   clock network delay (ideal)
                                  4.000000    4.000000 v input external delay
     7    0.015559    0.071049    0.048066    4.048067 v inst[0] (in)
                                                         inst[0] (net)
                      0.071049    0.000000    4.048067 v _689_/A (sky130_fd_sc_hd__or4b_2)
     7    0.019981    0.342387    1.773310    5.821377 v _689_/X (sky130_fd_sc_hd__or4b_2)
                                                         _160_ (net)
                      0.342387    0.000000    5.821377 v _719_/B1 (sky130_fd_sc_hd__o21a_2)
     1    0.008219    0.086946    0.366386    6.187763 v _719_/X (sky130_fd_sc_hd__o21a_2)
                                                         _189_ (net)
                      0.086946    0.000000    6.187763 v _720_/B (sky130_fd_sc_hd__xnor2_2)
     2    0.005521    0.138517    0.246716    6.434480 v _720_/Y (sky130_fd_sc_hd__xnor2_2)
                                                         _190_ (net)
                      0.138517    0.000000    6.434480 v _721_/B (sky130_fd_sc_hd__or2_2)
     1    0.004330    0.122330    0.658432    7.092911 v _721_/X (sky130_fd_sc_hd__or2_2)
                                                         _191_ (net)
                      0.122330    0.000000    7.092911 v _723_/A (sky130_fd_sc_hd__nand2_2)
     2    0.007196    0.096869    0.127514    7.220425 ^ _723_/Y (sky130_fd_sc_hd__nand2_2)
                                                         _193_ (net)
                      0.096869    0.000000    7.220425 ^ _724_/B1 (sky130_fd_sc_hd__a21o_2)
     3    0.006353    0.081279    0.180970    7.401395 ^ _724_/X (sky130_fd_sc_hd__a21o_2)
                                                         _194_ (net)
                      0.081279    0.000000    7.401395 ^ _748_/A2 (sky130_fd_sc_hd__a21o_2)
     3    0.008008    0.092840    0.272085    7.673480 ^ _748_/X (sky130_fd_sc_hd__a21o_2)
                                                         _219_ (net)
                      0.092840    0.000000    7.673480 ^ _775_/A2 (sky130_fd_sc_hd__a21oi_2)
     2    0.006299    0.089753    0.130755    7.804235 v _775_/Y (sky130_fd_sc_hd__a21oi_2)
                                                         _248_ (net)
                      0.089753    0.000000    7.804235 v _828_/B1 (sky130_fd_sc_hd__a21o_2)
     2    0.005699    0.074371    0.363386    8.167621 v _828_/X (sky130_fd_sc_hd__a21o_2)
                                                         _305_ (net)
                      0.074371    0.000000    8.167621 v _835_/A (sky130_fd_sc_hd__or2_2)
     1    0.001397    0.101700    0.637228    8.804849 v _835_/X (sky130_fd_sc_hd__or2_2)
                                                         _313_ (net)
                      0.101700    0.000000    8.804849 v _836_/C (sky130_fd_sc_hd__and3b_2)
     1    0.002214    0.069514    0.437714    9.242562 v _836_/X (sky130_fd_sc_hd__and3b_2)
                                                         _314_ (net)
                      0.069514    0.000000    9.242562 v _841_/B1 (sky130_fd_sc_hd__a31o_2)
     1    0.001248    0.054248    0.370468    9.613030 v _841_/X (sky130_fd_sc_hd__a31o_2)
                                                         _320_ (net)
                      0.054248    0.000000    9.613030 v _842_/C (sky130_fd_sc_hd__or3_2)
     1    0.033442    0.328347    1.215408   10.828439 v _842_/X (sky130_fd_sc_hd__or3_2)
                                                         op_out[5] (net)
                      0.328347    0.000000   10.828439 v op_out[5] (out)
                                             10.828439   data arrival time

                      0.000000   20.000000   20.000000   clock __VIRTUAL_CLK__ (rise edge)
                                  0.000000   20.000000   clock network delay (ideal)
                                 -0.250000   19.750002   clock uncertainty
                                  0.000000   19.750002   clock reconvergence pessimism
                                 -4.000000   15.750001   output external delay
                                             15.750001   data required time
---------------------------------------------------------------------------------------------
                                             15.750001   data required time
                                            -10.828439   data arrival time
---------------------------------------------------------------------------------------------
                                              4.921562   slack (MET)


Startpoint: op_b[0] (input port clocked by __VIRTUAL_CLK__)
Endpoint: op_out[6] (output port clocked by __VIRTUAL_CLK__)
Path Group: __VIRTUAL_CLK__
Path Type: max

Fanout         Cap        Slew       Delay        Time   Description
---------------------------------------------------------------------------------------------
                      0.000000    0.000000    0.000000   clock __VIRTUAL_CLK__ (rise edge)
                                  0.000000    0.000000   clock network delay (ideal)
                                  4.000000    4.000000 v input external delay
    22    0.065269    0.280737    0.199781    4.199781 v op_b[0] (in)
                                                         op_b[0] (net)
                      0.280737    0.000000    4.199781 v _488_/A (sky130_fd_sc_hd__and2_2)
     4    0.008359    0.097062    0.483901    4.683682 v _488_/X (sky130_fd_sc_hd__and2_2)
                                                         _417_ (net)
                      0.097062    0.000000    4.683682 v _861_/C (sky130_fd_sc_hd__and3_2)
     2    0.002611    0.071547    0.438744    5.122427 v _861_/X (sky130_fd_sc_hd__and3_2)
                                                         _341_ (net)
                      0.071547    0.000000    5.122427 v _863_/A (sky130_fd_sc_hd__or2_2)
     1    0.008022    0.142565    0.705969    5.828396 v _863_/X (sky130_fd_sc_hd__or2_2)
                                                         _343_ (net)
                      0.142565    0.000000    5.828396 v _864_/B (sky130_fd_sc_hd__xor2_2)
     2    0.006430    0.106276    0.300097    6.128492 v _864_/X (sky130_fd_sc_hd__xor2_2)
                                                         _344_ (net)
                      0.106276    0.000000    6.128492 v _866_/B1 (sky130_fd_sc_hd__o21a_2)
     2    0.005465    0.074629    0.240522    6.369015 v _866_/X (sky130_fd_sc_hd__o21a_2)
                                                         _346_ (net)
                      0.074629    0.000000    6.369015 v _867_/B (sky130_fd_sc_hd__or2_2)
     2    0.012322    0.164883    0.698635    7.067649 v _867_/X (sky130_fd_sc_hd__or2_2)
                                                         _347_ (net)
                      0.164883    0.000000    7.067649 v _869_/B (sky130_fd_sc_hd__xor2_2)
     2    0.005589    0.114947    0.304877    7.372526 v _869_/X (sky130_fd_sc_hd__xor2_2)
                                                         _350_ (net)
                      0.114947    0.000000    7.372526 v _870_/C (sky130_fd_sc_hd__and3_2)
     2    0.006146    0.091334    0.477272    7.849797 v _870_/X (sky130_fd_sc_hd__and3_2)
                                                         _351_ (net)
                      0.091334    0.000000    7.849797 v _873_/B (sky130_fd_sc_hd__or3_2)
     3    0.007135    0.197484    1.105268    8.955066 v _873_/X (sky130_fd_sc_hd__or3_2)
                                                         _354_ (net)
                      0.197484    0.000000    8.955066 v _874_/B (sky130_fd_sc_hd__nand2_2)
     1    0.008492    0.110191    0.185765    9.140831 ^ _874_/Y (sky130_fd_sc_hd__nand2_2)
                                                         _355_ (net)
                      0.110191    0.000000    9.140831 ^ _876_/B (sky130_fd_sc_hd__xnor2_2)
     2    0.012489    0.164687    0.186820    9.327651 v _876_/Y (sky130_fd_sc_hd__xnor2_2)
                                                         _357_ (net)
                      0.164687    0.000000    9.327651 v _877_/B (sky130_fd_sc_hd__xnor2_2)
     2    0.005521    0.106702    0.281618    9.609269 v _877_/Y (sky130_fd_sc_hd__xnor2_2)
                                                         _358_ (net)
                      0.106702    0.000000    9.609269 v _878_/B (sky130_fd_sc_hd__or2_2)
     1    0.002291    0.108363    0.620902   10.230171 v _878_/X (sky130_fd_sc_hd__or2_2)
                                                         _359_ (net)
                      0.108363    0.000000   10.230171 v _885_/A2 (sky130_fd_sc_hd__a31o_2)
     1    0.033442    0.190719    0.575775   10.805945 v _885_/X (sky130_fd_sc_hd__a31o_2)
                                                         op_out[6] (net)
                      0.190719    0.000000   10.805945 v op_out[6] (out)
                                             10.805945   data arrival time

                      0.000000   20.000000   20.000000   clock __VIRTUAL_CLK__ (rise edge)
                                  0.000000   20.000000   clock network delay (ideal)
                                 -0.250000   19.750002   clock uncertainty
                                  0.000000   19.750002   clock reconvergence pessimism
                                 -4.000000   15.750001   output external delay
                                             15.750001   data required time
---------------------------------------------------------------------------------------------
                                             15.750001   data required time
                                            -10.805945   data arrival time
---------------------------------------------------------------------------------------------
                                              4.944055   slack (MET)



