
===========================================================================
report_checks -unconstrained
===========================================================================
======================= nom_ff_n40C_1v95 Corner ===================================

Startpoint: op_b[0] (input port clocked by virtual_clk)
Endpoint: op_out[0] (output port clocked by virtual_clk)
Path Group: virtual_clk
Path Type: max

Fanout         Cap        Slew       Delay        Time   Description
---------------------------------------------------------------------------------------------
                      0.000000    0.000000    0.000000   clock virtual_clk (rise edge)
                                  0.000000    0.000000   clock network delay (ideal)
                                  2.000000    2.000000 ^ input external delay
     1    0.002721    0.000000    0.000000    2.000000 ^ op_b[0] (in)
                                                         op_b[0] (net)
                      0.000070    0.000035    2.000035 ^ input13/A (sky130_fd_sc_hd__buf_2)
     7    0.038219    0.142441    0.136430    2.136464 ^ input13/X (sky130_fd_sc_hd__buf_2)
                                                         net13 (net)
                      0.142461    0.001414    2.137878 ^ fanout40/A (sky130_fd_sc_hd__buf_4)
    16    0.074045    0.155553    0.182937    2.320816 ^ fanout40/X (sky130_fd_sc_hd__buf_4)
                                                         net40 (net)
                      0.155660    0.003370    2.324186 ^ _458_/A (sky130_fd_sc_hd__clkinv_4)
    13    0.052064    0.091986    0.098205    2.422391 v _458_/Y (sky130_fd_sc_hd__clkinv_4)
                                                         _188_ (net)
                      0.091998    0.000869    2.423260 v _472_/A1 (sky130_fd_sc_hd__o41ai_4)
     3    0.009244    0.213001    0.278388    2.701648 ^ _472_/Y (sky130_fd_sc_hd__o41ai_4)
                                                         _338_ (net)
                      0.213001    0.000183    2.701831 ^ rebuffer29/A (sky130_fd_sc_hd__buf_1)
     2    0.009101    0.085375    0.097162    2.798993 ^ rebuffer29/X (sky130_fd_sc_hd__buf_1)
                                                         net69 (net)
                      0.085375    0.000182    2.799175 ^ rebuffer30/A (sky130_fd_sc_hd__dlygate4sd1_1)
     1    0.004216    0.039025    0.138410    2.937585 ^ rebuffer30/X (sky130_fd_sc_hd__dlygate4sd1_1)
                                                         net70 (net)
                      0.039025    0.000136    2.937721 ^ _477_/B1_N (sky130_fd_sc_hd__o21bai_1)
     3    0.010747    0.173620    0.105554    3.043275 ^ _477_/Y (sky130_fd_sc_hd__o21bai_1)
                                                         _392_ (net)
                      0.173621    0.000294    3.043569 ^ _491_/B (sky130_fd_sc_hd__nor2_1)
     2    0.008227    0.060172    0.051933    3.095501 v _491_/Y (sky130_fd_sc_hd__nor2_1)
                                                         _420_ (net)
                      0.060172    0.000242    3.095744 v _493_/B1 (sky130_fd_sc_hd__a211oi_2)
     3    0.012213    0.201691    0.156635    3.252378 ^ _493_/Y (sky130_fd_sc_hd__a211oi_2)
                                                         _422_ (net)
                      0.201691    0.000424    3.252802 ^ _502_/A2 (sky130_fd_sc_hd__o21ai_1)
     3    0.009690    0.070770    0.076520    3.329322 v _502_/Y (sky130_fd_sc_hd__o21ai_1)
                                                         _431_ (net)
                      0.070771    0.000213    3.329535 v _507_/A2 (sky130_fd_sc_hd__a31o_1)
     2    0.008544    0.045164    0.163099    3.492634 v _507_/X (sky130_fd_sc_hd__a31o_1)
                                                         _436_ (net)
                      0.045164    0.000215    3.492849 v _509_/A2 (sky130_fd_sc_hd__a211o_4)
     3    0.016132    0.048498    0.226068    3.718916 v _509_/X (sky130_fd_sc_hd__a211o_4)
                                                         _438_ (net)
                      0.048501    0.000411    3.719327 v _515_/A2 (sky130_fd_sc_hd__a21oi_4)
     8    0.039368    0.226889    0.216411    3.935739 ^ _515_/Y (sky130_fd_sc_hd__a21oi_4)
                                                         _444_ (net)
                      0.226901    0.001339    3.937078 ^ _524_/S (sky130_fd_sc_hd__mux2_4)
     2    0.007479    0.041722    0.192833    4.129910 v _524_/X (sky130_fd_sc_hd__mux2_4)
                                                         _453_ (net)
                      0.041722    0.000199    4.130110 v _539_/A1 (sky130_fd_sc_hd__a221o_1)
     3    0.010518    0.058372    0.194027    4.324136 v _539_/X (sky130_fd_sc_hd__a221o_1)
                                                         _010_ (net)
                      0.058372    0.000188    4.324324 v _544_/A2 (sky130_fd_sc_hd__a311o_1)
     5    0.015208    0.079577    0.245397    4.569721 v _544_/X (sky130_fd_sc_hd__a311o_1)
                                                         _015_ (net)
                      0.079577    0.000327    4.570048 v _579_/A1 (sky130_fd_sc_hd__a21o_1)
     2    0.005340    0.031443    0.121384    4.691432 v _579_/X (sky130_fd_sc_hd__a21o_1)
                                                         _050_ (net)
                      0.031443    0.000143    4.691575 v _583_/C (sky130_fd_sc_hd__and3_1)
     2    0.006389    0.037745    0.123480    4.815055 v _583_/X (sky130_fd_sc_hd__and3_1)
                                                         _054_ (net)
                      0.037745    0.000102    4.815157 v _585_/A (sky130_fd_sc_hd__or4_4)
     1    0.004241    0.057506    0.316086    5.131244 v _585_/X (sky130_fd_sc_hd__or4_4)
                                                         _056_ (net)
                      0.057506    0.000147    5.131390 v _586_/B (sky130_fd_sc_hd__or4b_4)
     1    0.008669    0.063623    0.320587    5.451977 v _586_/X (sky130_fd_sc_hd__or4b_4)
                                                         _057_ (net)
                      0.063623    0.000262    5.452240 v _590_/A2 (sky130_fd_sc_hd__a311oi_4)
     8    0.044565    0.439228    0.396771    5.849010 ^ _590_/Y (sky130_fd_sc_hd__a311oi_4)
                                                         _061_ (net)
                      0.439235    0.001356    5.850366 ^ _593_/S (sky130_fd_sc_hd__mux2_4)
     3    0.010855    0.045318    0.188152    6.038518 v _593_/X (sky130_fd_sc_hd__mux2_4)
                                                         _064_ (net)
                      0.045318    0.000274    6.038792 v _610_/B (sky130_fd_sc_hd__xor2_1)
     4    0.011335    0.190409    0.173707    6.212500 ^ _610_/X (sky130_fd_sc_hd__xor2_1)
                                                         _081_ (net)
                      0.190410    0.000308    6.212807 ^ _624_/D_N (sky130_fd_sc_hd__or4bb_4)
     5    0.027293    0.084946    0.317301    6.530108 v _624_/X (sky130_fd_sc_hd__or4bb_4)
                                                         _095_ (net)
                      0.084960    0.000870    6.530979 v _628_/A2 (sky130_fd_sc_hd__a21oi_4)
     6    0.029565    0.181576    0.196941    6.727919 ^ _628_/Y (sky130_fd_sc_hd__a21oi_4)
                                                         _099_ (net)
                      0.181585    0.000986    6.728905 ^ _665_/S (sky130_fd_sc_hd__mux2_1)
     3    0.008248    0.059494    0.217692    6.946597 v _665_/X (sky130_fd_sc_hd__mux2_1)
                                                         _136_ (net)
                      0.059494    0.000109    6.946706 v _669_/A2 (sky130_fd_sc_hd__a21o_1)
     1    0.002626    0.023357    0.118840    7.065546 v _669_/X (sky130_fd_sc_hd__a21o_1)
                                                         _140_ (net)
                      0.023357    0.000075    7.065620 v _671_/A1 (sky130_fd_sc_hd__o211a_1)
     1    0.004036    0.032363    0.139309    7.204929 v _671_/X (sky130_fd_sc_hd__o211a_1)
                                                         _142_ (net)
                      0.032363    0.000129    7.205058 v _672_/B2 (sky130_fd_sc_hd__o221a_1)
     1    0.002737    0.032274    0.120056    7.325114 v _672_/X (sky130_fd_sc_hd__o221a_1)
                                                         _143_ (net)
                      0.032274    0.000078    7.325192 v _675_/A1 (sky130_fd_sc_hd__o21a_1)
     1    0.003064    0.025774    0.114306    7.439498 v _675_/X (sky130_fd_sc_hd__o21a_1)
                                                         _146_ (net)
                      0.025774    0.000090    7.439588 v _679_/A2 (sky130_fd_sc_hd__o21a_1)
     1    0.007052    0.038075    0.114782    7.554370 v _679_/X (sky130_fd_sc_hd__o21a_1)
                                                         _150_ (net)
                      0.038076    0.000282    7.554652 v _700_/B (sky130_fd_sc_hd__or3_4)
     1    0.004393    0.045122    0.217527    7.772180 v _700_/X (sky130_fd_sc_hd__or3_4)
                                                         net21 (net)
                      0.045122    0.000155    7.772334 v output21/A (sky130_fd_sc_hd__clkbuf_1)
     1    0.002023    0.015858    0.059346    7.831680 v output21/X (sky130_fd_sc_hd__clkbuf_1)
                                                         op_out[0] (net)
                      0.015858    0.000037    7.831717 v op_out[0] (out)
                                              7.831717   data arrival time

                      0.000000   20.000000   20.000000   clock virtual_clk (rise edge)
                                  0.000000   20.000000   clock network delay (ideal)
                                  0.000000   20.000000   clock reconvergence pessimism
                                 -2.000000   18.000000   output external delay
                                             18.000000   data required time
---------------------------------------------------------------------------------------------
                                             18.000000   data required time
                                             -7.831717   data arrival time
---------------------------------------------------------------------------------------------
                                             10.168283   slack (MET)




===========================================================================
report_checks --slack_max -0.01
============================================================================
======================= nom_ff_n40C_1v95 Corner ===================================

No paths found.


===========================================================================
 report_check_types -max_slew -max_cap -max_fanout -violators
============================================================================
======================= nom_ff_n40C_1v95 Corner ===================================

max fanout

Pin                                   Limit Fanout  Slack
---------------------------------------------------------
input20/X                                16     17        (VIOLATED)



===========================================================================
report_parasitic_annotation -report_unannotated
============================================================================
Found 0 unannotated drivers.
Found 0 partially unannotated drivers.

===========================================================================
max slew violation count 0
max fanout violation count 1
max cap violation count 0
============================================================================

===========================================================================
check_setup -verbose -unconstrained_endpoints -multiple_clock -no_clock -no_input_delay -loops -generated_clocks
===========================================================================
