
===========================================================================
 report_power
============================================================================
======================= nom_tt_025C_1v80 Corner ===================================

Group                    Internal    Switching      Leakage        Total
                            Power        Power        Power        Power (Watts)
------------------------------------------------------------------------
Sequential           0.000000e+00 0.000000e+00 0.000000e+00 0.000000e+00   0.0%
Combinational        4.498109e-05 5.249082e-05 1.669094e-09 9.747358e-05 100.0%
Clock                0.000000e+00 0.000000e+00 2.462428e-10 2.462428e-10   0.0%
Macro                0.000000e+00 0.000000e+00 0.000000e+00 0.000000e+00   0.0%
Pad                  0.000000e+00 0.000000e+00 0.000000e+00 0.000000e+00   0.0%
------------------------------------------------------------------------
Total                4.498109e-05 5.249082e-05 1.915339e-09 9.747383e-05 100.0%
                            46.1%        53.9%         0.0%
Writing metric power__internal__total: 4.4981086830375716e-5
Writing metric power__switching__total: 5.249082460068166e-5
Writing metric power__leakage__total: 1.9153385544257162e-9
Writing metric power__total: 9.747382864588872e-5

