
===========================================================================
report_checks -unconstrained
===========================================================================
======================= nom_tt_025C_1v80 Corner ===================================

Startpoint: op_b[4] (input port clocked by __VIRTUAL_CLK__)
Endpoint: op_out[0] (output port clocked by __VIRTUAL_CLK__)
Path Group: __VIRTUAL_CLK__
Path Type: max

Fanout         Cap        Slew       Delay        Time   Description
---------------------------------------------------------------------------------------------
                      0.000000    0.000000    0.000000   clock __VIRTUAL_CLK__ (rise edge)
                                  0.000000    0.000000   clock network delay (ideal)
                                  2.000000    2.000000 v input external delay
    23    0.101027    0.221342    0.163318    2.163318 v op_b[4] (in)
                                                         op_b[4] (net)
                      0.221358    0.000000    2.163318 v _469_/B (sky130_fd_sc_hd__or4_2)
     6    0.020027    0.163426    0.788541    2.951860 v _469_/X (sky130_fd_sc_hd__or4_2)
                                                         _306_ (net)
                      0.163426    0.000043    2.951902 v _472_/A3 (sky130_fd_sc_hd__o41ai_2)
     5    0.016594    0.509999    0.520023    3.471925 ^ _472_/Y (sky130_fd_sc_hd__o41ai_2)
                                                         _338_ (net)
                      0.509999    0.000022    3.471947 ^ _481_/A1 (sky130_fd_sc_hd__a211o_2)
     4    0.012519    0.074548    0.254064    3.726010 ^ _481_/X (sky130_fd_sc_hd__a211o_2)
                                                         _410_ (net)
                      0.074548    0.000060    3.726070 ^ _484_/A2 (sky130_fd_sc_hd__a21o_2)
     4    0.014313    0.085175    0.163953    3.890023 ^ _484_/X (sky130_fd_sc_hd__a21o_2)
                                                         _413_ (net)
                      0.085175    0.000014    3.890036 ^ _493_/A1 (sky130_fd_sc_hd__a211oi_2)
     3    0.008996    0.068050    0.085302    3.975339 v _493_/Y (sky130_fd_sc_hd__a211oi_2)
                                                         _422_ (net)
                      0.068050    0.000057    3.975396 v _503_/D (sky130_fd_sc_hd__or4_2)
     3    0.009237    0.128766    0.583049    4.558445 v _503_/X (sky130_fd_sc_hd__or4_2)
                                                         _432_ (net)
                      0.128766    0.000019    4.558464 v _507_/A3 (sky130_fd_sc_hd__a31o_2)
     2    0.006792    0.048314    0.287105    4.845569 v _507_/X (sky130_fd_sc_hd__a31o_2)
                                                         _436_ (net)
                      0.048314    0.000006    4.845575 v _509_/A2 (sky130_fd_sc_hd__a211o_2)
     3    0.009376    0.065147    0.351640    5.197214 v _509_/X (sky130_fd_sc_hd__a211o_2)
                                                         _438_ (net)
                      0.065147    0.000027    5.197241 v _515_/A1 (sky130_fd_sc_hd__a21oi_2)
     8    0.035760    0.439094    0.389775    5.587017 ^ _515_/Y (sky130_fd_sc_hd__a21oi_2)
                                                         _444_ (net)
                      0.439094    0.000313    5.587329 ^ _524_/S (sky130_fd_sc_hd__mux2_1)
     2    0.006122    0.071329    0.388245    5.975575 v _524_/X (sky130_fd_sc_hd__mux2_1)
                                                         _453_ (net)
                      0.071329    0.000029    5.975604 v _539_/A2 (sky130_fd_sc_hd__a221o_2)
     3    0.011012    0.078329    0.423416    6.399020 v _539_/X (sky130_fd_sc_hd__a221o_2)
                                                         _010_ (net)
                      0.078329    0.000019    6.399039 v _544_/A3 (sky130_fd_sc_hd__a311o_2)
     5    0.014758    0.084824    0.439320    6.838359 v _544_/X (sky130_fd_sc_hd__a311o_2)
                                                         _015_ (net)
                      0.084824    0.000027    6.838386 v _571_/A1 (sky130_fd_sc_hd__a21o_2)
     4    0.013716    0.059080    0.232228    7.070614 v _571_/X (sky130_fd_sc_hd__a21o_2)
                                                         _042_ (net)
                      0.059080    0.000071    7.070685 v _574_/B (sky130_fd_sc_hd__and3_2)
     3    0.008239    0.050487    0.214021    7.284706 v _574_/X (sky130_fd_sc_hd__and3_2)
                                                         _045_ (net)
                      0.050487    0.000020    7.284726 v _585_/A (sky130_fd_sc_hd__or4_2)
     1    0.002281    0.095973    0.647120    7.931846 v _585_/X (sky130_fd_sc_hd__or4_2)
                                                         _056_ (net)
                      0.095973    0.000008    7.931854 v _586_/C (sky130_fd_sc_hd__or4b_2)
     1    0.004669    0.109378    0.629931    8.561785 v _586_/X (sky130_fd_sc_hd__or4b_2)
                                                         _057_ (net)
                      0.109378    0.000008    8.561792 v _590_/A1 (sky130_fd_sc_hd__a311oi_2)
     8    0.035915    0.693847    0.610199    9.171991 ^ _590_/Y (sky130_fd_sc_hd__a311oi_2)
                                                         _061_ (net)
                      0.693847    0.000233    9.172224 ^ _619_/S (sky130_fd_sc_hd__mux2_1)
     5    0.024959    0.149813    0.497296    9.669519 v _619_/X (sky130_fd_sc_hd__mux2_1)
                                                         _090_ (net)
                      0.149813    0.000140    9.669660 v _623_/B1 (sky130_fd_sc_hd__o22a_2)
     2    0.004125    0.041861    0.239407    9.909067 v _623_/X (sky130_fd_sc_hd__o22a_2)
                                                         _094_ (net)
                      0.041861    0.000004    9.909070 v _624_/B (sky130_fd_sc_hd__or4bb_2)
     4    0.012531    0.132293    0.660159   10.569229 v _624_/X (sky130_fd_sc_hd__or4bb_2)
                                                         _095_ (net)
                      0.132293    0.000036   10.569265 v _628_/A1 (sky130_fd_sc_hd__a21oi_2)
    12    0.043887    0.536743    0.483825   11.053090 ^ _628_/Y (sky130_fd_sc_hd__a21oi_2)
                                                         _099_ (net)
                      0.536743    0.000245   11.053335 ^ _665_/S (sky130_fd_sc_hd__mux2_1)
     3    0.009163    0.088594    0.415310   11.468645 v _665_/X (sky130_fd_sc_hd__mux2_1)
                                                         _136_ (net)
                      0.088594    0.000008   11.468653 v _669_/A2 (sky130_fd_sc_hd__a21o_2)
     1    0.002840    0.033455    0.219747   11.688400 v _669_/X (sky130_fd_sc_hd__a21o_2)
                                                         _140_ (net)
                      0.033455    0.000009   11.688409 v _671_/A2 (sky130_fd_sc_hd__o211a_2)
     1    0.002848    0.041367    0.226540   11.914948 v _671_/X (sky130_fd_sc_hd__o211a_2)
                                                         _142_ (net)
                      0.041367    0.000008   11.914956 v _672_/B2 (sky130_fd_sc_hd__o221a_2)
     1    0.002882    0.042580    0.218797   12.133754 v _672_/X (sky130_fd_sc_hd__o221a_2)
                                                         _143_ (net)
                      0.042580    0.000011   12.133764 v _675_/A2 (sky130_fd_sc_hd__o21a_2)
     1    0.002614    0.033503    0.183903   12.317667 v _675_/X (sky130_fd_sc_hd__o21a_2)
                                                         _146_ (net)
                      0.033503    0.000004   12.317672 v _679_/A1 (sky130_fd_sc_hd__o21a_2)
     1    0.005066    0.039514    0.206310   12.523981 v _679_/X (sky130_fd_sc_hd__o21a_2)
                                                         _150_ (net)
                      0.039514    0.000052   12.524034 v _700_/A (sky130_fd_sc_hd__or3_2)
     1    0.035191    0.171463    0.600127   13.124161 v _700_/X (sky130_fd_sc_hd__or3_2)
                                                         op_out[0] (net)
                      0.171463    0.000377   13.124538 v op_out[0] (out)
                                             13.124538   data arrival time

                      0.000000   10.000000   10.000000   clock __VIRTUAL_CLK__ (rise edge)
                                  0.000000   10.000000   clock network delay (ideal)
                                 -0.250000    9.750000   clock uncertainty
                                  0.000000    9.750000   clock reconvergence pessimism
                                 -2.000000    7.750000   output external delay
                                              7.750000   data required time
---------------------------------------------------------------------------------------------
                                              7.750000   data required time
                                            -13.124538   data arrival time
---------------------------------------------------------------------------------------------
                                             -5.374538   slack (VIOLATED)




===========================================================================
report_checks --slack_max -0.01
============================================================================
======================= nom_tt_025C_1v80 Corner ===================================

Startpoint: op_b[4] (input port clocked by __VIRTUAL_CLK__)
Endpoint: op_out[0] (output port clocked by __VIRTUAL_CLK__)
Path Group: __VIRTUAL_CLK__
Path Type: max

Fanout         Cap        Slew       Delay        Time   Description
---------------------------------------------------------------------------------------------
                      0.000000    0.000000    0.000000   clock __VIRTUAL_CLK__ (rise edge)
                                  0.000000    0.000000   clock network delay (ideal)
                                  2.000000    2.000000 v input external delay
    23    0.101027    0.221342    0.163318    2.163318 v op_b[4] (in)
                                                         op_b[4] (net)
                      0.221358    0.000000    2.163318 v _469_/B (sky130_fd_sc_hd__or4_2)
     6    0.020027    0.163426    0.788541    2.951860 v _469_/X (sky130_fd_sc_hd__or4_2)
                                                         _306_ (net)
                      0.163426    0.000043    2.951902 v _472_/A3 (sky130_fd_sc_hd__o41ai_2)
     5    0.016594    0.509999    0.520023    3.471925 ^ _472_/Y (sky130_fd_sc_hd__o41ai_2)
                                                         _338_ (net)
                      0.509999    0.000022    3.471947 ^ _481_/A1 (sky130_fd_sc_hd__a211o_2)
     4    0.012519    0.074548    0.254064    3.726010 ^ _481_/X (sky130_fd_sc_hd__a211o_2)
                                                         _410_ (net)
                      0.074548    0.000060    3.726070 ^ _484_/A2 (sky130_fd_sc_hd__a21o_2)
     4    0.014313    0.085175    0.163953    3.890023 ^ _484_/X (sky130_fd_sc_hd__a21o_2)
                                                         _413_ (net)
                      0.085175    0.000014    3.890036 ^ _493_/A1 (sky130_fd_sc_hd__a211oi_2)
     3    0.008996    0.068050    0.085302    3.975339 v _493_/Y (sky130_fd_sc_hd__a211oi_2)
                                                         _422_ (net)
                      0.068050    0.000057    3.975396 v _503_/D (sky130_fd_sc_hd__or4_2)
     3    0.009237    0.128766    0.583049    4.558445 v _503_/X (sky130_fd_sc_hd__or4_2)
                                                         _432_ (net)
                      0.128766    0.000019    4.558464 v _507_/A3 (sky130_fd_sc_hd__a31o_2)
     2    0.006792    0.048314    0.287105    4.845569 v _507_/X (sky130_fd_sc_hd__a31o_2)
                                                         _436_ (net)
                      0.048314    0.000006    4.845575 v _509_/A2 (sky130_fd_sc_hd__a211o_2)
     3    0.009376    0.065147    0.351640    5.197214 v _509_/X (sky130_fd_sc_hd__a211o_2)
                                                         _438_ (net)
                      0.065147    0.000027    5.197241 v _515_/A1 (sky130_fd_sc_hd__a21oi_2)
     8    0.035760    0.439094    0.389775    5.587017 ^ _515_/Y (sky130_fd_sc_hd__a21oi_2)
                                                         _444_ (net)
                      0.439094    0.000313    5.587329 ^ _524_/S (sky130_fd_sc_hd__mux2_1)
     2    0.006122    0.071329    0.388245    5.975575 v _524_/X (sky130_fd_sc_hd__mux2_1)
                                                         _453_ (net)
                      0.071329    0.000029    5.975604 v _539_/A2 (sky130_fd_sc_hd__a221o_2)
     3    0.011012    0.078329    0.423416    6.399020 v _539_/X (sky130_fd_sc_hd__a221o_2)
                                                         _010_ (net)
                      0.078329    0.000019    6.399039 v _544_/A3 (sky130_fd_sc_hd__a311o_2)
     5    0.014758    0.084824    0.439320    6.838359 v _544_/X (sky130_fd_sc_hd__a311o_2)
                                                         _015_ (net)
                      0.084824    0.000027    6.838386 v _571_/A1 (sky130_fd_sc_hd__a21o_2)
     4    0.013716    0.059080    0.232228    7.070614 v _571_/X (sky130_fd_sc_hd__a21o_2)
                                                         _042_ (net)
                      0.059080    0.000071    7.070685 v _574_/B (sky130_fd_sc_hd__and3_2)
     3    0.008239    0.050487    0.214021    7.284706 v _574_/X (sky130_fd_sc_hd__and3_2)
                                                         _045_ (net)
                      0.050487    0.000020    7.284726 v _585_/A (sky130_fd_sc_hd__or4_2)
     1    0.002281    0.095973    0.647120    7.931846 v _585_/X (sky130_fd_sc_hd__or4_2)
                                                         _056_ (net)
                      0.095973    0.000008    7.931854 v _586_/C (sky130_fd_sc_hd__or4b_2)
     1    0.004669    0.109378    0.629931    8.561785 v _586_/X (sky130_fd_sc_hd__or4b_2)
                                                         _057_ (net)
                      0.109378    0.000008    8.561792 v _590_/A1 (sky130_fd_sc_hd__a311oi_2)
     8    0.035915    0.693847    0.610199    9.171991 ^ _590_/Y (sky130_fd_sc_hd__a311oi_2)
                                                         _061_ (net)
                      0.693847    0.000233    9.172224 ^ _619_/S (sky130_fd_sc_hd__mux2_1)
     5    0.024959    0.149813    0.497296    9.669519 v _619_/X (sky130_fd_sc_hd__mux2_1)
                                                         _090_ (net)
                      0.149813    0.000140    9.669660 v _623_/B1 (sky130_fd_sc_hd__o22a_2)
     2    0.004125    0.041861    0.239407    9.909067 v _623_/X (sky130_fd_sc_hd__o22a_2)
                                                         _094_ (net)
                      0.041861    0.000004    9.909070 v _624_/B (sky130_fd_sc_hd__or4bb_2)
     4    0.012531    0.132293    0.660159   10.569229 v _624_/X (sky130_fd_sc_hd__or4bb_2)
                                                         _095_ (net)
                      0.132293    0.000036   10.569265 v _628_/A1 (sky130_fd_sc_hd__a21oi_2)
    12    0.043887    0.536743    0.483825   11.053090 ^ _628_/Y (sky130_fd_sc_hd__a21oi_2)
                                                         _099_ (net)
                      0.536743    0.000245   11.053335 ^ _665_/S (sky130_fd_sc_hd__mux2_1)
     3    0.009163    0.088594    0.415310   11.468645 v _665_/X (sky130_fd_sc_hd__mux2_1)
                                                         _136_ (net)
                      0.088594    0.000008   11.468653 v _669_/A2 (sky130_fd_sc_hd__a21o_2)
     1    0.002840    0.033455    0.219747   11.688400 v _669_/X (sky130_fd_sc_hd__a21o_2)
                                                         _140_ (net)
                      0.033455    0.000009   11.688409 v _671_/A2 (sky130_fd_sc_hd__o211a_2)
     1    0.002848    0.041367    0.226540   11.914948 v _671_/X (sky130_fd_sc_hd__o211a_2)
                                                         _142_ (net)
                      0.041367    0.000008   11.914956 v _672_/B2 (sky130_fd_sc_hd__o221a_2)
     1    0.002882    0.042580    0.218797   12.133754 v _672_/X (sky130_fd_sc_hd__o221a_2)
                                                         _143_ (net)
                      0.042580    0.000011   12.133764 v _675_/A2 (sky130_fd_sc_hd__o21a_2)
     1    0.002614    0.033503    0.183903   12.317667 v _675_/X (sky130_fd_sc_hd__o21a_2)
                                                         _146_ (net)
                      0.033503    0.000004   12.317672 v _679_/A1 (sky130_fd_sc_hd__o21a_2)
     1    0.005066    0.039514    0.206310   12.523981 v _679_/X (sky130_fd_sc_hd__o21a_2)
                                                         _150_ (net)
                      0.039514    0.000052   12.524034 v _700_/A (sky130_fd_sc_hd__or3_2)
     1    0.035191    0.171463    0.600127   13.124161 v _700_/X (sky130_fd_sc_hd__or3_2)
                                                         op_out[0] (net)
                      0.171463    0.000377   13.124538 v op_out[0] (out)
                                             13.124538   data arrival time

                      0.000000   10.000000   10.000000   clock __VIRTUAL_CLK__ (rise edge)
                                  0.000000   10.000000   clock network delay (ideal)
                                 -0.250000    9.750000   clock uncertainty
                                  0.000000    9.750000   clock reconvergence pessimism
                                 -2.000000    7.750000   output external delay
                                              7.750000   data required time
---------------------------------------------------------------------------------------------
                                              7.750000   data required time
                                            -13.124538   data arrival time
---------------------------------------------------------------------------------------------
                                             -5.374538   slack (VIOLATED)




===========================================================================
 report_check_types -max_slew -max_cap -max_fanout -violators
============================================================================
======================= nom_tt_025C_1v80 Corner ===================================

max fanout

Pin                                   Limit Fanout  Slack
---------------------------------------------------------
op_b[1]                                  10     27    -17 (VIOLATED)
op_b[2]                                  10     23    -13 (VIOLATED)
op_b[4]                                  10     23    -13 (VIOLATED)
op_a[2]                                  10     22    -12 (VIOLATED)
op_b[0]                                  10     22    -12 (VIOLATED)
op_b[3]                                  10     22    -12 (VIOLATED)
op_a[0]                                  10     21    -11 (VIOLATED)
op_a[1]                                  10     21    -11 (VIOLATED)
op_a[4]                                  10     19     -9 (VIOLATED)
op_b[5]                                  10     18     -8 (VIOLATED)
op_b[6]                                  10     17     -7 (VIOLATED)
op_a[6]                                  10     16     -6 (VIOLATED)
op_b[7]                                  10     16     -6 (VIOLATED)
op_a[3]                                  10     15     -5 (VIOLATED)
op_a[5]                                  10     14     -4 (VIOLATED)
_458_/Y                                  10     13     -3 (VIOLATED)
_463_/Y                                  10     12     -2 (VIOLATED)
_628_/Y                                  10     12     -2 (VIOLATED)
inst[3]                                  10     11        (VIOLATED)



===========================================================================
report_parasitic_annotation -report_unannotated
============================================================================
Found 0 unannotated drivers.
Found 0 partially unannotated drivers.

===========================================================================
max slew violation count 0
Writing metric design__max_slew_violation__count__corner:nom_tt_025C_1v80: 0
max fanout violation count 19
Writing metric design__max_fanout_violation__count__corner:nom_tt_025C_1v80: 19
max cap violation count 0
Writing metric design__max_cap_violation__count__corner:nom_tt_025C_1v80: 0
============================================================================

===========================================================================
check_setup -verbose -unconstrained_endpoints -multiple_clock -no_clock -no_input_delay -loops -generated_clocks
===========================================================================
