Reading OpenROAD database at '/home/letienthanh/8bitalu/runs/RUN_2026-08-05_09-54-51/27-openroad-globalplacement/alu8bit.odb'…
Reading library file at '/home/letienthanh/.volare/volare/sky130/versions/0fe599b2afb6708d281543108caf8310912f54af/sky130A/libs.ref/sky130_fd_sc_hd/lib/sky130_fd_sc_hd__tt_025C_1v80.lib'…
Reading design constraints file at '/nix/store/ss2cw3sxbrwwx9jl0rrppbw4kgcmgi2n-python3-3.11.9-env/lib/python3.11/site-packages/openlane/scripts/base.sdc'…
[WARNING STA-0366] port '__VIRTUAL_CLK__' not found.
[INFO] Using clock __VIRTUAL_CLK__…
[INFO] Setting output delay to: 2
[INFO] Setting input delay to: 2
[WARNING STA-0366] port '__VIRTUAL_CLK__' not found.
[INFO] Setting load to: 0.033442
[INFO] Setting clock uncertainty to: 0.25
[INFO] Setting clock transition to: 0.1499999999999999944488848768742172978818416595458984375
[WARNING STA-0419] transition time can not be specified for virtual clocks.
[INFO] Setting timing derate to: 5%
[WARNING STA-0450] virtual clock __VIRTUAL_CLK__ can not be propagated.
[INFO] Setting RC values…
[WARNING GRT-0097] No global routing found for nets.
%OL_CREATE_REPORT min.rpt

===========================================================================
report_checks -path_delay min (Hold)
============================================================================
======================= nom_tt_025C_1v80 Corner ===================================

Startpoint: inst[2] (input port clocked by __VIRTUAL_CLK__)
Endpoint: op_out[6] (output port clocked by __VIRTUAL_CLK__)
Path Group: __VIRTUAL_CLK__
Path Type: min

Fanout         Cap        Slew       Delay        Time   Description
---------------------------------------------------------------------------------------------
                      0.000000    0.000000    0.000000   clock __VIRTUAL_CLK__ (rise edge)
                                  0.000000    0.000000   clock network delay (ideal)
                                  2.000000    2.000000 ^ input external delay
     8    0.021900    0.104134    0.071468    2.071467 ^ inst[2] (in)
                                                         inst[2] (net)
                      0.104134    0.000000    2.071467 ^ _694_/A (sky130_fd_sc_hd__nor3_2)
     8    0.023033    0.062397    0.095225    2.166693 v _694_/Y (sky130_fd_sc_hd__nor3_2)
                                                         _165_ (net)
                      0.062397    0.000231    2.166924 v _885_/A1 (sky130_fd_sc_hd__a31o_2)
     1    0.034579    0.101989    0.283598    2.450522 v _885_/X (sky130_fd_sc_hd__a31o_2)
                                                         op_out[6] (net)
                      0.101989    0.000176    2.450698 v op_out[6] (out)
                                              2.450698   data arrival time

                      0.000000    0.000000    0.000000   clock __VIRTUAL_CLK__ (rise edge)
                                  0.000000    0.000000   clock network delay (ideal)
                                  0.250000    0.250000   clock uncertainty
                                  0.000000    0.250000   clock reconvergence pessimism
                                 -2.000000   -1.750000   output external delay
                                             -1.750000   data required time
---------------------------------------------------------------------------------------------
                                             -1.750000   data required time
                                             -2.450698   data arrival time
---------------------------------------------------------------------------------------------
                                              4.200698   slack (MET)


Startpoint: inst[2] (input port clocked by __VIRTUAL_CLK__)
Endpoint: op_out[0] (output port clocked by __VIRTUAL_CLK__)
Path Group: __VIRTUAL_CLK__
Path Type: min

Fanout         Cap        Slew       Delay        Time   Description
---------------------------------------------------------------------------------------------
                      0.000000    0.000000    0.000000   clock __VIRTUAL_CLK__ (rise edge)
                                  0.000000    0.000000   clock network delay (ideal)
                                  2.000000    2.000000 v input external delay
     8    0.020402    0.046897    0.032829    2.032829 v inst[2] (in)
                                                         inst[2] (net)
                      0.046899    0.000000    2.032829 v _459_/A (sky130_fd_sc_hd__inv_2)
     4    0.010692    0.056154    0.066523    2.099352 ^ _459_/Y (sky130_fd_sc_hd__inv_2)
                                                         _199_ (net)
                      0.056154    0.000008    2.099360 ^ _685_/B1 (sky130_fd_sc_hd__o2111a_2)
     1    0.001906    0.036683    0.181714    2.281073 ^ _685_/X (sky130_fd_sc_hd__o2111a_2)
                                                         _156_ (net)
                      0.036683    0.000002    2.281075 ^ _700_/B (sky130_fd_sc_hd__or3_2)
     1    0.035191    0.177394    0.208803    2.489878 ^ _700_/X (sky130_fd_sc_hd__or3_2)
                                                         op_out[0] (net)
                      0.177394    0.000378    2.490256 ^ op_out[0] (out)
                                              2.490256   data arrival time

                      0.000000    0.000000    0.000000   clock __VIRTUAL_CLK__ (rise edge)
                                  0.000000    0.000000   clock network delay (ideal)
                                  0.250000    0.250000   clock uncertainty
                                  0.000000    0.250000   clock reconvergence pessimism
                                 -2.000000   -1.750000   output external delay
                                             -1.750000   data required time
---------------------------------------------------------------------------------------------
                                             -1.750000   data required time
                                             -2.490256   data arrival time
---------------------------------------------------------------------------------------------
                                              4.240256   slack (MET)


Startpoint: op_a[3] (input port clocked by __VIRTUAL_CLK__)
Endpoint: op_out[4] (output port clocked by __VIRTUAL_CLK__)
Path Group: __VIRTUAL_CLK__
Path Type: min

Fanout         Cap        Slew       Delay        Time   Description
---------------------------------------------------------------------------------------------
                      0.000000    0.000000    0.000000   clock __VIRTUAL_CLK__ (rise edge)
                                  0.000000    0.000000   clock network delay (ideal)
                                  2.000000    2.000000 v input external delay
    15    0.062107    0.137610    0.100471    2.100471 v op_a[3] (in)
                                                         op_a[3] (net)
                      0.137652    0.000000    2.100471 v _745_/A (sky130_fd_sc_hd__nand2_2)
     3    0.011434    0.078285    0.118825    2.219295 ^ _745_/Y (sky130_fd_sc_hd__nand2_2)
                                                         _216_ (net)
                      0.078285    0.000026    2.219321 ^ _774_/A (sky130_fd_sc_hd__and3_2)
     1    0.004822    0.052989    0.175685    2.395007 ^ _774_/X (sky130_fd_sc_hd__and3_2)
                                                         _247_ (net)
                      0.052989    0.000005    2.395012 ^ _798_/A2 (sky130_fd_sc_hd__o31ai_2)
     1    0.035759    0.145015    0.150661    2.545674 v _798_/Y (sky130_fd_sc_hd__o31ai_2)
                                                         op_out[4] (net)
                      0.145015    0.000530    2.546204 v op_out[4] (out)
                                              2.546204   data arrival time

                      0.000000    0.000000    0.000000   clock __VIRTUAL_CLK__ (rise edge)
                                  0.000000    0.000000   clock network delay (ideal)
                                  0.250000    0.250000   clock uncertainty
                                  0.000000    0.250000   clock reconvergence pessimism
                                 -2.000000   -1.750000   output external delay
                                             -1.750000   data required time
---------------------------------------------------------------------------------------------
                                             -1.750000   data required time
                                             -2.546204   data arrival time
---------------------------------------------------------------------------------------------
                                              4.296204   slack (MET)


Startpoint: op_a[6] (input port clocked by __VIRTUAL_CLK__)
Endpoint: op_out[5] (output port clocked by __VIRTUAL_CLK__)
Path Group: __VIRTUAL_CLK__
Path Type: min

Fanout         Cap        Slew       Delay        Time   Description
---------------------------------------------------------------------------------------------
                      0.000000    0.000000    0.000000   clock __VIRTUAL_CLK__ (rise edge)
                                  0.000000    0.000000   clock network delay (ideal)
                                  2.000000    2.000000 ^ input external delay
    16    0.064889    0.295505    0.204170    2.204170 ^ op_a[6] (in)
                                                         op_a[6] (net)
                      0.295512    0.000000    2.204170 ^ _839_/B2 (sky130_fd_sc_hd__a32o_2)
     1    0.001826    0.038142    0.162636    2.366807 ^ _839_/X (sky130_fd_sc_hd__a32o_2)
                                                         _318_ (net)
                      0.038142    0.000002    2.366808 ^ _842_/A (sky130_fd_sc_hd__or3_2)
     1    0.036130    0.181473    0.214200    2.581008 ^ _842_/X (sky130_fd_sc_hd__or3_2)
                                                         op_out[5] (net)
                      0.181527    0.000637    2.581645 ^ op_out[5] (out)
                                              2.581645   data arrival time

                      0.000000    0.000000    0.000000   clock __VIRTUAL_CLK__ (rise edge)
                                  0.000000    0.000000   clock network delay (ideal)
                                  0.250000    0.250000   clock uncertainty
                                  0.000000    0.250000   clock reconvergence pessimism
                                 -2.000000   -1.750000   output external delay
                                             -1.750000   data required time
---------------------------------------------------------------------------------------------
                                             -1.750000   data required time
                                             -2.581645   data arrival time
---------------------------------------------------------------------------------------------
                                              4.331645   slack (MET)


Startpoint: inst[2] (input port clocked by __VIRTUAL_CLK__)
Endpoint: op_out[7] (output port clocked by __VIRTUAL_CLK__)
Path Group: __VIRTUAL_CLK__
Path Type: min

Fanout         Cap        Slew       Delay        Time   Description
---------------------------------------------------------------------------------------------
                      0.000000    0.000000    0.000000   clock __VIRTUAL_CLK__ (rise edge)
                                  0.000000    0.000000   clock network delay (ideal)
                                  2.000000    2.000000 ^ input external delay
     8    0.021900    0.104134    0.071468    2.071467 ^ inst[2] (in)
                                                         inst[2] (net)
                      0.104134    0.000000    2.071467 ^ _694_/A (sky130_fd_sc_hd__nor3_2)
     8    0.023033    0.062397    0.095225    2.166693 v _694_/Y (sky130_fd_sc_hd__nor3_2)
                                                         _165_ (net)
                      0.062397    0.000234    2.166926 v _923_/A1 (sky130_fd_sc_hd__a311o_2)
     1    0.034719    0.126136    0.416338    2.583264 v _923_/X (sky130_fd_sc_hd__a311o_2)
                                                         op_out[7] (net)
                      0.126136    0.000203    2.583467 v op_out[7] (out)
                                              2.583467   data arrival time

                      0.000000    0.000000    0.000000   clock __VIRTUAL_CLK__ (rise edge)
                                  0.000000    0.000000   clock network delay (ideal)
                                  0.250000    0.250000   clock uncertainty
                                  0.000000    0.250000   clock reconvergence pessimism
                                 -2.000000   -1.750000   output external delay
                                             -1.750000   data required time
---------------------------------------------------------------------------------------------
                                             -1.750000   data required time
                                             -2.583467   data arrival time
---------------------------------------------------------------------------------------------
                                              4.333467   slack (MET)


Startpoint: op_a[1] (input port clocked by __VIRTUAL_CLK__)
Endpoint: op_out[2] (output port clocked by __VIRTUAL_CLK__)
Path Group: __VIRTUAL_CLK__
Path Type: min

Fanout         Cap        Slew       Delay        Time   Description
---------------------------------------------------------------------------------------------
                      0.000000    0.000000    0.000000   clock __VIRTUAL_CLK__ (rise edge)
                                  0.000000    0.000000   clock network delay (ideal)
                                  2.000000    2.000000 v input external delay
    21    0.082276    0.181294    0.133563    2.133563 v op_a[1] (in)
                                                         op_a[1] (net)
                      0.181369    0.000000    2.133563 v _713_/A (sky130_fd_sc_hd__nand2_2)
     2    0.007364    0.060197    0.116849    2.250412 ^ _713_/Y (sky130_fd_sc_hd__nand2_2)
                                                         _183_ (net)
                      0.060197    0.000010    2.250422 ^ _724_/A1 (sky130_fd_sc_hd__a21o_2)
     3    0.007390    0.045987    0.129185    2.379607 ^ _724_/X (sky130_fd_sc_hd__a21o_2)
                                                         _194_ (net)
                      0.045987    0.000012    2.379619 ^ _741_/A1 (sky130_fd_sc_hd__a21o_2)
     1    0.034725    0.175021    0.220151    2.599771 ^ _741_/X (sky130_fd_sc_hd__a21o_2)
                                                         op_out[2] (net)
                      0.175021    0.000291    2.600062 ^ op_out[2] (out)
                                              2.600062   data arrival time

                      0.000000    0.000000    0.000000   clock __VIRTUAL_CLK__ (rise edge)
                                  0.000000    0.000000   clock network delay (ideal)
                                  0.250000    0.250000   clock uncertainty
                                  0.000000    0.250000   clock reconvergence pessimism
                                 -2.000000   -1.750000   output external delay
                                             -1.750000   data required time
---------------------------------------------------------------------------------------------
                                             -1.750000   data required time
                                             -2.600062   data arrival time
---------------------------------------------------------------------------------------------
                                              4.350062   slack (MET)


Startpoint: inst[2] (input port clocked by __VIRTUAL_CLK__)
Endpoint: op_out[3] (output port clocked by __VIRTUAL_CLK__)
Path Group: __VIRTUAL_CLK__
Path Type: min

Fanout         Cap        Slew       Delay        Time   Description
---------------------------------------------------------------------------------------------
                      0.000000    0.000000    0.000000   clock __VIRTUAL_CLK__ (rise edge)
                                  0.000000    0.000000   clock network delay (ideal)
                                  2.000000    2.000000 ^ input external delay
     8    0.021900    0.104134    0.071510    2.071510 ^ inst[2] (in)
                                                         inst[2] (net)
                      0.104135    0.000000    2.071510 ^ _690_/A (sky130_fd_sc_hd__or4b_2)
     8    0.037840    0.220210    0.267646    2.339156 ^ _690_/X (sky130_fd_sc_hd__or4b_2)
                                                         _161_ (net)
                      0.220210    0.000134    2.339291 ^ _749_/A (sky130_fd_sc_hd__or3b_2)
     1    0.005094    0.043591    0.168742    2.508033 ^ _749_/X (sky130_fd_sc_hd__or3b_2)
                                                         _221_ (net)
                      0.043591    0.000008    2.508040 ^ _770_/B (sky130_fd_sc_hd__nand2b_2)
     1    0.034671    0.144910    0.141500    2.649540 v _770_/Y (sky130_fd_sc_hd__nand2b_2)
                                                         op_out[3] (net)
                      0.144910    0.000278    2.649819 v op_out[3] (out)
                                              2.649819   data arrival time

                      0.000000    0.000000    0.000000   clock __VIRTUAL_CLK__ (rise edge)
                                  0.000000    0.000000   clock network delay (ideal)
                                  0.250000    0.250000   clock uncertainty
                                  0.000000    0.250000   clock reconvergence pessimism
                                 -2.000000   -1.750000   output external delay
                                             -1.750000   data required time
---------------------------------------------------------------------------------------------
                                             -1.750000   data required time
                                             -2.649819   data arrival time
---------------------------------------------------------------------------------------------
                                              4.399818   slack (MET)


Startpoint: op_a[0] (input port clocked by __VIRTUAL_CLK__)
Endpoint: op_out[1] (output port clocked by __VIRTUAL_CLK__)
Path Group: __VIRTUAL_CLK__
Path Type: min

Fanout         Cap        Slew       Delay        Time   Description
---------------------------------------------------------------------------------------------
                      0.000000    0.000000    0.000000   clock __VIRTUAL_CLK__ (rise edge)
                                  0.000000    0.000000   clock network delay (ideal)
                                  2.000000    2.000000 ^ input external delay
    21    0.077942    0.353770    0.245068    2.245068 ^ op_a[0] (in)
                                                         op_a[0] (net)
                      0.353791    0.000000    2.245068 ^ _709_/B2 (sky130_fd_sc_hd__a32o_2)
     1    0.001711    0.038118    0.168218    2.413286 ^ _709_/X (sky130_fd_sc_hd__a32o_2)
                                                         _179_ (net)
                      0.038118    0.000002    2.413288 ^ _710_/C (sky130_fd_sc_hd__or3_2)
     1    0.005350    0.038987    0.104093    2.517381 ^ _710_/X (sky130_fd_sc_hd__or3_2)
                                                         _180_ (net)
                      0.038987    0.000054    2.517435 ^ _718_/A (sky130_fd_sc_hd__or2_2)
     1    0.034652    0.181775    0.207437    2.724872 ^ _718_/X (sky130_fd_sc_hd__or2_2)
                                                         op_out[1] (net)
                      0.181775    0.000277    2.725149 ^ op_out[1] (out)
                                              2.725149   data arrival time

                      0.000000    0.000000    0.000000   clock __VIRTUAL_CLK__ (rise edge)
                                  0.000000    0.000000   clock network delay (ideal)
                                  0.250000    0.250000   clock uncertainty
                                  0.000000    0.250000   clock reconvergence pessimism
                                 -2.000000   -1.750000   output external delay
                                             -1.750000   data required time
---------------------------------------------------------------------------------------------
                                             -1.750000   data required time
                                             -2.725149   data arrival time
---------------------------------------------------------------------------------------------
                                              4.475149   slack (MET)



%OL_END_REPORT
%OL_CREATE_REPORT max.rpt

===========================================================================
report_checks -path_delay max (Setup)
============================================================================
======================= nom_tt_025C_1v80 Corner ===================================

Startpoint: op_b[4] (input port clocked by __VIRTUAL_CLK__)
Endpoint: op_out[0] (output port clocked by __VIRTUAL_CLK__)
Path Group: __VIRTUAL_CLK__
Path Type: max

Fanout         Cap        Slew       Delay        Time   Description
---------------------------------------------------------------------------------------------
                      0.000000    0.000000    0.000000   clock __VIRTUAL_CLK__ (rise edge)
                                  0.000000    0.000000   clock network delay (ideal)
                                  2.000000    2.000000 v input external delay
    23    0.101027    0.221342    0.163318    2.163318 v op_b[4] (in)
                                                         op_b[4] (net)
                      0.221358    0.000000    2.163318 v _469_/B (sky130_fd_sc_hd__or4_2)
     6    0.020027    0.163426    0.788541    2.951860 v _469_/X (sky130_fd_sc_hd__or4_2)
                                                         _306_ (net)
                      0.163426    0.000043    2.951902 v _472_/A3 (sky130_fd_sc_hd__o41ai_2)
     5    0.016594    0.509999    0.520023    3.471925 ^ _472_/Y (sky130_fd_sc_hd__o41ai_2)
                                                         _338_ (net)
                      0.509999    0.000022    3.471947 ^ _481_/A1 (sky130_fd_sc_hd__a211o_2)
     4    0.012519    0.074548    0.254064    3.726010 ^ _481_/X (sky130_fd_sc_hd__a211o_2)
                                                         _410_ (net)
                      0.074548    0.000060    3.726070 ^ _484_/A2 (sky130_fd_sc_hd__a21o_2)
     4    0.014313    0.085175    0.163953    3.890023 ^ _484_/X (sky130_fd_sc_hd__a21o_2)
                                                         _413_ (net)
                      0.085175    0.000014    3.890036 ^ _493_/A1 (sky130_fd_sc_hd__a211oi_2)
     3    0.008996    0.068050    0.085302    3.975339 v _493_/Y (sky130_fd_sc_hd__a211oi_2)
                                                         _422_ (net)
                      0.068050    0.000057    3.975396 v _503_/D (sky130_fd_sc_hd__or4_2)
     3    0.009237    0.128766    0.583049    4.558445 v _503_/X (sky130_fd_sc_hd__or4_2)
                                                         _432_ (net)
                      0.128766    0.000019    4.558464 v _507_/A3 (sky130_fd_sc_hd__a31o_2)
     2    0.006792    0.048314    0.287105    4.845569 v _507_/X (sky130_fd_sc_hd__a31o_2)
                                                         _436_ (net)
                      0.048314    0.000006    4.845575 v _509_/A2 (sky130_fd_sc_hd__a211o_2)
     3    0.009376    0.065147    0.351640    5.197214 v _509_/X (sky130_fd_sc_hd__a211o_2)
                                                         _438_ (net)
                      0.065147    0.000027    5.197241 v _515_/A1 (sky130_fd_sc_hd__a21oi_2)
     8    0.035760    0.439094    0.389775    5.587017 ^ _515_/Y (sky130_fd_sc_hd__a21oi_2)
                                                         _444_ (net)
                      0.439094    0.000313    5.587329 ^ _524_/S (sky130_fd_sc_hd__mux2_1)
     2    0.006122    0.071329    0.388245    5.975575 v _524_/X (sky130_fd_sc_hd__mux2_1)
                                                         _453_ (net)
                      0.071329    0.000029    5.975604 v _539_/A2 (sky130_fd_sc_hd__a221o_2)
     3    0.011012    0.078329    0.423416    6.399020 v _539_/X (sky130_fd_sc_hd__a221o_2)
                                                         _010_ (net)
                      0.078329    0.000019    6.399039 v _544_/A3 (sky130_fd_sc_hd__a311o_2)
     5    0.014758    0.084824    0.439320    6.838359 v _544_/X (sky130_fd_sc_hd__a311o_2)
                                                         _015_ (net)
                      0.084824    0.000027    6.838386 v _571_/A1 (sky130_fd_sc_hd__a21o_2)
     4    0.013716    0.059080    0.232228    7.070614 v _571_/X (sky130_fd_sc_hd__a21o_2)
                                                         _042_ (net)
                      0.059080    0.000071    7.070685 v _574_/B (sky130_fd_sc_hd__and3_2)
     3    0.008239    0.050487    0.214021    7.284706 v _574_/X (sky130_fd_sc_hd__and3_2)
                                                         _045_ (net)
                      0.050487    0.000020    7.284726 v _585_/A (sky130_fd_sc_hd__or4_2)
     1    0.002281    0.095973    0.647120    7.931846 v _585_/X (sky130_fd_sc_hd__or4_2)
                                                         _056_ (net)
                      0.095973    0.000008    7.931854 v _586_/C (sky130_fd_sc_hd__or4b_2)
     1    0.004669    0.109378    0.629931    8.561785 v _586_/X (sky130_fd_sc_hd__or4b_2)
                                                         _057_ (net)
                      0.109378    0.000008    8.561792 v _590_/A1 (sky130_fd_sc_hd__a311oi_2)
     8    0.035915    0.693847    0.610199    9.171991 ^ _590_/Y (sky130_fd_sc_hd__a311oi_2)
                                                         _061_ (net)
                      0.693847    0.000233    9.172224 ^ _619_/S (sky130_fd_sc_hd__mux2_1)
     5    0.024959    0.149813    0.497296    9.669519 v _619_/X (sky130_fd_sc_hd__mux2_1)
                                                         _090_ (net)
                      0.149813    0.000140    9.669660 v _623_/B1 (sky130_fd_sc_hd__o22a_2)
     2    0.004125    0.041861    0.239407    9.909067 v _623_/X (sky130_fd_sc_hd__o22a_2)
                                                         _094_ (net)
                      0.041861    0.000004    9.909070 v _624_/B (sky130_fd_sc_hd__or4bb_2)
     4    0.012531    0.132293    0.660159   10.569229 v _624_/X (sky130_fd_sc_hd__or4bb_2)
                                                         _095_ (net)
                      0.132293    0.000036   10.569265 v _628_/A1 (sky130_fd_sc_hd__a21oi_2)
    12    0.043887    0.536743    0.483825   11.053090 ^ _628_/Y (sky130_fd_sc_hd__a21oi_2)
                                                         _099_ (net)
                      0.536743    0.000245   11.053335 ^ _665_/S (sky130_fd_sc_hd__mux2_1)
     3    0.009163    0.088594    0.415310   11.468645 v _665_/X (sky130_fd_sc_hd__mux2_1)
                                                         _136_ (net)
                      0.088594    0.000008   11.468653 v _669_/A2 (sky130_fd_sc_hd__a21o_2)
     1    0.002840    0.033455    0.219747   11.688400 v _669_/X (sky130_fd_sc_hd__a21o_2)
                                                         _140_ (net)
                      0.033455    0.000009   11.688409 v _671_/A2 (sky130_fd_sc_hd__o211a_2)
     1    0.002848    0.041367    0.226540   11.914948 v _671_/X (sky130_fd_sc_hd__o211a_2)
                                                         _142_ (net)
                      0.041367    0.000008   11.914956 v _672_/B2 (sky130_fd_sc_hd__o221a_2)
     1    0.002882    0.042580    0.218797   12.133754 v _672_/X (sky130_fd_sc_hd__o221a_2)
                                                         _143_ (net)
                      0.042580    0.000011   12.133764 v _675_/A2 (sky130_fd_sc_hd__o21a_2)
     1    0.002614    0.033503    0.183903   12.317667 v _675_/X (sky130_fd_sc_hd__o21a_2)
                                                         _146_ (net)
                      0.033503    0.000004   12.317672 v _679_/A1 (sky130_fd_sc_hd__o21a_2)
     1    0.005066    0.039514    0.206310   12.523981 v _679_/X (sky130_fd_sc_hd__o21a_2)
                                                         _150_ (net)
                      0.039514    0.000052   12.524034 v _700_/A (sky130_fd_sc_hd__or3_2)
     1    0.035191    0.171463    0.600127   13.124161 v _700_/X (sky130_fd_sc_hd__or3_2)
                                                         op_out[0] (net)
                      0.171463    0.000377   13.124538 v op_out[0] (out)
                                             13.124538   data arrival time

                      0.000000   10.000000   10.000000   clock __VIRTUAL_CLK__ (rise edge)
                                  0.000000   10.000000   clock network delay (ideal)
                                 -0.250000    9.750000   clock uncertainty
                                  0.000000    9.750000   clock reconvergence pessimism
                                 -2.000000    7.750000   output external delay
                                              7.750000   data required time
---------------------------------------------------------------------------------------------
                                              7.750000   data required time
                                            -13.124538   data arrival time
---------------------------------------------------------------------------------------------
                                             -5.374538   slack (VIOLATED)


Startpoint: op_b[4] (input port clocked by __VIRTUAL_CLK__)
Endpoint: op_out[1] (output port clocked by __VIRTUAL_CLK__)
Path Group: __VIRTUAL_CLK__
Path Type: max

Fanout         Cap        Slew       Delay        Time   Description
---------------------------------------------------------------------------------------------
                      0.000000    0.000000    0.000000   clock __VIRTUAL_CLK__ (rise edge)
                                  0.000000    0.000000   clock network delay (ideal)
                                  2.000000    2.000000 v input external delay
    23    0.101027    0.221342    0.163318    2.163318 v op_b[4] (in)
                                                         op_b[4] (net)
                      0.221358    0.000000    2.163318 v _469_/B (sky130_fd_sc_hd__or4_2)
     6    0.020027    0.163426    0.788541    2.951860 v _469_/X (sky130_fd_sc_hd__or4_2)
                                                         _306_ (net)
                      0.163426    0.000043    2.951902 v _472_/A3 (sky130_fd_sc_hd__o41ai_2)
     5    0.016594    0.509999    0.520023    3.471925 ^ _472_/Y (sky130_fd_sc_hd__o41ai_2)
                                                         _338_ (net)
                      0.509999    0.000022    3.471947 ^ _481_/A1 (sky130_fd_sc_hd__a211o_2)
     4    0.012519    0.074548    0.254064    3.726010 ^ _481_/X (sky130_fd_sc_hd__a211o_2)
                                                         _410_ (net)
                      0.074548    0.000060    3.726070 ^ _484_/A2 (sky130_fd_sc_hd__a21o_2)
     4    0.014313    0.085175    0.163953    3.890023 ^ _484_/X (sky130_fd_sc_hd__a21o_2)
                                                         _413_ (net)
                      0.085175    0.000014    3.890036 ^ _493_/A1 (sky130_fd_sc_hd__a211oi_2)
     3    0.008996    0.068050    0.085302    3.975339 v _493_/Y (sky130_fd_sc_hd__a211oi_2)
                                                         _422_ (net)
                      0.068050    0.000057    3.975396 v _503_/D (sky130_fd_sc_hd__or4_2)
     3    0.009237    0.128766    0.583049    4.558445 v _503_/X (sky130_fd_sc_hd__or4_2)
                                                         _432_ (net)
                      0.128766    0.000019    4.558464 v _507_/A3 (sky130_fd_sc_hd__a31o_2)
     2    0.006792    0.048314    0.287105    4.845569 v _507_/X (sky130_fd_sc_hd__a31o_2)
                                                         _436_ (net)
                      0.048314    0.000006    4.845575 v _509_/A2 (sky130_fd_sc_hd__a211o_2)
     3    0.009376    0.065147    0.351640    5.197214 v _509_/X (sky130_fd_sc_hd__a211o_2)
                                                         _438_ (net)
                      0.065147    0.000027    5.197241 v _515_/A1 (sky130_fd_sc_hd__a21oi_2)
     8    0.035760    0.439094    0.389775    5.587017 ^ _515_/Y (sky130_fd_sc_hd__a21oi_2)
                                                         _444_ (net)
                      0.439094    0.000313    5.587329 ^ _524_/S (sky130_fd_sc_hd__mux2_1)
     2    0.006122    0.071329    0.388245    5.975575 v _524_/X (sky130_fd_sc_hd__mux2_1)
                                                         _453_ (net)
                      0.071329    0.000029    5.975604 v _539_/A2 (sky130_fd_sc_hd__a221o_2)
     3    0.011012    0.078329    0.423416    6.399020 v _539_/X (sky130_fd_sc_hd__a221o_2)
                                                         _010_ (net)
                      0.078329    0.000019    6.399039 v _544_/A3 (sky130_fd_sc_hd__a311o_2)
     5    0.014758    0.084824    0.439320    6.838359 v _544_/X (sky130_fd_sc_hd__a311o_2)
                                                         _015_ (net)
                      0.084824    0.000027    6.838386 v _571_/A1 (sky130_fd_sc_hd__a21o_2)
     4    0.013716    0.059080    0.232228    7.070614 v _571_/X (sky130_fd_sc_hd__a21o_2)
                                                         _042_ (net)
                      0.059080    0.000071    7.070685 v _574_/B (sky130_fd_sc_hd__and3_2)
     3    0.008239    0.050487    0.214021    7.284706 v _574_/X (sky130_fd_sc_hd__and3_2)
                                                         _045_ (net)
                      0.050487    0.000020    7.284726 v _585_/A (sky130_fd_sc_hd__or4_2)
     1    0.002281    0.095973    0.647120    7.931846 v _585_/X (sky130_fd_sc_hd__or4_2)
                                                         _056_ (net)
                      0.095973    0.000008    7.931854 v _586_/C (sky130_fd_sc_hd__or4b_2)
     1    0.004669    0.109378    0.629931    8.561785 v _586_/X (sky130_fd_sc_hd__or4b_2)
                                                         _057_ (net)
                      0.109378    0.000008    8.561792 v _590_/A1 (sky130_fd_sc_hd__a311oi_2)
     8    0.035915    0.693847    0.610199    9.171991 ^ _590_/Y (sky130_fd_sc_hd__a311oi_2)
                                                         _061_ (net)
                      0.693847    0.000233    9.172224 ^ _619_/S (sky130_fd_sc_hd__mux2_1)
     5    0.024959    0.149813    0.497296    9.669519 v _619_/X (sky130_fd_sc_hd__mux2_1)
                                                         _090_ (net)
                      0.149813    0.000140    9.669660 v _623_/B1 (sky130_fd_sc_hd__o22a_2)
     2    0.004125    0.041861    0.239407    9.909067 v _623_/X (sky130_fd_sc_hd__o22a_2)
                                                         _094_ (net)
                      0.041861    0.000004    9.909070 v _624_/B (sky130_fd_sc_hd__or4bb_2)
     4    0.012531    0.132293    0.660159   10.569229 v _624_/X (sky130_fd_sc_hd__or4bb_2)
                                                         _095_ (net)
                      0.132293    0.000036   10.569265 v _628_/A1 (sky130_fd_sc_hd__a21oi_2)
    12    0.043887    0.536743    0.483825   11.053090 ^ _628_/Y (sky130_fd_sc_hd__a21oi_2)
                                                         _099_ (net)
                      0.536743    0.000266   11.053356 ^ _717_/A2 (sky130_fd_sc_hd__a22o_2)
     1    0.002449    0.036931    0.234209   11.287565 ^ _717_/X (sky130_fd_sc_hd__a22o_2)
                                                         _187_ (net)
                      0.036931    0.000012   11.287577 ^ _718_/B (sky130_fd_sc_hd__or2_2)
     1    0.034652    0.181847    0.205532   11.493109 ^ _718_/X (sky130_fd_sc_hd__or2_2)
                                                         op_out[1] (net)
                      0.181847    0.000277   11.493386 ^ op_out[1] (out)
                                             11.493386   data arrival time

                      0.000000   10.000000   10.000000   clock __VIRTUAL_CLK__ (rise edge)
                                  0.000000   10.000000   clock network delay (ideal)
                                 -0.250000    9.750000   clock uncertainty
                                  0.000000    9.750000   clock reconvergence pessimism
                                 -2.000000    7.750000   output external delay
                                              7.750000   data required time
---------------------------------------------------------------------------------------------
                                              7.750000   data required time
                                            -11.493386   data arrival time
---------------------------------------------------------------------------------------------
                                             -3.743386   slack (VIOLATED)


Startpoint: op_b[4] (input port clocked by __VIRTUAL_CLK__)
Endpoint: op_out[2] (output port clocked by __VIRTUAL_CLK__)
Path Group: __VIRTUAL_CLK__
Path Type: max

Fanout         Cap        Slew       Delay        Time   Description
---------------------------------------------------------------------------------------------
                      0.000000    0.000000    0.000000   clock __VIRTUAL_CLK__ (rise edge)
                                  0.000000    0.000000   clock network delay (ideal)
                                  2.000000    2.000000 v input external delay
    23    0.101027    0.221342    0.163318    2.163318 v op_b[4] (in)
                                                         op_b[4] (net)
                      0.221358    0.000000    2.163318 v _469_/B (sky130_fd_sc_hd__or4_2)
     6    0.020027    0.163426    0.788541    2.951860 v _469_/X (sky130_fd_sc_hd__or4_2)
                                                         _306_ (net)
                      0.163426    0.000043    2.951902 v _472_/A3 (sky130_fd_sc_hd__o41ai_2)
     5    0.016594    0.509999    0.520023    3.471925 ^ _472_/Y (sky130_fd_sc_hd__o41ai_2)
                                                         _338_ (net)
                      0.509999    0.000022    3.471947 ^ _481_/A1 (sky130_fd_sc_hd__a211o_2)
     4    0.012519    0.074548    0.254064    3.726010 ^ _481_/X (sky130_fd_sc_hd__a211o_2)
                                                         _410_ (net)
                      0.074548    0.000060    3.726070 ^ _484_/A2 (sky130_fd_sc_hd__a21o_2)
     4    0.014313    0.085175    0.163953    3.890023 ^ _484_/X (sky130_fd_sc_hd__a21o_2)
                                                         _413_ (net)
                      0.085175    0.000014    3.890036 ^ _493_/A1 (sky130_fd_sc_hd__a211oi_2)
     3    0.008996    0.068050    0.085302    3.975339 v _493_/Y (sky130_fd_sc_hd__a211oi_2)
                                                         _422_ (net)
                      0.068050    0.000057    3.975396 v _503_/D (sky130_fd_sc_hd__or4_2)
     3    0.009237    0.128766    0.583049    4.558445 v _503_/X (sky130_fd_sc_hd__or4_2)
                                                         _432_ (net)
                      0.128766    0.000019    4.558464 v _507_/A3 (sky130_fd_sc_hd__a31o_2)
     2    0.006792    0.048314    0.287105    4.845569 v _507_/X (sky130_fd_sc_hd__a31o_2)
                                                         _436_ (net)
                      0.048314    0.000006    4.845575 v _509_/A2 (sky130_fd_sc_hd__a211o_2)
     3    0.009376    0.065147    0.351640    5.197214 v _509_/X (sky130_fd_sc_hd__a211o_2)
                                                         _438_ (net)
                      0.065147    0.000027    5.197241 v _515_/A1 (sky130_fd_sc_hd__a21oi_2)
     8    0.035760    0.439094    0.389775    5.587017 ^ _515_/Y (sky130_fd_sc_hd__a21oi_2)
                                                         _444_ (net)
                      0.439094    0.000313    5.587329 ^ _524_/S (sky130_fd_sc_hd__mux2_1)
     2    0.006122    0.071329    0.388245    5.975575 v _524_/X (sky130_fd_sc_hd__mux2_1)
                                                         _453_ (net)
                      0.071329    0.000029    5.975604 v _539_/A2 (sky130_fd_sc_hd__a221o_2)
     3    0.011012    0.078329    0.423416    6.399020 v _539_/X (sky130_fd_sc_hd__a221o_2)
                                                         _010_ (net)
                      0.078329    0.000019    6.399039 v _544_/A3 (sky130_fd_sc_hd__a311o_2)
     5    0.014758    0.084824    0.439320    6.838359 v _544_/X (sky130_fd_sc_hd__a311o_2)
                                                         _015_ (net)
                      0.084824    0.000027    6.838386 v _571_/A1 (sky130_fd_sc_hd__a21o_2)
     4    0.013716    0.059080    0.232228    7.070614 v _571_/X (sky130_fd_sc_hd__a21o_2)
                                                         _042_ (net)
                      0.059080    0.000071    7.070685 v _574_/B (sky130_fd_sc_hd__and3_2)
     3    0.008239    0.050487    0.214021    7.284706 v _574_/X (sky130_fd_sc_hd__and3_2)
                                                         _045_ (net)
                      0.050487    0.000020    7.284726 v _585_/A (sky130_fd_sc_hd__or4_2)
     1    0.002281    0.095973    0.647120    7.931846 v _585_/X (sky130_fd_sc_hd__or4_2)
                                                         _056_ (net)
                      0.095973    0.000008    7.931854 v _586_/C (sky130_fd_sc_hd__or4b_2)
     1    0.004669    0.109378    0.629931    8.561785 v _586_/X (sky130_fd_sc_hd__or4b_2)
                                                         _057_ (net)
                      0.109378    0.000008    8.561792 v _590_/A1 (sky130_fd_sc_hd__a311oi_2)
     8    0.035915    0.693847    0.610199    9.171991 ^ _590_/Y (sky130_fd_sc_hd__a311oi_2)
                                                         _061_ (net)
                      0.693847    0.000421    9.172413 ^ _740_/A2 (sky130_fd_sc_hd__a211o_2)
     1    0.003725    0.042182    0.238094    9.410506 ^ _740_/X (sky130_fd_sc_hd__a211o_2)
                                                         _212_ (net)
                      0.042182    0.000025    9.410531 ^ _741_/B1 (sky130_fd_sc_hd__a21o_2)
     1    0.034725    0.177145    0.187588    9.598119 ^ _741_/X (sky130_fd_sc_hd__a21o_2)
                                                         op_out[2] (net)
                      0.177145    0.000290    9.598410 ^ op_out[2] (out)
                                              9.598410   data arrival time

                      0.000000   10.000000   10.000000   clock __VIRTUAL_CLK__ (rise edge)
                                  0.000000   10.000000   clock network delay (ideal)
                                 -0.250000    9.750000   clock uncertainty
                                  0.000000    9.750000   clock reconvergence pessimism
                                 -2.000000    7.750000   output external delay
                                              7.750000   data required time
---------------------------------------------------------------------------------------------
                                              7.750000   data required time
                                             -9.598410   data arrival time
---------------------------------------------------------------------------------------------
                                             -1.848410   slack (VIOLATED)


Startpoint: op_b[4] (input port clocked by __VIRTUAL_CLK__)
Endpoint: op_out[3] (output port clocked by __VIRTUAL_CLK__)
Path Group: __VIRTUAL_CLK__
Path Type: max

Fanout         Cap        Slew       Delay        Time   Description
---------------------------------------------------------------------------------------------
                      0.000000    0.000000    0.000000   clock __VIRTUAL_CLK__ (rise edge)
                                  0.000000    0.000000   clock network delay (ideal)
                                  2.000000    2.000000 v input external delay
    23    0.101027    0.221342    0.163318    2.163318 v op_b[4] (in)
                                                         op_b[4] (net)
                      0.221358    0.000000    2.163318 v _469_/B (sky130_fd_sc_hd__or4_2)
     6    0.020027    0.163426    0.788541    2.951860 v _469_/X (sky130_fd_sc_hd__or4_2)
                                                         _306_ (net)
                      0.163426    0.000043    2.951902 v _472_/A3 (sky130_fd_sc_hd__o41ai_2)
     5    0.016594    0.509999    0.520023    3.471925 ^ _472_/Y (sky130_fd_sc_hd__o41ai_2)
                                                         _338_ (net)
                      0.509999    0.000022    3.471947 ^ _481_/A1 (sky130_fd_sc_hd__a211o_2)
     4    0.012519    0.074548    0.254064    3.726010 ^ _481_/X (sky130_fd_sc_hd__a211o_2)
                                                         _410_ (net)
                      0.074548    0.000060    3.726070 ^ _484_/A2 (sky130_fd_sc_hd__a21o_2)
     4    0.014313    0.085175    0.163953    3.890023 ^ _484_/X (sky130_fd_sc_hd__a21o_2)
                                                         _413_ (net)
                      0.085175    0.000014    3.890036 ^ _493_/A1 (sky130_fd_sc_hd__a211oi_2)
     3    0.008996    0.068050    0.085302    3.975339 v _493_/Y (sky130_fd_sc_hd__a211oi_2)
                                                         _422_ (net)
                      0.068050    0.000057    3.975396 v _503_/D (sky130_fd_sc_hd__or4_2)
     3    0.009237    0.128766    0.583049    4.558445 v _503_/X (sky130_fd_sc_hd__or4_2)
                                                         _432_ (net)
                      0.128766    0.000019    4.558464 v _507_/A3 (sky130_fd_sc_hd__a31o_2)
     2    0.006792    0.048314    0.287105    4.845569 v _507_/X (sky130_fd_sc_hd__a31o_2)
                                                         _436_ (net)
                      0.048314    0.000006    4.845575 v _509_/A2 (sky130_fd_sc_hd__a211o_2)
     3    0.009376    0.065147    0.351640    5.197214 v _509_/X (sky130_fd_sc_hd__a211o_2)
                                                         _438_ (net)
                      0.065147    0.000027    5.197241 v _515_/A1 (sky130_fd_sc_hd__a21oi_2)
     8    0.035760    0.439094    0.389775    5.587017 ^ _515_/Y (sky130_fd_sc_hd__a21oi_2)
                                                         _444_ (net)
                      0.439094    0.000313    5.587329 ^ _524_/S (sky130_fd_sc_hd__mux2_1)
     2    0.006122    0.071329    0.388245    5.975575 v _524_/X (sky130_fd_sc_hd__mux2_1)
                                                         _453_ (net)
                      0.071329    0.000029    5.975604 v _539_/A2 (sky130_fd_sc_hd__a221o_2)
     3    0.011012    0.078329    0.423416    6.399020 v _539_/X (sky130_fd_sc_hd__a221o_2)
                                                         _010_ (net)
                      0.078329    0.000017    6.399037 v _543_/A3 (sky130_fd_sc_hd__a311oi_2)
     4    0.012168    0.333358    0.374333    6.773370 ^ _543_/Y (sky130_fd_sc_hd__a311oi_2)
                                                         _014_ (net)
                      0.333358    0.000053    6.773424 ^ _548_/A (sky130_fd_sc_hd__nor2_2)
     2    0.012268    0.086101    0.110376    6.883800 v _548_/Y (sky130_fd_sc_hd__nor2_2)
                                                         _019_ (net)
                      0.086101    0.000153    6.883953 v _769_/A2 (sky130_fd_sc_hd__a211o_2)
     1    0.002120    0.043951    0.331132    7.215085 v _769_/X (sky130_fd_sc_hd__a211o_2)
                                                         _243_ (net)
                      0.043951    0.000008    7.215093 v _770_/A_N (sky130_fd_sc_hd__nand2b_2)
     1    0.034671    0.148985    0.268642    7.483736 v _770_/Y (sky130_fd_sc_hd__nand2b_2)
                                                         op_out[3] (net)
                      0.148985    0.000278    7.484014 v op_out[3] (out)
                                              7.484014   data arrival time

                      0.000000   10.000000   10.000000   clock __VIRTUAL_CLK__ (rise edge)
                                  0.000000   10.000000   clock network delay (ideal)
                                 -0.250000    9.750000   clock uncertainty
                                  0.000000    9.750000   clock reconvergence pessimism
                                 -2.000000    7.750000   output external delay
                                              7.750000   data required time
---------------------------------------------------------------------------------------------
                                              7.750000   data required time
                                             -7.484014   data arrival time
---------------------------------------------------------------------------------------------
                                              0.265986   slack (MET)


Startpoint: op_b[4] (input port clocked by __VIRTUAL_CLK__)
Endpoint: op_out[4] (output port clocked by __VIRTUAL_CLK__)
Path Group: __VIRTUAL_CLK__
Path Type: max

Fanout         Cap        Slew       Delay        Time   Description
---------------------------------------------------------------------------------------------
                      0.000000    0.000000    0.000000   clock __VIRTUAL_CLK__ (rise edge)
                                  0.000000    0.000000   clock network delay (ideal)
                                  2.000000    2.000000 v input external delay
    23    0.101027    0.221342    0.163318    2.163318 v op_b[4] (in)
                                                         op_b[4] (net)
                      0.221358    0.000000    2.163318 v _469_/B (sky130_fd_sc_hd__or4_2)
     6    0.020027    0.163426    0.788541    2.951860 v _469_/X (sky130_fd_sc_hd__or4_2)
                                                         _306_ (net)
                      0.163426    0.000043    2.951902 v _472_/A3 (sky130_fd_sc_hd__o41ai_2)
     5    0.016594    0.509999    0.520023    3.471925 ^ _472_/Y (sky130_fd_sc_hd__o41ai_2)
                                                         _338_ (net)
                      0.509999    0.000022    3.471947 ^ _481_/A1 (sky130_fd_sc_hd__a211o_2)
     4    0.012519    0.074548    0.254064    3.726010 ^ _481_/X (sky130_fd_sc_hd__a211o_2)
                                                         _410_ (net)
                      0.074548    0.000060    3.726070 ^ _484_/A2 (sky130_fd_sc_hd__a21o_2)
     4    0.014313    0.085175    0.163953    3.890023 ^ _484_/X (sky130_fd_sc_hd__a21o_2)
                                                         _413_ (net)
                      0.085175    0.000014    3.890036 ^ _493_/A1 (sky130_fd_sc_hd__a211oi_2)
     3    0.008996    0.068050    0.085302    3.975339 v _493_/Y (sky130_fd_sc_hd__a211oi_2)
                                                         _422_ (net)
                      0.068050    0.000057    3.975396 v _503_/D (sky130_fd_sc_hd__or4_2)
     3    0.009237    0.128766    0.583049    4.558445 v _503_/X (sky130_fd_sc_hd__or4_2)
                                                         _432_ (net)
                      0.128766    0.000019    4.558464 v _507_/A3 (sky130_fd_sc_hd__a31o_2)
     2    0.006792    0.048314    0.287105    4.845569 v _507_/X (sky130_fd_sc_hd__a31o_2)
                                                         _436_ (net)
                      0.048314    0.000006    4.845575 v _509_/A2 (sky130_fd_sc_hd__a211o_2)
     3    0.009376    0.065147    0.351640    5.197214 v _509_/X (sky130_fd_sc_hd__a211o_2)
                                                         _438_ (net)
                      0.065147    0.000027    5.197241 v _515_/A1 (sky130_fd_sc_hd__a21oi_2)
     8    0.035760    0.439094    0.389775    5.587017 ^ _515_/Y (sky130_fd_sc_hd__a21oi_2)
                                                         _444_ (net)
                      0.439094    0.000419    5.587436 ^ _797_/A2 (sky130_fd_sc_hd__a211oi_2)
     1    0.004838    0.094559    0.138392    5.725828 v _797_/Y (sky130_fd_sc_hd__a211oi_2)
                                                         _272_ (net)
                      0.094559    0.000017    5.725845 v _798_/B1 (sky130_fd_sc_hd__o31ai_2)
     1    0.035759    0.700155    0.199628    5.925473 ^ _798_/Y (sky130_fd_sc_hd__o31ai_2)
                                                         op_out[4] (net)
                      0.700155    0.000530    5.926003 ^ op_out[4] (out)
                                              5.926003   data arrival time

                      0.000000   10.000000   10.000000   clock __VIRTUAL_CLK__ (rise edge)
                                  0.000000   10.000000   clock network delay (ideal)
                                 -0.250000    9.750000   clock uncertainty
                                  0.000000    9.750000   clock reconvergence pessimism
                                 -2.000000    7.750000   output external delay
                                              7.750000   data required time
---------------------------------------------------------------------------------------------
                                              7.750000   data required time
                                             -5.926003   data arrival time
---------------------------------------------------------------------------------------------
                                              1.823997   slack (MET)


Startpoint: op_b[0] (input port clocked by __VIRTUAL_CLK__)
Endpoint: op_out[7] (output port clocked by __VIRTUAL_CLK__)
Path Group: __VIRTUAL_CLK__
Path Type: max

Fanout         Cap        Slew       Delay        Time   Description
---------------------------------------------------------------------------------------------
                      0.000000    0.000000    0.000000   clock __VIRTUAL_CLK__ (rise edge)
                                  0.000000    0.000000   clock network delay (ideal)
                                  2.000000    2.000000 v input external delay
    22    0.089599    0.197130    0.143914    2.143914 v op_b[0] (in)
                                                         op_b[0] (net)
                      0.197152    0.000000    2.143914 v _488_/A (sky130_fd_sc_hd__and2_2)
     4    0.011617    0.056458    0.260287    2.404201 v _488_/X (sky130_fd_sc_hd__and2_2)
                                                         _417_ (net)
                      0.056458    0.000040    2.404241 v _861_/C (sky130_fd_sc_hd__and3_2)
     2    0.003013    0.038789    0.207131    2.611372 v _861_/X (sky130_fd_sc_hd__and3_2)
                                                         _341_ (net)
                      0.038789    0.000002    2.611374 v _863_/A (sky130_fd_sc_hd__or2_2)
     1    0.008124    0.071841    0.310247    2.921621 v _863_/X (sky130_fd_sc_hd__or2_2)
                                                         _343_ (net)
                      0.071841    0.000011    2.921632 v _864_/B (sky130_fd_sc_hd__xor2_2)
     2    0.007143    0.055661    0.158044    3.079676 v _864_/X (sky130_fd_sc_hd__xor2_2)
                                                         _344_ (net)
                      0.055661    0.000021    3.079697 v _866_/B1 (sky130_fd_sc_hd__o21a_2)
     2    0.006397    0.042223    0.125324    3.205020 v _866_/X (sky130_fd_sc_hd__o21a_2)
                                                         _346_ (net)
                      0.042223    0.000012    3.205032 v _867_/B (sky130_fd_sc_hd__or2_2)
     2    0.012765    0.082524    0.310907    3.515939 v _867_/X (sky130_fd_sc_hd__or2_2)
                                                         _347_ (net)
                      0.082524    0.000040    3.515979 v _869_/B (sky130_fd_sc_hd__xor2_2)
     2    0.006249    0.068569    0.159358    3.675337 v _869_/X (sky130_fd_sc_hd__xor2_2)
                                                         _350_ (net)
                      0.068569    0.000022    3.675359 v _870_/C (sky130_fd_sc_hd__and3_2)
     2    0.006757    0.047116    0.227267    3.902626 v _870_/X (sky130_fd_sc_hd__and3_2)
                                                         _351_ (net)
                      0.047116    0.000023    3.902649 v _873_/B (sky130_fd_sc_hd__or3_2)
     3    0.008062    0.093375    0.472947    4.375596 v _873_/X (sky130_fd_sc_hd__or3_2)
                                                         _354_ (net)
                      0.093375    0.000024    4.375620 v _875_/C (sky130_fd_sc_hd__and3_2)
     1    0.008190    0.052199    0.243357    4.618978 v _875_/X (sky130_fd_sc_hd__and3_2)
                                                         _356_ (net)
                      0.052199    0.000004    4.618981 v _893_/B (sky130_fd_sc_hd__xnor2_2)
     1    0.008458    0.065728    0.142226    4.761207 v _893_/Y (sky130_fd_sc_hd__xnor2_2)
                                                         _375_ (net)
                      0.065728    0.000006    4.761213 v _916_/A (sky130_fd_sc_hd__xnor2_2)
     2    0.006938    0.063184    0.148000    4.909213 v _916_/Y (sky130_fd_sc_hd__xnor2_2)
                                                         _400_ (net)
                      0.063184    0.000055    4.909267 v _917_/B (sky130_fd_sc_hd__or2_2)
     1    0.002475    0.053499    0.270729    5.179996 v _917_/X (sky130_fd_sc_hd__or2_2)
                                                         _401_ (net)
                      0.053499    0.000004    5.180000 v _923_/A2 (sky130_fd_sc_hd__a311o_2)
     1    0.034719    0.131869    0.462927    5.642926 v _923_/X (sky130_fd_sc_hd__a311o_2)
                                                         op_out[7] (net)
                      0.131869    0.000203    5.643129 v op_out[7] (out)
                                              5.643129   data arrival time

                      0.000000   10.000000   10.000000   clock __VIRTUAL_CLK__ (rise edge)
                                  0.000000   10.000000   clock network delay (ideal)
                                 -0.250000    9.750000   clock uncertainty
                                  0.000000    9.750000   clock reconvergence pessimism
                                 -2.000000    7.750000   output external delay
                                              7.750000   data required time
---------------------------------------------------------------------------------------------
                                              7.750000   data required time
                                             -5.643129   data arrival time
---------------------------------------------------------------------------------------------
                                              2.106871   slack (MET)


Startpoint: op_b[0] (input port clocked by __VIRTUAL_CLK__)
Endpoint: op_out[5] (output port clocked by __VIRTUAL_CLK__)
Path Group: __VIRTUAL_CLK__
Path Type: max

Fanout         Cap        Slew       Delay        Time   Description
---------------------------------------------------------------------------------------------
                      0.000000    0.000000    0.000000   clock __VIRTUAL_CLK__ (rise edge)
                                  0.000000    0.000000   clock network delay (ideal)
                                  2.000000    2.000000 ^ input external delay
    22    0.094538    0.427902    0.295827    2.295827 ^ op_b[0] (in)
                                                         op_b[0] (net)
                      0.427926    0.000000    2.295827 ^ _458_/A (sky130_fd_sc_hd__inv_2)
    13    0.048518    0.167954    0.216375    2.512202 v _458_/Y (sky130_fd_sc_hd__inv_2)
                                                         _188_ (net)
                      0.167954    0.000176    2.512378 v _536_/A (sky130_fd_sc_hd__nor2_2)
     4    0.014549    0.179103    0.227739    2.740117 ^ _536_/Y (sky130_fd_sc_hd__nor2_2)
                                                         _007_ (net)
                      0.179103    0.000140    2.740258 ^ _780_/C (sky130_fd_sc_hd__and3_2)
     2    0.010213    0.083543    0.232759    2.973016 ^ _780_/X (sky130_fd_sc_hd__and3_2)
                                                         _254_ (net)
                      0.083543    0.000030    2.973046 ^ _781_/B1 (sky130_fd_sc_hd__a21oi_2)
     2    0.014613    0.068585    0.061552    3.034598 v _781_/Y (sky130_fd_sc_hd__a21oi_2)
                                                         _255_ (net)
                      0.068585    0.000015    3.034613 v _805_/A3 (sky130_fd_sc_hd__a31oi_2)
     2    0.011949    0.225451    0.254900    3.289512 ^ _805_/Y (sky130_fd_sc_hd__a31oi_2)
                                                         _280_ (net)
                      0.225451    0.000052    3.289565 ^ _813_/A (sky130_fd_sc_hd__xnor2_2)
     2    0.006214    0.066099    0.107585    3.397149 v _813_/Y (sky130_fd_sc_hd__xnor2_2)
                                                         _289_ (net)
                      0.066099    0.000024    3.397173 v _814_/B (sky130_fd_sc_hd__or2_2)
     1    0.004432    0.061222    0.283896    3.681069 v _814_/X (sky130_fd_sc_hd__or2_2)
                                                         _290_ (net)
                      0.061222    0.000003    3.681072 v _816_/A (sky130_fd_sc_hd__nand2_2)
     2    0.007803    0.059397    0.072128    3.753201 ^ _816_/Y (sky130_fd_sc_hd__nand2_2)
                                                         _292_ (net)
                      0.059397    0.000064    3.753264 ^ _817_/C (sky130_fd_sc_hd__and3_2)
     1    0.004692    0.052664    0.180316    3.933580 ^ _817_/X (sky130_fd_sc_hd__and3_2)
                                                         _293_ (net)
                      0.052664    0.000002    3.933582 ^ _819_/A (sky130_fd_sc_hd__nor2_2)
     2    0.010613    0.047956    0.051098    3.984680 v _819_/Y (sky130_fd_sc_hd__nor2_2)
                                                         _296_ (net)
                      0.047956    0.000011    3.984691 v _820_/B (sky130_fd_sc_hd__xnor2_2)
     2    0.007027    0.149111    0.145065    4.129756 ^ _820_/Y (sky130_fd_sc_hd__xnor2_2)
                                                         _297_ (net)
                      0.149111    0.000036    4.129792 ^ _821_/B (sky130_fd_sc_hd__or2_2)
     3    0.018777    0.106955    0.188938    4.318730 ^ _821_/X (sky130_fd_sc_hd__or2_2)
                                                         _298_ (net)
                      0.106955    0.000003    4.318734 ^ _824_/A (sky130_fd_sc_hd__nand2_2)
     3    0.011690    0.062556    0.082408    4.401142 v _824_/Y (sky130_fd_sc_hd__nand2_2)
                                                         _301_ (net)
                      0.062556    0.000036    4.401177 v _827_/A2 (sky130_fd_sc_hd__o21a_2)
     1    0.002505    0.033117    0.190990    4.592168 v _827_/X (sky130_fd_sc_hd__o21a_2)
                                                         _304_ (net)
                      0.033117    0.000004    4.592172 v _840_/B2 (sky130_fd_sc_hd__a221o_2)
     1    0.004154    0.057564    0.351705    4.943877 v _840_/X (sky130_fd_sc_hd__a221o_2)
                                                         _319_ (net)
                      0.057564    0.000032    4.943909 v _842_/B (sky130_fd_sc_hd__or3_2)
     1    0.036130    0.166546    0.584156    5.528064 v _842_/X (sky130_fd_sc_hd__or3_2)
                                                         op_out[5] (net)
                      0.166546    0.000637    5.528701 v op_out[5] (out)
                                              5.528701   data arrival time

                      0.000000   10.000000   10.000000   clock __VIRTUAL_CLK__ (rise edge)
                                  0.000000   10.000000   clock network delay (ideal)
                                 -0.250000    9.750000   clock uncertainty
                                  0.000000    9.750000   clock reconvergence pessimism
                                 -2.000000    7.750000   output external delay
                                              7.750000   data required time
---------------------------------------------------------------------------------------------
                                              7.750000   data required time
                                             -5.528701   data arrival time
---------------------------------------------------------------------------------------------
                                              2.221299   slack (MET)


Startpoint: op_b[0] (input port clocked by __VIRTUAL_CLK__)
Endpoint: op_out[6] (output port clocked by __VIRTUAL_CLK__)
Path Group: __VIRTUAL_CLK__
Path Type: max

Fanout         Cap        Slew       Delay        Time   Description
---------------------------------------------------------------------------------------------
                      0.000000    0.000000    0.000000   clock __VIRTUAL_CLK__ (rise edge)
                                  0.000000    0.000000   clock network delay (ideal)
                                  2.000000    2.000000 v input external delay
    22    0.089599    0.197130    0.143914    2.143914 v op_b[0] (in)
                                                         op_b[0] (net)
                      0.197152    0.000000    2.143914 v _488_/A (sky130_fd_sc_hd__and2_2)
     4    0.011617    0.056458    0.260287    2.404201 v _488_/X (sky130_fd_sc_hd__and2_2)
                                                         _417_ (net)
                      0.056458    0.000040    2.404241 v _861_/C (sky130_fd_sc_hd__and3_2)
     2    0.003013    0.038789    0.207131    2.611372 v _861_/X (sky130_fd_sc_hd__and3_2)
                                                         _341_ (net)
                      0.038789    0.000002    2.611374 v _863_/A (sky130_fd_sc_hd__or2_2)
     1    0.008124    0.071841    0.310247    2.921621 v _863_/X (sky130_fd_sc_hd__or2_2)
                                                         _343_ (net)
                      0.071841    0.000011    2.921632 v _864_/B (sky130_fd_sc_hd__xor2_2)
     2    0.007143    0.055661    0.158044    3.079676 v _864_/X (sky130_fd_sc_hd__xor2_2)
                                                         _344_ (net)
                      0.055661    0.000021    3.079697 v _866_/B1 (sky130_fd_sc_hd__o21a_2)
     2    0.006397    0.042223    0.125324    3.205020 v _866_/X (sky130_fd_sc_hd__o21a_2)
                                                         _346_ (net)
                      0.042223    0.000012    3.205032 v _867_/B (sky130_fd_sc_hd__or2_2)
     2    0.012765    0.082524    0.310907    3.515939 v _867_/X (sky130_fd_sc_hd__or2_2)
                                                         _347_ (net)
                      0.082524    0.000040    3.515979 v _869_/B (sky130_fd_sc_hd__xor2_2)
     2    0.006249    0.068569    0.159358    3.675337 v _869_/X (sky130_fd_sc_hd__xor2_2)
                                                         _350_ (net)
                      0.068569    0.000022    3.675359 v _870_/C (sky130_fd_sc_hd__and3_2)
     2    0.006757    0.047116    0.227267    3.902626 v _870_/X (sky130_fd_sc_hd__and3_2)
                                                         _351_ (net)
                      0.047116    0.000023    3.902649 v _873_/B (sky130_fd_sc_hd__or3_2)
     3    0.008062    0.093375    0.472947    4.375596 v _873_/X (sky130_fd_sc_hd__or3_2)
                                                         _354_ (net)
                      0.093375    0.000026    4.375622 v _874_/B (sky130_fd_sc_hd__nand2_2)
     1    0.008883    0.066720    0.100177    4.475799 ^ _874_/Y (sky130_fd_sc_hd__nand2_2)
                                                         _355_ (net)
                      0.066720    0.000024    4.475823 ^ _876_/B (sky130_fd_sc_hd__xnor2_2)
     2    0.013574    0.083004    0.090958    4.566781 v _876_/Y (sky130_fd_sc_hd__xnor2_2)
                                                         _357_ (net)
                      0.083004    0.000096    4.566877 v _877_/B (sky130_fd_sc_hd__xnor2_2)
     2    0.005816    0.057897    0.146284    4.713161 v _877_/Y (sky130_fd_sc_hd__xnor2_2)
                                                         _358_ (net)
                      0.057897    0.000007    4.713169 v _878_/B (sky130_fd_sc_hd__or2_2)
     1    0.002303    0.052734    0.267612    4.980781 v _878_/X (sky130_fd_sc_hd__or2_2)
                                                         _359_ (net)
                      0.052734    0.000000    4.980781 v _885_/A2 (sky130_fd_sc_hd__a31o_2)
     1    0.034579    0.105528    0.313038    5.293819 v _885_/X (sky130_fd_sc_hd__a31o_2)
                                                         op_out[6] (net)
                      0.105528    0.000175    5.293995 v op_out[6] (out)
                                              5.293995   data arrival time

                      0.000000   10.000000   10.000000   clock __VIRTUAL_CLK__ (rise edge)
                                  0.000000   10.000000   clock network delay (ideal)
                                 -0.250000    9.750000   clock uncertainty
                                  0.000000    9.750000   clock reconvergence pessimism
                                 -2.000000    7.750000   output external delay
                                              7.750000   data required time
---------------------------------------------------------------------------------------------
                                              7.750000   data required time
                                             -5.293995   data arrival time
---------------------------------------------------------------------------------------------
                                              2.456005   slack (MET)



%OL_END_REPORT
%OL_CREATE_REPORT checks.rpt

===========================================================================
report_checks -unconstrained
===========================================================================
======================= nom_tt_025C_1v80 Corner ===================================

Startpoint: op_b[4] (input port clocked by __VIRTUAL_CLK__)
Endpoint: op_out[0] (output port clocked by __VIRTUAL_CLK__)
Path Group: __VIRTUAL_CLK__
Path Type: max

Fanout         Cap        Slew       Delay        Time   Description
---------------------------------------------------------------------------------------------
                      0.000000    0.000000    0.000000   clock __VIRTUAL_CLK__ (rise edge)
                                  0.000000    0.000000   clock network delay (ideal)
                                  2.000000    2.000000 v input external delay
    23    0.101027    0.221342    0.163318    2.163318 v op_b[4] (in)
                                                         op_b[4] (net)
                      0.221358    0.000000    2.163318 v _469_/B (sky130_fd_sc_hd__or4_2)
     6    0.020027    0.163426    0.788541    2.951860 v _469_/X (sky130_fd_sc_hd__or4_2)
                                                         _306_ (net)
                      0.163426    0.000043    2.951902 v _472_/A3 (sky130_fd_sc_hd__o41ai_2)
     5    0.016594    0.509999    0.520023    3.471925 ^ _472_/Y (sky130_fd_sc_hd__o41ai_2)
                                                         _338_ (net)
                      0.509999    0.000022    3.471947 ^ _481_/A1 (sky130_fd_sc_hd__a211o_2)
     4    0.012519    0.074548    0.254064    3.726010 ^ _481_/X (sky130_fd_sc_hd__a211o_2)
                                                         _410_ (net)
                      0.074548    0.000060    3.726070 ^ _484_/A2 (sky130_fd_sc_hd__a21o_2)
     4    0.014313    0.085175    0.163953    3.890023 ^ _484_/X (sky130_fd_sc_hd__a21o_2)
                                                         _413_ (net)
                      0.085175    0.000014    3.890036 ^ _493_/A1 (sky130_fd_sc_hd__a211oi_2)
     3    0.008996    0.068050    0.085302    3.975339 v _493_/Y (sky130_fd_sc_hd__a211oi_2)
                                                         _422_ (net)
                      0.068050    0.000057    3.975396 v _503_/D (sky130_fd_sc_hd__or4_2)
     3    0.009237    0.128766    0.583049    4.558445 v _503_/X (sky130_fd_sc_hd__or4_2)
                                                         _432_ (net)
                      0.128766    0.000019    4.558464 v _507_/A3 (sky130_fd_sc_hd__a31o_2)
     2    0.006792    0.048314    0.287105    4.845569 v _507_/X (sky130_fd_sc_hd__a31o_2)
                                                         _436_ (net)
                      0.048314    0.000006    4.845575 v _509_/A2 (sky130_fd_sc_hd__a211o_2)
     3    0.009376    0.065147    0.351640    5.197214 v _509_/X (sky130_fd_sc_hd__a211o_2)
                                                         _438_ (net)
                      0.065147    0.000027    5.197241 v _515_/A1 (sky130_fd_sc_hd__a21oi_2)
     8    0.035760    0.439094    0.389775    5.587017 ^ _515_/Y (sky130_fd_sc_hd__a21oi_2)
                                                         _444_ (net)
                      0.439094    0.000313    5.587329 ^ _524_/S (sky130_fd_sc_hd__mux2_1)
     2    0.006122    0.071329    0.388245    5.975575 v _524_/X (sky130_fd_sc_hd__mux2_1)
                                                         _453_ (net)
                      0.071329    0.000029    5.975604 v _539_/A2 (sky130_fd_sc_hd__a221o_2)
     3    0.011012    0.078329    0.423416    6.399020 v _539_/X (sky130_fd_sc_hd__a221o_2)
                                                         _010_ (net)
                      0.078329    0.000019    6.399039 v _544_/A3 (sky130_fd_sc_hd__a311o_2)
     5    0.014758    0.084824    0.439320    6.838359 v _544_/X (sky130_fd_sc_hd__a311o_2)
                                                         _015_ (net)
                      0.084824    0.000027    6.838386 v _571_/A1 (sky130_fd_sc_hd__a21o_2)
     4    0.013716    0.059080    0.232228    7.070614 v _571_/X (sky130_fd_sc_hd__a21o_2)
                                                         _042_ (net)
                      0.059080    0.000071    7.070685 v _574_/B (sky130_fd_sc_hd__and3_2)
     3    0.008239    0.050487    0.214021    7.284706 v _574_/X (sky130_fd_sc_hd__and3_2)
                                                         _045_ (net)
                      0.050487    0.000020    7.284726 v _585_/A (sky130_fd_sc_hd__or4_2)
     1    0.002281    0.095973    0.647120    7.931846 v _585_/X (sky130_fd_sc_hd__or4_2)
                                                         _056_ (net)
                      0.095973    0.000008    7.931854 v _586_/C (sky130_fd_sc_hd__or4b_2)
     1    0.004669    0.109378    0.629931    8.561785 v _586_/X (sky130_fd_sc_hd__or4b_2)
                                                         _057_ (net)
                      0.109378    0.000008    8.561792 v _590_/A1 (sky130_fd_sc_hd__a311oi_2)
     8    0.035915    0.693847    0.610199    9.171991 ^ _590_/Y (sky130_fd_sc_hd__a311oi_2)
                                                         _061_ (net)
                      0.693847    0.000233    9.172224 ^ _619_/S (sky130_fd_sc_hd__mux2_1)
     5    0.024959    0.149813    0.497296    9.669519 v _619_/X (sky130_fd_sc_hd__mux2_1)
                                                         _090_ (net)
                      0.149813    0.000140    9.669660 v _623_/B1 (sky130_fd_sc_hd__o22a_2)
     2    0.004125    0.041861    0.239407    9.909067 v _623_/X (sky130_fd_sc_hd__o22a_2)
                                                         _094_ (net)
                      0.041861    0.000004    9.909070 v _624_/B (sky130_fd_sc_hd__or4bb_2)
     4    0.012531    0.132293    0.660159   10.569229 v _624_/X (sky130_fd_sc_hd__or4bb_2)
                                                         _095_ (net)
                      0.132293    0.000036   10.569265 v _628_/A1 (sky130_fd_sc_hd__a21oi_2)
    12    0.043887    0.536743    0.483825   11.053090 ^ _628_/Y (sky130_fd_sc_hd__a21oi_2)
                                                         _099_ (net)
                      0.536743    0.000245   11.053335 ^ _665_/S (sky130_fd_sc_hd__mux2_1)
     3    0.009163    0.088594    0.415310   11.468645 v _665_/X (sky130_fd_sc_hd__mux2_1)
                                                         _136_ (net)
                      0.088594    0.000008   11.468653 v _669_/A2 (sky130_fd_sc_hd__a21o_2)
     1    0.002840    0.033455    0.219747   11.688400 v _669_/X (sky130_fd_sc_hd__a21o_2)
                                                         _140_ (net)
                      0.033455    0.000009   11.688409 v _671_/A2 (sky130_fd_sc_hd__o211a_2)
     1    0.002848    0.041367    0.226540   11.914948 v _671_/X (sky130_fd_sc_hd__o211a_2)
                                                         _142_ (net)
                      0.041367    0.000008   11.914956 v _672_/B2 (sky130_fd_sc_hd__o221a_2)
     1    0.002882    0.042580    0.218797   12.133754 v _672_/X (sky130_fd_sc_hd__o221a_2)
                                                         _143_ (net)
                      0.042580    0.000011   12.133764 v _675_/A2 (sky130_fd_sc_hd__o21a_2)
     1    0.002614    0.033503    0.183903   12.317667 v _675_/X (sky130_fd_sc_hd__o21a_2)
                                                         _146_ (net)
                      0.033503    0.000004   12.317672 v _679_/A1 (sky130_fd_sc_hd__o21a_2)
     1    0.005066    0.039514    0.206310   12.523981 v _679_/X (sky130_fd_sc_hd__o21a_2)
                                                         _150_ (net)
                      0.039514    0.000052   12.524034 v _700_/A (sky130_fd_sc_hd__or3_2)
     1    0.035191    0.171463    0.600127   13.124161 v _700_/X (sky130_fd_sc_hd__or3_2)
                                                         op_out[0] (net)
                      0.171463    0.000377   13.124538 v op_out[0] (out)
                                             13.124538   data arrival time

                      0.000000   10.000000   10.000000   clock __VIRTUAL_CLK__ (rise edge)
                                  0.000000   10.000000   clock network delay (ideal)
                                 -0.250000    9.750000   clock uncertainty
                                  0.000000    9.750000   clock reconvergence pessimism
                                 -2.000000    7.750000   output external delay
                                              7.750000   data required time
---------------------------------------------------------------------------------------------
                                              7.750000   data required time
                                            -13.124538   data arrival time
---------------------------------------------------------------------------------------------
                                             -5.374538   slack (VIOLATED)




===========================================================================
report_checks --slack_max -0.01
============================================================================
======================= nom_tt_025C_1v80 Corner ===================================

Startpoint: op_b[4] (input port clocked by __VIRTUAL_CLK__)
Endpoint: op_out[0] (output port clocked by __VIRTUAL_CLK__)
Path Group: __VIRTUAL_CLK__
Path Type: max

Fanout         Cap        Slew       Delay        Time   Description
---------------------------------------------------------------------------------------------
                      0.000000    0.000000    0.000000   clock __VIRTUAL_CLK__ (rise edge)
                                  0.000000    0.000000   clock network delay (ideal)
                                  2.000000    2.000000 v input external delay
    23    0.101027    0.221342    0.163318    2.163318 v op_b[4] (in)
                                                         op_b[4] (net)
                      0.221358    0.000000    2.163318 v _469_/B (sky130_fd_sc_hd__or4_2)
     6    0.020027    0.163426    0.788541    2.951860 v _469_/X (sky130_fd_sc_hd__or4_2)
                                                         _306_ (net)
                      0.163426    0.000043    2.951902 v _472_/A3 (sky130_fd_sc_hd__o41ai_2)
     5    0.016594    0.509999    0.520023    3.471925 ^ _472_/Y (sky130_fd_sc_hd__o41ai_2)
                                                         _338_ (net)
                      0.509999    0.000022    3.471947 ^ _481_/A1 (sky130_fd_sc_hd__a211o_2)
     4    0.012519    0.074548    0.254064    3.726010 ^ _481_/X (sky130_fd_sc_hd__a211o_2)
                                                         _410_ (net)
                      0.074548    0.000060    3.726070 ^ _484_/A2 (sky130_fd_sc_hd__a21o_2)
     4    0.014313    0.085175    0.163953    3.890023 ^ _484_/X (sky130_fd_sc_hd__a21o_2)
                                                         _413_ (net)
                      0.085175    0.000014    3.890036 ^ _493_/A1 (sky130_fd_sc_hd__a211oi_2)
     3    0.008996    0.068050    0.085302    3.975339 v _493_/Y (sky130_fd_sc_hd__a211oi_2)
                                                         _422_ (net)
                      0.068050    0.000057    3.975396 v _503_/D (sky130_fd_sc_hd__or4_2)
     3    0.009237    0.128766    0.583049    4.558445 v _503_/X (sky130_fd_sc_hd__or4_2)
                                                         _432_ (net)
                      0.128766    0.000019    4.558464 v _507_/A3 (sky130_fd_sc_hd__a31o_2)
     2    0.006792    0.048314    0.287105    4.845569 v _507_/X (sky130_fd_sc_hd__a31o_2)
                                                         _436_ (net)
                      0.048314    0.000006    4.845575 v _509_/A2 (sky130_fd_sc_hd__a211o_2)
     3    0.009376    0.065147    0.351640    5.197214 v _509_/X (sky130_fd_sc_hd__a211o_2)
                                                         _438_ (net)
                      0.065147    0.000027    5.197241 v _515_/A1 (sky130_fd_sc_hd__a21oi_2)
     8    0.035760    0.439094    0.389775    5.587017 ^ _515_/Y (sky130_fd_sc_hd__a21oi_2)
                                                         _444_ (net)
                      0.439094    0.000313    5.587329 ^ _524_/S (sky130_fd_sc_hd__mux2_1)
     2    0.006122    0.071329    0.388245    5.975575 v _524_/X (sky130_fd_sc_hd__mux2_1)
                                                         _453_ (net)
                      0.071329    0.000029    5.975604 v _539_/A2 (sky130_fd_sc_hd__a221o_2)
     3    0.011012    0.078329    0.423416    6.399020 v _539_/X (sky130_fd_sc_hd__a221o_2)
                                                         _010_ (net)
                      0.078329    0.000019    6.399039 v _544_/A3 (sky130_fd_sc_hd__a311o_2)
     5    0.014758    0.084824    0.439320    6.838359 v _544_/X (sky130_fd_sc_hd__a311o_2)
                                                         _015_ (net)
                      0.084824    0.000027    6.838386 v _571_/A1 (sky130_fd_sc_hd__a21o_2)
     4    0.013716    0.059080    0.232228    7.070614 v _571_/X (sky130_fd_sc_hd__a21o_2)
                                                         _042_ (net)
                      0.059080    0.000071    7.070685 v _574_/B (sky130_fd_sc_hd__and3_2)
     3    0.008239    0.050487    0.214021    7.284706 v _574_/X (sky130_fd_sc_hd__and3_2)
                                                         _045_ (net)
                      0.050487    0.000020    7.284726 v _585_/A (sky130_fd_sc_hd__or4_2)
     1    0.002281    0.095973    0.647120    7.931846 v _585_/X (sky130_fd_sc_hd__or4_2)
                                                         _056_ (net)
                      0.095973    0.000008    7.931854 v _586_/C (sky130_fd_sc_hd__or4b_2)
     1    0.004669    0.109378    0.629931    8.561785 v _586_/X (sky130_fd_sc_hd__or4b_2)
                                                         _057_ (net)
                      0.109378    0.000008    8.561792 v _590_/A1 (sky130_fd_sc_hd__a311oi_2)
     8    0.035915    0.693847    0.610199    9.171991 ^ _590_/Y (sky130_fd_sc_hd__a311oi_2)
                                                         _061_ (net)
                      0.693847    0.000233    9.172224 ^ _619_/S (sky130_fd_sc_hd__mux2_1)
     5    0.024959    0.149813    0.497296    9.669519 v _619_/X (sky130_fd_sc_hd__mux2_1)
                                                         _090_ (net)
                      0.149813    0.000140    9.669660 v _623_/B1 (sky130_fd_sc_hd__o22a_2)
     2    0.004125    0.041861    0.239407    9.909067 v _623_/X (sky130_fd_sc_hd__o22a_2)
                                                         _094_ (net)
                      0.041861    0.000004    9.909070 v _624_/B (sky130_fd_sc_hd__or4bb_2)
     4    0.012531    0.132293    0.660159   10.569229 v _624_/X (sky130_fd_sc_hd__or4bb_2)
                                                         _095_ (net)
                      0.132293    0.000036   10.569265 v _628_/A1 (sky130_fd_sc_hd__a21oi_2)
    12    0.043887    0.536743    0.483825   11.053090 ^ _628_/Y (sky130_fd_sc_hd__a21oi_2)
                                                         _099_ (net)
                      0.536743    0.000245   11.053335 ^ _665_/S (sky130_fd_sc_hd__mux2_1)
     3    0.009163    0.088594    0.415310   11.468645 v _665_/X (sky130_fd_sc_hd__mux2_1)
                                                         _136_ (net)
                      0.088594    0.000008   11.468653 v _669_/A2 (sky130_fd_sc_hd__a21o_2)
     1    0.002840    0.033455    0.219747   11.688400 v _669_/X (sky130_fd_sc_hd__a21o_2)
                                                         _140_ (net)
                      0.033455    0.000009   11.688409 v _671_/A2 (sky130_fd_sc_hd__o211a_2)
     1    0.002848    0.041367    0.226540   11.914948 v _671_/X (sky130_fd_sc_hd__o211a_2)
                                                         _142_ (net)
                      0.041367    0.000008   11.914956 v _672_/B2 (sky130_fd_sc_hd__o221a_2)
     1    0.002882    0.042580    0.218797   12.133754 v _672_/X (sky130_fd_sc_hd__o221a_2)
                                                         _143_ (net)
                      0.042580    0.000011   12.133764 v _675_/A2 (sky130_fd_sc_hd__o21a_2)
     1    0.002614    0.033503    0.183903   12.317667 v _675_/X (sky130_fd_sc_hd__o21a_2)
                                                         _146_ (net)
                      0.033503    0.000004   12.317672 v _679_/A1 (sky130_fd_sc_hd__o21a_2)
     1    0.005066    0.039514    0.206310   12.523981 v _679_/X (sky130_fd_sc_hd__o21a_2)
                                                         _150_ (net)
                      0.039514    0.000052   12.524034 v _700_/A (sky130_fd_sc_hd__or3_2)
     1    0.035191    0.171463    0.600127   13.124161 v _700_/X (sky130_fd_sc_hd__or3_2)
                                                         op_out[0] (net)
                      0.171463    0.000377   13.124538 v op_out[0] (out)
                                             13.124538   data arrival time

                      0.000000   10.000000   10.000000   clock __VIRTUAL_CLK__ (rise edge)
                                  0.000000   10.000000   clock network delay (ideal)
                                 -0.250000    9.750000   clock uncertainty
                                  0.000000    9.750000   clock reconvergence pessimism
                                 -2.000000    7.750000   output external delay
                                              7.750000   data required time
---------------------------------------------------------------------------------------------
                                              7.750000   data required time
                                            -13.124538   data arrival time
---------------------------------------------------------------------------------------------
                                             -5.374538   slack (VIOLATED)




===========================================================================
 report_check_types -max_slew -max_cap -max_fanout -violators
============================================================================
======================= nom_tt_025C_1v80 Corner ===================================

max fanout

Pin                                   Limit Fanout  Slack
---------------------------------------------------------
op_b[1]                                  10     27    -17 (VIOLATED)
op_b[2]                                  10     23    -13 (VIOLATED)
op_b[4]                                  10     23    -13 (VIOLATED)
op_a[2]                                  10     22    -12 (VIOLATED)
op_b[0]                                  10     22    -12 (VIOLATED)
op_b[3]                                  10     22    -12 (VIOLATED)
op_a[0]                                  10     21    -11 (VIOLATED)
op_a[1]                                  10     21    -11 (VIOLATED)
op_a[4]                                  10     19     -9 (VIOLATED)
op_b[5]                                  10     18     -8 (VIOLATED)
op_b[6]                                  10     17     -7 (VIOLATED)
op_a[6]                                  10     16     -6 (VIOLATED)
op_b[7]                                  10     16     -6 (VIOLATED)
op_a[3]                                  10     15     -5 (VIOLATED)
op_a[5]                                  10     14     -4 (VIOLATED)
_458_/Y                                  10     13     -3 (VIOLATED)
_463_/Y                                  10     12     -2 (VIOLATED)
_628_/Y                                  10     12     -2 (VIOLATED)
inst[3]                                  10     11        (VIOLATED)



===========================================================================
report_parasitic_annotation -report_unannotated
============================================================================
Found 0 unannotated drivers.
Found 0 partially unannotated drivers.

===========================================================================
max slew violation count 0
Writing metric design__max_slew_violation__count__corner:nom_tt_025C_1v80: 0
max fanout violation count 19
Writing metric design__max_fanout_violation__count__corner:nom_tt_025C_1v80: 19
max cap violation count 0
Writing metric design__max_cap_violation__count__corner:nom_tt_025C_1v80: 0
============================================================================

===========================================================================
check_setup -verbose -unconstrained_endpoints -multiple_clock -no_clock -no_input_delay -loops -generated_clocks
===========================================================================
%OL_END_REPORT
%OL_CREATE_REPORT power.rpt

===========================================================================
 report_power
============================================================================
======================= nom_tt_025C_1v80 Corner ===================================

Group                    Internal    Switching      Leakage        Total
                            Power        Power        Power        Power (Watts)
------------------------------------------------------------------------
Sequential           0.000000e+00 0.000000e+00 0.000000e+00 0.000000e+00   0.0%
Combinational        1.591932e-04 1.352842e-04 1.782256e-09 2.944792e-04 100.0%
Clock                0.000000e+00 0.000000e+00 2.851233e-10 2.851233e-10   0.0%
Macro                0.000000e+00 0.000000e+00 0.000000e+00 0.000000e+00   0.0%
Pad                  0.000000e+00 0.000000e+00 0.000000e+00 0.000000e+00   0.0%
------------------------------------------------------------------------
Total                1.591932e-04 1.352842e-04 2.067382e-09 2.944795e-04 100.0%
                            54.1%        45.9%         0.0%
Writing metric power__internal__total: 0.00015919322322588414
Writing metric power__switching__total: 0.00013528415001928806
Writing metric power__leakage__total: 2.0673824874251068e-9
Writing metric power__total: 0.00029447945416904986

%OL_END_REPORT
%OL_CREATE_REPORT skew.min.rpt

===========================================================================
Clock Skew (Hold)
============================================================================
Writing metric clock__skew__worst_hold__corner:nom_tt_025C_1v80: 0.0
======================= nom_tt_025C_1v80 Corner ===================================

Clock __VIRTUAL_CLK__
No launch/capture paths found.

%OL_END_REPORT
%OL_CREATE_REPORT skew.max.rpt

===========================================================================
Clock Skew (Setup)
============================================================================
Writing metric clock__skew__worst_setup__corner:nom_tt_025C_1v80: 0.0
======================= nom_tt_025C_1v80 Corner ===================================

Clock __VIRTUAL_CLK__
No launch/capture paths found.

%OL_END_REPORT
%OL_CREATE_REPORT ws.min.rpt

===========================================================================
Worst Slack (Hold)
============================================================================
Writing metric timing__hold__ws__corner:nom_tt_025C_1v80: 4.200697686372867
nom_tt_025C_1v80: 4.200697686372867
%OL_END_REPORT
%OL_CREATE_REPORT ws.max.rpt

===========================================================================
Worst Slack (Setup)
============================================================================
Writing metric timing__setup__ws__corner:nom_tt_025C_1v80: -5.374538299864364
nom_tt_025C_1v80: -5.374538299864364
%OL_END_REPORT
%OL_CREATE_REPORT tns.min.rpt

===========================================================================
Total Negative Slack (Hold)
============================================================================
Writing metric timing__hold__tns__corner:nom_tt_025C_1v80: 0.0
nom_tt_025C_1v80: 0.0
%OL_END_REPORT
%OL_CREATE_REPORT tns.max.rpt

===========================================================================
Total Negative Slack (Setup)
============================================================================
Writing metric timing__setup__tns__corner:nom_tt_025C_1v80: -10.966333929116033
nom_tt_025C_1v80: -10.966333929116033
%OL_END_REPORT
%OL_CREATE_REPORT wns.min.rpt

===========================================================================
Worst Negative Slack (Hold)
============================================================================
Writing metric timing__hold__wns__corner:nom_tt_025C_1v80: 0
nom_tt_025C_1v80: 0
%OL_END_REPORT
%OL_CREATE_REPORT wns.max.rpt

===========================================================================
Worst Negative Slack (Setup)
============================================================================
Writing metric timing__setup__wns__corner:nom_tt_025C_1v80: -5.374538299864364
nom_tt_025C_1v80: -5.374538299864364
%OL_END_REPORT
%OL_CREATE_REPORT violator_list.rpt

===========================================================================
Violator List
============================================================================
[setup in-out] op_b[4] -> op_out[0] : -5.374538
[setup in-out] op_b[4] -> op_out[1] : -3.743386
[setup in-out] op_b[4] -> op_out[2] : -1.848410
Writing metric timing__hold_vio__count__corner:nom_tt_025C_1v80: 0
Writing metric timing__hold_r2r__ws__corner:nom_tt_025C_1v80: 1e30
Writing metric timing__hold_r2r_vio__count__corner:nom_tt_025C_1v80: 0
Writing metric timing__setup_vio__count__corner:nom_tt_025C_1v80: 3
Writing metric timing__setup_r2r__ws__corner:nom_tt_025C_1v80: 1e30
Writing metric timing__setup_r2r_vio__count__corner:nom_tt_025C_1v80: 0
%OL_END_REPORT
%OL_CREATE_REPORT unpropagated.rpt
__VIRTUAL_CLK__
%OL_END_REPORT
%OL_CREATE_REPORT clock.rpt
Clock: __VIRTUAL_CLK__
Sources: 
Generated: no
Virtual: yes
Propagated: no
Period: 10.000000

===========================================================================
report_clock_properties
============================================================================
Clock                   Period          Waveform
----------------------------------------------------
__VIRTUAL_CLK__      10.000000    0.000000  5.000000

===========================================================================
report_clock_latency
============================================================================
Clock __VIRTUAL_CLK__


===========================================================================
report_clock_min_period
============================================================================
__VIRTUAL_CLK__ period_min = 0.00 fmax = inf
%OL_END_REPORT
