
===========================================================================
report_checks -unconstrained
===========================================================================
======================= nom_tt_025C_1v80 Corner ===================================

Startpoint: op_b[7] (input port clocked by __VIRTUAL_CLK__)
Endpoint: op_out[0] (output port clocked by __VIRTUAL_CLK__)
Path Group: __VIRTUAL_CLK__
Path Type: max

Fanout         Cap        Slew       Delay        Time   Description
---------------------------------------------------------------------------------------------
                      0.000000    0.000000    0.000000   clock __VIRTUAL_CLK__ (rise edge)
                                  0.000000    0.000000   clock network delay (ideal)
                                  2.000000    2.000000 v input external delay
     1    0.002638    0.008250    0.004162    2.004162 v op_b[7] (in)
                                                         op_b[7] (net)
                      0.008251    0.000000    2.004162 v input20/A (sky130_fd_sc_hd__clkbuf_1)
     3    0.023575    0.139881    0.161267    2.165429 v input20/X (sky130_fd_sc_hd__clkbuf_1)
                                                         net20 (net)
                      0.139885    0.000906    2.166334 v fanout48/A (sky130_fd_sc_hd__buf_6)
     5    0.032000    0.042552    0.177566    2.343900 v fanout48/X (sky130_fd_sc_hd__buf_6)
                                                         net48 (net)
                      0.042651    0.001782    2.345683 v _469_/C (sky130_fd_sc_hd__or4_4)
     6    0.025525    0.119867    0.535730    2.881413 v _469_/X (sky130_fd_sc_hd__or4_4)
                                                         _306_ (net)
                      0.119872    0.000498    2.881910 v _474_/B1 (sky130_fd_sc_hd__a211o_1)
     3    0.007737    0.071587    0.318382    3.200292 v _474_/X (sky130_fd_sc_hd__a211o_1)
                                                         _360_ (net)
                      0.071587    0.000164    3.200456 v _481_/B1 (sky130_fd_sc_hd__a211o_1)
     4    0.012067    0.088508    0.322416    3.522872 v _481_/X (sky130_fd_sc_hd__a211o_1)
                                                         _410_ (net)
                      0.088508    0.000266    3.523139 v _484_/A1 (sky130_fd_sc_hd__a21o_1)
     4    0.014017    0.078588    0.215055    3.738194 v _484_/X (sky130_fd_sc_hd__a21o_1)
                                                         _413_ (net)
                      0.078588    0.000179    3.738373 v _494_/A2 (sky130_fd_sc_hd__a211o_1)
     3    0.011536    0.086397    0.346213    4.084586 v _494_/X (sky130_fd_sc_hd__a211o_1)
                                                         _423_ (net)
                      0.086397    0.000208    4.084795 v _496_/B1 (sky130_fd_sc_hd__a22o_1)
     3    0.011776    0.079194    0.233880    4.318674 v _496_/X (sky130_fd_sc_hd__a22o_1)
                                                         _425_ (net)
                      0.079195    0.000439    4.319113 v _499_/A (sky130_fd_sc_hd__and3_1)
     3    0.012188    0.075947    0.195565    4.514678 v _499_/X (sky130_fd_sc_hd__and3_1)
                                                         _428_ (net)
                      0.075947    0.000234    4.514913 v _509_/C1 (sky130_fd_sc_hd__a211o_4)
     3    0.015677    0.067638    0.297663    4.812576 v _509_/X (sky130_fd_sc_hd__a211o_4)
                                                         _438_ (net)
                      0.067640    0.000477    4.813052 v _515_/A2 (sky130_fd_sc_hd__a21oi_4)
     8    0.044785    0.337218    0.328185    5.141238 ^ _515_/Y (sky130_fd_sc_hd__a21oi_4)
                                                         _444_ (net)
                      0.337230    0.001619    5.142857 ^ _524_/S (sky130_fd_sc_hd__mux2_4)
     2    0.007393    0.056057    0.344420    5.487277 v _524_/X (sky130_fd_sc_hd__mux2_4)
                                                         _453_ (net)
                      0.056057    0.000200    5.487477 v _539_/A1 (sky130_fd_sc_hd__a221o_1)
     3    0.010125    0.087385    0.357152    5.844628 v _539_/X (sky130_fd_sc_hd__a221o_1)
                                                         _010_ (net)
                      0.087385    0.000272    5.844900 v _544_/A2 (sky130_fd_sc_hd__a311o_1)
     3    0.009426    0.084887    0.361871    6.206771 v _544_/X (sky130_fd_sc_hd__a311o_1)
                                                         _015_ (net)
                      0.084887    0.000255    6.207026 v _579_/A1 (sky130_fd_sc_hd__a21o_1)
     3    0.008549    0.057897    0.193122    6.400148 v _579_/X (sky130_fd_sc_hd__a21o_1)
                                                         _050_ (net)
                      0.057897    0.000218    6.400366 v _583_/B (sky130_fd_sc_hd__and3_1)
     2    0.005402    0.047874    0.177393    6.577758 v _583_/X (sky130_fd_sc_hd__and3_1)
                                                         _054_ (net)
                      0.047874    0.000120    6.577879 v _585_/A (sky130_fd_sc_hd__or4_4)
     1    0.003773    0.081448    0.522061    7.099940 v _585_/X (sky130_fd_sc_hd__or4_4)
                                                         _056_ (net)
                      0.081448    0.000120    7.100060 v _586_/B (sky130_fd_sc_hd__or4b_4)
     1    0.009156    0.092770    0.537040    7.637100 v _586_/X (sky130_fd_sc_hd__or4b_4)
                                                         _057_ (net)
                      0.092770    0.000291    7.637392 v _590_/A2 (sky130_fd_sc_hd__a311oi_4)
     4    0.017021    0.324546    0.357743    7.995134 ^ _590_/Y (sky130_fd_sc_hd__a311oi_4)
                                                         _061_ (net)
                      0.324546    0.000606    7.995740 ^ max_cap30/A (sky130_fd_sc_hd__buf_6)
     5    0.026880    0.066366    0.179768    8.175508 ^ max_cap30/X (sky130_fd_sc_hd__buf_6)
                                                         net30 (net)
                      0.066368    0.000443    8.175952 ^ _619_/S (sky130_fd_sc_hd__mux2_4)
     5    0.021222    0.075128    0.336378    8.512330 v _619_/X (sky130_fd_sc_hd__mux2_4)
                                                         _090_ (net)
                      0.075128    0.000535    8.512864 v _623_/B2 (sky130_fd_sc_hd__o22a_1)
     2    0.005864    0.058768    0.183078    8.695943 v _623_/X (sky130_fd_sc_hd__o22a_1)
                                                         _094_ (net)
                      0.058768    0.000123    8.696066 v _624_/A (sky130_fd_sc_hd__or4bb_4)
     4    0.020458    0.114451    0.585951    9.282017 v _624_/X (sky130_fd_sc_hd__or4bb_4)
                                                         _095_ (net)
                      0.114451    0.000381    9.282397 v _628_/A2 (sky130_fd_sc_hd__a21oi_4)
     4    0.022530    0.199047    0.245231    9.527628 ^ _628_/Y (sky130_fd_sc_hd__a21oi_4)
                                                         _099_ (net)
                      0.199047    0.000600    9.528228 ^ fanout29/A (sky130_fd_sc_hd__buf_6)
     5    0.029034    0.068343    0.160216    9.688444 ^ fanout29/X (sky130_fd_sc_hd__buf_6)
                                                         net29 (net)
                      0.068376    0.001381    9.689825 ^ _665_/S (sky130_fd_sc_hd__mux2_4)
     3    0.008384    0.057217    0.308915    9.998740 v _665_/X (sky130_fd_sc_hd__mux2_4)
                                                         _136_ (net)
                      0.057217    0.000103    9.998843 v _669_/A2 (sky130_fd_sc_hd__a21o_1)
     1    0.003497    0.036339    0.179869   10.178713 v _669_/X (sky130_fd_sc_hd__a21o_1)
                                                         _140_ (net)
                      0.036339    0.000105   10.178817 v _671_/A1 (sky130_fd_sc_hd__o211a_1)
     1    0.002928    0.039036    0.212961   10.391778 v _671_/X (sky130_fd_sc_hd__o211a_1)
                                                         _142_ (net)
                      0.039036    0.000083   10.391861 v _672_/B2 (sky130_fd_sc_hd__o221a_1)
     1    0.003637    0.050071    0.204243   10.596104 v _672_/X (sky130_fd_sc_hd__o221a_1)
                                                         _143_ (net)
                      0.050071    0.000116   10.596220 v _675_/A2 (sky130_fd_sc_hd__o21a_1)
     1    0.002451    0.033101    0.161580   10.757800 v _675_/X (sky130_fd_sc_hd__o21a_1)
                                                         _146_ (net)
                      0.033101    0.000046   10.757847 v _679_/A2 (sky130_fd_sc_hd__o21a_1)
     1    0.007892    0.058892    0.184156   10.942002 v _679_/X (sky130_fd_sc_hd__o21a_1)
                                                         _150_ (net)
                      0.058893    0.000354   10.942357 v _700_/C (sky130_fd_sc_hd__or3_4)
     1    0.009355    0.073681    0.341538   11.283895 v _700_/X (sky130_fd_sc_hd__or3_4)
                                                         net21 (net)
                      0.073766    0.000389   11.284284 v output21/A (sky130_fd_sc_hd__buf_8)
     1    0.034699    0.040127    0.146669   11.430953 v output21/X (sky130_fd_sc_hd__buf_8)
                                                         op_out[0] (net)
                      0.040149    0.000869   11.431822 v op_out[0] (out)
                                             11.431822   data arrival time

                      0.000000   10.000000   10.000000   clock __VIRTUAL_CLK__ (rise edge)
                                  0.000000   10.000000   clock network delay (ideal)
                                 -0.250000    9.750000   clock uncertainty
                                  0.000000    9.750000   clock reconvergence pessimism
                                 -2.000000    7.750000   output external delay
                                              7.750000   data required time
---------------------------------------------------------------------------------------------
                                              7.750000   data required time
                                            -11.431822   data arrival time
---------------------------------------------------------------------------------------------
                                             -3.681822   slack (VIOLATED)




===========================================================================
report_checks --slack_max -0.01
============================================================================
======================= nom_tt_025C_1v80 Corner ===================================

Startpoint: op_b[7] (input port clocked by __VIRTUAL_CLK__)
Endpoint: op_out[0] (output port clocked by __VIRTUAL_CLK__)
Path Group: __VIRTUAL_CLK__
Path Type: max

Fanout         Cap        Slew       Delay        Time   Description
---------------------------------------------------------------------------------------------
                      0.000000    0.000000    0.000000   clock __VIRTUAL_CLK__ (rise edge)
                                  0.000000    0.000000   clock network delay (ideal)
                                  2.000000    2.000000 v input external delay
     1    0.002638    0.008250    0.004162    2.004162 v op_b[7] (in)
                                                         op_b[7] (net)
                      0.008251    0.000000    2.004162 v input20/A (sky130_fd_sc_hd__clkbuf_1)
     3    0.023575    0.139881    0.161267    2.165429 v input20/X (sky130_fd_sc_hd__clkbuf_1)
                                                         net20 (net)
                      0.139885    0.000906    2.166334 v fanout48/A (sky130_fd_sc_hd__buf_6)
     5    0.032000    0.042552    0.177566    2.343900 v fanout48/X (sky130_fd_sc_hd__buf_6)
                                                         net48 (net)
                      0.042651    0.001782    2.345683 v _469_/C (sky130_fd_sc_hd__or4_4)
     6    0.025525    0.119867    0.535730    2.881413 v _469_/X (sky130_fd_sc_hd__or4_4)
                                                         _306_ (net)
                      0.119872    0.000498    2.881910 v _474_/B1 (sky130_fd_sc_hd__a211o_1)
     3    0.007737    0.071587    0.318382    3.200292 v _474_/X (sky130_fd_sc_hd__a211o_1)
                                                         _360_ (net)
                      0.071587    0.000164    3.200456 v _481_/B1 (sky130_fd_sc_hd__a211o_1)
     4    0.012067    0.088508    0.322416    3.522872 v _481_/X (sky130_fd_sc_hd__a211o_1)
                                                         _410_ (net)
                      0.088508    0.000266    3.523139 v _484_/A1 (sky130_fd_sc_hd__a21o_1)
     4    0.014017    0.078588    0.215055    3.738194 v _484_/X (sky130_fd_sc_hd__a21o_1)
                                                         _413_ (net)
                      0.078588    0.000179    3.738373 v _494_/A2 (sky130_fd_sc_hd__a211o_1)
     3    0.011536    0.086397    0.346213    4.084586 v _494_/X (sky130_fd_sc_hd__a211o_1)
                                                         _423_ (net)
                      0.086397    0.000208    4.084795 v _496_/B1 (sky130_fd_sc_hd__a22o_1)
     3    0.011776    0.079194    0.233880    4.318674 v _496_/X (sky130_fd_sc_hd__a22o_1)
                                                         _425_ (net)
                      0.079195    0.000439    4.319113 v _499_/A (sky130_fd_sc_hd__and3_1)
     3    0.012188    0.075947    0.195565    4.514678 v _499_/X (sky130_fd_sc_hd__and3_1)
                                                         _428_ (net)
                      0.075947    0.000234    4.514913 v _509_/C1 (sky130_fd_sc_hd__a211o_4)
     3    0.015677    0.067638    0.297663    4.812576 v _509_/X (sky130_fd_sc_hd__a211o_4)
                                                         _438_ (net)
                      0.067640    0.000477    4.813052 v _515_/A2 (sky130_fd_sc_hd__a21oi_4)
     8    0.044785    0.337218    0.328185    5.141238 ^ _515_/Y (sky130_fd_sc_hd__a21oi_4)
                                                         _444_ (net)
                      0.337230    0.001619    5.142857 ^ _524_/S (sky130_fd_sc_hd__mux2_4)
     2    0.007393    0.056057    0.344420    5.487277 v _524_/X (sky130_fd_sc_hd__mux2_4)
                                                         _453_ (net)
                      0.056057    0.000200    5.487477 v _539_/A1 (sky130_fd_sc_hd__a221o_1)
     3    0.010125    0.087385    0.357152    5.844628 v _539_/X (sky130_fd_sc_hd__a221o_1)
                                                         _010_ (net)
                      0.087385    0.000272    5.844900 v _544_/A2 (sky130_fd_sc_hd__a311o_1)
     3    0.009426    0.084887    0.361871    6.206771 v _544_/X (sky130_fd_sc_hd__a311o_1)
                                                         _015_ (net)
                      0.084887    0.000255    6.207026 v _579_/A1 (sky130_fd_sc_hd__a21o_1)
     3    0.008549    0.057897    0.193122    6.400148 v _579_/X (sky130_fd_sc_hd__a21o_1)
                                                         _050_ (net)
                      0.057897    0.000218    6.400366 v _583_/B (sky130_fd_sc_hd__and3_1)
     2    0.005402    0.047874    0.177393    6.577758 v _583_/X (sky130_fd_sc_hd__and3_1)
                                                         _054_ (net)
                      0.047874    0.000120    6.577879 v _585_/A (sky130_fd_sc_hd__or4_4)
     1    0.003773    0.081448    0.522061    7.099940 v _585_/X (sky130_fd_sc_hd__or4_4)
                                                         _056_ (net)
                      0.081448    0.000120    7.100060 v _586_/B (sky130_fd_sc_hd__or4b_4)
     1    0.009156    0.092770    0.537040    7.637100 v _586_/X (sky130_fd_sc_hd__or4b_4)
                                                         _057_ (net)
                      0.092770    0.000291    7.637392 v _590_/A2 (sky130_fd_sc_hd__a311oi_4)
     4    0.017021    0.324546    0.357743    7.995134 ^ _590_/Y (sky130_fd_sc_hd__a311oi_4)
                                                         _061_ (net)
                      0.324546    0.000606    7.995740 ^ max_cap30/A (sky130_fd_sc_hd__buf_6)
     5    0.026880    0.066366    0.179768    8.175508 ^ max_cap30/X (sky130_fd_sc_hd__buf_6)
                                                         net30 (net)
                      0.066368    0.000443    8.175952 ^ _619_/S (sky130_fd_sc_hd__mux2_4)
     5    0.021222    0.075128    0.336378    8.512330 v _619_/X (sky130_fd_sc_hd__mux2_4)
                                                         _090_ (net)
                      0.075128    0.000535    8.512864 v _623_/B2 (sky130_fd_sc_hd__o22a_1)
     2    0.005864    0.058768    0.183078    8.695943 v _623_/X (sky130_fd_sc_hd__o22a_1)
                                                         _094_ (net)
                      0.058768    0.000123    8.696066 v _624_/A (sky130_fd_sc_hd__or4bb_4)
     4    0.020458    0.114451    0.585951    9.282017 v _624_/X (sky130_fd_sc_hd__or4bb_4)
                                                         _095_ (net)
                      0.114451    0.000381    9.282397 v _628_/A2 (sky130_fd_sc_hd__a21oi_4)
     4    0.022530    0.199047    0.245231    9.527628 ^ _628_/Y (sky130_fd_sc_hd__a21oi_4)
                                                         _099_ (net)
                      0.199047    0.000600    9.528228 ^ fanout29/A (sky130_fd_sc_hd__buf_6)
     5    0.029034    0.068343    0.160216    9.688444 ^ fanout29/X (sky130_fd_sc_hd__buf_6)
                                                         net29 (net)
                      0.068376    0.001381    9.689825 ^ _665_/S (sky130_fd_sc_hd__mux2_4)
     3    0.008384    0.057217    0.308915    9.998740 v _665_/X (sky130_fd_sc_hd__mux2_4)
                                                         _136_ (net)
                      0.057217    0.000103    9.998843 v _669_/A2 (sky130_fd_sc_hd__a21o_1)
     1    0.003497    0.036339    0.179869   10.178713 v _669_/X (sky130_fd_sc_hd__a21o_1)
                                                         _140_ (net)
                      0.036339    0.000105   10.178817 v _671_/A1 (sky130_fd_sc_hd__o211a_1)
     1    0.002928    0.039036    0.212961   10.391778 v _671_/X (sky130_fd_sc_hd__o211a_1)
                                                         _142_ (net)
                      0.039036    0.000083   10.391861 v _672_/B2 (sky130_fd_sc_hd__o221a_1)
     1    0.003637    0.050071    0.204243   10.596104 v _672_/X (sky130_fd_sc_hd__o221a_1)
                                                         _143_ (net)
                      0.050071    0.000116   10.596220 v _675_/A2 (sky130_fd_sc_hd__o21a_1)
     1    0.002451    0.033101    0.161580   10.757800 v _675_/X (sky130_fd_sc_hd__o21a_1)
                                                         _146_ (net)
                      0.033101    0.000046   10.757847 v _679_/A2 (sky130_fd_sc_hd__o21a_1)
     1    0.007892    0.058892    0.184156   10.942002 v _679_/X (sky130_fd_sc_hd__o21a_1)
                                                         _150_ (net)
                      0.058893    0.000354   10.942357 v _700_/C (sky130_fd_sc_hd__or3_4)
     1    0.009355    0.073681    0.341538   11.283895 v _700_/X (sky130_fd_sc_hd__or3_4)
                                                         net21 (net)
                      0.073766    0.000389   11.284284 v output21/A (sky130_fd_sc_hd__buf_8)
     1    0.034699    0.040127    0.146669   11.430953 v output21/X (sky130_fd_sc_hd__buf_8)
                                                         op_out[0] (net)
                      0.040149    0.000869   11.431822 v op_out[0] (out)
                                             11.431822   data arrival time

                      0.000000   10.000000   10.000000   clock __VIRTUAL_CLK__ (rise edge)
                                  0.000000   10.000000   clock network delay (ideal)
                                 -0.250000    9.750000   clock uncertainty
                                  0.000000    9.750000   clock reconvergence pessimism
                                 -2.000000    7.750000   output external delay
                                              7.750000   data required time
---------------------------------------------------------------------------------------------
                                              7.750000   data required time
                                            -11.431822   data arrival time
---------------------------------------------------------------------------------------------
                                             -3.681822   slack (VIOLATED)




===========================================================================
 report_check_types -max_slew -max_cap -max_fanout -violators
============================================================================
======================= nom_tt_025C_1v80 Corner ===================================



===========================================================================
report_parasitic_annotation -report_unannotated
============================================================================
Found 0 unannotated drivers.
Found 0 partially unannotated drivers.

===========================================================================
max slew violation count 0
max fanout violation count 0
max cap violation count 0
============================================================================

===========================================================================
check_setup -verbose -unconstrained_endpoints -multiple_clock -no_clock -no_input_delay -loops -generated_clocks
===========================================================================
