
===========================================================================
report_checks -path_delay max (Setup)
============================================================================
======================= nom_tt_025C_1v80 Corner ===================================

Startpoint: op_b[7] (input port clocked by __VIRTUAL_CLK__)
Endpoint: op_out[0] (output port clocked by __VIRTUAL_CLK__)
Path Group: __VIRTUAL_CLK__
Path Type: max

Fanout         Cap        Slew       Delay        Time   Description
---------------------------------------------------------------------------------------------
                      0.000000    0.000000    0.000000   clock __VIRTUAL_CLK__ (rise edge)
                                  0.000000    0.000000   clock network delay (ideal)
                                  2.000000    2.000000 v input external delay
     1    0.002638    0.008250    0.004162    2.004162 v op_b[7] (in)
                                                         op_b[7] (net)
                      0.008251    0.000000    2.004162 v input20/A (sky130_fd_sc_hd__clkbuf_1)
     3    0.023575    0.139881    0.161267    2.165429 v input20/X (sky130_fd_sc_hd__clkbuf_1)
                                                         net20 (net)
                      0.139885    0.000906    2.166334 v fanout48/A (sky130_fd_sc_hd__buf_6)
     5    0.032000    0.042552    0.177566    2.343900 v fanout48/X (sky130_fd_sc_hd__buf_6)
                                                         net48 (net)
                      0.042651    0.001782    2.345683 v _469_/C (sky130_fd_sc_hd__or4_4)
     6    0.025525    0.119867    0.535730    2.881413 v _469_/X (sky130_fd_sc_hd__or4_4)
                                                         _306_ (net)
                      0.119872    0.000498    2.881910 v _474_/B1 (sky130_fd_sc_hd__a211o_1)
     3    0.007737    0.071587    0.318382    3.200292 v _474_/X (sky130_fd_sc_hd__a211o_1)
                                                         _360_ (net)
                      0.071587    0.000164    3.200456 v _481_/B1 (sky130_fd_sc_hd__a211o_1)
     4    0.012067    0.088508    0.322416    3.522872 v _481_/X (sky130_fd_sc_hd__a211o_1)
                                                         _410_ (net)
                      0.088508    0.000266    3.523139 v _484_/A1 (sky130_fd_sc_hd__a21o_1)
     4    0.014017    0.078588    0.215055    3.738194 v _484_/X (sky130_fd_sc_hd__a21o_1)
                                                         _413_ (net)
                      0.078588    0.000179    3.738373 v _494_/A2 (sky130_fd_sc_hd__a211o_1)
     3    0.011536    0.086397    0.346213    4.084586 v _494_/X (sky130_fd_sc_hd__a211o_1)
                                                         _423_ (net)
                      0.086397    0.000208    4.084795 v _496_/B1 (sky130_fd_sc_hd__a22o_1)
     3    0.011776    0.079194    0.233880    4.318674 v _496_/X (sky130_fd_sc_hd__a22o_1)
                                                         _425_ (net)
                      0.079195    0.000439    4.319113 v _499_/A (sky130_fd_sc_hd__and3_1)
     3    0.012188    0.075947    0.195565    4.514678 v _499_/X (sky130_fd_sc_hd__and3_1)
                                                         _428_ (net)
                      0.075947    0.000234    4.514913 v _509_/C1 (sky130_fd_sc_hd__a211o_4)
     3    0.015677    0.067638    0.297663    4.812576 v _509_/X (sky130_fd_sc_hd__a211o_4)
                                                         _438_ (net)
                      0.067640    0.000477    4.813052 v _515_/A2 (sky130_fd_sc_hd__a21oi_4)
     8    0.044785    0.337218    0.328185    5.141238 ^ _515_/Y (sky130_fd_sc_hd__a21oi_4)
                                                         _444_ (net)
                      0.337230    0.001619    5.142857 ^ _524_/S (sky130_fd_sc_hd__mux2_4)
     2    0.007393    0.056057    0.344420    5.487277 v _524_/X (sky130_fd_sc_hd__mux2_4)
                                                         _453_ (net)
                      0.056057    0.000200    5.487477 v _539_/A1 (sky130_fd_sc_hd__a221o_1)
     3    0.010125    0.087385    0.357152    5.844628 v _539_/X (sky130_fd_sc_hd__a221o_1)
                                                         _010_ (net)
                      0.087385    0.000272    5.844900 v _544_/A2 (sky130_fd_sc_hd__a311o_1)
     3    0.009426    0.084887    0.361871    6.206771 v _544_/X (sky130_fd_sc_hd__a311o_1)
                                                         _015_ (net)
                      0.084887    0.000255    6.207026 v _579_/A1 (sky130_fd_sc_hd__a21o_1)
     3    0.008549    0.057897    0.193122    6.400148 v _579_/X (sky130_fd_sc_hd__a21o_1)
                                                         _050_ (net)
                      0.057897    0.000218    6.400366 v _583_/B (sky130_fd_sc_hd__and3_1)
     2    0.005402    0.047874    0.177393    6.577758 v _583_/X (sky130_fd_sc_hd__and3_1)
                                                         _054_ (net)
                      0.047874    0.000120    6.577879 v _585_/A (sky130_fd_sc_hd__or4_4)
     1    0.003773    0.081448    0.522061    7.099940 v _585_/X (sky130_fd_sc_hd__or4_4)
                                                         _056_ (net)
                      0.081448    0.000120    7.100060 v _586_/B (sky130_fd_sc_hd__or4b_4)
     1    0.009156    0.092770    0.537040    7.637100 v _586_/X (sky130_fd_sc_hd__or4b_4)
                                                         _057_ (net)
                      0.092770    0.000291    7.637392 v _590_/A2 (sky130_fd_sc_hd__a311oi_4)
     4    0.017021    0.324546    0.357743    7.995134 ^ _590_/Y (sky130_fd_sc_hd__a311oi_4)
                                                         _061_ (net)
                      0.324546    0.000606    7.995740 ^ max_cap30/A (sky130_fd_sc_hd__buf_6)
     5    0.026880    0.066366    0.179768    8.175508 ^ max_cap30/X (sky130_fd_sc_hd__buf_6)
                                                         net30 (net)
                      0.066368    0.000443    8.175952 ^ _619_/S (sky130_fd_sc_hd__mux2_4)
     5    0.021222    0.075128    0.336378    8.512330 v _619_/X (sky130_fd_sc_hd__mux2_4)
                                                         _090_ (net)
                      0.075128    0.000535    8.512864 v _623_/B2 (sky130_fd_sc_hd__o22a_1)
     2    0.005864    0.058768    0.183078    8.695943 v _623_/X (sky130_fd_sc_hd__o22a_1)
                                                         _094_ (net)
                      0.058768    0.000123    8.696066 v _624_/A (sky130_fd_sc_hd__or4bb_4)
     4    0.020458    0.114451    0.585951    9.282017 v _624_/X (sky130_fd_sc_hd__or4bb_4)
                                                         _095_ (net)
                      0.114451    0.000381    9.282397 v _628_/A2 (sky130_fd_sc_hd__a21oi_4)
     4    0.022530    0.199047    0.245231    9.527628 ^ _628_/Y (sky130_fd_sc_hd__a21oi_4)
                                                         _099_ (net)
                      0.199047    0.000600    9.528228 ^ fanout29/A (sky130_fd_sc_hd__buf_6)
     5    0.029034    0.068343    0.160216    9.688444 ^ fanout29/X (sky130_fd_sc_hd__buf_6)
                                                         net29 (net)
                      0.068376    0.001381    9.689825 ^ _665_/S (sky130_fd_sc_hd__mux2_4)
     3    0.008384    0.057217    0.308915    9.998740 v _665_/X (sky130_fd_sc_hd__mux2_4)
                                                         _136_ (net)
                      0.057217    0.000103    9.998843 v _669_/A2 (sky130_fd_sc_hd__a21o_1)
     1    0.003497    0.036339    0.179869   10.178713 v _669_/X (sky130_fd_sc_hd__a21o_1)
                                                         _140_ (net)
                      0.036339    0.000105   10.178817 v _671_/A1 (sky130_fd_sc_hd__o211a_1)
     1    0.002928    0.039036    0.212961   10.391778 v _671_/X (sky130_fd_sc_hd__o211a_1)
                                                         _142_ (net)
                      0.039036    0.000083   10.391861 v _672_/B2 (sky130_fd_sc_hd__o221a_1)
     1    0.003637    0.050071    0.204243   10.596104 v _672_/X (sky130_fd_sc_hd__o221a_1)
                                                         _143_ (net)
                      0.050071    0.000116   10.596220 v _675_/A2 (sky130_fd_sc_hd__o21a_1)
     1    0.002451    0.033101    0.161580   10.757800 v _675_/X (sky130_fd_sc_hd__o21a_1)
                                                         _146_ (net)
                      0.033101    0.000046   10.757847 v _679_/A2 (sky130_fd_sc_hd__o21a_1)
     1    0.007892    0.058892    0.184156   10.942002 v _679_/X (sky130_fd_sc_hd__o21a_1)
                                                         _150_ (net)
                      0.058893    0.000354   10.942357 v _700_/C (sky130_fd_sc_hd__or3_4)
     1    0.009355    0.073681    0.341538   11.283895 v _700_/X (sky130_fd_sc_hd__or3_4)
                                                         net21 (net)
                      0.073766    0.000389   11.284284 v output21/A (sky130_fd_sc_hd__buf_8)
     1    0.034699    0.040127    0.146669   11.430953 v output21/X (sky130_fd_sc_hd__buf_8)
                                                         op_out[0] (net)
                      0.040149    0.000869   11.431822 v op_out[0] (out)
                                             11.431822   data arrival time

                      0.000000   10.000000   10.000000   clock __VIRTUAL_CLK__ (rise edge)
                                  0.000000   10.000000   clock network delay (ideal)
                                 -0.250000    9.750000   clock uncertainty
                                  0.000000    9.750000   clock reconvergence pessimism
                                 -2.000000    7.750000   output external delay
                                              7.750000   data required time
---------------------------------------------------------------------------------------------
                                              7.750000   data required time
                                            -11.431822   data arrival time
---------------------------------------------------------------------------------------------
                                             -3.681822   slack (VIOLATED)


Startpoint: op_b[7] (input port clocked by __VIRTUAL_CLK__)
Endpoint: op_out[1] (output port clocked by __VIRTUAL_CLK__)
Path Group: __VIRTUAL_CLK__
Path Type: max

Fanout         Cap        Slew       Delay        Time   Description
---------------------------------------------------------------------------------------------
                      0.000000    0.000000    0.000000   clock __VIRTUAL_CLK__ (rise edge)
                                  0.000000    0.000000   clock network delay (ideal)
                                  2.000000    2.000000 v input external delay
     1    0.002638    0.008250    0.004162    2.004162 v op_b[7] (in)
                                                         op_b[7] (net)
                      0.008251    0.000000    2.004162 v input20/A (sky130_fd_sc_hd__clkbuf_1)
     3    0.023575    0.139881    0.161267    2.165429 v input20/X (sky130_fd_sc_hd__clkbuf_1)
                                                         net20 (net)
                      0.139885    0.000906    2.166334 v fanout48/A (sky130_fd_sc_hd__buf_6)
     5    0.032000    0.042552    0.177566    2.343900 v fanout48/X (sky130_fd_sc_hd__buf_6)
                                                         net48 (net)
                      0.042651    0.001782    2.345683 v _469_/C (sky130_fd_sc_hd__or4_4)
     6    0.025525    0.119867    0.535730    2.881413 v _469_/X (sky130_fd_sc_hd__or4_4)
                                                         _306_ (net)
                      0.119872    0.000498    2.881910 v _474_/B1 (sky130_fd_sc_hd__a211o_1)
     3    0.007737    0.071587    0.318382    3.200292 v _474_/X (sky130_fd_sc_hd__a211o_1)
                                                         _360_ (net)
                      0.071587    0.000164    3.200456 v _481_/B1 (sky130_fd_sc_hd__a211o_1)
     4    0.012067    0.088508    0.322416    3.522872 v _481_/X (sky130_fd_sc_hd__a211o_1)
                                                         _410_ (net)
                      0.088508    0.000266    3.523139 v _484_/A1 (sky130_fd_sc_hd__a21o_1)
     4    0.014017    0.078588    0.215055    3.738194 v _484_/X (sky130_fd_sc_hd__a21o_1)
                                                         _413_ (net)
                      0.078588    0.000179    3.738373 v _494_/A2 (sky130_fd_sc_hd__a211o_1)
     3    0.011536    0.086397    0.346213    4.084586 v _494_/X (sky130_fd_sc_hd__a211o_1)
                                                         _423_ (net)
                      0.086397    0.000208    4.084795 v _496_/B1 (sky130_fd_sc_hd__a22o_1)
     3    0.011776    0.079194    0.233880    4.318674 v _496_/X (sky130_fd_sc_hd__a22o_1)
                                                         _425_ (net)
                      0.079195    0.000439    4.319113 v _499_/A (sky130_fd_sc_hd__and3_1)
     3    0.012188    0.075947    0.195565    4.514678 v _499_/X (sky130_fd_sc_hd__and3_1)
                                                         _428_ (net)
                      0.075947    0.000234    4.514913 v _509_/C1 (sky130_fd_sc_hd__a211o_4)
     3    0.015677    0.067638    0.297663    4.812576 v _509_/X (sky130_fd_sc_hd__a211o_4)
                                                         _438_ (net)
                      0.067640    0.000477    4.813052 v _515_/A2 (sky130_fd_sc_hd__a21oi_4)
     8    0.044785    0.337218    0.328185    5.141238 ^ _515_/Y (sky130_fd_sc_hd__a21oi_4)
                                                         _444_ (net)
                      0.337230    0.001619    5.142857 ^ _524_/S (sky130_fd_sc_hd__mux2_4)
     2    0.007393    0.056057    0.344420    5.487277 v _524_/X (sky130_fd_sc_hd__mux2_4)
                                                         _453_ (net)
                      0.056057    0.000200    5.487477 v _539_/A1 (sky130_fd_sc_hd__a221o_1)
     3    0.010125    0.087385    0.357152    5.844628 v _539_/X (sky130_fd_sc_hd__a221o_1)
                                                         _010_ (net)
                      0.087385    0.000272    5.844900 v _544_/A2 (sky130_fd_sc_hd__a311o_1)
     3    0.009426    0.084887    0.361871    6.206771 v _544_/X (sky130_fd_sc_hd__a311o_1)
                                                         _015_ (net)
                      0.084887    0.000255    6.207026 v _579_/A1 (sky130_fd_sc_hd__a21o_1)
     3    0.008549    0.057897    0.193122    6.400148 v _579_/X (sky130_fd_sc_hd__a21o_1)
                                                         _050_ (net)
                      0.057897    0.000218    6.400366 v _583_/B (sky130_fd_sc_hd__and3_1)
     2    0.005402    0.047874    0.177393    6.577758 v _583_/X (sky130_fd_sc_hd__and3_1)
                                                         _054_ (net)
                      0.047874    0.000120    6.577879 v _585_/A (sky130_fd_sc_hd__or4_4)
     1    0.003773    0.081448    0.522061    7.099940 v _585_/X (sky130_fd_sc_hd__or4_4)
                                                         _056_ (net)
                      0.081448    0.000120    7.100060 v _586_/B (sky130_fd_sc_hd__or4b_4)
     1    0.009156    0.092770    0.537040    7.637100 v _586_/X (sky130_fd_sc_hd__or4b_4)
                                                         _057_ (net)
                      0.092770    0.000291    7.637392 v _590_/A2 (sky130_fd_sc_hd__a311oi_4)
     4    0.017021    0.324546    0.357743    7.995134 ^ _590_/Y (sky130_fd_sc_hd__a311oi_4)
                                                         _061_ (net)
                      0.324546    0.000606    7.995740 ^ max_cap30/A (sky130_fd_sc_hd__buf_6)
     5    0.026880    0.066366    0.179768    8.175508 ^ max_cap30/X (sky130_fd_sc_hd__buf_6)
                                                         net30 (net)
                      0.066372    0.000660    8.176168 ^ _601_/S (sky130_fd_sc_hd__mux2_4)
     4    0.026157    0.080853    0.344296    8.520465 v _601_/X (sky130_fd_sc_hd__mux2_4)
                                                         _072_ (net)
                      0.080854    0.000480    8.520945 v _604_/A (sky130_fd_sc_hd__xnor2_4)
     4    0.016723    0.073878    0.170592    8.691537 v _604_/Y (sky130_fd_sc_hd__xnor2_4)
                                                         _075_ (net)
                      0.073878    0.000411    8.691948 v _608_/A2 (sky130_fd_sc_hd__a211oi_4)
     3    0.010585    0.216209    0.278507    8.970455 ^ _608_/Y (sky130_fd_sc_hd__a211oi_4)
                                                         _079_ (net)
                      0.216209    0.000391    8.970845 ^ _627_/A3 (sky130_fd_sc_hd__o31a_1)
     4    0.021055    0.223469    0.276103    9.246948 ^ _627_/X (sky130_fd_sc_hd__o31a_1)
                                                         _098_ (net)
                      0.223469    0.000407    9.247355 ^ _628_/A1 (sky130_fd_sc_hd__a21oi_4)
     4    0.020957    0.085637    0.113083    9.360438 v _628_/Y (sky130_fd_sc_hd__a21oi_4)
                                                         _099_ (net)
                      0.085641    0.000637    9.361074 v clone9/A (sky130_fd_sc_hd__buf_6)
     5    0.018956    0.032866    0.143377    9.504452 v clone9/X (sky130_fd_sc_hd__buf_6)
                                                         net78 (net)
                      0.032873    0.000460    9.504911 v _717_/A1 (sky130_fd_sc_hd__a22o_1)
     1    0.004781    0.049187    0.208105    9.713017 v _717_/X (sky130_fd_sc_hd__a22o_1)
                                                         _187_ (net)
                      0.049187    0.000171    9.713187 v _718_/A (sky130_fd_sc_hd__or2_4)
     1    0.006909    0.049775    0.250300    9.963488 v _718_/X (sky130_fd_sc_hd__or2_4)
                                                         net22 (net)
                      0.049775    0.000201    9.963688 v output22/A (sky130_fd_sc_hd__buf_8)
     1    0.034873    0.040291    0.136186   10.099874 v output22/X (sky130_fd_sc_hd__buf_8)
                                                         op_out[1] (net)
                      0.040315    0.000913   10.100787 v op_out[1] (out)
                                             10.100787   data arrival time

                      0.000000   10.000000   10.000000   clock __VIRTUAL_CLK__ (rise edge)
                                  0.000000   10.000000   clock network delay (ideal)
                                 -0.250000    9.750000   clock uncertainty
                                  0.000000    9.750000   clock reconvergence pessimism
                                 -2.000000    7.750000   output external delay
                                              7.750000   data required time
---------------------------------------------------------------------------------------------
                                              7.750000   data required time
                                            -10.100787   data arrival time
---------------------------------------------------------------------------------------------
                                             -2.350787   slack (VIOLATED)


Startpoint: op_b[7] (input port clocked by __VIRTUAL_CLK__)
Endpoint: op_out[2] (output port clocked by __VIRTUAL_CLK__)
Path Group: __VIRTUAL_CLK__
Path Type: max

Fanout         Cap        Slew       Delay        Time   Description
---------------------------------------------------------------------------------------------
                      0.000000    0.000000    0.000000   clock __VIRTUAL_CLK__ (rise edge)
                                  0.000000    0.000000   clock network delay (ideal)
                                  2.000000    2.000000 v input external delay
     1    0.002638    0.008250    0.004162    2.004162 v op_b[7] (in)
                                                         op_b[7] (net)
                      0.008251    0.000000    2.004162 v input20/A (sky130_fd_sc_hd__clkbuf_1)
     3    0.023575    0.139881    0.161267    2.165429 v input20/X (sky130_fd_sc_hd__clkbuf_1)
                                                         net20 (net)
                      0.139885    0.000906    2.166334 v fanout48/A (sky130_fd_sc_hd__buf_6)
     5    0.032000    0.042552    0.177566    2.343900 v fanout48/X (sky130_fd_sc_hd__buf_6)
                                                         net48 (net)
                      0.042651    0.001782    2.345683 v _469_/C (sky130_fd_sc_hd__or4_4)
     6    0.025525    0.119867    0.535730    2.881413 v _469_/X (sky130_fd_sc_hd__or4_4)
                                                         _306_ (net)
                      0.119872    0.000498    2.881910 v _474_/B1 (sky130_fd_sc_hd__a211o_1)
     3    0.007737    0.071587    0.318382    3.200292 v _474_/X (sky130_fd_sc_hd__a211o_1)
                                                         _360_ (net)
                      0.071587    0.000164    3.200456 v _481_/B1 (sky130_fd_sc_hd__a211o_1)
     4    0.012067    0.088508    0.322416    3.522872 v _481_/X (sky130_fd_sc_hd__a211o_1)
                                                         _410_ (net)
                      0.088508    0.000266    3.523139 v _484_/A1 (sky130_fd_sc_hd__a21o_1)
     4    0.014017    0.078588    0.215055    3.738194 v _484_/X (sky130_fd_sc_hd__a21o_1)
                                                         _413_ (net)
                      0.078588    0.000179    3.738373 v _494_/A2 (sky130_fd_sc_hd__a211o_1)
     3    0.011536    0.086397    0.346213    4.084586 v _494_/X (sky130_fd_sc_hd__a211o_1)
                                                         _423_ (net)
                      0.086397    0.000208    4.084795 v _496_/B1 (sky130_fd_sc_hd__a22o_1)
     3    0.011776    0.079194    0.233880    4.318674 v _496_/X (sky130_fd_sc_hd__a22o_1)
                                                         _425_ (net)
                      0.079195    0.000439    4.319113 v _499_/A (sky130_fd_sc_hd__and3_1)
     3    0.012188    0.075947    0.195565    4.514678 v _499_/X (sky130_fd_sc_hd__and3_1)
                                                         _428_ (net)
                      0.075947    0.000234    4.514913 v _509_/C1 (sky130_fd_sc_hd__a211o_4)
     3    0.015677    0.067638    0.297663    4.812576 v _509_/X (sky130_fd_sc_hd__a211o_4)
                                                         _438_ (net)
                      0.067640    0.000477    4.813052 v _515_/A2 (sky130_fd_sc_hd__a21oi_4)
     8    0.044785    0.337218    0.328185    5.141238 ^ _515_/Y (sky130_fd_sc_hd__a21oi_4)
                                                         _444_ (net)
                      0.337230    0.001619    5.142857 ^ _524_/S (sky130_fd_sc_hd__mux2_4)
     2    0.007393    0.056057    0.344420    5.487277 v _524_/X (sky130_fd_sc_hd__mux2_4)
                                                         _453_ (net)
                      0.056057    0.000200    5.487477 v _539_/A1 (sky130_fd_sc_hd__a221o_1)
     3    0.010125    0.087385    0.357152    5.844628 v _539_/X (sky130_fd_sc_hd__a221o_1)
                                                         _010_ (net)
                      0.087385    0.000272    5.844900 v _544_/A2 (sky130_fd_sc_hd__a311o_1)
     3    0.009426    0.084887    0.361871    6.206771 v _544_/X (sky130_fd_sc_hd__a311o_1)
                                                         _015_ (net)
                      0.084887    0.000255    6.207026 v _579_/A1 (sky130_fd_sc_hd__a21o_1)
     3    0.008549    0.057897    0.193122    6.400148 v _579_/X (sky130_fd_sc_hd__a21o_1)
                                                         _050_ (net)
                      0.057897    0.000218    6.400366 v _583_/B (sky130_fd_sc_hd__and3_1)
     2    0.005402    0.047874    0.177393    6.577758 v _583_/X (sky130_fd_sc_hd__and3_1)
                                                         _054_ (net)
                      0.047874    0.000120    6.577879 v _585_/A (sky130_fd_sc_hd__or4_4)
     1    0.003773    0.081448    0.522061    7.099940 v _585_/X (sky130_fd_sc_hd__or4_4)
                                                         _056_ (net)
                      0.081448    0.000120    7.100060 v _586_/B (sky130_fd_sc_hd__or4b_4)
     1    0.009156    0.092770    0.537040    7.637100 v _586_/X (sky130_fd_sc_hd__or4b_4)
                                                         _057_ (net)
                      0.092770    0.000291    7.637392 v _590_/A2 (sky130_fd_sc_hd__a311oi_4)
     4    0.017021    0.324546    0.357743    7.995134 ^ _590_/Y (sky130_fd_sc_hd__a311oi_4)
                                                         _061_ (net)
                      0.324546    0.000606    7.995740 ^ max_cap30/A (sky130_fd_sc_hd__buf_6)
     5    0.026880    0.066366    0.179768    8.175508 ^ max_cap30/X (sky130_fd_sc_hd__buf_6)
                                                         net30 (net)
                      0.066371    0.000625    8.176134 ^ rebuffer3/A (sky130_fd_sc_hd__dlygate4sd1_1)
     1    0.005276    0.061780    0.212069    8.388203 ^ rebuffer3/X (sky130_fd_sc_hd__dlygate4sd1_1)
                                                         net72 (net)
                      0.061780    0.000197    8.388399 ^ _740_/A2 (sky130_fd_sc_hd__a211o_1)
     1    0.005082    0.058270    0.130615    8.519014 ^ _740_/X (sky130_fd_sc_hd__a211o_1)
                                                         _212_ (net)
                      0.058270    0.000187    8.519201 ^ _741_/B1 (sky130_fd_sc_hd__a21o_1)
     1    0.005351    0.057586    0.095044    8.614245 ^ _741_/X (sky130_fd_sc_hd__a21o_1)
                                                         net23 (net)
                      0.057586    0.000161    8.614407 ^ output23/A (sky130_fd_sc_hd__buf_6)
     1    0.034343    0.076962    0.129593    8.743999 ^ output23/X (sky130_fd_sc_hd__buf_6)
                                                         op_out[2] (net)
                      0.076969    0.000770    8.744770 ^ op_out[2] (out)
                                              8.744770   data arrival time

                      0.000000   10.000000   10.000000   clock __VIRTUAL_CLK__ (rise edge)
                                  0.000000   10.000000   clock network delay (ideal)
                                 -0.250000    9.750000   clock uncertainty
                                  0.000000    9.750000   clock reconvergence pessimism
                                 -2.000000    7.750000   output external delay
                                              7.750000   data required time
---------------------------------------------------------------------------------------------
                                              7.750000   data required time
                                             -8.744770   data arrival time
---------------------------------------------------------------------------------------------
                                             -0.994770   slack (VIOLATED)


Startpoint: op_b[7] (input port clocked by __VIRTUAL_CLK__)
Endpoint: op_out[3] (output port clocked by __VIRTUAL_CLK__)
Path Group: __VIRTUAL_CLK__
Path Type: max

Fanout         Cap        Slew       Delay        Time   Description
---------------------------------------------------------------------------------------------
                      0.000000    0.000000    0.000000   clock __VIRTUAL_CLK__ (rise edge)
                                  0.000000    0.000000   clock network delay (ideal)
                                  2.000000    2.000000 v input external delay
     1    0.002638    0.008250    0.004162    2.004162 v op_b[7] (in)
                                                         op_b[7] (net)
                      0.008251    0.000000    2.004162 v input20/A (sky130_fd_sc_hd__clkbuf_1)
     3    0.023575    0.139881    0.161267    2.165429 v input20/X (sky130_fd_sc_hd__clkbuf_1)
                                                         net20 (net)
                      0.139885    0.000906    2.166334 v fanout48/A (sky130_fd_sc_hd__buf_6)
     5    0.032000    0.042552    0.177566    2.343900 v fanout48/X (sky130_fd_sc_hd__buf_6)
                                                         net48 (net)
                      0.042651    0.001782    2.345683 v _469_/C (sky130_fd_sc_hd__or4_4)
     6    0.025525    0.119867    0.535730    2.881413 v _469_/X (sky130_fd_sc_hd__or4_4)
                                                         _306_ (net)
                      0.119872    0.000498    2.881910 v _474_/B1 (sky130_fd_sc_hd__a211o_1)
     3    0.007737    0.071587    0.318382    3.200292 v _474_/X (sky130_fd_sc_hd__a211o_1)
                                                         _360_ (net)
                      0.071587    0.000164    3.200456 v _481_/B1 (sky130_fd_sc_hd__a211o_1)
     4    0.012067    0.088508    0.322416    3.522872 v _481_/X (sky130_fd_sc_hd__a211o_1)
                                                         _410_ (net)
                      0.088508    0.000266    3.523139 v _484_/A1 (sky130_fd_sc_hd__a21o_1)
     4    0.014017    0.078588    0.215055    3.738194 v _484_/X (sky130_fd_sc_hd__a21o_1)
                                                         _413_ (net)
                      0.078588    0.000179    3.738373 v _494_/A2 (sky130_fd_sc_hd__a211o_1)
     3    0.011536    0.086397    0.346213    4.084586 v _494_/X (sky130_fd_sc_hd__a211o_1)
                                                         _423_ (net)
                      0.086397    0.000208    4.084795 v _496_/B1 (sky130_fd_sc_hd__a22o_1)
     3    0.011776    0.079194    0.233880    4.318674 v _496_/X (sky130_fd_sc_hd__a22o_1)
                                                         _425_ (net)
                      0.079195    0.000439    4.319113 v _499_/A (sky130_fd_sc_hd__and3_1)
     3    0.012188    0.075947    0.195565    4.514678 v _499_/X (sky130_fd_sc_hd__and3_1)
                                                         _428_ (net)
                      0.075947    0.000234    4.514913 v _509_/C1 (sky130_fd_sc_hd__a211o_4)
     3    0.015677    0.067638    0.297663    4.812576 v _509_/X (sky130_fd_sc_hd__a211o_4)
                                                         _438_ (net)
                      0.067640    0.000477    4.813052 v _515_/A2 (sky130_fd_sc_hd__a21oi_4)
     8    0.044785    0.337218    0.328185    5.141238 ^ _515_/Y (sky130_fd_sc_hd__a21oi_4)
                                                         _444_ (net)
                      0.337230    0.001619    5.142857 ^ _524_/S (sky130_fd_sc_hd__mux2_4)
     2    0.007393    0.056057    0.344420    5.487277 v _524_/X (sky130_fd_sc_hd__mux2_4)
                                                         _453_ (net)
                      0.056057    0.000200    5.487477 v _539_/A1 (sky130_fd_sc_hd__a221o_1)
     3    0.010125    0.087385    0.357152    5.844628 v _539_/X (sky130_fd_sc_hd__a221o_1)
                                                         _010_ (net)
                      0.087385    0.000214    5.844842 v _543_/A3 (sky130_fd_sc_hd__a311oi_2)
     4    0.016834    0.393871    0.433680    6.278522 ^ _543_/Y (sky130_fd_sc_hd__a311oi_2)
                                                         _014_ (net)
                      0.393871    0.000569    6.279092 ^ _548_/A (sky130_fd_sc_hd__nor2_2)
     2    0.018374    0.110827    0.138192    6.417284 v _548_/Y (sky130_fd_sc_hd__nor2_2)
                                                         _019_ (net)
                      0.110873    0.000743    6.418027 v _769_/A2 (sky130_fd_sc_hd__a211o_1)
     1    0.002363    0.044781    0.303972    6.721999 v _769_/X (sky130_fd_sc_hd__a211o_1)
                                                         _243_ (net)
                      0.044781    0.000069    6.722068 v _770_/A_N (sky130_fd_sc_hd__nand2b_1)
     1    0.002004    0.036812    0.129512    6.851581 v _770_/Y (sky130_fd_sc_hd__nand2b_1)
                                                         net24 (net)
                      0.036812    0.000056    6.851637 v output24/A (sky130_fd_sc_hd__buf_2)
     1    0.034463    0.090053    0.176831    7.028467 v output24/X (sky130_fd_sc_hd__buf_2)
                                                         op_out[3] (net)
                      0.090059    0.000794    7.029261 v op_out[3] (out)
                                              7.029261   data arrival time

                      0.000000   10.000000   10.000000   clock __VIRTUAL_CLK__ (rise edge)
                                  0.000000   10.000000   clock network delay (ideal)
                                 -0.250000    9.750000   clock uncertainty
                                  0.000000    9.750000   clock reconvergence pessimism
                                 -2.000000    7.750000   output external delay
                                              7.750000   data required time
---------------------------------------------------------------------------------------------
                                              7.750000   data required time
                                             -7.029261   data arrival time
---------------------------------------------------------------------------------------------
                                              0.720739   slack (MET)


Startpoint: op_b[7] (input port clocked by __VIRTUAL_CLK__)
Endpoint: op_out[4] (output port clocked by __VIRTUAL_CLK__)
Path Group: __VIRTUAL_CLK__
Path Type: max

Fanout         Cap        Slew       Delay        Time   Description
---------------------------------------------------------------------------------------------
                      0.000000    0.000000    0.000000   clock __VIRTUAL_CLK__ (rise edge)
                                  0.000000    0.000000   clock network delay (ideal)
                                  2.000000    2.000000 v input external delay
     1    0.002638    0.008250    0.004162    2.004162 v op_b[7] (in)
                                                         op_b[7] (net)
                      0.008251    0.000000    2.004162 v input20/A (sky130_fd_sc_hd__clkbuf_1)
     3    0.023575    0.139881    0.161267    2.165429 v input20/X (sky130_fd_sc_hd__clkbuf_1)
                                                         net20 (net)
                      0.139885    0.000906    2.166334 v fanout48/A (sky130_fd_sc_hd__buf_6)
     5    0.032000    0.042552    0.177566    2.343900 v fanout48/X (sky130_fd_sc_hd__buf_6)
                                                         net48 (net)
                      0.042651    0.001782    2.345683 v _469_/C (sky130_fd_sc_hd__or4_4)
     6    0.025525    0.119867    0.535730    2.881413 v _469_/X (sky130_fd_sc_hd__or4_4)
                                                         _306_ (net)
                      0.119872    0.000498    2.881910 v _474_/B1 (sky130_fd_sc_hd__a211o_1)
     3    0.007737    0.071587    0.318382    3.200292 v _474_/X (sky130_fd_sc_hd__a211o_1)
                                                         _360_ (net)
                      0.071587    0.000164    3.200456 v _481_/B1 (sky130_fd_sc_hd__a211o_1)
     4    0.012067    0.088508    0.322416    3.522872 v _481_/X (sky130_fd_sc_hd__a211o_1)
                                                         _410_ (net)
                      0.088508    0.000266    3.523139 v _484_/A1 (sky130_fd_sc_hd__a21o_1)
     4    0.014017    0.078588    0.215055    3.738194 v _484_/X (sky130_fd_sc_hd__a21o_1)
                                                         _413_ (net)
                      0.078588    0.000179    3.738373 v _494_/A2 (sky130_fd_sc_hd__a211o_1)
     3    0.011536    0.086397    0.346213    4.084586 v _494_/X (sky130_fd_sc_hd__a211o_1)
                                                         _423_ (net)
                      0.086397    0.000208    4.084795 v _496_/B1 (sky130_fd_sc_hd__a22o_1)
     3    0.011776    0.079194    0.233880    4.318674 v _496_/X (sky130_fd_sc_hd__a22o_1)
                                                         _425_ (net)
                      0.079195    0.000439    4.319113 v _499_/A (sky130_fd_sc_hd__and3_1)
     3    0.012188    0.075947    0.195565    4.514678 v _499_/X (sky130_fd_sc_hd__and3_1)
                                                         _428_ (net)
                      0.075947    0.000234    4.514913 v _509_/C1 (sky130_fd_sc_hd__a211o_4)
     3    0.015677    0.067638    0.297663    4.812576 v _509_/X (sky130_fd_sc_hd__a211o_4)
                                                         _438_ (net)
                      0.067640    0.000477    4.813052 v _515_/A2 (sky130_fd_sc_hd__a21oi_4)
     8    0.044785    0.337218    0.328185    5.141238 ^ _515_/Y (sky130_fd_sc_hd__a21oi_4)
                                                         _444_ (net)
                      0.337236    0.001980    5.143218 ^ _797_/A2 (sky130_fd_sc_hd__a211oi_1)
     1    0.003523    0.087841    0.133588    5.276806 v _797_/Y (sky130_fd_sc_hd__a211oi_1)
                                                         _272_ (net)
                      0.087841    0.000112    5.276918 v _798_/B1 (sky130_fd_sc_hd__o31ai_1)
     1    0.005588    0.263276    0.098551    5.375470 ^ _798_/Y (sky130_fd_sc_hd__o31ai_1)
                                                         net25 (net)
                      0.263276    0.000221    5.375690 ^ output25/A (sky130_fd_sc_hd__buf_4)
     1    0.034524    0.104786    0.222898    5.598588 ^ output25/X (sky130_fd_sc_hd__buf_4)
                                                         op_out[4] (net)
                      0.104791    0.000818    5.599407 ^ op_out[4] (out)
                                              5.599407   data arrival time

                      0.000000   10.000000   10.000000   clock __VIRTUAL_CLK__ (rise edge)
                                  0.000000   10.000000   clock network delay (ideal)
                                 -0.250000    9.750000   clock uncertainty
                                  0.000000    9.750000   clock reconvergence pessimism
                                 -2.000000    7.750000   output external delay
                                              7.750000   data required time
---------------------------------------------------------------------------------------------
                                              7.750000   data required time
                                             -5.599407   data arrival time
---------------------------------------------------------------------------------------------
                                              2.150593   slack (MET)


Startpoint: op_b[0] (input port clocked by __VIRTUAL_CLK__)
Endpoint: op_out[5] (output port clocked by __VIRTUAL_CLK__)
Path Group: __VIRTUAL_CLK__
Path Type: max

Fanout         Cap        Slew       Delay        Time   Description
---------------------------------------------------------------------------------------------
                      0.000000    0.000000    0.000000   clock __VIRTUAL_CLK__ (rise edge)
                                  0.000000    0.000000   clock network delay (ideal)
                                  2.000000    2.000000 ^ input external delay
     1    0.005538    0.031650    0.019597    2.019597 ^ op_b[0] (in)
                                                         op_b[0] (net)
                      0.031650    0.000000    2.019597 ^ input13/A (sky130_fd_sc_hd__buf_6)
     5    0.037596    0.083170    0.123754    2.143351 ^ input13/X (sky130_fd_sc_hd__buf_6)
                                                         net13 (net)
                      0.083227    0.001773    2.145125 ^ fanout66/A (sky130_fd_sc_hd__buf_8)
     5    0.042122    0.077400    0.137412    2.282537 ^ fanout66/X (sky130_fd_sc_hd__buf_8)
                                                         net66 (net)
                      0.077405    0.000722    2.283259 ^ fanout65/A (sky130_fd_sc_hd__buf_8)
    10    0.042384    0.077746    0.136020    2.419279 ^ fanout65/X (sky130_fd_sc_hd__buf_8)
                                                         net65 (net)
                      0.077845    0.001783    2.421061 ^ _458_/A (sky130_fd_sc_hd__inv_2)
     4    0.014565    0.041283    0.058562    2.479624 v _458_/Y (sky130_fd_sc_hd__inv_2)
                                                         _188_ (net)
                      0.041283    0.000213    2.479837 v fanout35/A (sky130_fd_sc_hd__clkbuf_4)
    10    0.048077    0.104620    0.201774    2.681611 v fanout35/X (sky130_fd_sc_hd__clkbuf_4)
                                                         net35 (net)
                      0.104629    0.001016    2.682627 v _536_/A (sky130_fd_sc_hd__nor2_4)
     4    0.017836    0.134634    0.174367    2.856994 ^ _536_/Y (sky130_fd_sc_hd__nor2_4)
                                                         _007_ (net)
                      0.134634    0.000420    2.857414 ^ _780_/A (sky130_fd_sc_hd__and3_1)
     2    0.012956    0.138735    0.235228    3.092642 ^ _780_/X (sky130_fd_sc_hd__and3_1)
                                                         _254_ (net)
                      0.138735    0.000519    3.093161 ^ _781_/B1 (sky130_fd_sc_hd__a21oi_4)
     2    0.013360    0.061923    0.055975    3.149136 v _781_/Y (sky130_fd_sc_hd__a21oi_4)
                                                         _255_ (net)
                      0.061924    0.000277    3.149413 v _805_/A3 (sky130_fd_sc_hd__a31oi_2)
     2    0.008943    0.184842    0.225794    3.375207 ^ _805_/Y (sky130_fd_sc_hd__a31oi_2)
                                                         _280_ (net)
                      0.184842    0.000268    3.375474 ^ _813_/A (sky130_fd_sc_hd__xnor2_1)
     2    0.005997    0.176848    0.162552    3.538027 ^ _813_/Y (sky130_fd_sc_hd__xnor2_1)
                                                         _289_ (net)
                      0.176848    0.000169    3.538196 ^ _814_/B (sky130_fd_sc_hd__or2_1)
     1    0.002502    0.038927    0.122051    3.660247 ^ _814_/X (sky130_fd_sc_hd__or2_1)
                                                         _290_ (net)
                      0.038927    0.000048    3.660295 ^ _816_/A (sky130_fd_sc_hd__nand2_1)
     2    0.007295    0.062012    0.065371    3.725666 v _816_/Y (sky130_fd_sc_hd__nand2_1)
                                                         _292_ (net)
                      0.062012    0.000246    3.725912 v _818_/B1 (sky130_fd_sc_hd__a21oi_1)
     2    0.013400    0.303338    0.266967    3.992879 ^ _818_/Y (sky130_fd_sc_hd__a21oi_1)
                                                         _294_ (net)
                      0.303338    0.000415    3.993294 ^ _819_/B (sky130_fd_sc_hd__nor2_4)
     2    0.011652    0.065391    0.066845    4.060139 v _819_/Y (sky130_fd_sc_hd__nor2_4)
                                                         _296_ (net)
                      0.065391    0.000208    4.060347 v _820_/B (sky130_fd_sc_hd__xnor2_2)
     2    0.006809    0.142790    0.149485    4.209832 ^ _820_/Y (sky130_fd_sc_hd__xnor2_2)
                                                         _297_ (net)
                      0.142790    0.000204    4.210036 ^ _821_/A (sky130_fd_sc_hd__or2_4)
     3    0.014843    0.059380    0.163351    4.373387 ^ _821_/X (sky130_fd_sc_hd__or2_4)
                                                         _298_ (net)
                      0.059380    0.000242    4.373629 ^ _824_/A (sky130_fd_sc_hd__nand2_1)
     3    0.008358    0.066772    0.077816    4.451445 v _824_/Y (sky130_fd_sc_hd__nand2_1)
                                                         _301_ (net)
                      0.066772    0.000152    4.451597 v _827_/A2 (sky130_fd_sc_hd__o21a_1)
     1    0.002668    0.034205    0.169664    4.621261 v _827_/X (sky130_fd_sc_hd__o21a_1)
                                                         _304_ (net)
                      0.034205    0.000076    4.621337 v _840_/B2 (sky130_fd_sc_hd__a221o_1)
     1    0.006378    0.070395    0.332696    4.954033 v _840_/X (sky130_fd_sc_hd__a221o_1)
                                                         _319_ (net)
                      0.070395    0.000222    4.954255 v _842_/B (sky130_fd_sc_hd__or3_1)
     1    0.005727    0.081086    0.370451    5.324706 v _842_/X (sky130_fd_sc_hd__or3_1)
                                                         net26 (net)
                      0.081086    0.000237    5.324943 v output26/A (sky130_fd_sc_hd__buf_4)
     1    0.034541    0.059379    0.184264    5.509207 v output26/X (sky130_fd_sc_hd__buf_4)
                                                         op_out[5] (net)
                      0.059390    0.000819    5.510026 v op_out[5] (out)
                                              5.510026   data arrival time

                      0.000000   10.000000   10.000000   clock __VIRTUAL_CLK__ (rise edge)
                                  0.000000   10.000000   clock network delay (ideal)
                                 -0.250000    9.750000   clock uncertainty
                                  0.000000    9.750000   clock reconvergence pessimism
                                 -2.000000    7.750000   output external delay
                                              7.750000   data required time
---------------------------------------------------------------------------------------------
                                              7.750000   data required time
                                             -5.510026   data arrival time
---------------------------------------------------------------------------------------------
                                              2.239974   slack (MET)


Startpoint: op_b[1] (input port clocked by __VIRTUAL_CLK__)
Endpoint: op_out[7] (output port clocked by __VIRTUAL_CLK__)
Path Group: __VIRTUAL_CLK__
Path Type: max

Fanout         Cap        Slew       Delay        Time   Description
---------------------------------------------------------------------------------------------
                      0.000000    0.000000    0.000000   clock __VIRTUAL_CLK__ (rise edge)
                                  0.000000    0.000000   clock network delay (ideal)
                                  2.000000    2.000000 ^ input external delay
     1    0.002808    0.019768    0.010347    2.010347 ^ op_b[1] (in)
                                                         op_b[1] (net)
                      0.019768    0.000000    2.010347 ^ input14/A (sky130_fd_sc_hd__clkbuf_1)
     1    0.006400    0.084091    0.100474    2.110821 ^ input14/X (sky130_fd_sc_hd__clkbuf_1)
                                                         net14 (net)
                      0.084120    0.000243    2.111065 ^ fanout64/A (sky130_fd_sc_hd__clkbuf_4)
     9    0.068204    0.207040    0.266725    2.377789 ^ fanout64/X (sky130_fd_sc_hd__clkbuf_4)
                                                         net64 (net)
                      0.207045    0.000831    2.378620 ^ fanout63/A (sky130_fd_sc_hd__buf_2)
    10    0.040155    0.198008    0.268644    2.647264 ^ fanout63/X (sky130_fd_sc_hd__buf_2)
                                                         net63 (net)
                      0.198011    0.001087    2.648351 ^ _862_/B1 (sky130_fd_sc_hd__a22oi_1)
     2    0.005270    0.089810    0.111553    2.759903 v _862_/Y (sky130_fd_sc_hd__a22oi_1)
                                                         _342_ (net)
                      0.089810    0.000109    2.760012 v _863_/B (sky130_fd_sc_hd__or2_4)
     1    0.004693    0.046594    0.240426    3.000438 v _863_/X (sky130_fd_sc_hd__or2_4)
                                                         _343_ (net)
                      0.046594    0.000139    3.000578 v _864_/B (sky130_fd_sc_hd__xor2_1)
     2    0.007195    0.188377    0.183980    3.184558 ^ _864_/X (sky130_fd_sc_hd__xor2_1)
                                                         _344_ (net)
                      0.188377    0.000224    3.184783 ^ _865_/C (sky130_fd_sc_hd__nor3_1)
     1    0.003242    0.085063    0.069893    3.254676 v _865_/Y (sky130_fd_sc_hd__nor3_1)
                                                         _345_ (net)
                      0.085063    0.000096    3.254771 v _867_/A (sky130_fd_sc_hd__or2_4)
     2    0.009014    0.052665    0.269393    3.524164 v _867_/X (sky130_fd_sc_hd__or2_4)
                                                         _347_ (net)
                      0.052665    0.000212    3.524376 v _869_/B (sky130_fd_sc_hd__xor2_1)
     2    0.005796    0.078635    0.152536    3.676912 v _869_/X (sky130_fd_sc_hd__xor2_1)
                                                         _350_ (net)
                      0.078635    0.000137    3.677049 v _870_/C (sky130_fd_sc_hd__and3_1)
     2    0.006527    0.052919    0.207603    3.884652 v _870_/X (sky130_fd_sc_hd__and3_1)
                                                         _351_ (net)
                      0.052919    0.000166    3.884818 v _873_/B (sky130_fd_sc_hd__or3_4)
     3    0.013456    0.080406    0.389422    4.274240 v _873_/X (sky130_fd_sc_hd__or3_4)
                                                         _354_ (net)
                      0.080406    0.000315    4.274555 v _875_/C (sky130_fd_sc_hd__and3_1)
     1    0.005786    0.049578    0.204794    4.479349 v _875_/X (sky130_fd_sc_hd__and3_1)
                                                         _356_ (net)
                      0.049578    0.000139    4.479488 v _893_/B (sky130_fd_sc_hd__xnor2_1)
     1    0.005175    0.060774    0.132725    4.612213 v _893_/Y (sky130_fd_sc_hd__xnor2_1)
                                                         _375_ (net)
                      0.060774    0.000159    4.612372 v _916_/B (sky130_fd_sc_hd__xnor2_1)
     2    0.006958    0.074088    0.147423    4.759795 v _916_/Y (sky130_fd_sc_hd__xnor2_1)
                                                         _400_ (net)
                      0.074088    0.000223    4.760019 v _917_/B (sky130_fd_sc_hd__or2_1)
     1    0.003371    0.051255    0.216562    4.976581 v _917_/X (sky130_fd_sc_hd__or2_1)
                                                         _401_ (net)
                      0.051255    0.000103    4.976684 v _923_/A2 (sky130_fd_sc_hd__a311o_1)
     1    0.005195    0.064810    0.321566    5.298250 v _923_/X (sky130_fd_sc_hd__a311o_1)
                                                         net28 (net)
                      0.064810    0.000161    5.298411 v output28/A (sky130_fd_sc_hd__buf_6)
     1    0.033963    0.043388    0.145269    5.443680 v output28/X (sky130_fd_sc_hd__buf_6)
                                                         op_out[7] (net)
                      0.043397    0.000624    5.444304 v op_out[7] (out)
                                              5.444304   data arrival time

                      0.000000   10.000000   10.000000   clock __VIRTUAL_CLK__ (rise edge)
                                  0.000000   10.000000   clock network delay (ideal)
                                 -0.250000    9.750000   clock uncertainty
                                  0.000000    9.750000   clock reconvergence pessimism
                                 -2.000000    7.750000   output external delay
                                              7.750000   data required time
---------------------------------------------------------------------------------------------
                                              7.750000   data required time
                                             -5.444304   data arrival time
---------------------------------------------------------------------------------------------
                                              2.305696   slack (MET)


Startpoint: op_b[0] (input port clocked by __VIRTUAL_CLK__)
Endpoint: op_out[6] (output port clocked by __VIRTUAL_CLK__)
Path Group: __VIRTUAL_CLK__
Path Type: max

Fanout         Cap        Slew       Delay        Time   Description
---------------------------------------------------------------------------------------------
                      0.000000    0.000000    0.000000   clock __VIRTUAL_CLK__ (rise edge)
                                  0.000000    0.000000   clock network delay (ideal)
                                  2.000000    2.000000 ^ input external delay
     1    0.005538    0.031650    0.019597    2.019597 ^ op_b[0] (in)
                                                         op_b[0] (net)
                      0.031650    0.000000    2.019597 ^ input13/A (sky130_fd_sc_hd__buf_6)
     5    0.037596    0.083170    0.123754    2.143351 ^ input13/X (sky130_fd_sc_hd__buf_6)
                                                         net13 (net)
                      0.083227    0.001773    2.145125 ^ fanout66/A (sky130_fd_sc_hd__buf_8)
     5    0.042122    0.077400    0.137412    2.282537 ^ fanout66/X (sky130_fd_sc_hd__buf_8)
                                                         net66 (net)
                      0.077405    0.000722    2.283259 ^ fanout65/A (sky130_fd_sc_hd__buf_8)
    10    0.042384    0.077746    0.136020    2.419279 ^ fanout65/X (sky130_fd_sc_hd__buf_8)
                                                         net65 (net)
                      0.077845    0.001783    2.421061 ^ _458_/A (sky130_fd_sc_hd__inv_2)
     4    0.014565    0.041283    0.058562    2.479624 v _458_/Y (sky130_fd_sc_hd__inv_2)
                                                         _188_ (net)
                      0.041283    0.000213    2.479837 v fanout35/A (sky130_fd_sc_hd__clkbuf_4)
    10    0.048077    0.104620    0.201774    2.681611 v fanout35/X (sky130_fd_sc_hd__clkbuf_4)
                                                         net35 (net)
                      0.104629    0.001016    2.682627 v _536_/A (sky130_fd_sc_hd__nor2_4)
     4    0.017836    0.134634    0.174367    2.856994 ^ _536_/Y (sky130_fd_sc_hd__nor2_4)
                                                         _007_ (net)
                      0.134634    0.000420    2.857414 ^ _780_/A (sky130_fd_sc_hd__and3_1)
     2    0.012956    0.138735    0.235228    3.092642 ^ _780_/X (sky130_fd_sc_hd__and3_1)
                                                         _254_ (net)
                      0.138735    0.000519    3.093161 ^ _781_/B1 (sky130_fd_sc_hd__a21oi_4)
     2    0.013360    0.061923    0.055975    3.149136 v _781_/Y (sky130_fd_sc_hd__a21oi_4)
                                                         _255_ (net)
                      0.061924    0.000277    3.149413 v _805_/A3 (sky130_fd_sc_hd__a31oi_2)
     2    0.008943    0.184842    0.225794    3.375207 ^ _805_/Y (sky130_fd_sc_hd__a31oi_2)
                                                         _280_ (net)
                      0.184842    0.000268    3.375474 ^ _813_/A (sky130_fd_sc_hd__xnor2_1)
     2    0.005997    0.176848    0.162552    3.538027 ^ _813_/Y (sky130_fd_sc_hd__xnor2_1)
                                                         _289_ (net)
                      0.176848    0.000169    3.538196 ^ _814_/B (sky130_fd_sc_hd__or2_1)
     1    0.002502    0.038927    0.122051    3.660247 ^ _814_/X (sky130_fd_sc_hd__or2_1)
                                                         _290_ (net)
                      0.038927    0.000048    3.660295 ^ _816_/A (sky130_fd_sc_hd__nand2_1)
     2    0.007295    0.062012    0.065371    3.725666 v _816_/Y (sky130_fd_sc_hd__nand2_1)
                                                         _292_ (net)
                      0.062012    0.000246    3.725912 v _818_/B1 (sky130_fd_sc_hd__a21oi_1)
     2    0.013400    0.303338    0.266967    3.992879 ^ _818_/Y (sky130_fd_sc_hd__a21oi_1)
                                                         _294_ (net)
                      0.303338    0.000415    3.993294 ^ _819_/B (sky130_fd_sc_hd__nor2_4)
     2    0.011652    0.065391    0.066845    4.060139 v _819_/Y (sky130_fd_sc_hd__nor2_4)
                                                         _296_ (net)
                      0.065391    0.000208    4.060347 v _820_/B (sky130_fd_sc_hd__xnor2_2)
     2    0.006331    0.059730    0.140574    4.200921 v _820_/Y (sky130_fd_sc_hd__xnor2_2)
                                                         _297_ (net)
                      0.059730    0.000188    4.201109 v _821_/A (sky130_fd_sc_hd__or2_4)
     3    0.014174    0.059841    0.271820    4.472929 v _821_/X (sky130_fd_sc_hd__or2_4)
                                                         _298_ (net)
                      0.059841    0.000231    4.473160 v _824_/A (sky130_fd_sc_hd__nand2_1)
     3    0.009161    0.096586    0.100194    4.573354 ^ _824_/Y (sky130_fd_sc_hd__nand2_1)
                                                         _301_ (net)
                      0.096586    0.000118    4.573472 ^ _826_/B (sky130_fd_sc_hd__nor2_1)
     3    0.009824    0.063132    0.077187    4.650659 v _826_/Y (sky130_fd_sc_hd__nor2_1)
                                                         _303_ (net)
                      0.063132    0.000219    4.650878 v _878_/A (sky130_fd_sc_hd__or2_1)
     1    0.003201    0.050175    0.229778    4.880656 v _878_/X (sky130_fd_sc_hd__or2_1)
                                                         _359_ (net)
                      0.050175    0.000100    4.880756 v _885_/A3 (sky130_fd_sc_hd__a31o_1)
     1    0.005250    0.047535    0.224521    5.105278 v _885_/X (sky130_fd_sc_hd__a31o_1)
                                                         net27 (net)
                      0.047535    0.000163    5.105441 v output27/A (sky130_fd_sc_hd__buf_6)
     1    0.035007    0.044228    0.138073    5.243514 v output27/X (sky130_fd_sc_hd__buf_6)
                                                         op_out[6] (net)
                      0.044249    0.000898    5.244412 v op_out[6] (out)
                                              5.244412   data arrival time

                      0.000000   10.000000   10.000000   clock __VIRTUAL_CLK__ (rise edge)
                                  0.000000   10.000000   clock network delay (ideal)
                                 -0.250000    9.750000   clock uncertainty
                                  0.000000    9.750000   clock reconvergence pessimism
                                 -2.000000    7.750000   output external delay
                                              7.750000   data required time
---------------------------------------------------------------------------------------------
                                              7.750000   data required time
                                             -5.244412   data arrival time
---------------------------------------------------------------------------------------------
                                              2.505588   slack (MET)



