
===========================================================================
report_checks -unconstrained
===========================================================================
======================= nom_ss_100C_1v60 Corner ===================================

Startpoint: op_b[0] (input port clocked by __VIRTUAL_CLK__)
Endpoint: op_out[0] (output port clocked by __VIRTUAL_CLK__)
Path Group: __VIRTUAL_CLK__
Path Type: max

Fanout         Cap        Slew       Delay        Time   Description
---------------------------------------------------------------------------------------------
                      0.000000    0.000000    0.000000   clock __VIRTUAL_CLK__ (rise edge)
                                  0.000000    0.000000   clock network delay (ideal)
                                  4.000000    4.000000 ^ input external delay
     1    0.002952    0.033258    0.016594    4.016594 ^ op_b[0] (in)
                                                         op_b[0] (net)
                      0.033258    0.000000    4.016594 ^ input13/A (sky130_fd_sc_hd__clkbuf_2)
     4    0.025780    0.226028    0.288267    4.304861 ^ input13/X (sky130_fd_sc_hd__clkbuf_2)
                                                         net13 (net)
                      0.226028    0.000849    4.305709 ^ fanout66/A (sky130_fd_sc_hd__buf_4)
    10    0.049623    0.229055    0.397949    4.703658 ^ fanout66/X (sky130_fd_sc_hd__buf_4)
                                                         net66 (net)
                      0.229055    0.000531    4.704189 ^ fanout65/A (sky130_fd_sc_hd__buf_4)
    10    0.040189    0.189863    0.371741    5.075930 ^ fanout65/X (sky130_fd_sc_hd__buf_4)
                                                         net65 (net)
                      0.189878    0.001876    5.077806 ^ _458_/A (sky130_fd_sc_hd__inv_2)
     4    0.013743    0.080371    0.140637    5.218443 v _458_/Y (sky130_fd_sc_hd__inv_2)
                                                         _188_ (net)
                      0.080371    0.000208    5.218651 v fanout35/A (sky130_fd_sc_hd__clkbuf_4)
    10    0.041452    0.161660    0.348172    5.566823 v fanout35/X (sky130_fd_sc_hd__clkbuf_4)
                                                         net35 (net)
                      0.161664    0.001072    5.567895 v _472_/A1 (sky130_fd_sc_hd__o41ai_4)
     5    0.016507    0.583894    0.788515    6.356411 ^ _472_/Y (sky130_fd_sc_hd__o41ai_4)
                                                         _338_ (net)
                      0.583894    0.000449    6.356860 ^ _481_/A2 (sky130_fd_sc_hd__a211o_1)
     4    0.014345    0.212388    0.528913    6.885773 ^ _481_/X (sky130_fd_sc_hd__a211o_1)
                                                         _410_ (net)
                      0.212388    0.000335    6.886107 ^ _484_/A1 (sky130_fd_sc_hd__a21o_1)
     4    0.013899    0.201501    0.368302    7.254409 ^ _484_/X (sky130_fd_sc_hd__a21o_1)
                                                         _413_ (net)
                      0.201501    0.000254    7.254663 ^ _493_/A1 (sky130_fd_sc_hd__a211oi_2)
     3    0.009433    0.144708    0.213176    7.467839 v _493_/Y (sky130_fd_sc_hd__a211oi_2)
                                                         _422_ (net)
                      0.144708    0.000243    7.468082 v _503_/D (sky130_fd_sc_hd__or4_4)
     3    0.008228    0.169012    0.885747    8.353830 v _503_/X (sky130_fd_sc_hd__or4_4)
                                                         _432_ (net)
                      0.169012    0.000180    8.354011 v _507_/A3 (sky130_fd_sc_hd__a31o_1)
     2    0.009100    0.117831    0.484209    8.838220 v _507_/X (sky130_fd_sc_hd__a31o_1)
                                                         _436_ (net)
                      0.117831    0.000232    8.838451 v _509_/A2 (sky130_fd_sc_hd__a211o_4)
     3    0.017333    0.109381    0.654373    9.492825 v _509_/X (sky130_fd_sc_hd__a211o_4)
                                                         _438_ (net)
                      0.109490    0.000512    9.493337 v _515_/A2 (sky130_fd_sc_hd__a21oi_4)
     5    0.019398    0.280566    0.349588    9.842925 ^ _515_/Y (sky130_fd_sc_hd__a21oi_4)
                                                         _444_ (net)
                      0.280566    0.000635    9.843560 ^ rebuffer5/A (sky130_fd_sc_hd__buf_6)
     3    0.013239    0.065518    0.262577   10.106136 ^ rebuffer5/X (sky130_fd_sc_hd__buf_6)
                                                         net74 (net)
                      0.065519    0.000398   10.106535 ^ _524_/S (sky130_fd_sc_hd__mux2_4)
     2    0.007569    0.093481    0.565049   10.671584 v _524_/X (sky130_fd_sc_hd__mux2_4)
                                                         _453_ (net)
                      0.093481    0.000205   10.671789 v _539_/A1 (sky130_fd_sc_hd__a221o_1)
     3    0.009737    0.158610    0.664593   11.336382 v _539_/X (sky130_fd_sc_hd__a221o_1)
                                                         _010_ (net)
                      0.158610    0.000131   11.336513 v _544_/A2 (sky130_fd_sc_hd__a311o_1)
     3    0.009030    0.151339    0.686777   12.023290 v _544_/X (sky130_fd_sc_hd__a311o_1)
                                                         _015_ (net)
                      0.151339    0.000290   12.023580 v _579_/A2 (sky130_fd_sc_hd__a21o_1)
     3    0.008445    0.104069    0.395875   12.419456 v _579_/X (sky130_fd_sc_hd__a21o_1)
                                                         _050_ (net)
                      0.104069    0.000237   12.419692 v _583_/C (sky130_fd_sc_hd__and3_1)
     2    0.005432    0.092539    0.401777   12.821469 v _583_/X (sky130_fd_sc_hd__and3_1)
                                                         _054_ (net)
                      0.092539    0.000123   12.821593 v _585_/A (sky130_fd_sc_hd__or4_4)
     1    0.003821    0.149170    1.042842   13.864435 v _585_/X (sky130_fd_sc_hd__or4_4)
                                                         _056_ (net)
                      0.149170    0.000122   13.864557 v _586_/B (sky130_fd_sc_hd__or4b_4)
     1    0.009251    0.171696    1.075754   14.940310 v _586_/X (sky130_fd_sc_hd__or4b_4)
                                                         _057_ (net)
                      0.171696    0.000295   14.940605 v _590_/A2 (sky130_fd_sc_hd__a311oi_4)
     4    0.019470    0.533621    0.632918   15.573524 ^ _590_/Y (sky130_fd_sc_hd__a311oi_4)
                                                         _061_ (net)
                      0.533621    0.000686   15.574209 ^ max_cap30/A (sky130_fd_sc_hd__buf_6)
     5    0.032912    0.122851    0.397216   15.971425 ^ max_cap30/X (sky130_fd_sc_hd__buf_6)
                                                         net30 (net)
                      0.122853    0.000766   15.972191 ^ _595_/S (sky130_fd_sc_hd__mux2_1)
     4    0.018513    0.243872    0.886292   16.858482 v _595_/X (sky130_fd_sc_hd__mux2_1)
                                                         _066_ (net)
                      0.243872    0.000854   16.859337 v _597_/B (sky130_fd_sc_hd__nor2_1)
     2    0.012283    0.389734    0.407324   17.266661 ^ _597_/Y (sky130_fd_sc_hd__nor2_1)
                                                         _068_ (net)
                      0.389734    0.000238   17.266899 ^ _608_/B1 (sky130_fd_sc_hd__a211oi_4)
     4    0.013656    0.128461    0.194843   17.461742 v _608_/Y (sky130_fd_sc_hd__a211oi_4)
                                                         _079_ (net)
                      0.128462    0.000373   17.462116 v rebuffer8/A (sky130_fd_sc_hd__dlygate4sd1_1)
     1    0.003277    0.064974    0.504851   17.966967 v rebuffer8/X (sky130_fd_sc_hd__dlygate4sd1_1)
                                                         net77 (net)
                      0.064974    0.000096   17.967064 v _639_/A2 (sky130_fd_sc_hd__o32a_1)
     1    0.007151    0.160013    0.659286   18.626348 v _639_/X (sky130_fd_sc_hd__o32a_1)
                                                         _110_ (net)
                      0.160013    0.000286   18.626635 v _640_/B (sky130_fd_sc_hd__xor2_1)
     1    0.002711    0.110576    0.296716   18.923351 v _640_/X (sky130_fd_sc_hd__xor2_1)
                                                         _111_ (net)
                      0.110576    0.000082   18.923431 v _641_/A1 (sky130_fd_sc_hd__mux2_1)
     2    0.006746    0.147669    0.720686   19.644117 v _641_/X (sky130_fd_sc_hd__mux2_1)
                                                         _112_ (net)
                      0.147669    0.000156   19.644274 v _643_/B (sky130_fd_sc_hd__nand2_1)
     2    0.007073    0.164876    0.179552   19.823826 ^ _643_/Y (sky130_fd_sc_hd__nand2_1)
                                                         _114_ (net)
                      0.164876    0.000149   19.823977 ^ _648_/B (sky130_fd_sc_hd__nand4b_1)
     2    0.005229    0.235285    0.283325   20.107302 v _648_/Y (sky130_fd_sc_hd__nand4b_1)
                                                         _119_ (net)
                      0.235285    0.000112   20.107412 v _672_/B1 (sky130_fd_sc_hd__o221a_1)
     1    0.003465    0.098864    0.500840   20.608253 v _672_/X (sky130_fd_sc_hd__o221a_1)
                                                         _143_ (net)
                      0.098928    0.000112   20.608366 v _675_/A1 (sky130_fd_sc_hd__o21a_1)
     1    0.002465    0.061905    0.341366   20.949732 v _675_/X (sky130_fd_sc_hd__o21a_1)
                                                         _146_ (net)
                      0.061905    0.000046   20.949778 v _679_/A2 (sky130_fd_sc_hd__o21a_1)
     1    0.008070    0.111079    0.351967   21.301744 v _679_/X (sky130_fd_sc_hd__o21a_1)
                                                         _150_ (net)
                      0.111079    0.000362   21.302107 v _700_/C (sky130_fd_sc_hd__or3_4)
     1    0.009275    0.133408    0.688132   21.990240 v _700_/X (sky130_fd_sc_hd__or3_4)
                                                         net21 (net)
                      0.133408    0.000382   21.990622 v output21/A (sky130_fd_sc_hd__buf_8)
     1    0.034659    0.068004    0.269498   22.260120 v output21/X (sky130_fd_sc_hd__buf_8)
                                                         op_out[0] (net)
                      0.068015    0.000869   22.260988 v op_out[0] (out)
                                             22.260988   data arrival time

                      0.000000   20.000000   20.000000   clock __VIRTUAL_CLK__ (rise edge)
                                  0.000000   20.000000   clock network delay (ideal)
                                 -0.250000   19.750002   clock uncertainty
                                  0.000000   19.750002   clock reconvergence pessimism
                                 -4.000000   15.750001   output external delay
                                             15.750001   data required time
---------------------------------------------------------------------------------------------
                                             15.750001   data required time
                                            -22.260988   data arrival time
---------------------------------------------------------------------------------------------
                                             -6.510987   slack (VIOLATED)




===========================================================================
report_checks --slack_max -0.01
============================================================================
======================= nom_ss_100C_1v60 Corner ===================================

Startpoint: op_b[0] (input port clocked by __VIRTUAL_CLK__)
Endpoint: op_out[0] (output port clocked by __VIRTUAL_CLK__)
Path Group: __VIRTUAL_CLK__
Path Type: max

Fanout         Cap        Slew       Delay        Time   Description
---------------------------------------------------------------------------------------------
                      0.000000    0.000000    0.000000   clock __VIRTUAL_CLK__ (rise edge)
                                  0.000000    0.000000   clock network delay (ideal)
                                  4.000000    4.000000 ^ input external delay
     1    0.002952    0.033258    0.016594    4.016594 ^ op_b[0] (in)
                                                         op_b[0] (net)
                      0.033258    0.000000    4.016594 ^ input13/A (sky130_fd_sc_hd__clkbuf_2)
     4    0.025780    0.226028    0.288267    4.304861 ^ input13/X (sky130_fd_sc_hd__clkbuf_2)
                                                         net13 (net)
                      0.226028    0.000849    4.305709 ^ fanout66/A (sky130_fd_sc_hd__buf_4)
    10    0.049623    0.229055    0.397949    4.703658 ^ fanout66/X (sky130_fd_sc_hd__buf_4)
                                                         net66 (net)
                      0.229055    0.000531    4.704189 ^ fanout65/A (sky130_fd_sc_hd__buf_4)
    10    0.040189    0.189863    0.371741    5.075930 ^ fanout65/X (sky130_fd_sc_hd__buf_4)
                                                         net65 (net)
                      0.189878    0.001876    5.077806 ^ _458_/A (sky130_fd_sc_hd__inv_2)
     4    0.013743    0.080371    0.140637    5.218443 v _458_/Y (sky130_fd_sc_hd__inv_2)
                                                         _188_ (net)
                      0.080371    0.000208    5.218651 v fanout35/A (sky130_fd_sc_hd__clkbuf_4)
    10    0.041452    0.161660    0.348172    5.566823 v fanout35/X (sky130_fd_sc_hd__clkbuf_4)
                                                         net35 (net)
                      0.161664    0.001072    5.567895 v _472_/A1 (sky130_fd_sc_hd__o41ai_4)
     5    0.016507    0.583894    0.788515    6.356411 ^ _472_/Y (sky130_fd_sc_hd__o41ai_4)
                                                         _338_ (net)
                      0.583894    0.000449    6.356860 ^ _481_/A2 (sky130_fd_sc_hd__a211o_1)
     4    0.014345    0.212388    0.528913    6.885773 ^ _481_/X (sky130_fd_sc_hd__a211o_1)
                                                         _410_ (net)
                      0.212388    0.000335    6.886107 ^ _484_/A1 (sky130_fd_sc_hd__a21o_1)
     4    0.013899    0.201501    0.368302    7.254409 ^ _484_/X (sky130_fd_sc_hd__a21o_1)
                                                         _413_ (net)
                      0.201501    0.000254    7.254663 ^ _493_/A1 (sky130_fd_sc_hd__a211oi_2)
     3    0.009433    0.144708    0.213176    7.467839 v _493_/Y (sky130_fd_sc_hd__a211oi_2)
                                                         _422_ (net)
                      0.144708    0.000243    7.468082 v _503_/D (sky130_fd_sc_hd__or4_4)
     3    0.008228    0.169012    0.885747    8.353830 v _503_/X (sky130_fd_sc_hd__or4_4)
                                                         _432_ (net)
                      0.169012    0.000180    8.354011 v _507_/A3 (sky130_fd_sc_hd__a31o_1)
     2    0.009100    0.117831    0.484209    8.838220 v _507_/X (sky130_fd_sc_hd__a31o_1)
                                                         _436_ (net)
                      0.117831    0.000232    8.838451 v _509_/A2 (sky130_fd_sc_hd__a211o_4)
     3    0.017333    0.109381    0.654373    9.492825 v _509_/X (sky130_fd_sc_hd__a211o_4)
                                                         _438_ (net)
                      0.109490    0.000512    9.493337 v _515_/A2 (sky130_fd_sc_hd__a21oi_4)
     5    0.019398    0.280566    0.349588    9.842925 ^ _515_/Y (sky130_fd_sc_hd__a21oi_4)
                                                         _444_ (net)
                      0.280566    0.000635    9.843560 ^ rebuffer5/A (sky130_fd_sc_hd__buf_6)
     3    0.013239    0.065518    0.262577   10.106136 ^ rebuffer5/X (sky130_fd_sc_hd__buf_6)
                                                         net74 (net)
                      0.065519    0.000398   10.106535 ^ _524_/S (sky130_fd_sc_hd__mux2_4)
     2    0.007569    0.093481    0.565049   10.671584 v _524_/X (sky130_fd_sc_hd__mux2_4)
                                                         _453_ (net)
                      0.093481    0.000205   10.671789 v _539_/A1 (sky130_fd_sc_hd__a221o_1)
     3    0.009737    0.158610    0.664593   11.336382 v _539_/X (sky130_fd_sc_hd__a221o_1)
                                                         _010_ (net)
                      0.158610    0.000131   11.336513 v _544_/A2 (sky130_fd_sc_hd__a311o_1)
     3    0.009030    0.151339    0.686777   12.023290 v _544_/X (sky130_fd_sc_hd__a311o_1)
                                                         _015_ (net)
                      0.151339    0.000290   12.023580 v _579_/A2 (sky130_fd_sc_hd__a21o_1)
     3    0.008445    0.104069    0.395875   12.419456 v _579_/X (sky130_fd_sc_hd__a21o_1)
                                                         _050_ (net)
                      0.104069    0.000237   12.419692 v _583_/C (sky130_fd_sc_hd__and3_1)
     2    0.005432    0.092539    0.401777   12.821469 v _583_/X (sky130_fd_sc_hd__and3_1)
                                                         _054_ (net)
                      0.092539    0.000123   12.821593 v _585_/A (sky130_fd_sc_hd__or4_4)
     1    0.003821    0.149170    1.042842   13.864435 v _585_/X (sky130_fd_sc_hd__or4_4)
                                                         _056_ (net)
                      0.149170    0.000122   13.864557 v _586_/B (sky130_fd_sc_hd__or4b_4)
     1    0.009251    0.171696    1.075754   14.940310 v _586_/X (sky130_fd_sc_hd__or4b_4)
                                                         _057_ (net)
                      0.171696    0.000295   14.940605 v _590_/A2 (sky130_fd_sc_hd__a311oi_4)
     4    0.019470    0.533621    0.632918   15.573524 ^ _590_/Y (sky130_fd_sc_hd__a311oi_4)
                                                         _061_ (net)
                      0.533621    0.000686   15.574209 ^ max_cap30/A (sky130_fd_sc_hd__buf_6)
     5    0.032912    0.122851    0.397216   15.971425 ^ max_cap30/X (sky130_fd_sc_hd__buf_6)
                                                         net30 (net)
                      0.122853    0.000766   15.972191 ^ _595_/S (sky130_fd_sc_hd__mux2_1)
     4    0.018513    0.243872    0.886292   16.858482 v _595_/X (sky130_fd_sc_hd__mux2_1)
                                                         _066_ (net)
                      0.243872    0.000854   16.859337 v _597_/B (sky130_fd_sc_hd__nor2_1)
     2    0.012283    0.389734    0.407324   17.266661 ^ _597_/Y (sky130_fd_sc_hd__nor2_1)
                                                         _068_ (net)
                      0.389734    0.000238   17.266899 ^ _608_/B1 (sky130_fd_sc_hd__a211oi_4)
     4    0.013656    0.128461    0.194843   17.461742 v _608_/Y (sky130_fd_sc_hd__a211oi_4)
                                                         _079_ (net)
                      0.128462    0.000373   17.462116 v rebuffer8/A (sky130_fd_sc_hd__dlygate4sd1_1)
     1    0.003277    0.064974    0.504851   17.966967 v rebuffer8/X (sky130_fd_sc_hd__dlygate4sd1_1)
                                                         net77 (net)
                      0.064974    0.000096   17.967064 v _639_/A2 (sky130_fd_sc_hd__o32a_1)
     1    0.007151    0.160013    0.659286   18.626348 v _639_/X (sky130_fd_sc_hd__o32a_1)
                                                         _110_ (net)
                      0.160013    0.000286   18.626635 v _640_/B (sky130_fd_sc_hd__xor2_1)
     1    0.002711    0.110576    0.296716   18.923351 v _640_/X (sky130_fd_sc_hd__xor2_1)
                                                         _111_ (net)
                      0.110576    0.000082   18.923431 v _641_/A1 (sky130_fd_sc_hd__mux2_1)
     2    0.006746    0.147669    0.720686   19.644117 v _641_/X (sky130_fd_sc_hd__mux2_1)
                                                         _112_ (net)
                      0.147669    0.000156   19.644274 v _643_/B (sky130_fd_sc_hd__nand2_1)
     2    0.007073    0.164876    0.179552   19.823826 ^ _643_/Y (sky130_fd_sc_hd__nand2_1)
                                                         _114_ (net)
                      0.164876    0.000149   19.823977 ^ _648_/B (sky130_fd_sc_hd__nand4b_1)
     2    0.005229    0.235285    0.283325   20.107302 v _648_/Y (sky130_fd_sc_hd__nand4b_1)
                                                         _119_ (net)
                      0.235285    0.000112   20.107412 v _672_/B1 (sky130_fd_sc_hd__o221a_1)
     1    0.003465    0.098864    0.500840   20.608253 v _672_/X (sky130_fd_sc_hd__o221a_1)
                                                         _143_ (net)
                      0.098928    0.000112   20.608366 v _675_/A1 (sky130_fd_sc_hd__o21a_1)
     1    0.002465    0.061905    0.341366   20.949732 v _675_/X (sky130_fd_sc_hd__o21a_1)
                                                         _146_ (net)
                      0.061905    0.000046   20.949778 v _679_/A2 (sky130_fd_sc_hd__o21a_1)
     1    0.008070    0.111079    0.351967   21.301744 v _679_/X (sky130_fd_sc_hd__o21a_1)
                                                         _150_ (net)
                      0.111079    0.000362   21.302107 v _700_/C (sky130_fd_sc_hd__or3_4)
     1    0.009275    0.133408    0.688132   21.990240 v _700_/X (sky130_fd_sc_hd__or3_4)
                                                         net21 (net)
                      0.133408    0.000382   21.990622 v output21/A (sky130_fd_sc_hd__buf_8)
     1    0.034659    0.068004    0.269498   22.260120 v output21/X (sky130_fd_sc_hd__buf_8)
                                                         op_out[0] (net)
                      0.068015    0.000869   22.260988 v op_out[0] (out)
                                             22.260988   data arrival time

                      0.000000   20.000000   20.000000   clock __VIRTUAL_CLK__ (rise edge)
                                  0.000000   20.000000   clock network delay (ideal)
                                 -0.250000   19.750002   clock uncertainty
                                  0.000000   19.750002   clock reconvergence pessimism
                                 -4.000000   15.750001   output external delay
                                             15.750001   data required time
---------------------------------------------------------------------------------------------
                                             15.750001   data required time
                                            -22.260988   data arrival time
---------------------------------------------------------------------------------------------
                                             -6.510987   slack (VIOLATED)




===========================================================================
 report_check_types -max_slew -max_cap -max_fanout -violators
============================================================================
======================= nom_ss_100C_1v60 Corner ===================================



===========================================================================
report_parasitic_annotation -report_unannotated
============================================================================
Found 0 unannotated drivers.
Found 0 partially unannotated drivers.

===========================================================================
max slew violation count 0
max fanout violation count 0
max cap violation count 0
============================================================================

===========================================================================
check_setup -verbose -unconstrained_endpoints -multiple_clock -no_clock -no_input_delay -loops -generated_clocks
===========================================================================
