
===========================================================================
report_checks -path_delay min (Hold)
============================================================================
======================= nom_ss_100C_1v60 Corner ===================================

Startpoint: op_a[5] (input port clocked by __VIRTUAL_CLK__)
Endpoint: op_out[5] (output port clocked by __VIRTUAL_CLK__)
Path Group: __VIRTUAL_CLK__
Path Type: min

Fanout         Cap        Slew       Delay        Time   Description
---------------------------------------------------------------------------------------------
                      0.000000    0.000000    0.000000   clock __VIRTUAL_CLK__ (rise edge)
                                  0.000000    0.000000   clock network delay (ideal)
                                  4.000000    4.000000 ^ input external delay
     1    0.002773    0.032076    0.015647    4.015647 ^ op_a[5] (in)
                                                         op_a[5] (net)
                      0.032076    0.000000    4.015647 ^ input10/A (sky130_fd_sc_hd__clkbuf_2)
     5    0.028198    0.245887    0.300664    4.316311 ^ input10/X (sky130_fd_sc_hd__clkbuf_2)
                                                         net10 (net)
                      0.245920    0.002382    4.318693 ^ _839_/A1 (sky130_fd_sc_hd__a32o_1)
     1    0.002046    0.083286    0.361774    4.680467 ^ _839_/X (sky130_fd_sc_hd__a32o_1)
                                                         _318_ (net)
                      0.083286    0.000057    4.680524 ^ _842_/A (sky130_fd_sc_hd__or3_1)
     1    0.005521    0.097638    0.205476    4.886000 ^ _842_/X (sky130_fd_sc_hd__or3_1)
                                                         net26 (net)
                      0.097638    0.000234    4.886234 ^ output26/A (sky130_fd_sc_hd__buf_2)
     1    0.034394    0.273155    0.356949    5.243183 ^ output26/X (sky130_fd_sc_hd__buf_2)
                                                         op_out[5] (net)
                      0.273155    0.000789    5.243972 ^ op_out[5] (out)
                                              5.243972   data arrival time

                      0.000000    0.000000    0.000000   clock __VIRTUAL_CLK__ (rise edge)
                                  0.000000    0.000000   clock network delay (ideal)
                                  0.250000    0.250000   clock uncertainty
                                  0.000000    0.250000   clock reconvergence pessimism
                                 -4.000000   -3.750000   output external delay
                                             -3.750000   data required time
---------------------------------------------------------------------------------------------
                                             -3.750000   data required time
                                             -5.243972   data arrival time
---------------------------------------------------------------------------------------------
                                              8.993972   slack (MET)


Startpoint: inst[2] (input port clocked by __VIRTUAL_CLK__)
Endpoint: op_out[0] (output port clocked by __VIRTUAL_CLK__)
Path Group: __VIRTUAL_CLK__
Path Type: min

Fanout         Cap        Slew       Delay        Time   Description
---------------------------------------------------------------------------------------------
                      0.000000    0.000000    0.000000   clock __VIRTUAL_CLK__ (rise edge)
                                  0.000000    0.000000   clock network delay (ideal)
                                  4.000000    4.000000 v input external delay
     1    0.003260    0.020230    0.010689    4.010689 v inst[2] (in)
                                                         inst[2] (net)
                      0.020230    0.000000    4.010689 v input3/A (sky130_fd_sc_hd__clkbuf_2)
     8    0.026517    0.190349    0.275969    4.286657 v input3/X (sky130_fd_sc_hd__clkbuf_2)
                                                         net3 (net)
                      0.190353    0.001151    4.287808 v _459_/A (sky130_fd_sc_hd__inv_2)
     4    0.011326    0.106088    0.163625    4.451433 ^ _459_/Y (sky130_fd_sc_hd__inv_2)
                                                         _199_ (net)
                      0.106088    0.000241    4.451674 ^ _685_/B1 (sky130_fd_sc_hd__o2111a_1)
     1    0.003212    0.094562    0.408446    4.860119 ^ _685_/X (sky130_fd_sc_hd__o2111a_1)
                                                         _156_ (net)
                      0.094562    0.000069    4.860188 ^ _700_/B (sky130_fd_sc_hd__or3_4)
     1    0.009876    0.074070    0.235223    5.095411 ^ _700_/X (sky130_fd_sc_hd__or3_4)
                                                         net21 (net)
                      0.074071    0.000409    5.095819 ^ output21/A (sky130_fd_sc_hd__buf_8)
     1    0.034659    0.105393    0.206986    5.302805 ^ output21/X (sky130_fd_sc_hd__buf_8)
                                                         op_out[0] (net)
                      0.105398    0.000869    5.303674 ^ op_out[0] (out)
                                              5.303674   data arrival time

                      0.000000    0.000000    0.000000   clock __VIRTUAL_CLK__ (rise edge)
                                  0.000000    0.000000   clock network delay (ideal)
                                  0.250000    0.250000   clock uncertainty
                                  0.000000    0.250000   clock reconvergence pessimism
                                 -4.000000   -3.750000   output external delay
                                             -3.750000   data required time
---------------------------------------------------------------------------------------------
                                             -3.750000   data required time
                                             -5.303674   data arrival time
---------------------------------------------------------------------------------------------
                                              9.053674   slack (MET)


Startpoint: inst[2] (input port clocked by __VIRTUAL_CLK__)
Endpoint: op_out[4] (output port clocked by __VIRTUAL_CLK__)
Path Group: __VIRTUAL_CLK__
Path Type: min

Fanout         Cap        Slew       Delay        Time   Description
---------------------------------------------------------------------------------------------
                      0.000000    0.000000    0.000000   clock __VIRTUAL_CLK__ (rise edge)
                                  0.000000    0.000000   clock network delay (ideal)
                                  4.000000    4.000000 ^ input external delay
     1    0.003445    0.036550    0.019201    4.019201 ^ inst[2] (in)
                                                         inst[2] (net)
                      0.036550    0.000000    4.019201 ^ input3/A (sky130_fd_sc_hd__clkbuf_2)
     8    0.027955    0.243673    0.301940    4.321141 ^ input3/X (sky130_fd_sc_hd__clkbuf_2)
                                                         net3 (net)
                      0.243674    0.001070    4.322211 ^ _690_/A (sky130_fd_sc_hd__or4b_4)
     8    0.035907    0.182015    0.404389    4.726599 ^ _690_/X (sky130_fd_sc_hd__or4b_4)
                                                         _161_ (net)
                      0.182056    0.002681    4.729280 ^ _798_/A1 (sky130_fd_sc_hd__o31ai_1)
     1    0.004734    0.107163    0.219567    4.948848 v _798_/Y (sky130_fd_sc_hd__o31ai_1)
                                                         net25 (net)
                      0.107163    0.000183    4.949031 v output25/A (sky130_fd_sc_hd__buf_2)
     1    0.034398    0.166456    0.362600    5.311631 v output25/X (sky130_fd_sc_hd__buf_2)
                                                         op_out[4] (net)
                      0.166457    0.000789    5.312420 v op_out[4] (out)
                                              5.312420   data arrival time

                      0.000000    0.000000    0.000000   clock __VIRTUAL_CLK__ (rise edge)
                                  0.000000    0.000000   clock network delay (ideal)
                                  0.250000    0.250000   clock uncertainty
                                  0.000000    0.250000   clock reconvergence pessimism
                                 -4.000000   -3.750000   output external delay
                                             -3.750000   data required time
---------------------------------------------------------------------------------------------
                                             -3.750000   data required time
                                             -5.312420   data arrival time
---------------------------------------------------------------------------------------------
                                              9.062421   slack (MET)


Startpoint: inst[2] (input port clocked by __VIRTUAL_CLK__)
Endpoint: op_out[3] (output port clocked by __VIRTUAL_CLK__)
Path Group: __VIRTUAL_CLK__
Path Type: min

Fanout         Cap        Slew       Delay        Time   Description
---------------------------------------------------------------------------------------------
                      0.000000    0.000000    0.000000   clock __VIRTUAL_CLK__ (rise edge)
                                  0.000000    0.000000   clock network delay (ideal)
                                  4.000000    4.000000 ^ input external delay
     1    0.003445    0.036550    0.019201    4.019201 ^ inst[2] (in)
                                                         inst[2] (net)
                      0.036550    0.000000    4.019201 ^ input3/A (sky130_fd_sc_hd__clkbuf_2)
     8    0.027955    0.243673    0.301940    4.321141 ^ input3/X (sky130_fd_sc_hd__clkbuf_2)
                                                         net3 (net)
                      0.243674    0.001070    4.322211 ^ _690_/A (sky130_fd_sc_hd__or4b_4)
     8    0.035907    0.182015    0.404389    4.726599 ^ _690_/X (sky130_fd_sc_hd__or4b_4)
                                                         _161_ (net)
                      0.182036    0.002070    4.728669 ^ _749_/A (sky130_fd_sc_hd__or3b_1)
     1    0.002922    0.063926    0.224718    4.953388 ^ _749_/X (sky130_fd_sc_hd__or3b_1)
                                                         _221_ (net)
                      0.063926    0.000085    4.953473 ^ _770_/B (sky130_fd_sc_hd__nand2b_1)
     1    0.001974    0.064446    0.097644    5.051117 v _770_/Y (sky130_fd_sc_hd__nand2b_1)
                                                         net24 (net)
                      0.064446    0.000056    5.051173 v output24/A (sky130_fd_sc_hd__buf_2)
     1    0.034463    0.166749    0.342562    5.393735 v output24/X (sky130_fd_sc_hd__buf_2)
                                                         op_out[3] (net)
                      0.166750    0.000794    5.394529 v op_out[3] (out)
                                              5.394529   data arrival time

                      0.000000    0.000000    0.000000   clock __VIRTUAL_CLK__ (rise edge)
                                  0.000000    0.000000   clock network delay (ideal)
                                  0.250000    0.250000   clock uncertainty
                                  0.000000    0.250000   clock reconvergence pessimism
                                 -4.000000   -3.750000   output external delay
                                             -3.750000   data required time
---------------------------------------------------------------------------------------------
                                             -3.750000   data required time
                                             -5.394529   data arrival time
---------------------------------------------------------------------------------------------
                                              9.144529   slack (MET)


Startpoint: inst[2] (input port clocked by __VIRTUAL_CLK__)
Endpoint: op_out[2] (output port clocked by __VIRTUAL_CLK__)
Path Group: __VIRTUAL_CLK__
Path Type: min

Fanout         Cap        Slew       Delay        Time   Description
---------------------------------------------------------------------------------------------
                      0.000000    0.000000    0.000000   clock __VIRTUAL_CLK__ (rise edge)
                                  0.000000    0.000000   clock network delay (ideal)
                                  4.000000    4.000000 ^ input external delay
     1    0.003445    0.036550    0.019201    4.019201 ^ inst[2] (in)
                                                         inst[2] (net)
                      0.036550    0.000000    4.019201 ^ input3/A (sky130_fd_sc_hd__clkbuf_2)
     8    0.027955    0.243673    0.301940    4.321141 ^ input3/X (sky130_fd_sc_hd__clkbuf_2)
                                                         net3 (net)
                      0.243674    0.001070    4.322211 ^ _690_/A (sky130_fd_sc_hd__or4b_4)
     8    0.035907    0.182015    0.404389    4.726599 ^ _690_/X (sky130_fd_sc_hd__or4b_4)
                                                         _161_ (net)
                      0.182040    0.002213    4.728812 ^ _725_/B1 (sky130_fd_sc_hd__a31oi_1)
     1    0.002563    0.065053    0.110961    4.839774 v _725_/Y (sky130_fd_sc_hd__a31oi_1)
                                                         _195_ (net)
                      0.065053    0.000073    4.839847 v _741_/A2 (sky130_fd_sc_hd__a21o_1)
     1    0.004889    0.075023    0.331817    5.171664 v _741_/X (sky130_fd_sc_hd__a21o_1)
                                                         net23 (net)
                      0.075023    0.000146    5.171810 v output23/A (sky130_fd_sc_hd__buf_6)
     1    0.034343    0.076041    0.249248    5.421058 v output23/X (sky130_fd_sc_hd__buf_6)
                                                         op_out[2] (net)
                      0.076048    0.000770    5.421828 v op_out[2] (out)
                                              5.421828   data arrival time

                      0.000000    0.000000    0.000000   clock __VIRTUAL_CLK__ (rise edge)
                                  0.000000    0.000000   clock network delay (ideal)
                                  0.250000    0.250000   clock uncertainty
                                  0.000000    0.250000   clock reconvergence pessimism
                                 -4.000000   -3.750000   output external delay
                                             -3.750000   data required time
---------------------------------------------------------------------------------------------
                                             -3.750000   data required time
                                             -5.421828   data arrival time
---------------------------------------------------------------------------------------------
                                              9.171828   slack (MET)


Startpoint: op_a[7] (input port clocked by __VIRTUAL_CLK__)
Endpoint: op_out[6] (output port clocked by __VIRTUAL_CLK__)
Path Group: __VIRTUAL_CLK__
Path Type: min

Fanout         Cap        Slew       Delay        Time   Description
---------------------------------------------------------------------------------------------
                      0.000000    0.000000    0.000000   clock __VIRTUAL_CLK__ (rise edge)
                                  0.000000    0.000000   clock network delay (ideal)
                                  4.000000    4.000000 ^ input external delay
     1    0.003537    0.037173    0.019689    4.019689 ^ op_a[7] (in)
                                                         op_a[7] (net)
                      0.037173    0.000000    4.019689 ^ input12/A (sky130_fd_sc_hd__clkbuf_4)
     9    0.045620    0.229082    0.349190    4.368879 ^ input12/X (sky130_fd_sc_hd__clkbuf_4)
                                                         net12 (net)
                      0.229096    0.002009    4.370888 ^ _883_/A1 (sky130_fd_sc_hd__a211o_1)
     1    0.004236    0.077611    0.304983    4.675871 ^ _883_/X (sky130_fd_sc_hd__a211o_1)
                                                         _365_ (net)
                      0.077611    0.000141    4.676013 ^ _884_/C1 (sky130_fd_sc_hd__a211o_1)
     1    0.008483    0.130583    0.214693    4.890706 ^ _884_/X (sky130_fd_sc_hd__a211o_1)
                                                         _366_ (net)
                      0.130583    0.000365    4.891071 ^ _885_/B1 (sky130_fd_sc_hd__a31o_1)
     1    0.002785    0.070863    0.186064    5.077136 ^ _885_/X (sky130_fd_sc_hd__a31o_1)
                                                         net27 (net)
                      0.070863    0.000084    5.077220 ^ output27/A (sky130_fd_sc_hd__buf_2)
     1    0.034326    0.272588    0.344169    5.421389 ^ output27/X (sky130_fd_sc_hd__buf_2)
                                                         op_out[6] (net)
                      0.272588    0.000717    5.422106 ^ op_out[6] (out)
                                              5.422106   data arrival time

                      0.000000    0.000000    0.000000   clock __VIRTUAL_CLK__ (rise edge)
                                  0.000000    0.000000   clock network delay (ideal)
                                  0.250000    0.250000   clock uncertainty
                                  0.000000    0.250000   clock reconvergence pessimism
                                 -4.000000   -3.750000   output external delay
                                             -3.750000   data required time
---------------------------------------------------------------------------------------------
                                             -3.750000   data required time
                                             -5.422106   data arrival time
---------------------------------------------------------------------------------------------
                                              9.172105   slack (MET)


Startpoint: op_a[1] (input port clocked by __VIRTUAL_CLK__)
Endpoint: op_out[1] (output port clocked by __VIRTUAL_CLK__)
Path Group: __VIRTUAL_CLK__
Path Type: min

Fanout         Cap        Slew       Delay        Time   Description
---------------------------------------------------------------------------------------------
                      0.000000    0.000000    0.000000   clock __VIRTUAL_CLK__ (rise edge)
                                  0.000000    0.000000   clock network delay (ideal)
                                  4.000000    4.000000 ^ input external delay
     1    0.002632    0.031142    0.014901    4.014902 ^ op_a[1] (in)
                                                         op_a[1] (net)
                      0.031142    0.000000    4.014902 ^ input6/A (sky130_fd_sc_hd__buf_1)
     3    0.020296    0.388403    0.358810    4.373712 ^ input6/X (sky130_fd_sc_hd__buf_1)
                                                         net6 (net)
                      0.388411    0.001533    4.375244 ^ _703_/A1 (sky130_fd_sc_hd__o22a_1)
     1    0.002618    0.070162    0.387188    4.762433 ^ _703_/X (sky130_fd_sc_hd__o22a_1)
                                                         _173_ (net)
                      0.070162    0.000077    4.762509 ^ _710_/A (sky130_fd_sc_hd__or3_1)
     1    0.009887    0.157089    0.243497    5.006006 ^ _710_/X (sky130_fd_sc_hd__or3_1)
                                                         _180_ (net)
                      0.157089    0.000378    5.006384 ^ _718_/A (sky130_fd_sc_hd__or2_4)
     1    0.007467    0.065101    0.248861    5.255246 ^ _718_/X (sky130_fd_sc_hd__or2_4)
                                                         net22 (net)
                      0.065101    0.000221    5.255467 ^ output22/A (sky130_fd_sc_hd__buf_8)
     1    0.034649    0.105376    0.202954    5.458421 ^ output22/X (sky130_fd_sc_hd__buf_8)
                                                         op_out[1] (net)
                      0.105381    0.000855    5.459276 ^ op_out[1] (out)
                                              5.459276   data arrival time

                      0.000000    0.000000    0.000000   clock __VIRTUAL_CLK__ (rise edge)
                                  0.000000    0.000000   clock network delay (ideal)
                                  0.250000    0.250000   clock uncertainty
                                  0.000000    0.250000   clock reconvergence pessimism
                                 -4.000000   -3.750000   output external delay
                                             -3.750000   data required time
---------------------------------------------------------------------------------------------
                                             -3.750000   data required time
                                             -5.459276   data arrival time
---------------------------------------------------------------------------------------------
                                              9.209275   slack (MET)


Startpoint: op_a[6] (input port clocked by __VIRTUAL_CLK__)
Endpoint: op_out[7] (output port clocked by __VIRTUAL_CLK__)
Path Group: __VIRTUAL_CLK__
Path Type: min

Fanout         Cap        Slew       Delay        Time   Description
---------------------------------------------------------------------------------------------
                      0.000000    0.000000    0.000000   clock __VIRTUAL_CLK__ (rise edge)
                                  0.000000    0.000000   clock network delay (ideal)
                                  4.000000    4.000000 ^ input external delay
     1    0.003056    0.033944    0.017146    4.017146 ^ op_a[6] (in)
                                                         op_a[6] (net)
                      0.033944    0.000000    4.017146 ^ input11/A (sky130_fd_sc_hd__buf_1)
     2    0.009399    0.190164    0.220159    4.237305 ^ input11/X (sky130_fd_sc_hd__buf_1)
                                                         net11 (net)
                      0.190223    0.000434    4.237739 ^ fanout68/A (sky130_fd_sc_hd__clkbuf_2)
     6    0.024297    0.213952    0.351677    4.589416 ^ fanout68/X (sky130_fd_sc_hd__clkbuf_2)
                                                         net68 (net)
                      0.213952    0.000509    4.589925 ^ _922_/A1 (sky130_fd_sc_hd__a211o_1)
     1    0.008458    0.130339    0.341484    4.931409 ^ _922_/X (sky130_fd_sc_hd__a211o_1)
                                                         _407_ (net)
                      0.130339    0.000277    4.931686 ^ _923_/B1 (sky130_fd_sc_hd__a311o_1)
     1    0.002989    0.081150    0.213733    5.145419 ^ _923_/X (sky130_fd_sc_hd__a311o_1)
                                                         net28 (net)
                      0.081150    0.000092    5.145511 ^ output28/A (sky130_fd_sc_hd__buf_2)
     1    0.033940    0.269722    0.346930    5.492441 ^ output28/X (sky130_fd_sc_hd__buf_2)
                                                         op_out[7] (net)
                      0.269722    0.000614    5.493054 ^ op_out[7] (out)
                                              5.493054   data arrival time

                      0.000000    0.000000    0.000000   clock __VIRTUAL_CLK__ (rise edge)
                                  0.000000    0.000000   clock network delay (ideal)
                                  0.250000    0.250000   clock uncertainty
                                  0.000000    0.250000   clock reconvergence pessimism
                                 -4.000000   -3.750000   output external delay
                                             -3.750000   data required time
---------------------------------------------------------------------------------------------
                                             -3.750000   data required time
                                             -5.493054   data arrival time
---------------------------------------------------------------------------------------------
                                              9.243054   slack (MET)



