
===========================================================================
report_checks -unconstrained
===========================================================================
======================= nom_ff_n40C_1v95 Corner ===================================

Startpoint: op_b[0] (input port clocked by __VIRTUAL_CLK__)
Endpoint: op_out[0] (output port clocked by __VIRTUAL_CLK__)
Path Group: __VIRTUAL_CLK__
Path Type: max

Fanout         Cap        Slew       Delay        Time   Description
---------------------------------------------------------------------------------------------
                      0.000000    0.000000    0.000000   clock __VIRTUAL_CLK__ (rise edge)
                                  0.000000    0.000000   clock network delay (ideal)
                                  4.000000    4.000000 ^ input external delay
     1    0.003011    0.014669    0.007792    4.007792 ^ op_b[0] (in)
                                                         op_b[0] (net)
                      0.014674    0.000000    4.007792 ^ input13/A (sky130_fd_sc_hd__clkbuf_2)
     4    0.026059    0.112022    0.118718    4.126511 ^ input13/X (sky130_fd_sc_hd__clkbuf_2)
                                                         net13 (net)
                      0.112032    0.000856    4.127367 ^ fanout66/A (sky130_fd_sc_hd__buf_4)
    10    0.050000    0.108081    0.145469    4.272836 ^ fanout66/X (sky130_fd_sc_hd__buf_4)
                                                         net66 (net)
                      0.108085    0.000535    4.273371 ^ fanout65/A (sky130_fd_sc_hd__buf_4)
    10    0.041057    0.090051    0.133133    4.406503 ^ fanout65/X (sky130_fd_sc_hd__buf_4)
                                                         net65 (net)
                      0.090111    0.001903    4.408406 ^ _458_/A (sky130_fd_sc_hd__inv_2)
     4    0.013867    0.038600    0.038736    4.447142 v _458_/Y (sky130_fd_sc_hd__inv_2)
                                                         _188_ (net)
                      0.038601    0.000210    4.447351 v fanout35/A (sky130_fd_sc_hd__clkbuf_4)
    10    0.041645    0.065656    0.133807    4.581158 v fanout35/X (sky130_fd_sc_hd__clkbuf_4)
                                                         net35 (net)
                      0.065675    0.001071    4.582230 v _472_/A1 (sky130_fd_sc_hd__o41ai_4)
     5    0.017193    0.277404    0.320671    4.902900 ^ _472_/Y (sky130_fd_sc_hd__o41ai_4)
                                                         _338_ (net)
                      0.277404    0.000469    4.903369 ^ _481_/A2 (sky130_fd_sc_hd__a211o_1)
     4    0.014798    0.102693    0.149911    5.053280 ^ _481_/X (sky130_fd_sc_hd__a211o_1)
                                                         _410_ (net)
                      0.102693    0.000345    5.053624 ^ _484_/A1 (sky130_fd_sc_hd__a21o_1)
     4    0.014299    0.098326    0.124963    5.178587 ^ _484_/X (sky130_fd_sc_hd__a21o_1)
                                                         _413_ (net)
                      0.098326    0.000258    5.178845 ^ _493_/A1 (sky130_fd_sc_hd__a211oi_2)
     3    0.009385    0.054171    0.058739    5.237584 v _493_/Y (sky130_fd_sc_hd__a211oi_2)
                                                         _422_ (net)
                      0.054172    0.000241    5.237825 v _503_/D (sky130_fd_sc_hd__or4_4)
     3    0.008179    0.062925    0.254718    5.492543 v _503_/X (sky130_fd_sc_hd__or4_4)
                                                         _432_ (net)
                      0.062925    0.000179    5.492723 v _507_/A3 (sky130_fd_sc_hd__a31o_1)
     2    0.009133    0.047126    0.169007    5.661729 v _507_/X (sky130_fd_sc_hd__a31o_1)
                                                         _436_ (net)
                      0.047126    0.000234    5.661963 v _509_/A2 (sky130_fd_sc_hd__a211o_4)
     3    0.017173    0.049855    0.228506    5.890469 v _509_/X (sky130_fd_sc_hd__a211o_4)
                                                         _438_ (net)
                      0.049859    0.000507    5.890976 v _515_/A2 (sky130_fd_sc_hd__a21oi_4)
     5    0.020175    0.138462    0.152608    6.043584 ^ _515_/Y (sky130_fd_sc_hd__a21oi_4)
                                                         _444_ (net)
                      0.138463    0.000656    6.044240 ^ rebuffer5/A (sky130_fd_sc_hd__buf_6)
     3    0.013867    0.031400    0.080445    6.124685 ^ rebuffer5/X (sky130_fd_sc_hd__buf_6)
                                                         net74 (net)
                      0.031406    0.000414    6.125100 ^ _524_/S (sky130_fd_sc_hd__mux2_4)
     2    0.007583    0.041813    0.185838    6.310938 v _524_/X (sky130_fd_sc_hd__mux2_4)
                                                         _453_ (net)
                      0.041813    0.000205    6.311142 v _539_/A1 (sky130_fd_sc_hd__a221o_1)
     3    0.009649    0.056158    0.190815    6.501957 v _539_/X (sky130_fd_sc_hd__a221o_1)
                                                         _010_ (net)
                      0.056158    0.000130    6.502087 v _544_/A2 (sky130_fd_sc_hd__a311o_1)
     3    0.009167    0.061720    0.224860    6.726947 v _544_/X (sky130_fd_sc_hd__a311o_1)
                                                         _015_ (net)
                      0.061720    0.000295    6.727242 v _579_/A2 (sky130_fd_sc_hd__a21o_1)
     3    0.008802    0.041870    0.140707    6.867949 v _579_/X (sky130_fd_sc_hd__a21o_1)
                                                         _050_ (net)
                      0.041871    0.000248    6.868197 v _583_/C (sky130_fd_sc_hd__and3_1)
     2    0.005381    0.034868    0.124042    6.992239 v _583_/X (sky130_fd_sc_hd__and3_1)
                                                         _054_ (net)
                      0.034868    0.000122    6.992361 v _585_/A (sky130_fd_sc_hd__or4_4)
     1    0.003786    0.056822    0.313880    7.306241 v _585_/X (sky130_fd_sc_hd__or4_4)
                                                         _056_ (net)
                      0.056822    0.000120    7.306361 v _586_/B (sky130_fd_sc_hd__or4b_4)
     1    0.009147    0.064195    0.321345    7.627706 v _586_/X (sky130_fd_sc_hd__or4b_4)
                                                         _057_ (net)
                      0.064195    0.000291    7.627997 v _590_/A2 (sky130_fd_sc_hd__a311oi_4)
     4    0.019976    0.265757    0.264642    7.892639 ^ _590_/Y (sky130_fd_sc_hd__a311oi_4)
                                                         _061_ (net)
                      0.265757    0.000703    7.893342 ^ max_cap30/A (sky130_fd_sc_hd__buf_6)
     5    0.033582    0.059111    0.106268    7.999610 ^ max_cap30/X (sky130_fd_sc_hd__buf_6)
                                                         net30 (net)
                      0.059113    0.000475    8.000085 ^ _619_/S (sky130_fd_sc_hd__mux2_4)
     5    0.021816    0.058112    0.212722    8.212808 v _619_/X (sky130_fd_sc_hd__mux2_4)
                                                         _090_ (net)
                      0.058118    0.001098    8.213905 v _620_/B (sky130_fd_sc_hd__xnor2_1)
     2    0.009777    0.178693    0.168234    8.382139 ^ _620_/Y (sky130_fd_sc_hd__xnor2_1)
                                                         _091_ (net)
                      0.178693    0.000234    8.382373 ^ _622_/D (sky130_fd_sc_hd__nand4_1)
     1    0.005285    0.075667    0.073034    8.455407 v _622_/Y (sky130_fd_sc_hd__nand4_1)
                                                         _093_ (net)
                      0.075671    0.000181    8.455588 v _627_/A2 (sky130_fd_sc_hd__o31a_1)
     4    0.018921    0.080919    0.234602    8.690190 v _627_/X (sky130_fd_sc_hd__o31a_1)
                                                         _098_ (net)
                      0.080919    0.000370    8.690560 v _628_/A1 (sky130_fd_sc_hd__a21oi_4)
     4    0.022424    0.148779    0.156626    8.847186 ^ _628_/Y (sky130_fd_sc_hd__a21oi_4)
                                                         _099_ (net)
                      0.148779    0.000518    8.847704 ^ fanout29/A (sky130_fd_sc_hd__buf_6)
     5    0.029651    0.052083    0.097651    8.945354 ^ fanout29/X (sky130_fd_sc_hd__buf_6)
                                                         net29 (net)
                      0.052169    0.001378    8.946733 ^ _665_/S (sky130_fd_sc_hd__mux2_4)
     3    0.008529    0.042808    0.191712    9.138446 v _665_/X (sky130_fd_sc_hd__mux2_4)
                                                         _136_ (net)
                      0.042808    0.000107    9.138553 v _669_/A2 (sky130_fd_sc_hd__a21o_1)
     1    0.003507    0.026150    0.116655    9.255207 v _669_/X (sky130_fd_sc_hd__a21o_1)
                                                         _140_ (net)
                      0.026163    0.000105    9.255312 v _671_/A1 (sky130_fd_sc_hd__o211a_1)
     1    0.002821    0.028075    0.134430    9.389743 v _671_/X (sky130_fd_sc_hd__o211a_1)
                                                         _142_ (net)
                      0.028089    0.000080    9.389823 v _672_/B2 (sky130_fd_sc_hd__o221a_1)
     1    0.003445    0.035116    0.122117    9.511939 v _672_/X (sky130_fd_sc_hd__o221a_1)
                                                         _143_ (net)
                      0.035116    0.000111    9.512050 v _675_/A1 (sky130_fd_sc_hd__o21a_1)
     1    0.002451    0.023825    0.112554    9.624604 v _675_/X (sky130_fd_sc_hd__o21a_1)
                                                         _146_ (net)
                      0.023825    0.000046    9.624651 v _679_/A2 (sky130_fd_sc_hd__o21a_1)
     1    0.008024    0.041296    0.117240    9.741890 v _679_/X (sky130_fd_sc_hd__o21a_1)
                                                         _150_ (net)
                      0.041299    0.000360    9.742249 v _700_/C (sky130_fd_sc_hd__or3_4)
     1    0.009429    0.051328    0.204286    9.946536 v _700_/X (sky130_fd_sc_hd__or3_4)
                                                         net21 (net)
                      0.051328    0.000389    9.946925 v output21/A (sky130_fd_sc_hd__buf_8)
     1    0.034659    0.029978    0.097417   10.044343 v output21/X (sky130_fd_sc_hd__buf_8)
                                                         op_out[0] (net)
                      0.030009    0.000867   10.045209 v op_out[0] (out)
                                             10.045209   data arrival time

                      0.000000   20.000000   20.000000   clock __VIRTUAL_CLK__ (rise edge)
                                  0.000000   20.000000   clock network delay (ideal)
                                 -0.250000   19.750002   clock uncertainty
                                  0.000000   19.750002   clock reconvergence pessimism
                                 -4.000000   15.750001   output external delay
                                             15.750001   data required time
---------------------------------------------------------------------------------------------
                                             15.750001   data required time
                                            -10.045209   data arrival time
---------------------------------------------------------------------------------------------
                                              5.704792   slack (MET)




===========================================================================
report_checks --slack_max -0.01
============================================================================
======================= nom_ff_n40C_1v95 Corner ===================================

No paths found.


===========================================================================
 report_check_types -max_slew -max_cap -max_fanout -violators
============================================================================
======================= nom_ff_n40C_1v95 Corner ===================================



===========================================================================
report_parasitic_annotation -report_unannotated
============================================================================
Found 0 unannotated drivers.
Found 0 partially unannotated drivers.

===========================================================================
max slew violation count 0
max fanout violation count 0
max cap violation count 0
============================================================================

===========================================================================
check_setup -verbose -unconstrained_endpoints -multiple_clock -no_clock -no_input_delay -loops -generated_clocks
===========================================================================
