┏━━━━━━━━━━━━━━━━━━━━━━┳━━━━━━━━━━┳━━━━━━━━━━┳━━━━━━━━━━┳━━━━━━━━━━┳━━━━━━━━━━━┳━━━━━━━━━━┳━━━━━━━━━━━┳━━━━━━━━━━┳━━━━━━━━━━━┳━━━━━━━━━━┳━━━━━━━━━━━┳━━━━━━━━━━┓
┃                      ┃ Hold     ┃ Reg to   ┃          ┃          ┃ of which  ┃ Setup    ┃           ┃          ┃           ┃ of which ┃           ┃          ┃
┃                      ┃ Worst    ┃ Reg      ┃          ┃ Hold Vio ┃ reg to    ┃ Worst    ┃ Reg to    ┃ Setup    ┃ Setup Vio ┃ reg to   ┃ Max Cap   ┃ Max Slew ┃
┃ Corner/Group         ┃ Slack    ┃ Paths    ┃ Hold TNS ┃ Count    ┃ reg       ┃ Slack    ┃ Reg Paths ┃ TNS      ┃ Count     ┃ reg      ┃ Violatio… ┃ Violati… ┃
┡━━━━━━━━━━━━━━━━━━━━━━╇━━━━━━━━━━╇━━━━━━━━━━╇━━━━━━━━━━╇━━━━━━━━━━╇━━━━━━━━━━━╇━━━━━━━━━━╇━━━━━━━━━━━╇━━━━━━━━━━╇━━━━━━━━━━━╇━━━━━━━━━━╇━━━━━━━━━━━╇━━━━━━━━━━┩
│ Overall              │ 8.1667   │ N/A      │ 0.0000   │ 0        │ 0         │ -6.6689  │ N/A       │ -11.6632 │ 9         │ 0        │ 0         │ 0        │
│ nom_tt_025C_1v80     │ 8.4247   │ N/A      │ 0.0000   │ 0        │ 0         │ 2.1361   │ N/A       │ 0.0000   │ 0         │ 0        │ 0         │ 0        │
│ nom_ss_100C_1v60     │ 8.9940   │ N/A      │ 0.0000   │ 0        │ 0         │ -6.5110  │ N/A       │ -11.2404 │ 3         │ 0        │ 0         │ 0        │
│ nom_ff_n40C_1v95     │ 8.1726   │ N/A      │ 0.0000   │ 0        │ 0         │ 5.7048   │ N/A       │ 0.0000   │ 0         │ 0        │ 0         │ 0        │
│ min_tt_025C_1v80     │ 8.4115   │ N/A      │ 0.0000   │ 0        │ 0         │ 2.2223   │ N/A       │ 0.0000   │ 0         │ 0        │ 0         │ 0        │
│ min_ss_100C_1v60     │ 8.9722   │ N/A      │ 0.0000   │ 0        │ 0         │ -6.3526  │ N/A       │ -10.8126 │ 3         │ 0        │ 0         │ 0        │
│ min_ff_n40C_1v95     │ 8.1667   │ N/A      │ 0.0000   │ 0        │ 0         │ 5.7661   │ N/A       │ 0.0000   │ 0         │ 0        │ 0         │ 0        │
│ max_tt_025C_1v80     │ 8.4356   │ N/A      │ 0.0000   │ 0        │ 0         │ 2.0539   │ N/A       │ 0.0000   │ 0         │ 0        │ 0         │ 0        │
│ max_ss_100C_1v60     │ 9.0200   │ N/A      │ 0.0000   │ 0        │ 0         │ -6.6689  │ N/A       │ -11.6632 │ 3         │ 0        │ 0         │ 0        │
│ max_ff_n40C_1v95     │ 8.1778   │ N/A      │ 0.0000   │ 0        │ 0         │ 5.6403   │ N/A       │ 0.0000   │ 0         │ 0        │ 0         │ 0        │
└──────────────────────┴──────────┴──────────┴──────────┴──────────┴───────────┴──────────┴───────────┴──────────┴───────────┴──────────┴───────────┴──────────┘
