
===========================================================================
report_checks -unconstrained
===========================================================================
======================= min_tt_025C_1v80 Corner ===================================

Startpoint: op_b[4] (input port clocked by virtual_clk)
Endpoint: op_out[0] (output port clocked by virtual_clk)
Path Group: virtual_clk
Path Type: max

Fanout         Cap        Slew       Delay        Time   Description
---------------------------------------------------------------------------------------------
                      0.000000    0.000000    0.000000   clock virtual_clk (rise edge)
                                  0.000000    0.000000   clock network delay (ideal)
                                  2.000000    2.000000 v input external delay
     1    0.002858    0.000000    0.000000    2.000000 v op_b[4] (in)
                                                         op_b[4] (net)
                      0.000026    0.000013    2.000013 v input17/A (sky130_fd_sc_hd__buf_4)
     8    0.051924    0.079834    0.167632    2.167645 v input17/X (sky130_fd_sc_hd__buf_4)
                                                         net17 (net)
                      0.079834    0.000234    2.167879 v fanout35/A (sky130_fd_sc_hd__buf_12)
    13    0.057677    0.044887    0.160388    2.328267 v fanout35/X (sky130_fd_sc_hd__buf_12)
                                                         net35 (net)
                      0.045306    0.003373    2.331640 v _469_/D (sky130_fd_sc_hd__or4_4)
     5    0.018475    0.111089    0.457955    2.789595 v _469_/X (sky130_fd_sc_hd__or4_4)
                                                         _306_ (net)
                      0.111089    0.000344    2.789939 v _472_/A4 (sky130_fd_sc_hd__o41ai_4)
     3    0.008776    0.282387    0.261794    3.051733 ^ _472_/Y (sky130_fd_sc_hd__o41ai_4)
                                                         _338_ (net)
                      0.282387    0.000057    3.051790 ^ rebuffer29/A (sky130_fd_sc_hd__buf_1)
     2    0.008684    0.110571    0.172109    3.223899 ^ rebuffer29/X (sky130_fd_sc_hd__buf_1)
                                                         net69 (net)
                      0.110571    0.000064    3.223963 ^ rebuffer30/A (sky130_fd_sc_hd__dlygate4sd1_1)
     1    0.003811    0.048718    0.214871    3.438834 ^ rebuffer30/X (sky130_fd_sc_hd__dlygate4sd1_1)
                                                         net70 (net)
                      0.048718    0.000051    3.438885 ^ _477_/B1_N (sky130_fd_sc_hd__o21bai_1)
     3    0.010157    0.234566    0.149350    3.588235 ^ _477_/Y (sky130_fd_sc_hd__o21bai_1)
                                                         _392_ (net)
                      0.234566    0.000121    3.588356 ^ _491_/B (sky130_fd_sc_hd__nor2_1)
     2    0.007861    0.075204    0.101040    3.689396 v _491_/Y (sky130_fd_sc_hd__nor2_1)
                                                         _420_ (net)
                      0.075204    0.000097    3.689493 v _493_/B1 (sky130_fd_sc_hd__a211oi_2)
     3    0.011701    0.272220    0.295606    3.985100 ^ _493_/Y (sky130_fd_sc_hd__a211oi_2)
                                                         _422_ (net)
                      0.272220    0.000222    3.985322 ^ _502_/A2 (sky130_fd_sc_hd__o21ai_1)
     3    0.009350    0.101984    0.143347    4.128669 v _502_/Y (sky130_fd_sc_hd__o21ai_1)
                                                         _431_ (net)
                      0.101984    0.000083    4.128752 v _507_/A2 (sky130_fd_sc_hd__a31o_1)
     2    0.008344    0.061406    0.251249    4.380001 v _507_/X (sky130_fd_sc_hd__a31o_1)
                                                         _436_ (net)
                      0.061406    0.000069    4.380070 v _509_/A2 (sky130_fd_sc_hd__a211o_4)
     3    0.015797    0.067616    0.360781    4.740851 v _509_/X (sky130_fd_sc_hd__a211o_4)
                                                         _438_ (net)
                      0.067616    0.000138    4.740990 v _515_/A2 (sky130_fd_sc_hd__a21oi_4)
     8    0.037932    0.294136    0.297393    5.038383 ^ _515_/Y (sky130_fd_sc_hd__a21oi_4)
                                                         _444_ (net)
                      0.294138    0.000640    5.039023 ^ _524_/S (sky130_fd_sc_hd__mux2_4)
     2    0.007087    0.055654    0.341151    5.380174 v _524_/X (sky130_fd_sc_hd__mux2_4)
                                                         _453_ (net)
                      0.055654    0.000090    5.380264 v _539_/A1 (sky130_fd_sc_hd__a221o_1)
     3    0.010310    0.088131    0.357972    5.738236 v _539_/X (sky130_fd_sc_hd__a221o_1)
                                                         _010_ (net)
                      0.088131    0.000062    5.738297 v _544_/A2 (sky130_fd_sc_hd__a311o_1)
     5    0.014754    0.109190    0.387582    6.125880 v _544_/X (sky130_fd_sc_hd__a311o_1)
                                                         _015_ (net)
                      0.109190    0.000132    6.126011 v _579_/A1 (sky130_fd_sc_hd__a21o_1)
     2    0.004994    0.042245    0.187049    6.313060 v _579_/X (sky130_fd_sc_hd__a21o_1)
                                                         _050_ (net)
                      0.042245    0.000055    6.313115 v _583_/C (sky130_fd_sc_hd__and3_1)
     2    0.006172    0.051226    0.189580    6.502696 v _583_/X (sky130_fd_sc_hd__and3_1)
                                                         _054_ (net)
                      0.051226    0.000032    6.502728 v _585_/A (sky130_fd_sc_hd__or4_4)
     1    0.004059    0.082137    0.524671    7.027399 v _585_/X (sky130_fd_sc_hd__or4_4)
                                                         _056_ (net)
                      0.082137    0.000062    7.027460 v _586_/B (sky130_fd_sc_hd__or4b_4)
     1    0.008612    0.091800    0.535388    7.562849 v _586_/X (sky130_fd_sc_hd__or4b_4)
                                                         _057_ (net)
                      0.091800    0.000083    7.562932 v _590_/A2 (sky130_fd_sc_hd__a311oi_4)
     8    0.042845    0.569428    0.549508    8.112440 ^ _590_/Y (sky130_fd_sc_hd__a311oi_4)
                                                         _061_ (net)
                      0.569429    0.000594    8.113034 ^ _615_/S (sky130_fd_sc_hd__mux2_4)
     4    0.016848    0.070443    0.381583    8.494617 v _615_/X (sky130_fd_sc_hd__mux2_4)
                                                         _086_ (net)
                      0.070443    0.000348    8.494965 v _623_/A2 (sky130_fd_sc_hd__o22a_1)
     2    0.005135    0.054653    0.212104    8.707069 v _623_/X (sky130_fd_sc_hd__o22a_1)
                                                         _094_ (net)
                      0.054653    0.000029    8.707098 v _624_/B (sky130_fd_sc_hd__or4bb_4)
     5    0.026435    0.122213    0.577127    9.284225 v _624_/X (sky130_fd_sc_hd__or4bb_4)
                                                         _095_ (net)
                      0.122213    0.000412    9.284637 v _628_/A2 (sky130_fd_sc_hd__a21oi_4)
     6    0.027728    0.231228    0.272707    9.557344 ^ _628_/Y (sky130_fd_sc_hd__a21oi_4)
                                                         _099_ (net)
                      0.231228    0.000470    9.557815 ^ _665_/S (sky130_fd_sc_hd__mux2_1)
     3    0.008067    0.081847    0.382569    9.940383 v _665_/X (sky130_fd_sc_hd__mux2_1)
                                                         _136_ (net)
                      0.081847    0.000023    9.940406 v _669_/A2 (sky130_fd_sc_hd__a21o_1)
     1    0.002579    0.031960    0.183933   10.124339 v _669_/X (sky130_fd_sc_hd__a21o_1)
                                                         _140_ (net)
                      0.031960    0.000023   10.124362 v _671_/A1 (sky130_fd_sc_hd__o211a_1)
     1    0.003848    0.043567    0.217277   10.341639 v _671_/X (sky130_fd_sc_hd__o211a_1)
                                                         _142_ (net)
                      0.043567    0.000055   10.341694 v _672_/B2 (sky130_fd_sc_hd__o221a_1)
     1    0.002685    0.044431    0.198669   10.540362 v _672_/X (sky130_fd_sc_hd__o221a_1)
                                                         _143_ (net)
                      0.044431    0.000025   10.540387 v _675_/A1 (sky130_fd_sc_hd__o21a_1)
     1    0.002975    0.035797    0.179321   10.719709 v _675_/X (sky130_fd_sc_hd__o21a_1)
                                                         _146_ (net)
                      0.035797    0.000031   10.719740 v _679_/A2 (sky130_fd_sc_hd__o21a_1)
     1    0.006599    0.052448    0.178757   10.898498 v _679_/X (sky130_fd_sc_hd__o21a_1)
                                                         _150_ (net)
                      0.052448    0.000164   10.898662 v _700_/B (sky130_fd_sc_hd__or3_4)
     1    0.004078    0.064094    0.359545   11.258207 v _700_/X (sky130_fd_sc_hd__or3_4)
                                                         net21 (net)
                      0.064094    0.000063   11.258270 v output21/A (sky130_fd_sc_hd__clkbuf_1)
     1    0.001831    0.021761    0.090433   11.348703 v output21/X (sky130_fd_sc_hd__clkbuf_1)
                                                         op_out[0] (net)
                      0.021761    0.000019   11.348722 v op_out[0] (out)
                                             11.348722   data arrival time

                      0.000000   20.000000   20.000000   clock virtual_clk (rise edge)
                                  0.000000   20.000000   clock network delay (ideal)
                                  0.000000   20.000000   clock reconvergence pessimism
                                 -2.000000   18.000000   output external delay
                                             18.000000   data required time
---------------------------------------------------------------------------------------------
                                             18.000000   data required time
                                            -11.348722   data arrival time
---------------------------------------------------------------------------------------------
                                              6.651278   slack (MET)




===========================================================================
report_checks --slack_max -0.01
============================================================================
======================= min_tt_025C_1v80 Corner ===================================

No paths found.


===========================================================================
 report_check_types -max_slew -max_cap -max_fanout -violators
============================================================================
======================= min_tt_025C_1v80 Corner ===================================

max fanout

Pin                                   Limit Fanout  Slack
---------------------------------------------------------
input20/X                                16     17        (VIOLATED)



===========================================================================
report_parasitic_annotation -report_unannotated
============================================================================
Found 0 unannotated drivers.
Found 0 partially unannotated drivers.

===========================================================================
max slew violation count 0
max fanout violation count 1
max cap violation count 0
============================================================================

===========================================================================
check_setup -verbose -unconstrained_endpoints -multiple_clock -no_clock -no_input_delay -loops -generated_clocks
===========================================================================
