Reading timing models for corner nom_ff_n40C_1v95…
Reading cell library for the 'nom_ff_n40C_1v95' corner at '/home/letienthanh/.volare/volare/sky130/versions/0fe599b2afb6708d281543108caf8310912f54af/sky130A/libs.ref/sky130_fd_sc_hd/lib/sky130_fd_sc_hd__ff_n40C_1v95.lib'…
Reading top-level netlist at '/home/letienthanh/8bitalu/runs/RUN_2026-08-05_15-55-13/06-yosys-synthesis/alu8bit.nl.v'…
Linking design 'alu8bit' from netlist…
Reading design constraints file at '/home/letienthanh/8bitalu/constraints/alu.sdc'…
[INFO] No information on clock propagation in input SDC file-- unpropagating all clocks.
%OL_CREATE_REPORT min.rpt

===========================================================================
report_checks -path_delay min (Hold)
============================================================================
======================= nom_ff_n40C_1v95 Corner ===================================

Startpoint: op_a[6] (input port clocked by virtual_clk)
Endpoint: op_out[7] (output port clocked by virtual_clk)
Path Group: virtual_clk
Path Type: min

Fanout         Cap        Slew       Delay        Time   Description
---------------------------------------------------------------------------------------------
                      0.000000    0.000000    0.000000   clock virtual_clk (rise edge)
                                  0.000000    0.000000   clock network delay (ideal)
                                  2.000000    2.000000 ^ input external delay
    16    0.053480    0.000000    0.000000    2.000000 ^ op_a[6] (in)
                                                         op_a[6] (net)
                      0.000000    0.000000    2.000000 ^ _922_/A1 (sky130_fd_sc_hd__a211o_2)
     1    0.002461    0.016938    0.057959    2.057959 ^ _922_/X (sky130_fd_sc_hd__a211o_2)
                                                         _407_ (net)
                      0.016938    0.000000    2.057959 ^ _923_/B1 (sky130_fd_sc_hd__a311o_2)
     1    0.000000    0.009966    0.044605    2.102564 ^ _923_/X (sky130_fd_sc_hd__a311o_2)
                                                         op_out[7] (net)
                      0.009966    0.000000    2.102564 ^ op_out[7] (out)
                                              2.102564   data arrival time

                      0.000000    0.000000    0.000000   clock virtual_clk (rise edge)
                                  0.000000    0.000000   clock network delay (ideal)
                                  0.000000    0.000000   clock reconvergence pessimism
                                 -2.000000   -2.000000   output external delay
                                             -2.000000   data required time
---------------------------------------------------------------------------------------------
                                             -2.000000   data required time
                                             -2.102564   data arrival time
---------------------------------------------------------------------------------------------
                                              4.102564   slack (MET)


Startpoint: op_a[6] (input port clocked by virtual_clk)
Endpoint: op_out[5] (output port clocked by virtual_clk)
Path Group: virtual_clk
Path Type: min

Fanout         Cap        Slew       Delay        Time   Description
---------------------------------------------------------------------------------------------
                      0.000000    0.000000    0.000000   clock virtual_clk (rise edge)
                                  0.000000    0.000000   clock network delay (ideal)
                                  2.000000    2.000000 ^ input external delay
    16    0.053480    0.000000    0.000000    2.000000 ^ op_a[6] (in)
                                                         op_a[6] (net)
                      0.000000    0.000000    2.000000 ^ _839_/B2 (sky130_fd_sc_hd__a32o_2)
     1    0.001758    0.021167    0.053554    2.053554 ^ _839_/X (sky130_fd_sc_hd__a32o_2)
                                                         _318_ (net)
                      0.021167    0.000000    2.053554 ^ _842_/A (sky130_fd_sc_hd__or3_2)
     1    0.000000    0.011392    0.053487    2.107041 ^ _842_/X (sky130_fd_sc_hd__or3_2)
                                                         op_out[5] (net)
                      0.011392    0.000000    2.107041 ^ op_out[5] (out)
                                              2.107041   data arrival time

                      0.000000    0.000000    0.000000   clock virtual_clk (rise edge)
                                  0.000000    0.000000   clock network delay (ideal)
                                  0.000000    0.000000   clock reconvergence pessimism
                                 -2.000000   -2.000000   output external delay
                                             -2.000000   data required time
---------------------------------------------------------------------------------------------
                                             -2.000000   data required time
                                             -2.107041   data arrival time
---------------------------------------------------------------------------------------------
                                              4.107041   slack (MET)


Startpoint: op_a[3] (input port clocked by virtual_clk)
Endpoint: op_out[4] (output port clocked by virtual_clk)
Path Group: virtual_clk
Path Type: min

Fanout         Cap        Slew       Delay        Time   Description
---------------------------------------------------------------------------------------------
                      0.000000    0.000000    0.000000   clock virtual_clk (rise edge)
                                  0.000000    0.000000   clock network delay (ideal)
                                  2.000000    2.000000 ^ input external delay
    15    0.049980    0.000000    0.000000    2.000000 ^ op_a[3] (in)
                                                         op_a[3] (net)
                      0.000000    0.000000    2.000000 ^ _795_/B2 (sky130_fd_sc_hd__a32o_2)
     1    0.004684    0.033064    0.063773    2.063773 ^ _795_/X (sky130_fd_sc_hd__a32o_2)
                                                         _270_ (net)
                      0.033064    0.000000    2.063773 ^ _797_/B1 (sky130_fd_sc_hd__a211oi_2)
     1    0.004310    0.014020    0.024700    2.088474 v _797_/Y (sky130_fd_sc_hd__a211oi_2)
                                                         _272_ (net)
                      0.014020    0.000000    2.088474 v _798_/B1 (sky130_fd_sc_hd__o31ai_2)
     1    0.000000    0.012836    0.019974    2.108448 ^ _798_/Y (sky130_fd_sc_hd__o31ai_2)
                                                         op_out[4] (net)
                      0.012836    0.000000    2.108448 ^ op_out[4] (out)
                                              2.108448   data arrival time

                      0.000000    0.000000    0.000000   clock virtual_clk (rise edge)
                                  0.000000    0.000000   clock network delay (ideal)
                                  0.000000    0.000000   clock reconvergence pessimism
                                 -2.000000   -2.000000   output external delay
                                             -2.000000   data required time
---------------------------------------------------------------------------------------------
                                             -2.000000   data required time
                                             -2.108448   data arrival time
---------------------------------------------------------------------------------------------
                                              4.108448   slack (MET)


Startpoint: inst[3] (input port clocked by virtual_clk)
Endpoint: op_out[0] (output port clocked by virtual_clk)
Path Group: virtual_clk
Path Type: min

Fanout         Cap        Slew       Delay        Time   Description
---------------------------------------------------------------------------------------------
                      0.000000    0.000000    0.000000   clock virtual_clk (rise edge)
                                  0.000000    0.000000   clock network delay (ideal)
                                  2.000000    2.000000 ^ input external delay
    11    0.025195    0.000000    0.000000    2.000000 ^ inst[3] (in)
                                                         inst[3] (net)
                      0.000000    0.000000    2.000000 ^ _685_/C1 (sky130_fd_sc_hd__o2111a_2)
     1    0.001794    0.021651    0.070871    2.070871 ^ _685_/X (sky130_fd_sc_hd__o2111a_2)
                                                         _156_ (net)
                      0.021651    0.000000    2.070871 ^ _700_/B (sky130_fd_sc_hd__or3_2)
     1    0.000000    0.011394    0.052688    2.123559 ^ _700_/X (sky130_fd_sc_hd__or3_2)
                                                         op_out[0] (net)
                      0.011394    0.000000    2.123559 ^ op_out[0] (out)
                                              2.123559   data arrival time

                      0.000000    0.000000    0.000000   clock virtual_clk (rise edge)
                                  0.000000    0.000000   clock network delay (ideal)
                                  0.000000    0.000000   clock reconvergence pessimism
                                 -2.000000   -2.000000   output external delay
                                             -2.000000   data required time
---------------------------------------------------------------------------------------------
                                             -2.000000   data required time
                                             -2.123559   data arrival time
---------------------------------------------------------------------------------------------
                                              4.123559   slack (MET)


Startpoint: op_a[3] (input port clocked by virtual_clk)
Endpoint: op_out[2] (output port clocked by virtual_clk)
Path Group: virtual_clk
Path Type: min

Fanout         Cap        Slew       Delay        Time   Description
---------------------------------------------------------------------------------------------
                      0.000000    0.000000    0.000000   clock virtual_clk (rise edge)
                                  0.000000    0.000000   clock network delay (ideal)
                                  2.000000    2.000000 ^ input external delay
    15    0.049980    0.000000    0.000000    2.000000 ^ op_a[3] (in)
                                                         op_a[3] (net)
                      0.000000    0.000000    2.000000 ^ _738_/B2 (sky130_fd_sc_hd__a32o_2)
     1    0.002556    0.024399    0.056368    2.056368 ^ _738_/X (sky130_fd_sc_hd__a32o_2)
                                                         _209_ (net)
                      0.024399    0.000000    2.056368 ^ _740_/B1 (sky130_fd_sc_hd__a211o_2)
     1    0.002616    0.017415    0.052262    2.108631 ^ _740_/X (sky130_fd_sc_hd__a211o_2)
                                                         _212_ (net)
                      0.017415    0.000000    2.108631 ^ _741_/B1 (sky130_fd_sc_hd__a21o_2)
     1    0.000000    0.008877    0.036112    2.144743 ^ _741_/X (sky130_fd_sc_hd__a21o_2)
                                                         op_out[2] (net)
                      0.008877    0.000000    2.144743 ^ op_out[2] (out)
                                              2.144743   data arrival time

                      0.000000    0.000000    0.000000   clock virtual_clk (rise edge)
                                  0.000000    0.000000   clock network delay (ideal)
                                  0.000000    0.000000   clock reconvergence pessimism
                                 -2.000000   -2.000000   output external delay
                                             -2.000000   data required time
---------------------------------------------------------------------------------------------
                                             -2.000000   data required time
                                             -2.144743   data arrival time
---------------------------------------------------------------------------------------------
                                              4.144743   slack (MET)


Startpoint: op_a[7] (input port clocked by virtual_clk)
Endpoint: op_out[6] (output port clocked by virtual_clk)
Path Group: virtual_clk
Path Type: min

Fanout         Cap        Slew       Delay        Time   Description
---------------------------------------------------------------------------------------------
                      0.000000    0.000000    0.000000   clock virtual_clk (rise edge)
                                  0.000000    0.000000   clock network delay (ideal)
                                  2.000000    2.000000 ^ input external delay
     9    0.036520    0.000000    0.000000    2.000000 ^ op_a[7] (in)
                                                         op_a[7] (net)
                      0.000000    0.000000    2.000000 ^ _883_/A1 (sky130_fd_sc_hd__a211o_2)
     1    0.002561    0.017251    0.058277    2.058277 ^ _883_/X (sky130_fd_sc_hd__a211o_2)
                                                         _365_ (net)
                      0.017251    0.000000    2.058277 ^ _884_/C1 (sky130_fd_sc_hd__a211o_2)
     1    0.002557    0.017225    0.047458    2.105734 ^ _884_/X (sky130_fd_sc_hd__a211o_2)
                                                         _366_ (net)
                      0.017225    0.000000    2.105734 ^ _885_/B1 (sky130_fd_sc_hd__a31o_2)
     1    0.000000    0.009966    0.039271    2.145005 ^ _885_/X (sky130_fd_sc_hd__a31o_2)
                                                         op_out[6] (net)
                      0.009966    0.000000    2.145005 ^ op_out[6] (out)
                                              2.145005   data arrival time

                      0.000000    0.000000    0.000000   clock virtual_clk (rise edge)
                                  0.000000    0.000000   clock network delay (ideal)
                                  0.000000    0.000000   clock reconvergence pessimism
                                 -2.000000   -2.000000   output external delay
                                             -2.000000   data required time
---------------------------------------------------------------------------------------------
                                             -2.000000   data required time
                                             -2.145005   data arrival time
---------------------------------------------------------------------------------------------
                                              4.145005   slack (MET)


Startpoint: op_a[2] (input port clocked by virtual_clk)
Endpoint: op_out[3] (output port clocked by virtual_clk)
Path Group: virtual_clk
Path Type: min

Fanout         Cap        Slew       Delay        Time   Description
---------------------------------------------------------------------------------------------
                      0.000000    0.000000    0.000000   clock virtual_clk (rise edge)
                                  0.000000    0.000000   clock network delay (ideal)
                                  2.000000    2.000000 ^ input external delay
    22    0.066712    0.000000    0.000000    2.000000 ^ op_a[2] (in)
                                                         op_a[2] (net)
                      0.000000    0.000000    2.000000 ^ _767_/B2 (sky130_fd_sc_hd__a32o_2)
     1    0.002556    0.024399    0.056368    2.056368 ^ _767_/X (sky130_fd_sc_hd__a32o_2)
                                                         _240_ (net)
                      0.024399    0.000000    2.056368 ^ _769_/B1 (sky130_fd_sc_hd__a211o_2)
     1    0.001538    0.013952    0.049229    2.105598 ^ _769_/X (sky130_fd_sc_hd__a211o_2)
                                                         _243_ (net)
                      0.013952    0.000000    2.105598 ^ _770_/A_N (sky130_fd_sc_hd__nand2b_2)
     1    0.000000    0.014287    0.048758    2.154356 ^ _770_/Y (sky130_fd_sc_hd__nand2b_2)
                                                         op_out[3] (net)
                      0.014287    0.000000    2.154356 ^ op_out[3] (out)
                                              2.154356   data arrival time

                      0.000000    0.000000    0.000000   clock virtual_clk (rise edge)
                                  0.000000    0.000000   clock network delay (ideal)
                                  0.000000    0.000000   clock reconvergence pessimism
                                 -2.000000   -2.000000   output external delay
                                             -2.000000   data required time
---------------------------------------------------------------------------------------------
                                             -2.000000   data required time
                                             -2.154356   data arrival time
---------------------------------------------------------------------------------------------
                                              4.154355   slack (MET)


Startpoint: op_a[0] (input port clocked by virtual_clk)
Endpoint: op_out[1] (output port clocked by virtual_clk)
Path Group: virtual_clk
Path Type: min

Fanout         Cap        Slew       Delay        Time   Description
---------------------------------------------------------------------------------------------
                      0.000000    0.000000    0.000000   clock virtual_clk (rise edge)
                                  0.000000    0.000000   clock network delay (ideal)
                                  2.000000    2.000000 ^ input external delay
    21    0.061090    0.000000    0.000000    2.000000 ^ op_a[0] (in)
                                                         op_a[0] (net)
                      0.000000    0.000000    2.000000 ^ _709_/B2 (sky130_fd_sc_hd__a32o_2)
     1    0.001556    0.020348    0.052841    2.052841 ^ _709_/X (sky130_fd_sc_hd__a32o_2)
                                                         _179_ (net)
                      0.020348    0.000000    2.052841 ^ _710_/C (sky130_fd_sc_hd__or3_2)
     1    0.001669    0.017000    0.055925    2.108766 ^ _710_/X (sky130_fd_sc_hd__or3_2)
                                                         _180_ (net)
                      0.017000    0.000000    2.108766 ^ _718_/A (sky130_fd_sc_hd__or2_2)
     1    0.000000    0.011465    0.048900    2.157666 ^ _718_/X (sky130_fd_sc_hd__or2_2)
                                                         op_out[1] (net)
                      0.011465    0.000000    2.157666 ^ op_out[1] (out)
                                              2.157666   data arrival time

                      0.000000    0.000000    0.000000   clock virtual_clk (rise edge)
                                  0.000000    0.000000   clock network delay (ideal)
                                  0.000000    0.000000   clock reconvergence pessimism
                                 -2.000000   -2.000000   output external delay
                                             -2.000000   data required time
---------------------------------------------------------------------------------------------
                                             -2.000000   data required time
                                             -2.157666   data arrival time
---------------------------------------------------------------------------------------------
                                              4.157665   slack (MET)



%OL_END_REPORT
%OL_CREATE_REPORT max.rpt

===========================================================================
report_checks -path_delay max (Setup)
============================================================================
======================= nom_ff_n40C_1v95 Corner ===================================

Startpoint: op_b[5] (input port clocked by virtual_clk)
Endpoint: op_out[0] (output port clocked by virtual_clk)
Path Group: virtual_clk
Path Type: max

Fanout         Cap        Slew       Delay        Time   Description
---------------------------------------------------------------------------------------------
                      0.000000    0.000000    0.000000   clock virtual_clk (rise edge)
                                  0.000000    0.000000   clock network delay (ideal)
                                  2.000000    2.000000 v input external delay
    18    0.064227    0.000000    0.000000    2.000000 v op_b[5] (in)
                                                         op_b[5] (net)
                      0.000000    0.000000    2.000000 v _469_/A (sky130_fd_sc_hd__or4_2)
     6    0.018517    0.104628    0.421484    2.421484 v _469_/X (sky130_fd_sc_hd__or4_2)
                                                         _306_ (net)
                      0.104628    0.000000    2.421484 v _472_/A3 (sky130_fd_sc_hd__o41ai_2)
     5    0.015605    0.353845    0.340890    2.762374 ^ _472_/Y (sky130_fd_sc_hd__o41ai_2)
                                                         _338_ (net)
                      0.353845    0.000000    2.762374 ^ _481_/A1 (sky130_fd_sc_hd__a211o_2)
     4    0.011400    0.053307    0.122866    2.885240 ^ _481_/X (sky130_fd_sc_hd__a211o_2)
                                                         _410_ (net)
                      0.053307    0.000000    2.885240 ^ _484_/A2 (sky130_fd_sc_hd__a21o_2)
     4    0.014012    0.060508    0.105024    2.990265 ^ _484_/X (sky130_fd_sc_hd__a21o_2)
                                                         _413_ (net)
                      0.060508    0.000000    2.990265 ^ _493_/A1 (sky130_fd_sc_hd__a211oi_2)
     3    0.007697    0.043753    0.047738    3.038003 v _493_/Y (sky130_fd_sc_hd__a211oi_2)
                                                         _422_ (net)
                      0.043753    0.000000    3.038003 v _503_/D (sky130_fd_sc_hd__or4_2)
     3    0.008690    0.081883    0.319414    3.357417 v _503_/X (sky130_fd_sc_hd__or4_2)
                                                         _432_ (net)
                      0.081883    0.000000    3.357417 v _507_/A3 (sky130_fd_sc_hd__a31o_2)
     2    0.006471    0.035740    0.178524    3.535941 v _507_/X (sky130_fd_sc_hd__a31o_2)
                                                         _436_ (net)
                      0.035740    0.000000    3.535941 v _509_/A2 (sky130_fd_sc_hd__a211o_2)
     3    0.008798    0.047208    0.217234    3.753175 v _509_/X (sky130_fd_sc_hd__a211o_2)
                                                         _438_ (net)
                      0.047208    0.000000    3.753175 v _515_/A1 (sky130_fd_sc_hd__a21oi_2)
     8    0.029150    0.270294    0.236853    3.990028 ^ _515_/Y (sky130_fd_sc_hd__a21oi_2)
                                                         _444_ (net)
                      0.270294    0.000000    3.990028 ^ _517_/S (sky130_fd_sc_hd__mux2_1)
     3    0.016362    0.087288    0.246533    4.236561 v _517_/X (sky130_fd_sc_hd__mux2_1)
                                                         _446_ (net)
                      0.087288    0.000000    4.236561 v _519_/B (sky130_fd_sc_hd__xnor2_2)
     3    0.015874    0.188688    0.175767    4.412328 ^ _519_/Y (sky130_fd_sc_hd__xnor2_2)
                                                         _448_ (net)
                      0.188688    0.000000    4.412328 ^ _543_/A1 (sky130_fd_sc_hd__a311oi_2)
     4    0.008752    0.089494    0.090784    4.503112 v _543_/Y (sky130_fd_sc_hd__a311oi_2)
                                                         _014_ (net)
                      0.089494    0.000000    4.503112 v _572_/A (sky130_fd_sc_hd__or3_2)
     4    0.012591    0.074979    0.315405    4.818518 v _572_/X (sky130_fd_sc_hd__or3_2)
                                                         _043_ (net)
                      0.074979    0.000000    4.818518 v _574_/C (sky130_fd_sc_hd__and3_2)
     3    0.007897    0.038022    0.156724    4.975242 v _574_/X (sky130_fd_sc_hd__and3_2)
                                                         _045_ (net)
                      0.038022    0.000000    4.975242 v _585_/A (sky130_fd_sc_hd__or4_2)
     1    0.001449    0.060736    0.363074    5.338316 v _585_/X (sky130_fd_sc_hd__or4_2)
                                                         _056_ (net)
                      0.060736    0.000000    5.338316 v _586_/C (sky130_fd_sc_hd__or4b_2)
     1    0.004347    0.071239    0.350594    5.688910 v _586_/X (sky130_fd_sc_hd__or4b_2)
                                                         _057_ (net)
                      0.071239    0.000000    5.688910 v _590_/A1 (sky130_fd_sc_hd__a311oi_2)
     8    0.027484    0.420206    0.347919    6.036829 ^ _590_/Y (sky130_fd_sc_hd__a311oi_2)
                                                         _061_ (net)
                      0.420206    0.000000    6.036829 ^ _619_/S (sky130_fd_sc_hd__mux2_1)
     5    0.022145    0.104599    0.258506    6.295335 v _619_/X (sky130_fd_sc_hd__mux2_1)
                                                         _090_ (net)
                      0.104599    0.000000    6.295335 v _623_/B1 (sky130_fd_sc_hd__o22a_2)
     2    0.003819    0.028451    0.145288    6.440622 v _623_/X (sky130_fd_sc_hd__o22a_2)
                                                         _094_ (net)
                      0.028451    0.000000    6.440622 v _624_/B (sky130_fd_sc_hd__or4bb_2)
     4    0.011043    0.084215    0.368698    6.809320 v _624_/X (sky130_fd_sc_hd__or4bb_2)
                                                         _095_ (net)
                      0.084215    0.000000    6.809320 v _628_/A1 (sky130_fd_sc_hd__a21oi_2)
    12    0.037189    0.337359    0.297866    7.107186 ^ _628_/Y (sky130_fd_sc_hd__a21oi_2)
                                                         _099_ (net)
                      0.337359    0.000000    7.107186 ^ _665_/S (sky130_fd_sc_hd__mux2_1)
     3    0.008638    0.062303    0.218134    7.325321 v _665_/X (sky130_fd_sc_hd__mux2_1)
                                                         _136_ (net)
                      0.062303    0.000000    7.325321 v _669_/A2 (sky130_fd_sc_hd__a21o_2)
     1    0.002176    0.023576    0.137198    7.462519 v _669_/X (sky130_fd_sc_hd__a21o_2)
                                                         _140_ (net)
                      0.023576    0.000000    7.462519 v _671_/A2 (sky130_fd_sc_hd__o211a_2)
     1    0.002236    0.029231    0.136141    7.598660 v _671_/X (sky130_fd_sc_hd__o211a_2)
                                                         _142_ (net)
                      0.029231    0.000000    7.598660 v _672_/B2 (sky130_fd_sc_hd__o221a_2)
     1    0.002266    0.030429    0.129219    7.727879 v _672_/X (sky130_fd_sc_hd__o221a_2)
                                                         _143_ (net)
                      0.030429    0.000000    7.727879 v _675_/A2 (sky130_fd_sc_hd__o21a_2)
     1    0.002229    0.023654    0.112142    7.840021 v _675_/X (sky130_fd_sc_hd__o21a_2)
                                                         _146_ (net)
                      0.023654    0.000000    7.840021 v _679_/A1 (sky130_fd_sc_hd__o21a_2)
     1    0.001547    0.022059    0.118196    7.958218 v _679_/X (sky130_fd_sc_hd__o21a_2)
                                                         _150_ (net)
                      0.022059    0.000000    7.958218 v _700_/A (sky130_fd_sc_hd__or3_2)
     1    0.000000    0.041651    0.248602    8.206820 v _700_/X (sky130_fd_sc_hd__or3_2)
                                                         op_out[0] (net)
                      0.041651    0.000000    8.206820 v op_out[0] (out)
                                              8.206820   data arrival time

                      0.000000   20.000000   20.000000   clock virtual_clk (rise edge)
                                  0.000000   20.000000   clock network delay (ideal)
                                  0.000000   20.000000   clock reconvergence pessimism
                                 -2.000000   18.000000   output external delay
                                             18.000000   data required time
---------------------------------------------------------------------------------------------
                                             18.000000   data required time
                                             -8.206820   data arrival time
---------------------------------------------------------------------------------------------
                                              9.793180   slack (MET)


Startpoint: op_b[5] (input port clocked by virtual_clk)
Endpoint: op_out[1] (output port clocked by virtual_clk)
Path Group: virtual_clk
Path Type: max

Fanout         Cap        Slew       Delay        Time   Description
---------------------------------------------------------------------------------------------
                      0.000000    0.000000    0.000000   clock virtual_clk (rise edge)
                                  0.000000    0.000000   clock network delay (ideal)
                                  2.000000    2.000000 v input external delay
    18    0.064227    0.000000    0.000000    2.000000 v op_b[5] (in)
                                                         op_b[5] (net)
                      0.000000    0.000000    2.000000 v _469_/A (sky130_fd_sc_hd__or4_2)
     6    0.018517    0.104628    0.421484    2.421484 v _469_/X (sky130_fd_sc_hd__or4_2)
                                                         _306_ (net)
                      0.104628    0.000000    2.421484 v _472_/A3 (sky130_fd_sc_hd__o41ai_2)
     5    0.015605    0.353845    0.340890    2.762374 ^ _472_/Y (sky130_fd_sc_hd__o41ai_2)
                                                         _338_ (net)
                      0.353845    0.000000    2.762374 ^ _481_/A1 (sky130_fd_sc_hd__a211o_2)
     4    0.011400    0.053307    0.122866    2.885240 ^ _481_/X (sky130_fd_sc_hd__a211o_2)
                                                         _410_ (net)
                      0.053307    0.000000    2.885240 ^ _484_/A2 (sky130_fd_sc_hd__a21o_2)
     4    0.014012    0.060508    0.105024    2.990265 ^ _484_/X (sky130_fd_sc_hd__a21o_2)
                                                         _413_ (net)
                      0.060508    0.000000    2.990265 ^ _493_/A1 (sky130_fd_sc_hd__a211oi_2)
     3    0.007697    0.043753    0.047738    3.038003 v _493_/Y (sky130_fd_sc_hd__a211oi_2)
                                                         _422_ (net)
                      0.043753    0.000000    3.038003 v _503_/D (sky130_fd_sc_hd__or4_2)
     3    0.008690    0.081883    0.319414    3.357417 v _503_/X (sky130_fd_sc_hd__or4_2)
                                                         _432_ (net)
                      0.081883    0.000000    3.357417 v _507_/A3 (sky130_fd_sc_hd__a31o_2)
     2    0.006471    0.035740    0.178524    3.535941 v _507_/X (sky130_fd_sc_hd__a31o_2)
                                                         _436_ (net)
                      0.035740    0.000000    3.535941 v _509_/A2 (sky130_fd_sc_hd__a211o_2)
     3    0.008798    0.047208    0.217234    3.753175 v _509_/X (sky130_fd_sc_hd__a211o_2)
                                                         _438_ (net)
                      0.047208    0.000000    3.753175 v _515_/A1 (sky130_fd_sc_hd__a21oi_2)
     8    0.029150    0.270294    0.236853    3.990028 ^ _515_/Y (sky130_fd_sc_hd__a21oi_2)
                                                         _444_ (net)
                      0.270294    0.000000    3.990028 ^ _517_/S (sky130_fd_sc_hd__mux2_1)
     3    0.016362    0.087288    0.246533    4.236561 v _517_/X (sky130_fd_sc_hd__mux2_1)
                                                         _446_ (net)
                      0.087288    0.000000    4.236561 v _519_/B (sky130_fd_sc_hd__xnor2_2)
     3    0.015874    0.188688    0.175767    4.412328 ^ _519_/Y (sky130_fd_sc_hd__xnor2_2)
                                                         _448_ (net)
                      0.188688    0.000000    4.412328 ^ _543_/A1 (sky130_fd_sc_hd__a311oi_2)
     4    0.008752    0.089494    0.090784    4.503112 v _543_/Y (sky130_fd_sc_hd__a311oi_2)
                                                         _014_ (net)
                      0.089494    0.000000    4.503112 v _572_/A (sky130_fd_sc_hd__or3_2)
     4    0.012591    0.074979    0.315405    4.818518 v _572_/X (sky130_fd_sc_hd__or3_2)
                                                         _043_ (net)
                      0.074979    0.000000    4.818518 v _574_/C (sky130_fd_sc_hd__and3_2)
     3    0.007897    0.038022    0.156724    4.975242 v _574_/X (sky130_fd_sc_hd__and3_2)
                                                         _045_ (net)
                      0.038022    0.000000    4.975242 v _585_/A (sky130_fd_sc_hd__or4_2)
     1    0.001449    0.060736    0.363074    5.338316 v _585_/X (sky130_fd_sc_hd__or4_2)
                                                         _056_ (net)
                      0.060736    0.000000    5.338316 v _586_/C (sky130_fd_sc_hd__or4b_2)
     1    0.004347    0.071239    0.350594    5.688910 v _586_/X (sky130_fd_sc_hd__or4b_2)
                                                         _057_ (net)
                      0.071239    0.000000    5.688910 v _590_/A1 (sky130_fd_sc_hd__a311oi_2)
     8    0.027484    0.420206    0.347919    6.036829 ^ _590_/Y (sky130_fd_sc_hd__a311oi_2)
                                                         _061_ (net)
                      0.420206    0.000000    6.036829 ^ _619_/S (sky130_fd_sc_hd__mux2_1)
     5    0.022145    0.104599    0.258506    6.295335 v _619_/X (sky130_fd_sc_hd__mux2_1)
                                                         _090_ (net)
                      0.104599    0.000000    6.295335 v _623_/B1 (sky130_fd_sc_hd__o22a_2)
     2    0.003819    0.028451    0.145288    6.440622 v _623_/X (sky130_fd_sc_hd__o22a_2)
                                                         _094_ (net)
                      0.028451    0.000000    6.440622 v _624_/B (sky130_fd_sc_hd__or4bb_2)
     4    0.011043    0.084215    0.368698    6.809320 v _624_/X (sky130_fd_sc_hd__or4bb_2)
                                                         _095_ (net)
                      0.084215    0.000000    6.809320 v _628_/A1 (sky130_fd_sc_hd__a21oi_2)
    12    0.037189    0.337359    0.297866    7.107186 ^ _628_/Y (sky130_fd_sc_hd__a21oi_2)
                                                         _099_ (net)
                      0.337359    0.000000    7.107186 ^ _717_/A2 (sky130_fd_sc_hd__a22o_2)
     1    0.001587    0.024415    0.101439    7.208625 ^ _717_/X (sky130_fd_sc_hd__a22o_2)
                                                         _187_ (net)
                      0.024415    0.000000    7.208625 ^ _718_/B (sky130_fd_sc_hd__or2_2)
     1    0.000000    0.011639    0.049145    7.257770 ^ _718_/X (sky130_fd_sc_hd__or2_2)
                                                         op_out[1] (net)
                      0.011639    0.000000    7.257770 ^ op_out[1] (out)
                                              7.257770   data arrival time

                      0.000000   20.000000   20.000000   clock virtual_clk (rise edge)
                                  0.000000   20.000000   clock network delay (ideal)
                                  0.000000   20.000000   clock reconvergence pessimism
                                 -2.000000   18.000000   output external delay
                                             18.000000   data required time
---------------------------------------------------------------------------------------------
                                             18.000000   data required time
                                             -7.257770   data arrival time
---------------------------------------------------------------------------------------------
                                             10.742230   slack (MET)


Startpoint: op_b[5] (input port clocked by virtual_clk)
Endpoint: op_out[2] (output port clocked by virtual_clk)
Path Group: virtual_clk
Path Type: max

Fanout         Cap        Slew       Delay        Time   Description
---------------------------------------------------------------------------------------------
                      0.000000    0.000000    0.000000   clock virtual_clk (rise edge)
                                  0.000000    0.000000   clock network delay (ideal)
                                  2.000000    2.000000 v input external delay
    18    0.064227    0.000000    0.000000    2.000000 v op_b[5] (in)
                                                         op_b[5] (net)
                      0.000000    0.000000    2.000000 v _469_/A (sky130_fd_sc_hd__or4_2)
     6    0.018517    0.104628    0.421484    2.421484 v _469_/X (sky130_fd_sc_hd__or4_2)
                                                         _306_ (net)
                      0.104628    0.000000    2.421484 v _472_/A3 (sky130_fd_sc_hd__o41ai_2)
     5    0.015605    0.353845    0.340890    2.762374 ^ _472_/Y (sky130_fd_sc_hd__o41ai_2)
                                                         _338_ (net)
                      0.353845    0.000000    2.762374 ^ _481_/A1 (sky130_fd_sc_hd__a211o_2)
     4    0.011400    0.053307    0.122866    2.885240 ^ _481_/X (sky130_fd_sc_hd__a211o_2)
                                                         _410_ (net)
                      0.053307    0.000000    2.885240 ^ _484_/A2 (sky130_fd_sc_hd__a21o_2)
     4    0.014012    0.060508    0.105024    2.990265 ^ _484_/X (sky130_fd_sc_hd__a21o_2)
                                                         _413_ (net)
                      0.060508    0.000000    2.990265 ^ _493_/A1 (sky130_fd_sc_hd__a211oi_2)
     3    0.007697    0.043753    0.047738    3.038003 v _493_/Y (sky130_fd_sc_hd__a211oi_2)
                                                         _422_ (net)
                      0.043753    0.000000    3.038003 v _503_/D (sky130_fd_sc_hd__or4_2)
     3    0.008690    0.081883    0.319414    3.357417 v _503_/X (sky130_fd_sc_hd__or4_2)
                                                         _432_ (net)
                      0.081883    0.000000    3.357417 v _507_/A3 (sky130_fd_sc_hd__a31o_2)
     2    0.006471    0.035740    0.178524    3.535941 v _507_/X (sky130_fd_sc_hd__a31o_2)
                                                         _436_ (net)
                      0.035740    0.000000    3.535941 v _509_/A2 (sky130_fd_sc_hd__a211o_2)
     3    0.008798    0.047208    0.217234    3.753175 v _509_/X (sky130_fd_sc_hd__a211o_2)
                                                         _438_ (net)
                      0.047208    0.000000    3.753175 v _515_/A1 (sky130_fd_sc_hd__a21oi_2)
     8    0.029150    0.270294    0.236853    3.990028 ^ _515_/Y (sky130_fd_sc_hd__a21oi_2)
                                                         _444_ (net)
                      0.270294    0.000000    3.990028 ^ _517_/S (sky130_fd_sc_hd__mux2_1)
     3    0.016362    0.087288    0.246533    4.236561 v _517_/X (sky130_fd_sc_hd__mux2_1)
                                                         _446_ (net)
                      0.087288    0.000000    4.236561 v _519_/B (sky130_fd_sc_hd__xnor2_2)
     3    0.015874    0.188688    0.175767    4.412328 ^ _519_/Y (sky130_fd_sc_hd__xnor2_2)
                                                         _448_ (net)
                      0.188688    0.000000    4.412328 ^ _543_/A1 (sky130_fd_sc_hd__a311oi_2)
     4    0.008752    0.089494    0.090784    4.503112 v _543_/Y (sky130_fd_sc_hd__a311oi_2)
                                                         _014_ (net)
                      0.089494    0.000000    4.503112 v _572_/A (sky130_fd_sc_hd__or3_2)
     4    0.012591    0.074979    0.315405    4.818518 v _572_/X (sky130_fd_sc_hd__or3_2)
                                                         _043_ (net)
                      0.074979    0.000000    4.818518 v _574_/C (sky130_fd_sc_hd__and3_2)
     3    0.007897    0.038022    0.156724    4.975242 v _574_/X (sky130_fd_sc_hd__and3_2)
                                                         _045_ (net)
                      0.038022    0.000000    4.975242 v _585_/A (sky130_fd_sc_hd__or4_2)
     1    0.001449    0.060736    0.363074    5.338316 v _585_/X (sky130_fd_sc_hd__or4_2)
                                                         _056_ (net)
                      0.060736    0.000000    5.338316 v _586_/C (sky130_fd_sc_hd__or4b_2)
     1    0.004347    0.071239    0.350594    5.688910 v _586_/X (sky130_fd_sc_hd__or4b_2)
                                                         _057_ (net)
                      0.071239    0.000000    5.688910 v _590_/A1 (sky130_fd_sc_hd__a311oi_2)
     8    0.027484    0.420206    0.347919    6.036829 ^ _590_/Y (sky130_fd_sc_hd__a311oi_2)
                                                         _061_ (net)
                      0.420206    0.000000    6.036829 ^ _740_/A2 (sky130_fd_sc_hd__a211o_2)
     1    0.002616    0.026892    0.098483    6.135311 ^ _740_/X (sky130_fd_sc_hd__a211o_2)
                                                         _212_ (net)
                      0.026892    0.000000    6.135311 ^ _741_/B1 (sky130_fd_sc_hd__a21o_2)
     1    0.000000    0.011804    0.038574    6.173885 ^ _741_/X (sky130_fd_sc_hd__a21o_2)
                                                         op_out[2] (net)
                      0.011804    0.000000    6.173885 ^ op_out[2] (out)
                                              6.173885   data arrival time

                      0.000000   20.000000   20.000000   clock virtual_clk (rise edge)
                                  0.000000   20.000000   clock network delay (ideal)
                                  0.000000   20.000000   clock reconvergence pessimism
                                 -2.000000   18.000000   output external delay
                                             18.000000   data required time
---------------------------------------------------------------------------------------------
                                             18.000000   data required time
                                             -6.173885   data arrival time
---------------------------------------------------------------------------------------------
                                             11.826116   slack (MET)


Startpoint: op_b[5] (input port clocked by virtual_clk)
Endpoint: op_out[3] (output port clocked by virtual_clk)
Path Group: virtual_clk
Path Type: max

Fanout         Cap        Slew       Delay        Time   Description
---------------------------------------------------------------------------------------------
                      0.000000    0.000000    0.000000   clock virtual_clk (rise edge)
                                  0.000000    0.000000   clock network delay (ideal)
                                  2.000000    2.000000 v input external delay
    18    0.064227    0.000000    0.000000    2.000000 v op_b[5] (in)
                                                         op_b[5] (net)
                      0.000000    0.000000    2.000000 v _469_/A (sky130_fd_sc_hd__or4_2)
     6    0.018517    0.104628    0.421484    2.421484 v _469_/X (sky130_fd_sc_hd__or4_2)
                                                         _306_ (net)
                      0.104628    0.000000    2.421484 v _472_/A3 (sky130_fd_sc_hd__o41ai_2)
     5    0.015605    0.353845    0.340890    2.762374 ^ _472_/Y (sky130_fd_sc_hd__o41ai_2)
                                                         _338_ (net)
                      0.353845    0.000000    2.762374 ^ _481_/A1 (sky130_fd_sc_hd__a211o_2)
     4    0.011400    0.053307    0.122866    2.885240 ^ _481_/X (sky130_fd_sc_hd__a211o_2)
                                                         _410_ (net)
                      0.053307    0.000000    2.885240 ^ _484_/A2 (sky130_fd_sc_hd__a21o_2)
     4    0.014012    0.060508    0.105024    2.990265 ^ _484_/X (sky130_fd_sc_hd__a21o_2)
                                                         _413_ (net)
                      0.060508    0.000000    2.990265 ^ _493_/A1 (sky130_fd_sc_hd__a211oi_2)
     3    0.007697    0.043753    0.047738    3.038003 v _493_/Y (sky130_fd_sc_hd__a211oi_2)
                                                         _422_ (net)
                      0.043753    0.000000    3.038003 v _503_/D (sky130_fd_sc_hd__or4_2)
     3    0.008690    0.081883    0.319414    3.357417 v _503_/X (sky130_fd_sc_hd__or4_2)
                                                         _432_ (net)
                      0.081883    0.000000    3.357417 v _507_/A3 (sky130_fd_sc_hd__a31o_2)
     2    0.006471    0.035740    0.178524    3.535941 v _507_/X (sky130_fd_sc_hd__a31o_2)
                                                         _436_ (net)
                      0.035740    0.000000    3.535941 v _509_/A2 (sky130_fd_sc_hd__a211o_2)
     3    0.008798    0.047208    0.217234    3.753175 v _509_/X (sky130_fd_sc_hd__a211o_2)
                                                         _438_ (net)
                      0.047208    0.000000    3.753175 v _515_/A1 (sky130_fd_sc_hd__a21oi_2)
     8    0.029150    0.270294    0.236853    3.990028 ^ _515_/Y (sky130_fd_sc_hd__a21oi_2)
                                                         _444_ (net)
                      0.270294    0.000000    3.990028 ^ _524_/S (sky130_fd_sc_hd__mux2_1)
     2    0.004508    0.045931    0.202374    4.192402 v _524_/X (sky130_fd_sc_hd__mux2_1)
                                                         _453_ (net)
                      0.045931    0.000000    4.192402 v _539_/A2 (sky130_fd_sc_hd__a221o_2)
     3    0.010589    0.048978    0.220755    4.413157 v _539_/X (sky130_fd_sc_hd__a221o_2)
                                                         _010_ (net)
                      0.048978    0.000000    4.413157 v _543_/A3 (sky130_fd_sc_hd__a311oi_2)
     4    0.009838    0.215233    0.235123    4.648281 ^ _543_/Y (sky130_fd_sc_hd__a311oi_2)
                                                         _014_ (net)
                      0.215233    0.000000    4.648281 ^ _548_/A (sky130_fd_sc_hd__nor2_2)
     2    0.006530    0.050832    0.032450    4.680731 v _548_/Y (sky130_fd_sc_hd__nor2_2)
                                                         _019_ (net)
                      0.050832    0.000000    4.680731 v _769_/A2 (sky130_fd_sc_hd__a211o_2)
     1    0.001408    0.029738    0.198229    4.878961 v _769_/X (sky130_fd_sc_hd__a211o_2)
                                                         _243_ (net)
                      0.029738    0.000000    4.878961 v _770_/A_N (sky130_fd_sc_hd__nand2b_2)
     1    0.000000    0.020032    0.090423    4.969383 v _770_/Y (sky130_fd_sc_hd__nand2b_2)
                                                         op_out[3] (net)
                      0.020032    0.000000    4.969383 v op_out[3] (out)
                                              4.969383   data arrival time

                      0.000000   20.000000   20.000000   clock virtual_clk (rise edge)
                                  0.000000   20.000000   clock network delay (ideal)
                                  0.000000   20.000000   clock reconvergence pessimism
                                 -2.000000   18.000000   output external delay
                                             18.000000   data required time
---------------------------------------------------------------------------------------------
                                             18.000000   data required time
                                             -4.969383   data arrival time
---------------------------------------------------------------------------------------------
                                             13.030617   slack (MET)


Startpoint: op_b[5] (input port clocked by virtual_clk)
Endpoint: op_out[4] (output port clocked by virtual_clk)
Path Group: virtual_clk
Path Type: max

Fanout         Cap        Slew       Delay        Time   Description
---------------------------------------------------------------------------------------------
                      0.000000    0.000000    0.000000   clock virtual_clk (rise edge)
                                  0.000000    0.000000   clock network delay (ideal)
                                  2.000000    2.000000 v input external delay
    18    0.064227    0.000000    0.000000    2.000000 v op_b[5] (in)
                                                         op_b[5] (net)
                      0.000000    0.000000    2.000000 v _469_/A (sky130_fd_sc_hd__or4_2)
     6    0.018517    0.104628    0.421484    2.421484 v _469_/X (sky130_fd_sc_hd__or4_2)
                                                         _306_ (net)
                      0.104628    0.000000    2.421484 v _472_/A3 (sky130_fd_sc_hd__o41ai_2)
     5    0.015605    0.353845    0.340890    2.762374 ^ _472_/Y (sky130_fd_sc_hd__o41ai_2)
                                                         _338_ (net)
                      0.353845    0.000000    2.762374 ^ _481_/A1 (sky130_fd_sc_hd__a211o_2)
     4    0.011400    0.053307    0.122866    2.885240 ^ _481_/X (sky130_fd_sc_hd__a211o_2)
                                                         _410_ (net)
                      0.053307    0.000000    2.885240 ^ _484_/A2 (sky130_fd_sc_hd__a21o_2)
     4    0.014012    0.060508    0.105024    2.990265 ^ _484_/X (sky130_fd_sc_hd__a21o_2)
                                                         _413_ (net)
                      0.060508    0.000000    2.990265 ^ _493_/A1 (sky130_fd_sc_hd__a211oi_2)
     3    0.007697    0.043753    0.047738    3.038003 v _493_/Y (sky130_fd_sc_hd__a211oi_2)
                                                         _422_ (net)
                      0.043753    0.000000    3.038003 v _503_/D (sky130_fd_sc_hd__or4_2)
     3    0.008690    0.081883    0.319414    3.357417 v _503_/X (sky130_fd_sc_hd__or4_2)
                                                         _432_ (net)
                      0.081883    0.000000    3.357417 v _507_/A3 (sky130_fd_sc_hd__a31o_2)
     2    0.006471    0.035740    0.178524    3.535941 v _507_/X (sky130_fd_sc_hd__a31o_2)
                                                         _436_ (net)
                      0.035740    0.000000    3.535941 v _509_/A2 (sky130_fd_sc_hd__a211o_2)
     3    0.008798    0.047208    0.217234    3.753175 v _509_/X (sky130_fd_sc_hd__a211o_2)
                                                         _438_ (net)
                      0.047208    0.000000    3.753175 v _515_/A1 (sky130_fd_sc_hd__a21oi_2)
     8    0.029150    0.270294    0.236853    3.990028 ^ _515_/Y (sky130_fd_sc_hd__a21oi_2)
                                                         _444_ (net)
                      0.270294    0.000000    3.990028 ^ _797_/A2 (sky130_fd_sc_hd__a211oi_2)
     1    0.004310    0.065299    0.058004    4.048033 v _797_/Y (sky130_fd_sc_hd__a211oi_2)
                                                         _272_ (net)
                      0.065299    0.000000    4.048033 v _798_/B1 (sky130_fd_sc_hd__o31ai_2)
     1    0.000000    0.088841    0.037338    4.085371 ^ _798_/Y (sky130_fd_sc_hd__o31ai_2)
                                                         op_out[4] (net)
                      0.088841    0.000000    4.085371 ^ op_out[4] (out)
                                              4.085371   data arrival time

                      0.000000   20.000000   20.000000   clock virtual_clk (rise edge)
                                  0.000000   20.000000   clock network delay (ideal)
                                  0.000000   20.000000   clock reconvergence pessimism
                                 -2.000000   18.000000   output external delay
                                             18.000000   data required time
---------------------------------------------------------------------------------------------
                                             18.000000   data required time
                                             -4.085371   data arrival time
---------------------------------------------------------------------------------------------
                                             13.914630   slack (MET)


Startpoint: op_a[5] (input port clocked by virtual_clk)
Endpoint: op_out[7] (output port clocked by virtual_clk)
Path Group: virtual_clk
Path Type: max

Fanout         Cap        Slew       Delay        Time   Description
---------------------------------------------------------------------------------------------
                      0.000000    0.000000    0.000000   clock virtual_clk (rise edge)
                                  0.000000    0.000000   clock network delay (ideal)
                                  2.000000    2.000000 v input external delay
    14    0.039535    0.000000    0.000000    2.000000 v op_a[5] (in)
                                                         op_a[5] (net)
                      0.000000    0.000000    2.000000 v _488_/B (sky130_fd_sc_hd__and2_2)
     4    0.008776    0.037608    0.116893    2.116893 v _488_/X (sky130_fd_sc_hd__and2_2)
                                                         _417_ (net)
                      0.037608    0.000000    2.116893 v _861_/C (sky130_fd_sc_hd__and3_2)
     2    0.002881    0.028223    0.128057    2.244950 v _861_/X (sky130_fd_sc_hd__and3_2)
                                                         _341_ (net)
                      0.028223    0.000000    2.244950 v _863_/A (sky130_fd_sc_hd__or2_2)
     1    0.007716    0.047861    0.182405    2.427355 v _863_/X (sky130_fd_sc_hd__or2_2)
                                                         _343_ (net)
                      0.047861    0.000000    2.427355 v _864_/B (sky130_fd_sc_hd__xor2_2)
     2    0.006372    0.036872    0.098282    2.525637 v _864_/X (sky130_fd_sc_hd__xor2_2)
                                                         _344_ (net)
                      0.036872    0.000000    2.525637 v _866_/B1 (sky130_fd_sc_hd__o21a_2)
     2    0.005610    0.030817    0.076492    2.602129 v _866_/X (sky130_fd_sc_hd__o21a_2)
                                                         _346_ (net)
                      0.030817    0.000000    2.602129 v _867_/B (sky130_fd_sc_hd__or2_2)
     2    0.012001    0.056710    0.181804    2.783933 v _867_/X (sky130_fd_sc_hd__or2_2)
                                                         _347_ (net)
                      0.056710    0.000000    2.783933 v _869_/B (sky130_fd_sc_hd__xor2_2)
     2    0.005763    0.051101    0.100248    2.884181 v _869_/X (sky130_fd_sc_hd__xor2_2)
                                                         _350_ (net)
                      0.051101    0.000000    2.884181 v _870_/C (sky130_fd_sc_hd__and3_2)
     2    0.006199    0.035137    0.142832    3.027013 v _870_/X (sky130_fd_sc_hd__and3_2)
                                                         _351_ (net)
                      0.035137    0.000000    3.027013 v _873_/B (sky130_fd_sc_hd__or3_2)
     3    0.007410    0.062621    0.268162    3.295174 v _873_/X (sky130_fd_sc_hd__or3_2)
                                                         _354_ (net)
                      0.062621    0.000000    3.295174 v _875_/C (sky130_fd_sc_hd__and3_2)
     1    0.008002    0.038191    0.151799    3.446973 v _875_/X (sky130_fd_sc_hd__and3_2)
                                                         _356_ (net)
                      0.038191    0.000000    3.446973 v _893_/B (sky130_fd_sc_hd__xnor2_2)
     1    0.008271    0.044050    0.091182    3.538156 v _893_/Y (sky130_fd_sc_hd__xnor2_2)
                                                         _375_ (net)
                      0.044050    0.000000    3.538156 v _916_/A (sky130_fd_sc_hd__xnor2_2)
     2    0.005618    0.043660    0.094683    3.632839 v _916_/Y (sky130_fd_sc_hd__xnor2_2)
                                                         _400_ (net)
                      0.043660    0.000000    3.632839 v _917_/B (sky130_fd_sc_hd__or2_2)
     1    0.002208    0.035101    0.156429    3.789268 v _917_/X (sky130_fd_sc_hd__or2_2)
                                                         _401_ (net)
                      0.035101    0.000000    3.789268 v _923_/A2 (sky130_fd_sc_hd__a311o_2)
     1    0.000000    0.029392    0.203619    3.992887 v _923_/X (sky130_fd_sc_hd__a311o_2)
                                                         op_out[7] (net)
                      0.029392    0.000000    3.992887 v op_out[7] (out)
                                              3.992887   data arrival time

                      0.000000   20.000000   20.000000   clock virtual_clk (rise edge)
                                  0.000000   20.000000   clock network delay (ideal)
                                  0.000000   20.000000   clock reconvergence pessimism
                                 -2.000000   18.000000   output external delay
                                             18.000000   data required time
---------------------------------------------------------------------------------------------
                                             18.000000   data required time
                                             -3.992887   data arrival time
---------------------------------------------------------------------------------------------
                                             14.007113   slack (MET)


Startpoint: op_a[5] (input port clocked by virtual_clk)
Endpoint: op_out[6] (output port clocked by virtual_clk)
Path Group: virtual_clk
Path Type: max

Fanout         Cap        Slew       Delay        Time   Description
---------------------------------------------------------------------------------------------
                      0.000000    0.000000    0.000000   clock virtual_clk (rise edge)
                                  0.000000    0.000000   clock network delay (ideal)
                                  2.000000    2.000000 v input external delay
    14    0.039535    0.000000    0.000000    2.000000 v op_a[5] (in)
                                                         op_a[5] (net)
                      0.000000    0.000000    2.000000 v _488_/B (sky130_fd_sc_hd__and2_2)
     4    0.008776    0.037608    0.116893    2.116893 v _488_/X (sky130_fd_sc_hd__and2_2)
                                                         _417_ (net)
                      0.037608    0.000000    2.116893 v _861_/C (sky130_fd_sc_hd__and3_2)
     2    0.002881    0.028223    0.128057    2.244950 v _861_/X (sky130_fd_sc_hd__and3_2)
                                                         _341_ (net)
                      0.028223    0.000000    2.244950 v _863_/A (sky130_fd_sc_hd__or2_2)
     1    0.007716    0.047861    0.182405    2.427355 v _863_/X (sky130_fd_sc_hd__or2_2)
                                                         _343_ (net)
                      0.047861    0.000000    2.427355 v _864_/B (sky130_fd_sc_hd__xor2_2)
     2    0.006372    0.036872    0.098282    2.525637 v _864_/X (sky130_fd_sc_hd__xor2_2)
                                                         _344_ (net)
                      0.036872    0.000000    2.525637 v _866_/B1 (sky130_fd_sc_hd__o21a_2)
     2    0.005610    0.030817    0.076492    2.602129 v _866_/X (sky130_fd_sc_hd__o21a_2)
                                                         _346_ (net)
                      0.030817    0.000000    2.602129 v _867_/B (sky130_fd_sc_hd__or2_2)
     2    0.012001    0.056710    0.181804    2.783933 v _867_/X (sky130_fd_sc_hd__or2_2)
                                                         _347_ (net)
                      0.056710    0.000000    2.783933 v _869_/B (sky130_fd_sc_hd__xor2_2)
     2    0.005763    0.051101    0.100248    2.884181 v _869_/X (sky130_fd_sc_hd__xor2_2)
                                                         _350_ (net)
                      0.051101    0.000000    2.884181 v _870_/C (sky130_fd_sc_hd__and3_2)
     2    0.006199    0.035137    0.142832    3.027013 v _870_/X (sky130_fd_sc_hd__and3_2)
                                                         _351_ (net)
                      0.035137    0.000000    3.027013 v _873_/B (sky130_fd_sc_hd__or3_2)
     3    0.007410    0.062621    0.268162    3.295174 v _873_/X (sky130_fd_sc_hd__or3_2)
                                                         _354_ (net)
                      0.062621    0.000000    3.295174 v _874_/B (sky130_fd_sc_hd__nand2_2)
     1    0.008395    0.050532    0.067375    3.362550 ^ _874_/Y (sky130_fd_sc_hd__nand2_2)
                                                         _355_ (net)
                      0.050532    0.000000    3.362550 ^ _876_/B (sky130_fd_sc_hd__xnor2_2)
     2    0.012269    0.054200    0.053457    3.416006 v _876_/Y (sky130_fd_sc_hd__xnor2_2)
                                                         _357_ (net)
                      0.054200    0.000000    3.416006 v _877_/B (sky130_fd_sc_hd__xnor2_2)
     2    0.005618    0.042098    0.091629    3.507635 v _877_/Y (sky130_fd_sc_hd__xnor2_2)
                                                         _358_ (net)
                      0.042098    0.000000    3.507635 v _878_/B (sky130_fd_sc_hd__or2_2)
     1    0.002262    0.035249    0.156150    3.663786 v _878_/X (sky130_fd_sc_hd__or2_2)
                                                         _359_ (net)
                      0.035249    0.000000    3.663786 v _885_/A2 (sky130_fd_sc_hd__a31o_2)
     1    0.000000    0.020597    0.130905    3.794690 v _885_/X (sky130_fd_sc_hd__a31o_2)
                                                         op_out[6] (net)
                      0.020597    0.000000    3.794690 v op_out[6] (out)
                                              3.794690   data arrival time

                      0.000000   20.000000   20.000000   clock virtual_clk (rise edge)
                                  0.000000   20.000000   clock network delay (ideal)
                                  0.000000   20.000000   clock reconvergence pessimism
                                 -2.000000   18.000000   output external delay
                                             18.000000   data required time
---------------------------------------------------------------------------------------------
                                             18.000000   data required time
                                             -3.794690   data arrival time
---------------------------------------------------------------------------------------------
                                             14.205309   slack (MET)


Startpoint: inst[0] (input port clocked by virtual_clk)
Endpoint: op_out[5] (output port clocked by virtual_clk)
Path Group: virtual_clk
Path Type: max

Fanout         Cap        Slew       Delay        Time   Description
---------------------------------------------------------------------------------------------
                      0.000000    0.000000    0.000000   clock virtual_clk (rise edge)
                                  0.000000    0.000000   clock network delay (ideal)
                                  2.000000    2.000000 v input external delay
     7    0.016157    0.000000    0.000000    2.000000 v inst[0] (in)
                                                         inst[0] (net)
                      0.000000    0.000000    2.000000 v _689_/A (sky130_fd_sc_hd__or4b_2)
     7    0.019909    0.109320    0.429465    2.429465 v _689_/X (sky130_fd_sc_hd__or4b_2)
                                                         _160_ (net)
                      0.109320    0.000000    2.429465 v _711_/B (sky130_fd_sc_hd__nand2_2)
     1    0.008395    0.057897    0.086477    2.515943 ^ _711_/Y (sky130_fd_sc_hd__nand2_2)
                                                         _181_ (net)
                      0.057897    0.000000    2.515943 ^ _712_/B (sky130_fd_sc_hd__xnor2_2)
     2    0.012225    0.063169    0.054426    2.570369 v _712_/Y (sky130_fd_sc_hd__xnor2_2)
                                                         _182_ (net)
                      0.063169    0.000000    2.570369 v _714_/B (sky130_fd_sc_hd__xnor2_2)
     2    0.006008    0.043133    0.096035    2.666404 v _714_/Y (sky130_fd_sc_hd__xnor2_2)
                                                         _184_ (net)
                      0.043133    0.000000    2.666404 v _715_/B (sky130_fd_sc_hd__or2_2)
     3    0.008650    0.049791    0.176427    2.842831 v _715_/X (sky130_fd_sc_hd__or2_2)
                                                         _185_ (net)
                      0.049791    0.000000    2.842831 v _724_/A2 (sky130_fd_sc_hd__a21o_2)
     3    0.006040    0.031794    0.144163    2.986994 v _724_/X (sky130_fd_sc_hd__a21o_2)
                                                         _194_ (net)
                      0.031794    0.000000    2.986994 v _748_/A2 (sky130_fd_sc_hd__a21o_2)
     3    0.007687    0.034693    0.141327    3.128321 v _748_/X (sky130_fd_sc_hd__a21o_2)
                                                         _219_ (net)
                      0.034693    0.000000    3.128321 v _775_/A2 (sky130_fd_sc_hd__a21oi_2)
     2    0.007300    0.093726    0.108841    3.237163 ^ _775_/Y (sky130_fd_sc_hd__a21oi_2)
                                                         _248_ (net)
                      0.093726    0.000000    3.237163 ^ _828_/B1 (sky130_fd_sc_hd__a21o_2)
     2    0.006250    0.034336    0.067835    3.304997 ^ _828_/X (sky130_fd_sc_hd__a21o_2)
                                                         _305_ (net)
                      0.034336    0.000000    3.304997 ^ _834_/A (sky130_fd_sc_hd__nand2_2)
     3    0.008419    0.029641    0.032617    3.337615 v _834_/Y (sky130_fd_sc_hd__nand2_2)
                                                         _312_ (net)
                      0.029641    0.000000    3.337615 v _836_/B (sky130_fd_sc_hd__and3b_2)
     1    0.002268    0.026957    0.113530    3.451145 v _836_/X (sky130_fd_sc_hd__and3b_2)
                                                         _314_ (net)
                      0.026957    0.000000    3.451145 v _841_/B1 (sky130_fd_sc_hd__a31o_2)
     1    0.001343    0.024515    0.071595    3.522740 v _841_/X (sky130_fd_sc_hd__a31o_2)
                                                         _320_ (net)
                      0.024515    0.000000    3.522740 v _842_/C (sky130_fd_sc_hd__or3_2)
     1    0.000000    0.041637    0.208995    3.731735 v _842_/X (sky130_fd_sc_hd__or3_2)
                                                         op_out[5] (net)
                      0.041637    0.000000    3.731735 v op_out[5] (out)
                                              3.731735   data arrival time

                      0.000000   20.000000   20.000000   clock virtual_clk (rise edge)
                                  0.000000   20.000000   clock network delay (ideal)
                                  0.000000   20.000000   clock reconvergence pessimism
                                 -2.000000   18.000000   output external delay
                                             18.000000   data required time
---------------------------------------------------------------------------------------------
                                             18.000000   data required time
                                             -3.731735   data arrival time
---------------------------------------------------------------------------------------------
                                             14.268265   slack (MET)



%OL_END_REPORT
%OL_CREATE_REPORT checks.rpt

===========================================================================
report_checks -unconstrained
===========================================================================
======================= nom_ff_n40C_1v95 Corner ===================================

Startpoint: op_b[5] (input port clocked by virtual_clk)
Endpoint: op_out[0] (output port clocked by virtual_clk)
Path Group: virtual_clk
Path Type: max

Fanout         Cap        Slew       Delay        Time   Description
---------------------------------------------------------------------------------------------
                      0.000000    0.000000    0.000000   clock virtual_clk (rise edge)
                                  0.000000    0.000000   clock network delay (ideal)
                                  2.000000    2.000000 v input external delay
    18    0.064227    0.000000    0.000000    2.000000 v op_b[5] (in)
                                                         op_b[5] (net)
                      0.000000    0.000000    2.000000 v _469_/A (sky130_fd_sc_hd__or4_2)
     6    0.018517    0.104628    0.421484    2.421484 v _469_/X (sky130_fd_sc_hd__or4_2)
                                                         _306_ (net)
                      0.104628    0.000000    2.421484 v _472_/A3 (sky130_fd_sc_hd__o41ai_2)
     5    0.015605    0.353845    0.340890    2.762374 ^ _472_/Y (sky130_fd_sc_hd__o41ai_2)
                                                         _338_ (net)
                      0.353845    0.000000    2.762374 ^ _481_/A1 (sky130_fd_sc_hd__a211o_2)
     4    0.011400    0.053307    0.122866    2.885240 ^ _481_/X (sky130_fd_sc_hd__a211o_2)
                                                         _410_ (net)
                      0.053307    0.000000    2.885240 ^ _484_/A2 (sky130_fd_sc_hd__a21o_2)
     4    0.014012    0.060508    0.105024    2.990265 ^ _484_/X (sky130_fd_sc_hd__a21o_2)
                                                         _413_ (net)
                      0.060508    0.000000    2.990265 ^ _493_/A1 (sky130_fd_sc_hd__a211oi_2)
     3    0.007697    0.043753    0.047738    3.038003 v _493_/Y (sky130_fd_sc_hd__a211oi_2)
                                                         _422_ (net)
                      0.043753    0.000000    3.038003 v _503_/D (sky130_fd_sc_hd__or4_2)
     3    0.008690    0.081883    0.319414    3.357417 v _503_/X (sky130_fd_sc_hd__or4_2)
                                                         _432_ (net)
                      0.081883    0.000000    3.357417 v _507_/A3 (sky130_fd_sc_hd__a31o_2)
     2    0.006471    0.035740    0.178524    3.535941 v _507_/X (sky130_fd_sc_hd__a31o_2)
                                                         _436_ (net)
                      0.035740    0.000000    3.535941 v _509_/A2 (sky130_fd_sc_hd__a211o_2)
     3    0.008798    0.047208    0.217234    3.753175 v _509_/X (sky130_fd_sc_hd__a211o_2)
                                                         _438_ (net)
                      0.047208    0.000000    3.753175 v _515_/A1 (sky130_fd_sc_hd__a21oi_2)
     8    0.029150    0.270294    0.236853    3.990028 ^ _515_/Y (sky130_fd_sc_hd__a21oi_2)
                                                         _444_ (net)
                      0.270294    0.000000    3.990028 ^ _517_/S (sky130_fd_sc_hd__mux2_1)
     3    0.016362    0.087288    0.246533    4.236561 v _517_/X (sky130_fd_sc_hd__mux2_1)
                                                         _446_ (net)
                      0.087288    0.000000    4.236561 v _519_/B (sky130_fd_sc_hd__xnor2_2)
     3    0.015874    0.188688    0.175767    4.412328 ^ _519_/Y (sky130_fd_sc_hd__xnor2_2)
                                                         _448_ (net)
                      0.188688    0.000000    4.412328 ^ _543_/A1 (sky130_fd_sc_hd__a311oi_2)
     4    0.008752    0.089494    0.090784    4.503112 v _543_/Y (sky130_fd_sc_hd__a311oi_2)
                                                         _014_ (net)
                      0.089494    0.000000    4.503112 v _572_/A (sky130_fd_sc_hd__or3_2)
     4    0.012591    0.074979    0.315405    4.818518 v _572_/X (sky130_fd_sc_hd__or3_2)
                                                         _043_ (net)
                      0.074979    0.000000    4.818518 v _574_/C (sky130_fd_sc_hd__and3_2)
     3    0.007897    0.038022    0.156724    4.975242 v _574_/X (sky130_fd_sc_hd__and3_2)
                                                         _045_ (net)
                      0.038022    0.000000    4.975242 v _585_/A (sky130_fd_sc_hd__or4_2)
     1    0.001449    0.060736    0.363074    5.338316 v _585_/X (sky130_fd_sc_hd__or4_2)
                                                         _056_ (net)
                      0.060736    0.000000    5.338316 v _586_/C (sky130_fd_sc_hd__or4b_2)
     1    0.004347    0.071239    0.350594    5.688910 v _586_/X (sky130_fd_sc_hd__or4b_2)
                                                         _057_ (net)
                      0.071239    0.000000    5.688910 v _590_/A1 (sky130_fd_sc_hd__a311oi_2)
     8    0.027484    0.420206    0.347919    6.036829 ^ _590_/Y (sky130_fd_sc_hd__a311oi_2)
                                                         _061_ (net)
                      0.420206    0.000000    6.036829 ^ _619_/S (sky130_fd_sc_hd__mux2_1)
     5    0.022145    0.104599    0.258506    6.295335 v _619_/X (sky130_fd_sc_hd__mux2_1)
                                                         _090_ (net)
                      0.104599    0.000000    6.295335 v _623_/B1 (sky130_fd_sc_hd__o22a_2)
     2    0.003819    0.028451    0.145288    6.440622 v _623_/X (sky130_fd_sc_hd__o22a_2)
                                                         _094_ (net)
                      0.028451    0.000000    6.440622 v _624_/B (sky130_fd_sc_hd__or4bb_2)
     4    0.011043    0.084215    0.368698    6.809320 v _624_/X (sky130_fd_sc_hd__or4bb_2)
                                                         _095_ (net)
                      0.084215    0.000000    6.809320 v _628_/A1 (sky130_fd_sc_hd__a21oi_2)
    12    0.037189    0.337359    0.297866    7.107186 ^ _628_/Y (sky130_fd_sc_hd__a21oi_2)
                                                         _099_ (net)
                      0.337359    0.000000    7.107186 ^ _665_/S (sky130_fd_sc_hd__mux2_1)
     3    0.008638    0.062303    0.218134    7.325321 v _665_/X (sky130_fd_sc_hd__mux2_1)
                                                         _136_ (net)
                      0.062303    0.000000    7.325321 v _669_/A2 (sky130_fd_sc_hd__a21o_2)
     1    0.002176    0.023576    0.137198    7.462519 v _669_/X (sky130_fd_sc_hd__a21o_2)
                                                         _140_ (net)
                      0.023576    0.000000    7.462519 v _671_/A2 (sky130_fd_sc_hd__o211a_2)
     1    0.002236    0.029231    0.136141    7.598660 v _671_/X (sky130_fd_sc_hd__o211a_2)
                                                         _142_ (net)
                      0.029231    0.000000    7.598660 v _672_/B2 (sky130_fd_sc_hd__o221a_2)
     1    0.002266    0.030429    0.129219    7.727879 v _672_/X (sky130_fd_sc_hd__o221a_2)
                                                         _143_ (net)
                      0.030429    0.000000    7.727879 v _675_/A2 (sky130_fd_sc_hd__o21a_2)
     1    0.002229    0.023654    0.112142    7.840021 v _675_/X (sky130_fd_sc_hd__o21a_2)
                                                         _146_ (net)
                      0.023654    0.000000    7.840021 v _679_/A1 (sky130_fd_sc_hd__o21a_2)
     1    0.001547    0.022059    0.118196    7.958218 v _679_/X (sky130_fd_sc_hd__o21a_2)
                                                         _150_ (net)
                      0.022059    0.000000    7.958218 v _700_/A (sky130_fd_sc_hd__or3_2)
     1    0.000000    0.041651    0.248602    8.206820 v _700_/X (sky130_fd_sc_hd__or3_2)
                                                         op_out[0] (net)
                      0.041651    0.000000    8.206820 v op_out[0] (out)
                                              8.206820   data arrival time

                      0.000000   20.000000   20.000000   clock virtual_clk (rise edge)
                                  0.000000   20.000000   clock network delay (ideal)
                                  0.000000   20.000000   clock reconvergence pessimism
                                 -2.000000   18.000000   output external delay
                                             18.000000   data required time
---------------------------------------------------------------------------------------------
                                             18.000000   data required time
                                             -8.206820   data arrival time
---------------------------------------------------------------------------------------------
                                              9.793180   slack (MET)




===========================================================================
report_checks --slack_max -0.01
============================================================================
======================= nom_ff_n40C_1v95 Corner ===================================

No paths found.


===========================================================================
 report_check_types -max_slew -max_cap -max_fanout -violators
============================================================================
======================= nom_ff_n40C_1v95 Corner ===================================

max fanout

Pin                                   Limit Fanout  Slack
---------------------------------------------------------
op_b[1]                                  16     27    -11 (VIOLATED)
op_b[2]                                  16     23     -7 (VIOLATED)
op_b[4]                                  16     23     -7 (VIOLATED)
op_a[2]                                  16     22     -6 (VIOLATED)
op_b[0]                                  16     22     -6 (VIOLATED)
op_b[3]                                  16     22     -6 (VIOLATED)
op_a[0]                                  16     21     -5 (VIOLATED)
op_a[1]                                  16     21     -5 (VIOLATED)
op_a[4]                                  16     19     -3 (VIOLATED)
op_b[5]                                  16     18     -2 (VIOLATED)
op_b[6]                                  16     17        (VIOLATED)



===========================================================================
report_parasitic_annotation -report_unannotated
============================================================================
Found 486 unannotated drivers.
 inst[0]
 inst[1]
 inst[2]
 inst[3]
 op_a[0]
 op_a[1]
 op_a[2]
 op_a[3]
 op_a[4]
 op_a[5]
 op_a[6]
 op_a[7]
 op_b[0]
 op_b[1]
 op_b[2]
 op_b[3]
 op_b[4]
 op_b[5]
 op_b[6]
 op_b[7]
 _458_/Y
 _459_/Y
 _460_/Y
 _461_/Y
 _462_/Y
 _463_/Y
 _464_/Y
 _465_/Y
 _466_/Y
 _467_/Y
 _468_/X
 _469_/X
 _470_/X
 _471_/Y
 _472_/Y
 _473_/X
 _474_/X
 _475_/Y
 _476_/X
 _477_/Y
 _478_/Y
 _479_/Y
 _480_/Y
 _481_/X
 _482_/X
 _483_/Y
 _484_/X
 _485_/X
 _486_/Y
 _487_/Y
 _488_/X
 _489_/X
 _490_/Y
 _491_/Y
 _492_/X
 _493_/Y
 _494_/X
 _495_/X
 _496_/X
 _497_/X
 _498_/Y
 _499_/X
 _500_/Y
 _501_/Y
 _502_/Y
 _503_/X
 _504_/Y
 _505_/Y
 _506_/X
 _507_/X
 _508_/Y
 _509_/X
 _510_/X
 _511_/X
 _512_/X
 _513_/X
 _514_/X
 _515_/Y
 _516_/Y
 _517_/X
 _518_/Y
 _519_/Y
 _520_/Y
 _521_/Y
 _522_/X
 _523_/X
 _524_/X
 _525_/Y
 _526_/Y
 _527_/X
 _528_/Y
 _529_/X
 _530_/X
 _531_/Y
 _532_/X
 _533_/Y
 _534_/X
 _535_/Y
 _536_/Y
 _537_/Y
 _538_/Y
 _539_/X
 _540_/Y
 _541_/X
 _542_/Y
 _543_/Y
 _544_/X
 _545_/X
 _546_/Y
 _547_/X
 _548_/Y
 _549_/X
 _550_/X
 _551_/Y
 _552_/Y
 _553_/X
 _554_/X
 _555_/X
 _556_/Y
 _557_/Y
 _558_/X
 _559_/Y
 _560_/Y
 _561_/Y
 _562_/Y
 _563_/X
 _564_/Y
 _565_/X
 _566_/X
 _567_/X
 _568_/Y
 _569_/Y
 _570_/Y
 _571_/X
 _572_/X
 _573_/Y
 _574_/X
 _575_/Y
 _576_/X
 _577_/Y
 _578_/Y
 _579_/X
 _580_/X
 _581_/X
 _582_/Y
 _583_/X
 _584_/Y
 _585_/X
 _586_/X
 _587_/X
 _588_/X
 _589_/X
 _590_/Y
 _591_/X
 _592_/X
 _593_/X
 _594_/Y
 _595_/X
 _596_/Y
 _597_/Y
 _598_/X
 _599_/Y
 _600_/Y
 _601_/X
 _602_/Y
 _603_/X
 _604_/Y
 _605_/X
 _606_/Y
 _607_/X
 _608_/Y
 _609_/Y
 _610_/X
 _611_/Y
 _612_/Y
 _613_/X
 _614_/Y
 _615_/X
 _616_/X
 _617_/X
 _618_/Y
 _619_/X
 _620_/Y
 _621_/Y
 _622_/Y
 _623_/X
 _624_/X
 _625_/Y
 _626_/X
 _627_/X
 _628_/Y
 _629_/Y
 _630_/X
 _631_/X
 _632_/Y
 _633_/X
 _634_/X
 _635_/Y
 _636_/X
 _637_/X
 _638_/X
 _639_/X
 _640_/X
 _641_/X
 _642_/Y
 _643_/Y
 _644_/Y
 _645_/X
 _646_/X
 _647_/Y
 _648_/Y
 _649_/X
 _650_/Y
 _651_/X
 _652_/X
 _653_/X
 _654_/X
 _655_/X
 _656_/Y
 _657_/X
 _658_/Y
 _659_/X
 _660_/X
 _661_/X
 _662_/Y
 _663_/Y
 _664_/Y
 _665_/X
 _666_/X
 _667_/Y
 _668_/X
 _669_/X
 _670_/Y
 _671_/X
 _672_/X
 _673_/Y
 _674_/Y
 _675_/X
 _676_/Y
 _677_/X
 _678_/Y
 _679_/X
 _680_/X
 _681_/X
 _682_/X
 _683_/X
 _684_/X
 _685_/X
 _686_/X
 _687_/Y
 _688_/X
 _689_/X
 _690_/X
 _691_/Y
 _692_/X
 _693_/Y
 _694_/Y
 _695_/X
 _696_/X
 _697_/X
 _698_/X
 _699_/X
 _700_/X
 _701_/X
 _702_/Y
 _703_/X
 _704_/X
 _705_/X
 _706_/X
 _707_/Y
 _708_/X
 _709_/X
 _710_/X
 _711_/Y
 _712_/Y
 _713_/Y
 _714_/Y
 _715_/X
 _716_/Y
 _717_/X
 _718_/X
 _719_/X
 _720_/Y
 _721_/X
 _722_/Y
 _723_/Y
 _724_/X
 _725_/Y
 _726_/X
 _727_/Y
 _728_/X
 _729_/X
 _730_/X
 _731_/Y
 _732_/X
 _733_/Y
 _734_/Y
 _735_/Y
 _736_/X
 _737_/X
 _738_/X
 _739_/X
 _740_/X
 _741_/X
 _742_/X
 _743_/Y
 _744_/X
 _745_/Y
 _746_/Y
 _747_/X
 _748_/X
 _749_/X
 _750_/Y
 _751_/Y
 _752_/Y
 _753_/X
 _754_/Y
 _755_/Y
 _756_/Y
 _757_/X
 _758_/Y
 _759_/X
 _760_/Y
 _761_/Y
 _762_/X
 _763_/Y
 _764_/X
 _765_/Y
 _766_/X
 _767_/X
 _768_/X
 _769_/X
 _770_/Y
 _771_/Y
 _772_/X
 _773_/Y
 _774_/X
 _775_/Y
 _776_/X
 _777_/Y
 _778_/X
 _779_/X
 _780_/X
 _781_/Y
 _782_/Y
 _783_/Y
 _784_/Y
 _785_/Y
 _786_/Y
 _787_/Y
 _788_/X
 _789_/X
 _790_/X
 _791_/Y
 _792_/Y
 _793_/X
 _794_/X
 _795_/X
 _796_/X
 _797_/Y
 _798_/Y
 _799_/Y
 _800_/X
 _801_/Y
 _802_/X
 _803_/Y
 _804_/Y
 _805_/Y
 _806_/Y
 _807_/X
 _808_/Y
 _809_/X
 _810_/Y
 _811_/Y
 _812_/X
 _813_/Y
 _814_/X
 _815_/Y
 _816_/Y
 _817_/X
 _818_/Y
 _819_/Y
 _820_/Y
 _821_/X
 _822_/Y
 _823_/Y
 _824_/Y
 _825_/Y
 _826_/Y
 _827_/X
 _828_/X
 _829_/X
 _830_/Y
 _831_/X
 _832_/Y
 _833_/X
 _834_/Y
 _835_/X
 _836_/X
 _837_/Y
 _838_/X
 _839_/X
 _840_/X
 _841_/X
 _842_/X
 _843_/X
 _844_/X
 _845_/Y
 _846_/X
 _847_/Y
 _848_/X
 _849_/Y
 _850_/X
 _851_/X
 _852_/Y
 _853_/X
 _854_/Y
 _855_/Y
 _856_/X
 _857_/Y
 _858_/Y
 _859_/Y
 _860_/Y
 _861_/X
 _862_/Y
 _863_/X
 _864_/X
 _865_/Y
 _866_/X
 _867_/X
 _868_/Y
 _869_/X
 _870_/X
 _871_/Y
 _872_/Y
 _873_/X
 _874_/Y
 _875_/X
 _876_/Y
 _877_/Y
 _878_/X
 _879_/Y
 _880_/Y
 _881_/X
 _882_/X
 _883_/X
 _884_/X
 _885_/X
 _886_/Y
 _887_/Y
 _888_/X
 _889_/Y
 _890_/Y
 _891_/Y
 _892_/Y
 _893_/Y
 _894_/X
 _895_/Y
 _896_/X
 _897_/Y
 _898_/X
 _899_/X
 _900_/X
 _901_/X
 _902_/X
 _903_/Y
 _904_/Y
 _905_/Y
 _906_/Y
 _907_/X
 _908_/Y
 _909_/Y
 _910_/Y
 _911_/X
 _912_/Y
 _913_/Y
 _914_/Y
 _915_/Y
 _916_/Y
 _917_/X
 _918_/Y
 _919_/Y
 _920_/X
 _921_/X
 _922_/X
 _923_/X
Found 0 partially unannotated drivers.

===========================================================================
max slew violation count 0
%OL_METRIC_I design__max_slew_violation__count__corner:nom_ff_n40C_1v95 0
max fanout violation count 11
%OL_METRIC_I design__max_fanout_violation__count__corner:nom_ff_n40C_1v95 11
max cap violation count 0
%OL_METRIC_I design__max_cap_violation__count__corner:nom_ff_n40C_1v95 0
============================================================================

===========================================================================
check_setup -verbose -unconstrained_endpoints -multiple_clock -no_clock -no_input_delay -loops -generated_clocks
===========================================================================
%OL_END_REPORT
%OL_CREATE_REPORT power.rpt

===========================================================================
 report_power
============================================================================
======================= nom_ff_n40C_1v95 Corner ===================================

Group                    Internal    Switching      Leakage        Total
                            Power        Power        Power        Power (Watts)
------------------------------------------------------------------------
Sequential           0.000000e+00 0.000000e+00 0.000000e+00 0.000000e+00   0.0%
Combinational        8.897403e-05 6.455200e-05 4.729353e-09 1.535308e-04 100.0%
Clock                0.000000e+00 0.000000e+00 0.000000e+00 0.000000e+00   0.0%
Macro                0.000000e+00 0.000000e+00 0.000000e+00 0.000000e+00   0.0%
Pad                  0.000000e+00 0.000000e+00 0.000000e+00 0.000000e+00   0.0%
------------------------------------------------------------------------
Total                8.897403e-05 6.455200e-05 4.729353e-09 1.535308e-04 100.0%
                            58.0%        42.0%         0.0%
%OL_METRIC_F power__internal__total 8.89740331331268e-5
%OL_METRIC_F power__switching__total 6.455200491473079e-5
%OL_METRIC_F power__leakage__total 4.7293529092939934e-9
%OL_METRIC_F power__total 0.0001535307674203068

%OL_END_REPORT
%OL_CREATE_REPORT skew.min.rpt

===========================================================================
Clock Skew (Hold)
============================================================================
%OL_METRIC_F clock__skew__worst_hold__corner:nom_ff_n40C_1v95 0.0
======================= nom_ff_n40C_1v95 Corner ===================================

Clock virtual_clk
No launch/capture paths found.

%OL_END_REPORT
%OL_CREATE_REPORT skew.max.rpt

===========================================================================
Clock Skew (Setup)
============================================================================
%OL_METRIC_F clock__skew__worst_setup__corner:nom_ff_n40C_1v95 0.0
======================= nom_ff_n40C_1v95 Corner ===================================

Clock virtual_clk
No launch/capture paths found.

%OL_END_REPORT
%OL_CREATE_REPORT ws.min.rpt

===========================================================================
Worst Slack (Hold)
============================================================================
%OL_METRIC_F timing__hold__ws__corner:nom_ff_n40C_1v95 4.102564182272425
nom_ff_n40C_1v95: 4.102564182272425
%OL_END_REPORT
%OL_CREATE_REPORT ws.max.rpt

===========================================================================
Worst Slack (Setup)
============================================================================
%OL_METRIC_F timing__setup__ws__corner:nom_ff_n40C_1v95 9.793180765740825
nom_ff_n40C_1v95: 9.793180765740825
%OL_END_REPORT
%OL_CREATE_REPORT tns.min.rpt

===========================================================================
Total Negative Slack (Hold)
============================================================================
%OL_METRIC_F timing__hold__tns__corner:nom_ff_n40C_1v95 0.0
nom_ff_n40C_1v95: 0.0
%OL_END_REPORT
%OL_CREATE_REPORT tns.max.rpt

===========================================================================
Total Negative Slack (Setup)
============================================================================
%OL_METRIC_F timing__setup__tns__corner:nom_ff_n40C_1v95 0.0
nom_ff_n40C_1v95: 0.0
%OL_END_REPORT
%OL_CREATE_REPORT wns.min.rpt

===========================================================================
Worst Negative Slack (Hold)
============================================================================
%OL_METRIC_F timing__hold__wns__corner:nom_ff_n40C_1v95 0
nom_ff_n40C_1v95: 0
%OL_END_REPORT
%OL_CREATE_REPORT wns.max.rpt

===========================================================================
Worst Negative Slack (Setup)
============================================================================
%OL_METRIC_F timing__setup__wns__corner:nom_ff_n40C_1v95 0.0
nom_ff_n40C_1v95: 0.0
%OL_END_REPORT
%OL_CREATE_REPORT violator_list.rpt

===========================================================================
Violator List
============================================================================
%OL_METRIC_I timing__hold_vio__count__corner:nom_ff_n40C_1v95 0
%OL_METRIC_F timing__hold_r2r__ws__corner:nom_ff_n40C_1v95 inf
%OL_METRIC_I timing__hold_r2r_vio__count__corner:nom_ff_n40C_1v95 0
%OL_METRIC_I timing__setup_vio__count__corner:nom_ff_n40C_1v95 0
%OL_METRIC_F timing__setup_r2r__ws__corner:nom_ff_n40C_1v95 inf
%OL_METRIC_I timing__setup_r2r_vio__count__corner:nom_ff_n40C_1v95 0
%OL_END_REPORT
%OL_CREATE_REPORT unpropagated.rpt
virtual_clk
%OL_END_REPORT
%OL_CREATE_REPORT clock.rpt
Clock: virtual_clk
Sources: 
Generated: no
Virtual: yes
Propagated: no
Period: 20.000000

===========================================================================
report_clock_properties
============================================================================
Clock                   Period          Waveform
----------------------------------------------------
virtual_clk          20.000000    0.000000 10.000000

===========================================================================
report_clock_latency
============================================================================
Clock virtual_clk


===========================================================================
report_clock_min_period
============================================================================
virtual_clk period_min = 0.00 fmax = inf
%OL_END_REPORT
Writing SDF files for all corners…
