
===========================================================================
report_checks -unconstrained
===========================================================================
======================= min_tt_025C_1v80 Corner ===================================

Startpoint: op_b[0] (input port clocked by __VIRTUAL_CLK__)
Endpoint: op_out[0] (output port clocked by __VIRTUAL_CLK__)
Path Group: __VIRTUAL_CLK__
Path Type: max

Fanout         Cap        Slew       Delay        Time   Description
---------------------------------------------------------------------------------------------
                      0.000000    0.000000    0.000000   clock __VIRTUAL_CLK__ (rise edge)
                                  0.000000    0.000000   clock network delay (ideal)
                                  2.000000    2.000000 ^ input external delay
     1    0.003108    0.021059    0.011381    2.011381 ^ op_b[0] (in)
                                                         op_b[0] (net)
                      0.021059    0.000000    2.011381 ^ input13/A (sky130_fd_sc_hd__clkbuf_2)
     4    0.025758    0.144540    0.166914    2.178294 ^ input13/X (sky130_fd_sc_hd__clkbuf_2)
                                                         net13 (net)
                      0.144544    0.000627    2.178921 ^ fanout66/A (sky130_fd_sc_hd__buf_4)
    10    0.038982    0.115021    0.199083    2.378005 ^ fanout66/X (sky130_fd_sc_hd__buf_4)
                                                         net66 (net)
                      0.115023    0.000677    2.378682 ^ fanout65/A (sky130_fd_sc_hd__clkbuf_4)
    10    0.033953    0.111660    0.210293    2.588974 ^ fanout65/X (sky130_fd_sc_hd__clkbuf_4)
                                                         net65 (net)
                      0.111660    0.000107    2.589081 ^ _458_/A (sky130_fd_sc_hd__inv_2)
     4    0.013742    0.046816    0.067224    2.656305 v _458_/Y (sky130_fd_sc_hd__inv_2)
                                                         _188_ (net)
                      0.046816    0.000129    2.656434 v fanout34/A (sky130_fd_sc_hd__clkbuf_4)
    10    0.045193    0.099218    0.200087    2.856521 v fanout34/X (sky130_fd_sc_hd__clkbuf_4)
                                                         net34 (net)
                      0.099229    0.001044    2.857565 v _472_/A1 (sky130_fd_sc_hd__o41ai_4)
     5    0.016883    0.372824    0.469431    3.326996 ^ _472_/Y (sky130_fd_sc_hd__o41ai_4)
                                                         _338_ (net)
                      0.372824    0.000169    3.327165 ^ _481_/A2 (sky130_fd_sc_hd__a211o_1)
     4    0.010885    0.105125    0.233204    3.560368 ^ _481_/X (sky130_fd_sc_hd__a211o_1)
                                                         _410_ (net)
                      0.105125    0.000123    3.560492 ^ _484_/A1 (sky130_fd_sc_hd__a21o_1)
     4    0.013910    0.127238    0.185162    3.745654 ^ _484_/X (sky130_fd_sc_hd__a21o_1)
                                                         _413_ (net)
                      0.127238    0.000132    3.745786 ^ _493_/A1 (sky130_fd_sc_hd__a211oi_2)
     3    0.010722    0.077883    0.105250    3.851036 v _493_/Y (sky130_fd_sc_hd__a211oi_2)
                                                         _422_ (net)
                      0.077883    0.000207    3.851243 v _503_/D (sky130_fd_sc_hd__or4_4)
     3    0.008041    0.090582    0.432768    4.284010 v _503_/X (sky130_fd_sc_hd__or4_4)
                                                         _432_ (net)
                      0.090582    0.000052    4.284062 v _507_/A1 (sky130_fd_sc_hd__a31o_1)
     2    0.008750    0.062626    0.217456    4.501518 v _507_/X (sky130_fd_sc_hd__a31o_1)
                                                         _436_ (net)
                      0.062626    0.000114    4.501632 v _509_/A2 (sky130_fd_sc_hd__a211o_4)
     3    0.015229    0.066631    0.359845    4.861477 v _509_/X (sky130_fd_sc_hd__a211o_4)
                                                         _438_ (net)
                      0.066631    0.000091    4.861569 v _515_/A2 (sky130_fd_sc_hd__a21oi_4)
     8    0.038763    0.299308    0.300861    5.162430 ^ _515_/Y (sky130_fd_sc_hd__a21oi_4)
                                                         _444_ (net)
                      0.299309    0.000372    5.162802 ^ _524_/S (sky130_fd_sc_hd__mux2_4)
     2    0.008616    0.057573    0.345351    5.508153 v _524_/X (sky130_fd_sc_hd__mux2_4)
                                                         _453_ (net)
                      0.057573    0.000111    5.508264 v _539_/A1 (sky130_fd_sc_hd__a221o_1)
     3    0.009948    0.086578    0.356944    5.865208 v _539_/X (sky130_fd_sc_hd__a221o_1)
                                                         _010_ (net)
                      0.086578    0.000082    5.865290 v _543_/A3 (sky130_fd_sc_hd__a311oi_2)
     4    0.014053    0.351310    0.400241    6.265531 ^ _543_/Y (sky130_fd_sc_hd__a311oi_2)
                                                         _014_ (net)
                      0.351310    0.000094    6.265625 ^ _572_/A (sky130_fd_sc_hd__or3_4)
     4    0.011496    0.051902    0.213590    6.479216 ^ _572_/X (sky130_fd_sc_hd__or3_4)
                                                         _043_ (net)
                      0.051902    0.000120    6.479335 ^ _574_/B (sky130_fd_sc_hd__and3_1)
     3    0.008070    0.095713    0.182154    6.661490 ^ _574_/X (sky130_fd_sc_hd__and3_1)
                                                         _045_ (net)
                      0.095713    0.000096    6.661586 ^ rebuffer9/A (sky130_fd_sc_hd__dlygate4sd3_1)
     1    0.003077    0.055359    0.552368    7.213953 ^ rebuffer9/X (sky130_fd_sc_hd__dlygate4sd3_1)
                                                         net78 (net)
                      0.055359    0.000029    7.213982 ^ _587_/B1 (sky130_fd_sc_hd__a21o_1)
     2    0.004888    0.055811    0.091570    7.305552 ^ _587_/X (sky130_fd_sc_hd__a21o_1)
                                                         _058_ (net)
                      0.055811    0.000051    7.305604 ^ _588_/C_N (sky130_fd_sc_hd__or3b_1)
     1    0.009339    0.101261    0.390785    7.696389 v _588_/X (sky130_fd_sc_hd__or3b_1)
                                                         _059_ (net)
                      0.101261    0.000115    7.696503 v _590_/A1 (sky130_fd_sc_hd__a311oi_4)
     2    0.010682    0.266157    0.265199    7.961702 ^ _590_/Y (sky130_fd_sc_hd__a311oi_4)
                                                         _061_ (net)
                      0.266157    0.000073    7.961774 ^ rebuffer6/A (sky130_fd_sc_hd__buf_6)
     3    0.018995    0.051819    0.160839    8.122614 ^ rebuffer6/X (sky130_fd_sc_hd__buf_6)
                                                         net75 (net)
                      0.051820    0.000285    8.122899 ^ _615_/S (sky130_fd_sc_hd__mux2_4)
     4    0.015992    0.068548    0.323878    8.446776 v _615_/X (sky130_fd_sc_hd__mux2_4)
                                                         _086_ (net)
                      0.068548    0.000304    8.447081 v _623_/A2 (sky130_fd_sc_hd__o22a_1)
     2    0.005846    0.058628    0.215026    8.662107 v _623_/X (sky130_fd_sc_hd__o22a_1)
                                                         _094_ (net)
                      0.058628    0.000045    8.662152 v _624_/B (sky130_fd_sc_hd__or4bb_4)
     4    0.018049    0.111515    0.559832    9.221984 v _624_/X (sky130_fd_sc_hd__or4bb_4)
                                                         _095_ (net)
                      0.111515    0.000075    9.222059 v _628_/A1 (sky130_fd_sc_hd__a21oi_4)
     3    0.014701    0.151804    0.185413    9.407473 ^ _628_/Y (sky130_fd_sc_hd__a21oi_4)
                                                         _099_ (net)
                      0.151804    0.000134    9.407606 ^ fanout29/A (sky130_fd_sc_hd__buf_6)
    10    0.042748    0.092920    0.168742    9.576349 ^ fanout29/X (sky130_fd_sc_hd__buf_6)
                                                         net29 (net)
                      0.092949    0.001587    9.577936 ^ _665_/S (sky130_fd_sc_hd__mux2_2)
     3    0.008066    0.062344    0.358149    9.936085 v _665_/X (sky130_fd_sc_hd__mux2_2)
                                                         _136_ (net)
                      0.062344    0.000055    9.936140 v _669_/A2 (sky130_fd_sc_hd__a21o_1)
     1    0.002835    0.033169    0.177852   10.113993 v _669_/X (sky130_fd_sc_hd__a21o_1)
                                                         _140_ (net)
                      0.033169    0.000018   10.114011 v _671_/A1 (sky130_fd_sc_hd__o211a_1)
     1    0.003974    0.044058    0.218424   10.332434 v _671_/X (sky130_fd_sc_hd__o211a_1)
                                                         _142_ (net)
                      0.044058    0.000070   10.332504 v _672_/B2 (sky130_fd_sc_hd__o221a_1)
     1    0.002461    0.044439    0.197035   10.529539 v _672_/X (sky130_fd_sc_hd__o221a_1)
                                                         _143_ (net)
                      0.044439    0.000010   10.529549 v _675_/A2 (sky130_fd_sc_hd__o21a_1)
     1    0.002938    0.035597    0.162760   10.692309 v _675_/X (sky130_fd_sc_hd__o21a_1)
                                                         _146_ (net)
                      0.035597    0.000029   10.692339 v _679_/A2 (sky130_fd_sc_hd__o21a_1)
     1    0.007153    0.055149    0.181459   10.873798 v _679_/X (sky130_fd_sc_hd__o21a_1)
                                                         _150_ (net)
                      0.055149    0.000162   10.873960 v _700_/B (sky130_fd_sc_hd__or3_4)
     1    0.007720    0.071158    0.372934   11.246894 v _700_/X (sky130_fd_sc_hd__or3_4)
                                                         net21 (net)
                      0.071158    0.000097   11.246990 v output21/A (sky130_fd_sc_hd__buf_8)
     1    0.034915    0.040252    0.145895   11.392885 v output21/X (sky130_fd_sc_hd__buf_8)
                                                         op_out[0] (net)
                      0.040258    0.000486   11.393371 v op_out[0] (out)
                                             11.393371   data arrival time

                      0.000000   10.000000   10.000000   clock __VIRTUAL_CLK__ (rise edge)
                                  0.000000   10.000000   clock network delay (ideal)
                                 -0.250000    9.750000   clock uncertainty
                                  0.000000    9.750000   clock reconvergence pessimism
                                 -2.000000    7.750000   output external delay
                                              7.750000   data required time
---------------------------------------------------------------------------------------------
                                              7.750000   data required time
                                            -11.393371   data arrival time
---------------------------------------------------------------------------------------------
                                             -3.643371   slack (VIOLATED)




===========================================================================
report_checks --slack_max -0.01
============================================================================
======================= min_tt_025C_1v80 Corner ===================================

Startpoint: op_b[0] (input port clocked by __VIRTUAL_CLK__)
Endpoint: op_out[0] (output port clocked by __VIRTUAL_CLK__)
Path Group: __VIRTUAL_CLK__
Path Type: max

Fanout         Cap        Slew       Delay        Time   Description
---------------------------------------------------------------------------------------------
                      0.000000    0.000000    0.000000   clock __VIRTUAL_CLK__ (rise edge)
                                  0.000000    0.000000   clock network delay (ideal)
                                  2.000000    2.000000 ^ input external delay
     1    0.003108    0.021059    0.011381    2.011381 ^ op_b[0] (in)
                                                         op_b[0] (net)
                      0.021059    0.000000    2.011381 ^ input13/A (sky130_fd_sc_hd__clkbuf_2)
     4    0.025758    0.144540    0.166914    2.178294 ^ input13/X (sky130_fd_sc_hd__clkbuf_2)
                                                         net13 (net)
                      0.144544    0.000627    2.178921 ^ fanout66/A (sky130_fd_sc_hd__buf_4)
    10    0.038982    0.115021    0.199083    2.378005 ^ fanout66/X (sky130_fd_sc_hd__buf_4)
                                                         net66 (net)
                      0.115023    0.000677    2.378682 ^ fanout65/A (sky130_fd_sc_hd__clkbuf_4)
    10    0.033953    0.111660    0.210293    2.588974 ^ fanout65/X (sky130_fd_sc_hd__clkbuf_4)
                                                         net65 (net)
                      0.111660    0.000107    2.589081 ^ _458_/A (sky130_fd_sc_hd__inv_2)
     4    0.013742    0.046816    0.067224    2.656305 v _458_/Y (sky130_fd_sc_hd__inv_2)
                                                         _188_ (net)
                      0.046816    0.000129    2.656434 v fanout34/A (sky130_fd_sc_hd__clkbuf_4)
    10    0.045193    0.099218    0.200087    2.856521 v fanout34/X (sky130_fd_sc_hd__clkbuf_4)
                                                         net34 (net)
                      0.099229    0.001044    2.857565 v _472_/A1 (sky130_fd_sc_hd__o41ai_4)
     5    0.016883    0.372824    0.469431    3.326996 ^ _472_/Y (sky130_fd_sc_hd__o41ai_4)
                                                         _338_ (net)
                      0.372824    0.000169    3.327165 ^ _481_/A2 (sky130_fd_sc_hd__a211o_1)
     4    0.010885    0.105125    0.233204    3.560368 ^ _481_/X (sky130_fd_sc_hd__a211o_1)
                                                         _410_ (net)
                      0.105125    0.000123    3.560492 ^ _484_/A1 (sky130_fd_sc_hd__a21o_1)
     4    0.013910    0.127238    0.185162    3.745654 ^ _484_/X (sky130_fd_sc_hd__a21o_1)
                                                         _413_ (net)
                      0.127238    0.000132    3.745786 ^ _493_/A1 (sky130_fd_sc_hd__a211oi_2)
     3    0.010722    0.077883    0.105250    3.851036 v _493_/Y (sky130_fd_sc_hd__a211oi_2)
                                                         _422_ (net)
                      0.077883    0.000207    3.851243 v _503_/D (sky130_fd_sc_hd__or4_4)
     3    0.008041    0.090582    0.432768    4.284010 v _503_/X (sky130_fd_sc_hd__or4_4)
                                                         _432_ (net)
                      0.090582    0.000052    4.284062 v _507_/A1 (sky130_fd_sc_hd__a31o_1)
     2    0.008750    0.062626    0.217456    4.501518 v _507_/X (sky130_fd_sc_hd__a31o_1)
                                                         _436_ (net)
                      0.062626    0.000114    4.501632 v _509_/A2 (sky130_fd_sc_hd__a211o_4)
     3    0.015229    0.066631    0.359845    4.861477 v _509_/X (sky130_fd_sc_hd__a211o_4)
                                                         _438_ (net)
                      0.066631    0.000091    4.861569 v _515_/A2 (sky130_fd_sc_hd__a21oi_4)
     8    0.038763    0.299308    0.300861    5.162430 ^ _515_/Y (sky130_fd_sc_hd__a21oi_4)
                                                         _444_ (net)
                      0.299309    0.000372    5.162802 ^ _524_/S (sky130_fd_sc_hd__mux2_4)
     2    0.008616    0.057573    0.345351    5.508153 v _524_/X (sky130_fd_sc_hd__mux2_4)
                                                         _453_ (net)
                      0.057573    0.000111    5.508264 v _539_/A1 (sky130_fd_sc_hd__a221o_1)
     3    0.009948    0.086578    0.356944    5.865208 v _539_/X (sky130_fd_sc_hd__a221o_1)
                                                         _010_ (net)
                      0.086578    0.000082    5.865290 v _543_/A3 (sky130_fd_sc_hd__a311oi_2)
     4    0.014053    0.351310    0.400241    6.265531 ^ _543_/Y (sky130_fd_sc_hd__a311oi_2)
                                                         _014_ (net)
                      0.351310    0.000094    6.265625 ^ _572_/A (sky130_fd_sc_hd__or3_4)
     4    0.011496    0.051902    0.213590    6.479216 ^ _572_/X (sky130_fd_sc_hd__or3_4)
                                                         _043_ (net)
                      0.051902    0.000120    6.479335 ^ _574_/B (sky130_fd_sc_hd__and3_1)
     3    0.008070    0.095713    0.182154    6.661490 ^ _574_/X (sky130_fd_sc_hd__and3_1)
                                                         _045_ (net)
                      0.095713    0.000096    6.661586 ^ rebuffer9/A (sky130_fd_sc_hd__dlygate4sd3_1)
     1    0.003077    0.055359    0.552368    7.213953 ^ rebuffer9/X (sky130_fd_sc_hd__dlygate4sd3_1)
                                                         net78 (net)
                      0.055359    0.000029    7.213982 ^ _587_/B1 (sky130_fd_sc_hd__a21o_1)
     2    0.004888    0.055811    0.091570    7.305552 ^ _587_/X (sky130_fd_sc_hd__a21o_1)
                                                         _058_ (net)
                      0.055811    0.000051    7.305604 ^ _588_/C_N (sky130_fd_sc_hd__or3b_1)
     1    0.009339    0.101261    0.390785    7.696389 v _588_/X (sky130_fd_sc_hd__or3b_1)
                                                         _059_ (net)
                      0.101261    0.000115    7.696503 v _590_/A1 (sky130_fd_sc_hd__a311oi_4)
     2    0.010682    0.266157    0.265199    7.961702 ^ _590_/Y (sky130_fd_sc_hd__a311oi_4)
                                                         _061_ (net)
                      0.266157    0.000073    7.961774 ^ rebuffer6/A (sky130_fd_sc_hd__buf_6)
     3    0.018995    0.051819    0.160839    8.122614 ^ rebuffer6/X (sky130_fd_sc_hd__buf_6)
                                                         net75 (net)
                      0.051820    0.000285    8.122899 ^ _615_/S (sky130_fd_sc_hd__mux2_4)
     4    0.015992    0.068548    0.323878    8.446776 v _615_/X (sky130_fd_sc_hd__mux2_4)
                                                         _086_ (net)
                      0.068548    0.000304    8.447081 v _623_/A2 (sky130_fd_sc_hd__o22a_1)
     2    0.005846    0.058628    0.215026    8.662107 v _623_/X (sky130_fd_sc_hd__o22a_1)
                                                         _094_ (net)
                      0.058628    0.000045    8.662152 v _624_/B (sky130_fd_sc_hd__or4bb_4)
     4    0.018049    0.111515    0.559832    9.221984 v _624_/X (sky130_fd_sc_hd__or4bb_4)
                                                         _095_ (net)
                      0.111515    0.000075    9.222059 v _628_/A1 (sky130_fd_sc_hd__a21oi_4)
     3    0.014701    0.151804    0.185413    9.407473 ^ _628_/Y (sky130_fd_sc_hd__a21oi_4)
                                                         _099_ (net)
                      0.151804    0.000134    9.407606 ^ fanout29/A (sky130_fd_sc_hd__buf_6)
    10    0.042748    0.092920    0.168742    9.576349 ^ fanout29/X (sky130_fd_sc_hd__buf_6)
                                                         net29 (net)
                      0.092949    0.001587    9.577936 ^ _665_/S (sky130_fd_sc_hd__mux2_2)
     3    0.008066    0.062344    0.358149    9.936085 v _665_/X (sky130_fd_sc_hd__mux2_2)
                                                         _136_ (net)
                      0.062344    0.000055    9.936140 v _669_/A2 (sky130_fd_sc_hd__a21o_1)
     1    0.002835    0.033169    0.177852   10.113993 v _669_/X (sky130_fd_sc_hd__a21o_1)
                                                         _140_ (net)
                      0.033169    0.000018   10.114011 v _671_/A1 (sky130_fd_sc_hd__o211a_1)
     1    0.003974    0.044058    0.218424   10.332434 v _671_/X (sky130_fd_sc_hd__o211a_1)
                                                         _142_ (net)
                      0.044058    0.000070   10.332504 v _672_/B2 (sky130_fd_sc_hd__o221a_1)
     1    0.002461    0.044439    0.197035   10.529539 v _672_/X (sky130_fd_sc_hd__o221a_1)
                                                         _143_ (net)
                      0.044439    0.000010   10.529549 v _675_/A2 (sky130_fd_sc_hd__o21a_1)
     1    0.002938    0.035597    0.162760   10.692309 v _675_/X (sky130_fd_sc_hd__o21a_1)
                                                         _146_ (net)
                      0.035597    0.000029   10.692339 v _679_/A2 (sky130_fd_sc_hd__o21a_1)
     1    0.007153    0.055149    0.181459   10.873798 v _679_/X (sky130_fd_sc_hd__o21a_1)
                                                         _150_ (net)
                      0.055149    0.000162   10.873960 v _700_/B (sky130_fd_sc_hd__or3_4)
     1    0.007720    0.071158    0.372934   11.246894 v _700_/X (sky130_fd_sc_hd__or3_4)
                                                         net21 (net)
                      0.071158    0.000097   11.246990 v output21/A (sky130_fd_sc_hd__buf_8)
     1    0.034915    0.040252    0.145895   11.392885 v output21/X (sky130_fd_sc_hd__buf_8)
                                                         op_out[0] (net)
                      0.040258    0.000486   11.393371 v op_out[0] (out)
                                             11.393371   data arrival time

                      0.000000   10.000000   10.000000   clock __VIRTUAL_CLK__ (rise edge)
                                  0.000000   10.000000   clock network delay (ideal)
                                 -0.250000    9.750000   clock uncertainty
                                  0.000000    9.750000   clock reconvergence pessimism
                                 -2.000000    7.750000   output external delay
                                              7.750000   data required time
---------------------------------------------------------------------------------------------
                                              7.750000   data required time
                                            -11.393371   data arrival time
---------------------------------------------------------------------------------------------
                                             -3.643371   slack (VIOLATED)




===========================================================================
 report_check_types -max_slew -max_cap -max_fanout -violators
============================================================================
======================= min_tt_025C_1v80 Corner ===================================



===========================================================================
report_parasitic_annotation -report_unannotated
============================================================================
Found 0 unannotated drivers.
Found 0 partially unannotated drivers.

===========================================================================
max slew violation count 0
max fanout violation count 0
max cap violation count 0
============================================================================

===========================================================================
check_setup -verbose -unconstrained_endpoints -multiple_clock -no_clock -no_input_delay -loops -generated_clocks
===========================================================================
