
===========================================================================
report_checks -path_delay max (Setup)
============================================================================
======================= min_tt_025C_1v80 Corner ===================================

Startpoint: op_b[0] (input port clocked by __VIRTUAL_CLK__)
Endpoint: op_out[0] (output port clocked by __VIRTUAL_CLK__)
Path Group: __VIRTUAL_CLK__
Path Type: max

Fanout         Cap        Slew       Delay        Time   Description
---------------------------------------------------------------------------------------------
                      0.000000    0.000000    0.000000   clock __VIRTUAL_CLK__ (rise edge)
                                  0.000000    0.000000   clock network delay (ideal)
                                  2.000000    2.000000 ^ input external delay
     1    0.003108    0.021059    0.011381    2.011381 ^ op_b[0] (in)
                                                         op_b[0] (net)
                      0.021059    0.000000    2.011381 ^ input13/A (sky130_fd_sc_hd__clkbuf_2)
     4    0.025758    0.144540    0.166914    2.178294 ^ input13/X (sky130_fd_sc_hd__clkbuf_2)
                                                         net13 (net)
                      0.144544    0.000627    2.178921 ^ fanout66/A (sky130_fd_sc_hd__buf_4)
    10    0.038982    0.115021    0.199083    2.378005 ^ fanout66/X (sky130_fd_sc_hd__buf_4)
                                                         net66 (net)
                      0.115023    0.000677    2.378682 ^ fanout65/A (sky130_fd_sc_hd__clkbuf_4)
    10    0.033953    0.111660    0.210293    2.588974 ^ fanout65/X (sky130_fd_sc_hd__clkbuf_4)
                                                         net65 (net)
                      0.111660    0.000107    2.589081 ^ _458_/A (sky130_fd_sc_hd__inv_2)
     4    0.013742    0.046816    0.067224    2.656305 v _458_/Y (sky130_fd_sc_hd__inv_2)
                                                         _188_ (net)
                      0.046816    0.000129    2.656434 v fanout34/A (sky130_fd_sc_hd__clkbuf_4)
    10    0.045193    0.099218    0.200087    2.856521 v fanout34/X (sky130_fd_sc_hd__clkbuf_4)
                                                         net34 (net)
                      0.099229    0.001044    2.857565 v _472_/A1 (sky130_fd_sc_hd__o41ai_4)
     5    0.016883    0.372824    0.469431    3.326996 ^ _472_/Y (sky130_fd_sc_hd__o41ai_4)
                                                         _338_ (net)
                      0.372824    0.000169    3.327165 ^ _481_/A2 (sky130_fd_sc_hd__a211o_1)
     4    0.010885    0.105125    0.233204    3.560368 ^ _481_/X (sky130_fd_sc_hd__a211o_1)
                                                         _410_ (net)
                      0.105125    0.000123    3.560492 ^ _484_/A1 (sky130_fd_sc_hd__a21o_1)
     4    0.013910    0.127238    0.185162    3.745654 ^ _484_/X (sky130_fd_sc_hd__a21o_1)
                                                         _413_ (net)
                      0.127238    0.000132    3.745786 ^ _493_/A1 (sky130_fd_sc_hd__a211oi_2)
     3    0.010722    0.077883    0.105250    3.851036 v _493_/Y (sky130_fd_sc_hd__a211oi_2)
                                                         _422_ (net)
                      0.077883    0.000207    3.851243 v _503_/D (sky130_fd_sc_hd__or4_4)
     3    0.008041    0.090582    0.432768    4.284010 v _503_/X (sky130_fd_sc_hd__or4_4)
                                                         _432_ (net)
                      0.090582    0.000052    4.284062 v _507_/A1 (sky130_fd_sc_hd__a31o_1)
     2    0.008750    0.062626    0.217456    4.501518 v _507_/X (sky130_fd_sc_hd__a31o_1)
                                                         _436_ (net)
                      0.062626    0.000114    4.501632 v _509_/A2 (sky130_fd_sc_hd__a211o_4)
     3    0.015229    0.066631    0.359845    4.861477 v _509_/X (sky130_fd_sc_hd__a211o_4)
                                                         _438_ (net)
                      0.066631    0.000091    4.861569 v _515_/A2 (sky130_fd_sc_hd__a21oi_4)
     8    0.038763    0.299308    0.300861    5.162430 ^ _515_/Y (sky130_fd_sc_hd__a21oi_4)
                                                         _444_ (net)
                      0.299309    0.000372    5.162802 ^ _524_/S (sky130_fd_sc_hd__mux2_4)
     2    0.008616    0.057573    0.345351    5.508153 v _524_/X (sky130_fd_sc_hd__mux2_4)
                                                         _453_ (net)
                      0.057573    0.000111    5.508264 v _539_/A1 (sky130_fd_sc_hd__a221o_1)
     3    0.009948    0.086578    0.356944    5.865208 v _539_/X (sky130_fd_sc_hd__a221o_1)
                                                         _010_ (net)
                      0.086578    0.000082    5.865290 v _543_/A3 (sky130_fd_sc_hd__a311oi_2)
     4    0.014053    0.351310    0.400241    6.265531 ^ _543_/Y (sky130_fd_sc_hd__a311oi_2)
                                                         _014_ (net)
                      0.351310    0.000094    6.265625 ^ _572_/A (sky130_fd_sc_hd__or3_4)
     4    0.011496    0.051902    0.213590    6.479216 ^ _572_/X (sky130_fd_sc_hd__or3_4)
                                                         _043_ (net)
                      0.051902    0.000120    6.479335 ^ _574_/B (sky130_fd_sc_hd__and3_1)
     3    0.008070    0.095713    0.182154    6.661490 ^ _574_/X (sky130_fd_sc_hd__and3_1)
                                                         _045_ (net)
                      0.095713    0.000096    6.661586 ^ rebuffer9/A (sky130_fd_sc_hd__dlygate4sd3_1)
     1    0.003077    0.055359    0.552368    7.213953 ^ rebuffer9/X (sky130_fd_sc_hd__dlygate4sd3_1)
                                                         net78 (net)
                      0.055359    0.000029    7.213982 ^ _587_/B1 (sky130_fd_sc_hd__a21o_1)
     2    0.004888    0.055811    0.091570    7.305552 ^ _587_/X (sky130_fd_sc_hd__a21o_1)
                                                         _058_ (net)
                      0.055811    0.000051    7.305604 ^ _588_/C_N (sky130_fd_sc_hd__or3b_1)
     1    0.009339    0.101261    0.390785    7.696389 v _588_/X (sky130_fd_sc_hd__or3b_1)
                                                         _059_ (net)
                      0.101261    0.000115    7.696503 v _590_/A1 (sky130_fd_sc_hd__a311oi_4)
     2    0.010682    0.266157    0.265199    7.961702 ^ _590_/Y (sky130_fd_sc_hd__a311oi_4)
                                                         _061_ (net)
                      0.266157    0.000073    7.961774 ^ rebuffer6/A (sky130_fd_sc_hd__buf_6)
     3    0.018995    0.051819    0.160839    8.122614 ^ rebuffer6/X (sky130_fd_sc_hd__buf_6)
                                                         net75 (net)
                      0.051820    0.000285    8.122899 ^ _615_/S (sky130_fd_sc_hd__mux2_4)
     4    0.015992    0.068548    0.323878    8.446776 v _615_/X (sky130_fd_sc_hd__mux2_4)
                                                         _086_ (net)
                      0.068548    0.000304    8.447081 v _623_/A2 (sky130_fd_sc_hd__o22a_1)
     2    0.005846    0.058628    0.215026    8.662107 v _623_/X (sky130_fd_sc_hd__o22a_1)
                                                         _094_ (net)
                      0.058628    0.000045    8.662152 v _624_/B (sky130_fd_sc_hd__or4bb_4)
     4    0.018049    0.111515    0.559832    9.221984 v _624_/X (sky130_fd_sc_hd__or4bb_4)
                                                         _095_ (net)
                      0.111515    0.000075    9.222059 v _628_/A1 (sky130_fd_sc_hd__a21oi_4)
     3    0.014701    0.151804    0.185413    9.407473 ^ _628_/Y (sky130_fd_sc_hd__a21oi_4)
                                                         _099_ (net)
                      0.151804    0.000134    9.407606 ^ fanout29/A (sky130_fd_sc_hd__buf_6)
    10    0.042748    0.092920    0.168742    9.576349 ^ fanout29/X (sky130_fd_sc_hd__buf_6)
                                                         net29 (net)
                      0.092949    0.001587    9.577936 ^ _665_/S (sky130_fd_sc_hd__mux2_2)
     3    0.008066    0.062344    0.358149    9.936085 v _665_/X (sky130_fd_sc_hd__mux2_2)
                                                         _136_ (net)
                      0.062344    0.000055    9.936140 v _669_/A2 (sky130_fd_sc_hd__a21o_1)
     1    0.002835    0.033169    0.177852   10.113993 v _669_/X (sky130_fd_sc_hd__a21o_1)
                                                         _140_ (net)
                      0.033169    0.000018   10.114011 v _671_/A1 (sky130_fd_sc_hd__o211a_1)
     1    0.003974    0.044058    0.218424   10.332434 v _671_/X (sky130_fd_sc_hd__o211a_1)
                                                         _142_ (net)
                      0.044058    0.000070   10.332504 v _672_/B2 (sky130_fd_sc_hd__o221a_1)
     1    0.002461    0.044439    0.197035   10.529539 v _672_/X (sky130_fd_sc_hd__o221a_1)
                                                         _143_ (net)
                      0.044439    0.000010   10.529549 v _675_/A2 (sky130_fd_sc_hd__o21a_1)
     1    0.002938    0.035597    0.162760   10.692309 v _675_/X (sky130_fd_sc_hd__o21a_1)
                                                         _146_ (net)
                      0.035597    0.000029   10.692339 v _679_/A2 (sky130_fd_sc_hd__o21a_1)
     1    0.007153    0.055149    0.181459   10.873798 v _679_/X (sky130_fd_sc_hd__o21a_1)
                                                         _150_ (net)
                      0.055149    0.000162   10.873960 v _700_/B (sky130_fd_sc_hd__or3_4)
     1    0.007720    0.071158    0.372934   11.246894 v _700_/X (sky130_fd_sc_hd__or3_4)
                                                         net21 (net)
                      0.071158    0.000097   11.246990 v output21/A (sky130_fd_sc_hd__buf_8)
     1    0.034915    0.040252    0.145895   11.392885 v output21/X (sky130_fd_sc_hd__buf_8)
                                                         op_out[0] (net)
                      0.040258    0.000486   11.393371 v op_out[0] (out)
                                             11.393371   data arrival time

                      0.000000   10.000000   10.000000   clock __VIRTUAL_CLK__ (rise edge)
                                  0.000000   10.000000   clock network delay (ideal)
                                 -0.250000    9.750000   clock uncertainty
                                  0.000000    9.750000   clock reconvergence pessimism
                                 -2.000000    7.750000   output external delay
                                              7.750000   data required time
---------------------------------------------------------------------------------------------
                                              7.750000   data required time
                                            -11.393371   data arrival time
---------------------------------------------------------------------------------------------
                                             -3.643371   slack (VIOLATED)


Startpoint: op_b[0] (input port clocked by __VIRTUAL_CLK__)
Endpoint: op_out[1] (output port clocked by __VIRTUAL_CLK__)
Path Group: __VIRTUAL_CLK__
Path Type: max

Fanout         Cap        Slew       Delay        Time   Description
---------------------------------------------------------------------------------------------
                      0.000000    0.000000    0.000000   clock __VIRTUAL_CLK__ (rise edge)
                                  0.000000    0.000000   clock network delay (ideal)
                                  2.000000    2.000000 ^ input external delay
     1    0.003108    0.021059    0.011381    2.011381 ^ op_b[0] (in)
                                                         op_b[0] (net)
                      0.021059    0.000000    2.011381 ^ input13/A (sky130_fd_sc_hd__clkbuf_2)
     4    0.025758    0.144540    0.166914    2.178294 ^ input13/X (sky130_fd_sc_hd__clkbuf_2)
                                                         net13 (net)
                      0.144544    0.000627    2.178921 ^ fanout66/A (sky130_fd_sc_hd__buf_4)
    10    0.038982    0.115021    0.199083    2.378005 ^ fanout66/X (sky130_fd_sc_hd__buf_4)
                                                         net66 (net)
                      0.115023    0.000677    2.378682 ^ fanout65/A (sky130_fd_sc_hd__clkbuf_4)
    10    0.033953    0.111660    0.210293    2.588974 ^ fanout65/X (sky130_fd_sc_hd__clkbuf_4)
                                                         net65 (net)
                      0.111660    0.000107    2.589081 ^ _458_/A (sky130_fd_sc_hd__inv_2)
     4    0.013742    0.046816    0.067224    2.656305 v _458_/Y (sky130_fd_sc_hd__inv_2)
                                                         _188_ (net)
                      0.046816    0.000129    2.656434 v fanout34/A (sky130_fd_sc_hd__clkbuf_4)
    10    0.045193    0.099218    0.200087    2.856521 v fanout34/X (sky130_fd_sc_hd__clkbuf_4)
                                                         net34 (net)
                      0.099229    0.001044    2.857565 v _472_/A1 (sky130_fd_sc_hd__o41ai_4)
     5    0.016883    0.372824    0.469431    3.326996 ^ _472_/Y (sky130_fd_sc_hd__o41ai_4)
                                                         _338_ (net)
                      0.372824    0.000169    3.327165 ^ _481_/A2 (sky130_fd_sc_hd__a211o_1)
     4    0.010885    0.105125    0.233204    3.560368 ^ _481_/X (sky130_fd_sc_hd__a211o_1)
                                                         _410_ (net)
                      0.105125    0.000123    3.560492 ^ _484_/A1 (sky130_fd_sc_hd__a21o_1)
     4    0.013910    0.127238    0.185162    3.745654 ^ _484_/X (sky130_fd_sc_hd__a21o_1)
                                                         _413_ (net)
                      0.127238    0.000132    3.745786 ^ _493_/A1 (sky130_fd_sc_hd__a211oi_2)
     3    0.010722    0.077883    0.105250    3.851036 v _493_/Y (sky130_fd_sc_hd__a211oi_2)
                                                         _422_ (net)
                      0.077883    0.000207    3.851243 v _503_/D (sky130_fd_sc_hd__or4_4)
     3    0.008041    0.090582    0.432768    4.284010 v _503_/X (sky130_fd_sc_hd__or4_4)
                                                         _432_ (net)
                      0.090582    0.000052    4.284062 v _507_/A1 (sky130_fd_sc_hd__a31o_1)
     2    0.008750    0.062626    0.217456    4.501518 v _507_/X (sky130_fd_sc_hd__a31o_1)
                                                         _436_ (net)
                      0.062626    0.000114    4.501632 v _509_/A2 (sky130_fd_sc_hd__a211o_4)
     3    0.015229    0.066631    0.359845    4.861477 v _509_/X (sky130_fd_sc_hd__a211o_4)
                                                         _438_ (net)
                      0.066631    0.000091    4.861569 v _515_/A2 (sky130_fd_sc_hd__a21oi_4)
     8    0.038763    0.299308    0.300861    5.162430 ^ _515_/Y (sky130_fd_sc_hd__a21oi_4)
                                                         _444_ (net)
                      0.299309    0.000372    5.162802 ^ _524_/S (sky130_fd_sc_hd__mux2_4)
     2    0.008616    0.057573    0.345351    5.508153 v _524_/X (sky130_fd_sc_hd__mux2_4)
                                                         _453_ (net)
                      0.057573    0.000111    5.508264 v _539_/A1 (sky130_fd_sc_hd__a221o_1)
     3    0.009948    0.086578    0.356944    5.865208 v _539_/X (sky130_fd_sc_hd__a221o_1)
                                                         _010_ (net)
                      0.086578    0.000082    5.865290 v _543_/A3 (sky130_fd_sc_hd__a311oi_2)
     4    0.014053    0.351310    0.400241    6.265531 ^ _543_/Y (sky130_fd_sc_hd__a311oi_2)
                                                         _014_ (net)
                      0.351310    0.000094    6.265625 ^ _572_/A (sky130_fd_sc_hd__or3_4)
     4    0.011496    0.051902    0.213590    6.479216 ^ _572_/X (sky130_fd_sc_hd__or3_4)
                                                         _043_ (net)
                      0.051902    0.000120    6.479335 ^ _574_/B (sky130_fd_sc_hd__and3_1)
     3    0.008070    0.095713    0.182154    6.661490 ^ _574_/X (sky130_fd_sc_hd__and3_1)
                                                         _045_ (net)
                      0.095713    0.000096    6.661586 ^ rebuffer9/A (sky130_fd_sc_hd__dlygate4sd3_1)
     1    0.003077    0.055359    0.552368    7.213953 ^ rebuffer9/X (sky130_fd_sc_hd__dlygate4sd3_1)
                                                         net78 (net)
                      0.055359    0.000029    7.213982 ^ _587_/B1 (sky130_fd_sc_hd__a21o_1)
     2    0.004888    0.055811    0.091570    7.305552 ^ _587_/X (sky130_fd_sc_hd__a21o_1)
                                                         _058_ (net)
                      0.055811    0.000051    7.305604 ^ _588_/C_N (sky130_fd_sc_hd__or3b_1)
     1    0.009339    0.101261    0.390785    7.696389 v _588_/X (sky130_fd_sc_hd__or3b_1)
                                                         _059_ (net)
                      0.101261    0.000115    7.696503 v _590_/A1 (sky130_fd_sc_hd__a311oi_4)
     2    0.010682    0.266157    0.265199    7.961702 ^ _590_/Y (sky130_fd_sc_hd__a311oi_4)
                                                         _061_ (net)
                      0.266157    0.000091    7.961793 ^ max_cap30/A (sky130_fd_sc_hd__buf_6)
     5    0.020992    0.054959    0.163739    8.125532 ^ max_cap30/X (sky130_fd_sc_hd__buf_6)
                                                         net30 (net)
                      0.054963    0.000474    8.126007 ^ _601_/S (sky130_fd_sc_hd__mux2_4)
     4    0.018073    0.071680    0.328702    8.454708 v _601_/X (sky130_fd_sc_hd__mux2_4)
                                                         _072_ (net)
                      0.071680    0.000107    8.454816 v _604_/B (sky130_fd_sc_hd__xnor2_2)
     4    0.017444    0.104298    0.178912    8.633728 v _604_/Y (sky130_fd_sc_hd__xnor2_2)
                                                         _075_ (net)
                      0.104298    0.000156    8.633884 v _608_/A2 (sky130_fd_sc_hd__a211oi_4)
     2    0.007174    0.185969    0.266192    8.900077 ^ _608_/Y (sky130_fd_sc_hd__a211oi_4)
                                                         _079_ (net)
                      0.185969    0.000123    8.900200 ^ _627_/A3 (sky130_fd_sc_hd__o31a_1)
     4    0.020208    0.215139    0.264496    9.164696 ^ _627_/X (sky130_fd_sc_hd__o31a_1)
                                                         _098_ (net)
                      0.215139    0.000285    9.164981 ^ _628_/A2 (sky130_fd_sc_hd__a21oi_4)
     3    0.013709    0.064114    0.099170    9.264151 v _628_/Y (sky130_fd_sc_hd__a21oi_4)
                                                         _099_ (net)
                      0.064114    0.000124    9.264275 v fanout29/A (sky130_fd_sc_hd__buf_6)
    10    0.040135    0.048204    0.149297    9.413571 v fanout29/X (sky130_fd_sc_hd__buf_6)
                                                         net29 (net)
                      0.048262    0.001503    9.415074 v _717_/A2 (sky130_fd_sc_hd__a22o_1)
     1    0.004352    0.047201    0.232934    9.648008 v _717_/X (sky130_fd_sc_hd__a22o_1)
                                                         _187_ (net)
                      0.047201    0.000061    9.648069 v _718_/B (sky130_fd_sc_hd__or2_1)
     1    0.003098    0.049625    0.204332    9.852401 v _718_/X (sky130_fd_sc_hd__or2_1)
                                                         net22 (net)
                      0.049625    0.000037    9.852438 v output22/A (sky130_fd_sc_hd__buf_2)
     1    0.035295    0.091647    0.184078   10.036516 v output22/X (sky130_fd_sc_hd__buf_2)
                                                         op_out[1] (net)
                      0.091650    0.000576   10.037091 v op_out[1] (out)
                                             10.037091   data arrival time

                      0.000000   10.000000   10.000000   clock __VIRTUAL_CLK__ (rise edge)
                                  0.000000   10.000000   clock network delay (ideal)
                                 -0.250000    9.750000   clock uncertainty
                                  0.000000    9.750000   clock reconvergence pessimism
                                 -2.000000    7.750000   output external delay
                                              7.750000   data required time
---------------------------------------------------------------------------------------------
                                              7.750000   data required time
                                            -10.037091   data arrival time
---------------------------------------------------------------------------------------------
                                             -2.287091   slack (VIOLATED)


Startpoint: op_b[0] (input port clocked by __VIRTUAL_CLK__)
Endpoint: op_out[2] (output port clocked by __VIRTUAL_CLK__)
Path Group: __VIRTUAL_CLK__
Path Type: max

Fanout         Cap        Slew       Delay        Time   Description
---------------------------------------------------------------------------------------------
                      0.000000    0.000000    0.000000   clock __VIRTUAL_CLK__ (rise edge)
                                  0.000000    0.000000   clock network delay (ideal)
                                  2.000000    2.000000 ^ input external delay
     1    0.003108    0.021059    0.011381    2.011381 ^ op_b[0] (in)
                                                         op_b[0] (net)
                      0.021059    0.000000    2.011381 ^ input13/A (sky130_fd_sc_hd__clkbuf_2)
     4    0.025758    0.144540    0.166914    2.178294 ^ input13/X (sky130_fd_sc_hd__clkbuf_2)
                                                         net13 (net)
                      0.144544    0.000627    2.178921 ^ fanout66/A (sky130_fd_sc_hd__buf_4)
    10    0.038982    0.115021    0.199083    2.378005 ^ fanout66/X (sky130_fd_sc_hd__buf_4)
                                                         net66 (net)
                      0.115023    0.000677    2.378682 ^ fanout65/A (sky130_fd_sc_hd__clkbuf_4)
    10    0.033953    0.111660    0.210293    2.588974 ^ fanout65/X (sky130_fd_sc_hd__clkbuf_4)
                                                         net65 (net)
                      0.111660    0.000107    2.589081 ^ _458_/A (sky130_fd_sc_hd__inv_2)
     4    0.013742    0.046816    0.067224    2.656305 v _458_/Y (sky130_fd_sc_hd__inv_2)
                                                         _188_ (net)
                      0.046816    0.000129    2.656434 v fanout34/A (sky130_fd_sc_hd__clkbuf_4)
    10    0.045193    0.099218    0.200087    2.856521 v fanout34/X (sky130_fd_sc_hd__clkbuf_4)
                                                         net34 (net)
                      0.099229    0.001044    2.857565 v _472_/A1 (sky130_fd_sc_hd__o41ai_4)
     5    0.016883    0.372824    0.469431    3.326996 ^ _472_/Y (sky130_fd_sc_hd__o41ai_4)
                                                         _338_ (net)
                      0.372824    0.000169    3.327165 ^ _481_/A2 (sky130_fd_sc_hd__a211o_1)
     4    0.010885    0.105125    0.233204    3.560368 ^ _481_/X (sky130_fd_sc_hd__a211o_1)
                                                         _410_ (net)
                      0.105125    0.000123    3.560492 ^ _484_/A1 (sky130_fd_sc_hd__a21o_1)
     4    0.013910    0.127238    0.185162    3.745654 ^ _484_/X (sky130_fd_sc_hd__a21o_1)
                                                         _413_ (net)
                      0.127238    0.000132    3.745786 ^ _493_/A1 (sky130_fd_sc_hd__a211oi_2)
     3    0.010722    0.077883    0.105250    3.851036 v _493_/Y (sky130_fd_sc_hd__a211oi_2)
                                                         _422_ (net)
                      0.077883    0.000207    3.851243 v _503_/D (sky130_fd_sc_hd__or4_4)
     3    0.008041    0.090582    0.432768    4.284010 v _503_/X (sky130_fd_sc_hd__or4_4)
                                                         _432_ (net)
                      0.090582    0.000052    4.284062 v _507_/A1 (sky130_fd_sc_hd__a31o_1)
     2    0.008750    0.062626    0.217456    4.501518 v _507_/X (sky130_fd_sc_hd__a31o_1)
                                                         _436_ (net)
                      0.062626    0.000114    4.501632 v _509_/A2 (sky130_fd_sc_hd__a211o_4)
     3    0.015229    0.066631    0.359845    4.861477 v _509_/X (sky130_fd_sc_hd__a211o_4)
                                                         _438_ (net)
                      0.066631    0.000091    4.861569 v _515_/A2 (sky130_fd_sc_hd__a21oi_4)
     8    0.038763    0.299308    0.300861    5.162430 ^ _515_/Y (sky130_fd_sc_hd__a21oi_4)
                                                         _444_ (net)
                      0.299309    0.000372    5.162802 ^ _524_/S (sky130_fd_sc_hd__mux2_4)
     2    0.008616    0.057573    0.345351    5.508153 v _524_/X (sky130_fd_sc_hd__mux2_4)
                                                         _453_ (net)
                      0.057573    0.000111    5.508264 v _539_/A1 (sky130_fd_sc_hd__a221o_1)
     3    0.009948    0.086578    0.356944    5.865208 v _539_/X (sky130_fd_sc_hd__a221o_1)
                                                         _010_ (net)
                      0.086578    0.000082    5.865290 v _543_/A3 (sky130_fd_sc_hd__a311oi_2)
     4    0.014053    0.351310    0.400241    6.265531 ^ _543_/Y (sky130_fd_sc_hd__a311oi_2)
                                                         _014_ (net)
                      0.351310    0.000094    6.265625 ^ _572_/A (sky130_fd_sc_hd__or3_4)
     4    0.011496    0.051902    0.213590    6.479216 ^ _572_/X (sky130_fd_sc_hd__or3_4)
                                                         _043_ (net)
                      0.051902    0.000120    6.479335 ^ _574_/B (sky130_fd_sc_hd__and3_1)
     3    0.008070    0.095713    0.182154    6.661490 ^ _574_/X (sky130_fd_sc_hd__and3_1)
                                                         _045_ (net)
                      0.095713    0.000096    6.661586 ^ rebuffer9/A (sky130_fd_sc_hd__dlygate4sd3_1)
     1    0.003077    0.055359    0.552368    7.213953 ^ rebuffer9/X (sky130_fd_sc_hd__dlygate4sd3_1)
                                                         net78 (net)
                      0.055359    0.000029    7.213982 ^ _587_/B1 (sky130_fd_sc_hd__a21o_1)
     2    0.004888    0.055811    0.091570    7.305552 ^ _587_/X (sky130_fd_sc_hd__a21o_1)
                                                         _058_ (net)
                      0.055811    0.000051    7.305604 ^ _588_/C_N (sky130_fd_sc_hd__or3b_1)
     1    0.009339    0.101261    0.390785    7.696389 v _588_/X (sky130_fd_sc_hd__or3b_1)
                                                         _059_ (net)
                      0.101261    0.000115    7.696503 v _590_/A1 (sky130_fd_sc_hd__a311oi_4)
     2    0.010682    0.266157    0.265199    7.961702 ^ _590_/Y (sky130_fd_sc_hd__a311oi_4)
                                                         _061_ (net)
                      0.266157    0.000091    7.961793 ^ max_cap30/A (sky130_fd_sc_hd__buf_6)
     5    0.020992    0.054959    0.163739    8.125532 ^ max_cap30/X (sky130_fd_sc_hd__buf_6)
                                                         net30 (net)
                      0.054963    0.000494    8.126026 ^ _740_/A2 (sky130_fd_sc_hd__a211o_1)
     1    0.007032    0.073848    0.140817    8.266844 ^ _740_/X (sky130_fd_sc_hd__a211o_1)
                                                         _212_ (net)
                      0.073848    0.000195    8.267039 ^ _741_/B1 (sky130_fd_sc_hd__a21o_1)
     1    0.002228    0.033731    0.080315    8.347354 ^ _741_/X (sky130_fd_sc_hd__a21o_1)
                                                         net23 (net)
                      0.033731    0.000020    8.347375 ^ output23/A (sky130_fd_sc_hd__buf_2)
     1    0.034298    0.170288    0.193947    8.541322 ^ output23/X (sky130_fd_sc_hd__buf_2)
                                                         op_out[2] (net)
                      0.170288    0.000379    8.541701 ^ op_out[2] (out)
                                              8.541701   data arrival time

                      0.000000   10.000000   10.000000   clock __VIRTUAL_CLK__ (rise edge)
                                  0.000000   10.000000   clock network delay (ideal)
                                 -0.250000    9.750000   clock uncertainty
                                  0.000000    9.750000   clock reconvergence pessimism
                                 -2.000000    7.750000   output external delay
                                              7.750000   data required time
---------------------------------------------------------------------------------------------
                                              7.750000   data required time
                                             -8.541701   data arrival time
---------------------------------------------------------------------------------------------
                                             -0.791701   slack (VIOLATED)


Startpoint: op_b[0] (input port clocked by __VIRTUAL_CLK__)
Endpoint: op_out[3] (output port clocked by __VIRTUAL_CLK__)
Path Group: __VIRTUAL_CLK__
Path Type: max

Fanout         Cap        Slew       Delay        Time   Description
---------------------------------------------------------------------------------------------
                      0.000000    0.000000    0.000000   clock __VIRTUAL_CLK__ (rise edge)
                                  0.000000    0.000000   clock network delay (ideal)
                                  2.000000    2.000000 ^ input external delay
     1    0.003108    0.021059    0.011381    2.011381 ^ op_b[0] (in)
                                                         op_b[0] (net)
                      0.021059    0.000000    2.011381 ^ input13/A (sky130_fd_sc_hd__clkbuf_2)
     4    0.025758    0.144540    0.166914    2.178294 ^ input13/X (sky130_fd_sc_hd__clkbuf_2)
                                                         net13 (net)
                      0.144544    0.000627    2.178921 ^ fanout66/A (sky130_fd_sc_hd__buf_4)
    10    0.038982    0.115021    0.199083    2.378005 ^ fanout66/X (sky130_fd_sc_hd__buf_4)
                                                         net66 (net)
                      0.115023    0.000677    2.378682 ^ fanout65/A (sky130_fd_sc_hd__clkbuf_4)
    10    0.033953    0.111660    0.210293    2.588974 ^ fanout65/X (sky130_fd_sc_hd__clkbuf_4)
                                                         net65 (net)
                      0.111660    0.000107    2.589081 ^ _458_/A (sky130_fd_sc_hd__inv_2)
     4    0.013742    0.046816    0.067224    2.656305 v _458_/Y (sky130_fd_sc_hd__inv_2)
                                                         _188_ (net)
                      0.046816    0.000129    2.656434 v fanout34/A (sky130_fd_sc_hd__clkbuf_4)
    10    0.045193    0.099218    0.200087    2.856521 v fanout34/X (sky130_fd_sc_hd__clkbuf_4)
                                                         net34 (net)
                      0.099229    0.001044    2.857565 v _472_/A1 (sky130_fd_sc_hd__o41ai_4)
     5    0.016883    0.372824    0.469431    3.326996 ^ _472_/Y (sky130_fd_sc_hd__o41ai_4)
                                                         _338_ (net)
                      0.372824    0.000169    3.327165 ^ _481_/A2 (sky130_fd_sc_hd__a211o_1)
     4    0.010885    0.105125    0.233204    3.560368 ^ _481_/X (sky130_fd_sc_hd__a211o_1)
                                                         _410_ (net)
                      0.105125    0.000123    3.560492 ^ _484_/A1 (sky130_fd_sc_hd__a21o_1)
     4    0.013910    0.127238    0.185162    3.745654 ^ _484_/X (sky130_fd_sc_hd__a21o_1)
                                                         _413_ (net)
                      0.127238    0.000132    3.745786 ^ _493_/A1 (sky130_fd_sc_hd__a211oi_2)
     3    0.010722    0.077883    0.105250    3.851036 v _493_/Y (sky130_fd_sc_hd__a211oi_2)
                                                         _422_ (net)
                      0.077883    0.000207    3.851243 v _503_/D (sky130_fd_sc_hd__or4_4)
     3    0.008041    0.090582    0.432768    4.284010 v _503_/X (sky130_fd_sc_hd__or4_4)
                                                         _432_ (net)
                      0.090582    0.000052    4.284062 v _507_/A1 (sky130_fd_sc_hd__a31o_1)
     2    0.008750    0.062626    0.217456    4.501518 v _507_/X (sky130_fd_sc_hd__a31o_1)
                                                         _436_ (net)
                      0.062626    0.000114    4.501632 v _509_/A2 (sky130_fd_sc_hd__a211o_4)
     3    0.015229    0.066631    0.359845    4.861477 v _509_/X (sky130_fd_sc_hd__a211o_4)
                                                         _438_ (net)
                      0.066631    0.000091    4.861569 v _515_/A2 (sky130_fd_sc_hd__a21oi_4)
     8    0.038763    0.299308    0.300861    5.162430 ^ _515_/Y (sky130_fd_sc_hd__a21oi_4)
                                                         _444_ (net)
                      0.299309    0.000372    5.162802 ^ _524_/S (sky130_fd_sc_hd__mux2_4)
     2    0.008616    0.057573    0.345351    5.508153 v _524_/X (sky130_fd_sc_hd__mux2_4)
                                                         _453_ (net)
                      0.057573    0.000111    5.508264 v _539_/A1 (sky130_fd_sc_hd__a221o_1)
     3    0.009948    0.086578    0.356944    5.865208 v _539_/X (sky130_fd_sc_hd__a221o_1)
                                                         _010_ (net)
                      0.086578    0.000082    5.865290 v _543_/A3 (sky130_fd_sc_hd__a311oi_2)
     4    0.014053    0.351310    0.400241    6.265531 ^ _543_/Y (sky130_fd_sc_hd__a311oi_2)
                                                         _014_ (net)
                      0.351310    0.000171    6.265702 ^ _548_/A (sky130_fd_sc_hd__nor2_1)
     2    0.010110    0.106100    0.142608    6.408310 v _548_/Y (sky130_fd_sc_hd__nor2_1)
                                                         _019_ (net)
                      0.106100    0.000221    6.408531 v _769_/A2 (sky130_fd_sc_hd__a211o_1)
     1    0.006275    0.063809    0.328398    6.736928 v _769_/X (sky130_fd_sc_hd__a211o_1)
                                                         _243_ (net)
                      0.063809    0.000171    6.737100 v _770_/A_N (sky130_fd_sc_hd__nand2b_1)
     1    0.002267    0.038382    0.139834    6.876934 v _770_/Y (sky130_fd_sc_hd__nand2b_1)
                                                         net24 (net)
                      0.038382    0.000023    6.876956 v output24/A (sky130_fd_sc_hd__buf_2)
     1    0.034583    0.090133    0.178028    7.054985 v output24/X (sky130_fd_sc_hd__buf_2)
                                                         op_out[3] (net)
                      0.090134    0.000421    7.055406 v op_out[3] (out)
                                              7.055406   data arrival time

                      0.000000   10.000000   10.000000   clock __VIRTUAL_CLK__ (rise edge)
                                  0.000000   10.000000   clock network delay (ideal)
                                 -0.250000    9.750000   clock uncertainty
                                  0.000000    9.750000   clock reconvergence pessimism
                                 -2.000000    7.750000   output external delay
                                              7.750000   data required time
---------------------------------------------------------------------------------------------
                                              7.750000   data required time
                                             -7.055406   data arrival time
---------------------------------------------------------------------------------------------
                                              0.694594   slack (MET)


Startpoint: op_b[0] (input port clocked by __VIRTUAL_CLK__)
Endpoint: op_out[5] (output port clocked by __VIRTUAL_CLK__)
Path Group: __VIRTUAL_CLK__
Path Type: max

Fanout         Cap        Slew       Delay        Time   Description
---------------------------------------------------------------------------------------------
                      0.000000    0.000000    0.000000   clock __VIRTUAL_CLK__ (rise edge)
                                  0.000000    0.000000   clock network delay (ideal)
                                  2.000000    2.000000 ^ input external delay
     1    0.003108    0.021059    0.011381    2.011381 ^ op_b[0] (in)
                                                         op_b[0] (net)
                      0.021059    0.000000    2.011381 ^ input13/A (sky130_fd_sc_hd__clkbuf_2)
     4    0.025758    0.144540    0.166914    2.178294 ^ input13/X (sky130_fd_sc_hd__clkbuf_2)
                                                         net13 (net)
                      0.144544    0.000627    2.178921 ^ fanout66/A (sky130_fd_sc_hd__buf_4)
    10    0.038982    0.115021    0.199083    2.378005 ^ fanout66/X (sky130_fd_sc_hd__buf_4)
                                                         net66 (net)
                      0.115023    0.000677    2.378682 ^ fanout65/A (sky130_fd_sc_hd__clkbuf_4)
    10    0.033953    0.111660    0.210293    2.588974 ^ fanout65/X (sky130_fd_sc_hd__clkbuf_4)
                                                         net65 (net)
                      0.111660    0.000107    2.589081 ^ _458_/A (sky130_fd_sc_hd__inv_2)
     4    0.013742    0.046816    0.067224    2.656305 v _458_/Y (sky130_fd_sc_hd__inv_2)
                                                         _188_ (net)
                      0.046816    0.000129    2.656434 v fanout34/A (sky130_fd_sc_hd__clkbuf_4)
    10    0.045193    0.099218    0.200087    2.856521 v fanout34/X (sky130_fd_sc_hd__clkbuf_4)
                                                         net34 (net)
                      0.099223    0.000739    2.857260 v _536_/A (sky130_fd_sc_hd__nor2_4)
     4    0.015929    0.124173    0.164269    3.021529 ^ _536_/Y (sky130_fd_sc_hd__nor2_4)
                                                         _007_ (net)
                      0.124214    0.000369    3.021898 ^ _780_/C (sky130_fd_sc_hd__and3_1)
     2    0.007024    0.086249    0.196636    3.218534 ^ _780_/X (sky130_fd_sc_hd__and3_1)
                                                         _254_ (net)
                      0.086249    0.000055    3.218589 ^ _781_/B1 (sky130_fd_sc_hd__a21oi_2)
     2    0.007287    0.050472    0.047747    3.266336 v _781_/Y (sky130_fd_sc_hd__a21oi_2)
                                                         _255_ (net)
                      0.050472    0.000054    3.266391 v rebuffer18/A (sky130_fd_sc_hd__buf_2)
     1    0.009292    0.037760    0.133995    3.400386 v rebuffer18/X (sky130_fd_sc_hd__buf_2)
                                                         net87 (net)
                      0.037760    0.000137    3.400522 v _782_/B (sky130_fd_sc_hd__xnor2_2)
     2    0.013133    0.211738    0.193017    3.593539 ^ _782_/Y (sky130_fd_sc_hd__xnor2_2)
                                                         _256_ (net)
                      0.211738    0.000161    3.593700 ^ _784_/B (sky130_fd_sc_hd__xnor2_2)
     2    0.009147    0.168048    0.154057    3.747757 ^ _784_/Y (sky130_fd_sc_hd__xnor2_2)
                                                         _258_ (net)
                      0.168048    0.000067    3.747824 ^ _785_/B (sky130_fd_sc_hd__nand2b_1)
     2    0.004796    0.059525    0.089064    3.836888 v _785_/Y (sky130_fd_sc_hd__nand2b_1)
                                                         _259_ (net)
                      0.059525    0.000032    3.836921 v _817_/B (sky130_fd_sc_hd__and3_1)
     1    0.003255    0.039001    0.167454    4.004375 v _817_/X (sky130_fd_sc_hd__and3_1)
                                                         _293_ (net)
                      0.039001    0.000035    4.004410 v _819_/A (sky130_fd_sc_hd__nor2_1)
     2    0.007980    0.165144    0.158048    4.162458 ^ _819_/Y (sky130_fd_sc_hd__nor2_1)
                                                         _296_ (net)
                      0.165144    0.000064    4.162523 ^ _820_/B (sky130_fd_sc_hd__xnor2_1)
     2    0.006982    0.196160    0.167470    4.329992 ^ _820_/Y (sky130_fd_sc_hd__xnor2_1)
                                                         _297_ (net)
                      0.196160    0.000108    4.330101 ^ _821_/B (sky130_fd_sc_hd__or2_4)
     3    0.013217    0.054989    0.171285    4.501386 ^ _821_/X (sky130_fd_sc_hd__or2_4)
                                                         _298_ (net)
                      0.054989    0.000085    4.501471 ^ _824_/A (sky130_fd_sc_hd__nand2_1)
     3    0.008998    0.070765    0.079658    4.581129 v _824_/Y (sky130_fd_sc_hd__nand2_1)
                                                         _301_ (net)
                      0.070765    0.000127    4.581256 v _827_/A2 (sky130_fd_sc_hd__o21a_1)
     1    0.002999    0.035899    0.173490    4.754745 v _827_/X (sky130_fd_sc_hd__o21a_1)
                                                         _304_ (net)
                      0.035899    0.000022    4.754767 v _840_/B2 (sky130_fd_sc_hd__a221o_1)
     1    0.002396    0.049397    0.304499    5.059266 v _840_/X (sky130_fd_sc_hd__a221o_1)
                                                         _319_ (net)
                      0.049397    0.000016    5.059282 v _842_/B (sky130_fd_sc_hd__or3_1)
     1    0.005171    0.077930    0.359353    5.418635 v _842_/X (sky130_fd_sc_hd__or3_1)
                                                         net26 (net)
                      0.077930    0.000109    5.418744 v output26/A (sky130_fd_sc_hd__clkbuf_4)
     1    0.034991    0.080773    0.198559    5.617303 v output26/X (sky130_fd_sc_hd__clkbuf_4)
                                                         op_out[5] (net)
                      0.080774    0.000505    5.617809 v op_out[5] (out)
                                              5.617809   data arrival time

                      0.000000   10.000000   10.000000   clock __VIRTUAL_CLK__ (rise edge)
                                  0.000000   10.000000   clock network delay (ideal)
                                 -0.250000    9.750000   clock uncertainty
                                  0.000000    9.750000   clock reconvergence pessimism
                                 -2.000000    7.750000   output external delay
                                              7.750000   data required time
---------------------------------------------------------------------------------------------
                                              7.750000   data required time
                                             -5.617809   data arrival time
---------------------------------------------------------------------------------------------
                                              2.132191   slack (MET)


Startpoint: op_b[0] (input port clocked by __VIRTUAL_CLK__)
Endpoint: op_out[4] (output port clocked by __VIRTUAL_CLK__)
Path Group: __VIRTUAL_CLK__
Path Type: max

Fanout         Cap        Slew       Delay        Time   Description
---------------------------------------------------------------------------------------------
                      0.000000    0.000000    0.000000   clock __VIRTUAL_CLK__ (rise edge)
                                  0.000000    0.000000   clock network delay (ideal)
                                  2.000000    2.000000 ^ input external delay
     1    0.003108    0.021059    0.011381    2.011381 ^ op_b[0] (in)
                                                         op_b[0] (net)
                      0.021059    0.000000    2.011381 ^ input13/A (sky130_fd_sc_hd__clkbuf_2)
     4    0.025758    0.144540    0.166914    2.178294 ^ input13/X (sky130_fd_sc_hd__clkbuf_2)
                                                         net13 (net)
                      0.144544    0.000627    2.178921 ^ fanout66/A (sky130_fd_sc_hd__buf_4)
    10    0.038982    0.115021    0.199083    2.378005 ^ fanout66/X (sky130_fd_sc_hd__buf_4)
                                                         net66 (net)
                      0.115023    0.000677    2.378682 ^ fanout65/A (sky130_fd_sc_hd__clkbuf_4)
    10    0.033953    0.111660    0.210293    2.588974 ^ fanout65/X (sky130_fd_sc_hd__clkbuf_4)
                                                         net65 (net)
                      0.111660    0.000107    2.589081 ^ _458_/A (sky130_fd_sc_hd__inv_2)
     4    0.013742    0.046816    0.067224    2.656305 v _458_/Y (sky130_fd_sc_hd__inv_2)
                                                         _188_ (net)
                      0.046816    0.000129    2.656434 v fanout34/A (sky130_fd_sc_hd__clkbuf_4)
    10    0.045193    0.099218    0.200087    2.856521 v fanout34/X (sky130_fd_sc_hd__clkbuf_4)
                                                         net34 (net)
                      0.099229    0.001044    2.857565 v _472_/A1 (sky130_fd_sc_hd__o41ai_4)
     5    0.016883    0.372824    0.469431    3.326996 ^ _472_/Y (sky130_fd_sc_hd__o41ai_4)
                                                         _338_ (net)
                      0.372824    0.000169    3.327165 ^ _481_/A2 (sky130_fd_sc_hd__a211o_1)
     4    0.010885    0.105125    0.233204    3.560368 ^ _481_/X (sky130_fd_sc_hd__a211o_1)
                                                         _410_ (net)
                      0.105125    0.000123    3.560492 ^ _484_/A1 (sky130_fd_sc_hd__a21o_1)
     4    0.013910    0.127238    0.185162    3.745654 ^ _484_/X (sky130_fd_sc_hd__a21o_1)
                                                         _413_ (net)
                      0.127238    0.000132    3.745786 ^ _493_/A1 (sky130_fd_sc_hd__a211oi_2)
     3    0.010722    0.077883    0.105250    3.851036 v _493_/Y (sky130_fd_sc_hd__a211oi_2)
                                                         _422_ (net)
                      0.077883    0.000207    3.851243 v _503_/D (sky130_fd_sc_hd__or4_4)
     3    0.008041    0.090582    0.432768    4.284010 v _503_/X (sky130_fd_sc_hd__or4_4)
                                                         _432_ (net)
                      0.090582    0.000052    4.284062 v _507_/A1 (sky130_fd_sc_hd__a31o_1)
     2    0.008750    0.062626    0.217456    4.501518 v _507_/X (sky130_fd_sc_hd__a31o_1)
                                                         _436_ (net)
                      0.062626    0.000114    4.501632 v _509_/A2 (sky130_fd_sc_hd__a211o_4)
     3    0.015229    0.066631    0.359845    4.861477 v _509_/X (sky130_fd_sc_hd__a211o_4)
                                                         _438_ (net)
                      0.066631    0.000091    4.861569 v _515_/A2 (sky130_fd_sc_hd__a21oi_4)
     8    0.038763    0.299308    0.300861    5.162430 ^ _515_/Y (sky130_fd_sc_hd__a21oi_4)
                                                         _444_ (net)
                      0.299310    0.000633    5.163063 ^ _797_/A2 (sky130_fd_sc_hd__a211oi_1)
     1    0.004638    0.089982    0.137869    5.300931 v _797_/Y (sky130_fd_sc_hd__a211oi_1)
                                                         _272_ (net)
                      0.089982    0.000079    5.301011 v _798_/B1 (sky130_fd_sc_hd__o31ai_1)
     1    0.004667    0.238670    0.093341    5.394351 ^ _798_/Y (sky130_fd_sc_hd__o31ai_1)
                                                         net25 (net)
                      0.238670    0.000081    5.394432 ^ output25/A (sky130_fd_sc_hd__buf_4)
     1    0.034480    0.104339    0.216362    5.610794 ^ output25/X (sky130_fd_sc_hd__buf_4)
                                                         op_out[4] (net)
                      0.104339    0.000418    5.611212 ^ op_out[4] (out)
                                              5.611212   data arrival time

                      0.000000   10.000000   10.000000   clock __VIRTUAL_CLK__ (rise edge)
                                  0.000000   10.000000   clock network delay (ideal)
                                 -0.250000    9.750000   clock uncertainty
                                  0.000000    9.750000   clock reconvergence pessimism
                                 -2.000000    7.750000   output external delay
                                              7.750000   data required time
---------------------------------------------------------------------------------------------
                                              7.750000   data required time
                                             -5.611212   data arrival time
---------------------------------------------------------------------------------------------
                                              2.138788   slack (MET)


Startpoint: op_b[0] (input port clocked by __VIRTUAL_CLK__)
Endpoint: op_out[7] (output port clocked by __VIRTUAL_CLK__)
Path Group: __VIRTUAL_CLK__
Path Type: max

Fanout         Cap        Slew       Delay        Time   Description
---------------------------------------------------------------------------------------------
                      0.000000    0.000000    0.000000   clock __VIRTUAL_CLK__ (rise edge)
                                  0.000000    0.000000   clock network delay (ideal)
                                  2.000000    2.000000 ^ input external delay
     1    0.003108    0.021059    0.011381    2.011381 ^ op_b[0] (in)
                                                         op_b[0] (net)
                      0.021059    0.000000    2.011381 ^ input13/A (sky130_fd_sc_hd__clkbuf_2)
     4    0.025758    0.144540    0.166914    2.178294 ^ input13/X (sky130_fd_sc_hd__clkbuf_2)
                                                         net13 (net)
                      0.144544    0.000627    2.178921 ^ fanout66/A (sky130_fd_sc_hd__buf_4)
    10    0.038982    0.115021    0.199083    2.378005 ^ fanout66/X (sky130_fd_sc_hd__buf_4)
                                                         net66 (net)
                      0.115023    0.000677    2.378682 ^ fanout65/A (sky130_fd_sc_hd__clkbuf_4)
    10    0.033953    0.111660    0.210293    2.588974 ^ fanout65/X (sky130_fd_sc_hd__clkbuf_4)
                                                         net65 (net)
                      0.111660    0.000107    2.589081 ^ _458_/A (sky130_fd_sc_hd__inv_2)
     4    0.013742    0.046816    0.067224    2.656305 v _458_/Y (sky130_fd_sc_hd__inv_2)
                                                         _188_ (net)
                      0.046816    0.000129    2.656434 v fanout34/A (sky130_fd_sc_hd__clkbuf_4)
    10    0.045193    0.099218    0.200087    2.856521 v fanout34/X (sky130_fd_sc_hd__clkbuf_4)
                                                         net34 (net)
                      0.099223    0.000739    2.857260 v _536_/A (sky130_fd_sc_hd__nor2_4)
     4    0.015929    0.124173    0.164269    3.021529 ^ _536_/Y (sky130_fd_sc_hd__nor2_4)
                                                         _007_ (net)
                      0.124214    0.000369    3.021898 ^ _780_/C (sky130_fd_sc_hd__and3_1)
     2    0.007024    0.086249    0.196636    3.218534 ^ _780_/X (sky130_fd_sc_hd__and3_1)
                                                         _254_ (net)
                      0.086249    0.000017    3.218551 ^ rebuffer23/A (sky130_fd_sc_hd__dlymetal6s2s_1)
     1    0.005247    0.078647    0.126591    3.345142 ^ rebuffer23/X (sky130_fd_sc_hd__dlymetal6s2s_1)
                                                         net92 (net)
                      0.078647    0.000054    3.345196 ^ _805_/B1 (sky130_fd_sc_hd__a31oi_2)
     2    0.007160    0.091336    0.049851    3.395048 v _805_/Y (sky130_fd_sc_hd__a31oi_2)
                                                         _280_ (net)
                      0.091336    0.000080    3.395128 v _812_/A (sky130_fd_sc_hd__or3_1)
     2    0.005643    0.080527    0.400113    3.795241 v _812_/X (sky130_fd_sc_hd__or3_1)
                                                         _288_ (net)
                      0.080527    0.000052    3.795292 v _870_/A (sky130_fd_sc_hd__and3_1)
     2    0.004784    0.045234    0.164433    3.959725 v _870_/X (sky130_fd_sc_hd__and3_1)
                                                         _351_ (net)
                      0.045234    0.000024    3.959749 v _873_/B (sky130_fd_sc_hd__or3_1)
     3    0.007347    0.090742    0.374806    4.334555 v _873_/X (sky130_fd_sc_hd__or3_1)
                                                         _354_ (net)
                      0.090742    0.000056    4.334611 v _894_/B (sky130_fd_sc_hd__and2b_1)
     1    0.008746    0.058570    0.199517    4.534128 v _894_/X (sky130_fd_sc_hd__and2b_1)
                                                         _376_ (net)
                      0.058570    0.000055    4.534183 v _915_/A (sky130_fd_sc_hd__xnor2_2)
     1    0.005874    0.058551    0.140809    4.674992 v _915_/Y (sky130_fd_sc_hd__xnor2_2)
                                                         _399_ (net)
                      0.058551    0.000092    4.675085 v _916_/A (sky130_fd_sc_hd__xnor2_1)
     2    0.010239    0.261039    0.261832    4.936917 ^ _916_/Y (sky130_fd_sc_hd__xnor2_1)
                                                         _400_ (net)
                      0.261040    0.000380    4.937296 ^ _918_/B (sky130_fd_sc_hd__nand2_1)
     1    0.003095    0.059393    0.090244    5.027541 v _918_/Y (sky130_fd_sc_hd__nand2_1)
                                                         _402_ (net)
                      0.059393    0.000034    5.027575 v _923_/A3 (sky130_fd_sc_hd__a311o_1)
     1    0.001791    0.047893    0.336602    5.364177 v _923_/X (sky130_fd_sc_hd__a311o_1)
                                                         net28 (net)
                      0.047893    0.000008    5.364184 v output28/A (sky130_fd_sc_hd__buf_2)
     1    0.034064    0.088846    0.181334    5.545518 v output28/X (sky130_fd_sc_hd__buf_2)
                                                         op_out[7] (net)
                      0.088846    0.000199    5.545716 v op_out[7] (out)
                                              5.545716   data arrival time

                      0.000000   10.000000   10.000000   clock __VIRTUAL_CLK__ (rise edge)
                                  0.000000   10.000000   clock network delay (ideal)
                                 -0.250000    9.750000   clock uncertainty
                                  0.000000    9.750000   clock reconvergence pessimism
                                 -2.000000    7.750000   output external delay
                                              7.750000   data required time
---------------------------------------------------------------------------------------------
                                              7.750000   data required time
                                             -5.545716   data arrival time
---------------------------------------------------------------------------------------------
                                              2.204283   slack (MET)


Startpoint: op_b[0] (input port clocked by __VIRTUAL_CLK__)
Endpoint: op_out[6] (output port clocked by __VIRTUAL_CLK__)
Path Group: __VIRTUAL_CLK__
Path Type: max

Fanout         Cap        Slew       Delay        Time   Description
---------------------------------------------------------------------------------------------
                      0.000000    0.000000    0.000000   clock __VIRTUAL_CLK__ (rise edge)
                                  0.000000    0.000000   clock network delay (ideal)
                                  2.000000    2.000000 ^ input external delay
     1    0.003108    0.021059    0.011381    2.011381 ^ op_b[0] (in)
                                                         op_b[0] (net)
                      0.021059    0.000000    2.011381 ^ input13/A (sky130_fd_sc_hd__clkbuf_2)
     4    0.025758    0.144540    0.166914    2.178294 ^ input13/X (sky130_fd_sc_hd__clkbuf_2)
                                                         net13 (net)
                      0.144544    0.000627    2.178921 ^ fanout66/A (sky130_fd_sc_hd__buf_4)
    10    0.038982    0.115021    0.199083    2.378005 ^ fanout66/X (sky130_fd_sc_hd__buf_4)
                                                         net66 (net)
                      0.115023    0.000677    2.378682 ^ fanout65/A (sky130_fd_sc_hd__clkbuf_4)
    10    0.033953    0.111660    0.210293    2.588974 ^ fanout65/X (sky130_fd_sc_hd__clkbuf_4)
                                                         net65 (net)
                      0.111660    0.000107    2.589081 ^ _458_/A (sky130_fd_sc_hd__inv_2)
     4    0.013742    0.046816    0.067224    2.656305 v _458_/Y (sky130_fd_sc_hd__inv_2)
                                                         _188_ (net)
                      0.046816    0.000129    2.656434 v fanout34/A (sky130_fd_sc_hd__clkbuf_4)
    10    0.045193    0.099218    0.200087    2.856521 v fanout34/X (sky130_fd_sc_hd__clkbuf_4)
                                                         net34 (net)
                      0.099223    0.000739    2.857260 v _536_/A (sky130_fd_sc_hd__nor2_4)
     4    0.015929    0.124173    0.164269    3.021529 ^ _536_/Y (sky130_fd_sc_hd__nor2_4)
                                                         _007_ (net)
                      0.124214    0.000369    3.021898 ^ _780_/C (sky130_fd_sc_hd__and3_1)
     2    0.007024    0.086249    0.196636    3.218534 ^ _780_/X (sky130_fd_sc_hd__and3_1)
                                                         _254_ (net)
                      0.086249    0.000017    3.218551 ^ rebuffer23/A (sky130_fd_sc_hd__dlymetal6s2s_1)
     1    0.005247    0.078647    0.126591    3.345142 ^ rebuffer23/X (sky130_fd_sc_hd__dlymetal6s2s_1)
                                                         net92 (net)
                      0.078647    0.000054    3.345196 ^ _805_/B1 (sky130_fd_sc_hd__a31oi_2)
     2    0.007160    0.091336    0.049851    3.395048 v _805_/Y (sky130_fd_sc_hd__a31oi_2)
                                                         _280_ (net)
                      0.091336    0.000080    3.395128 v _812_/A (sky130_fd_sc_hd__or3_1)
     2    0.005643    0.080527    0.400113    3.795241 v _812_/X (sky130_fd_sc_hd__or3_1)
                                                         _288_ (net)
                      0.080527    0.000052    3.795292 v _870_/A (sky130_fd_sc_hd__and3_1)
     2    0.004784    0.045234    0.164433    3.959725 v _870_/X (sky130_fd_sc_hd__and3_1)
                                                         _351_ (net)
                      0.045234    0.000024    3.959749 v _873_/B (sky130_fd_sc_hd__or3_1)
     3    0.007347    0.090742    0.374806    4.334555 v _873_/X (sky130_fd_sc_hd__or3_1)
                                                         _354_ (net)
                      0.090742    0.000087    4.334641 v _874_/B (sky130_fd_sc_hd__nand2_1)
     1    0.006685    0.077936    0.105896    4.440537 ^ _874_/Y (sky130_fd_sc_hd__nand2_1)
                                                         _355_ (net)
                      0.077936    0.000118    4.440655 ^ _876_/B (sky130_fd_sc_hd__xnor2_1)
     2    0.010706    0.270398    0.174324    4.614978 ^ _876_/Y (sky130_fd_sc_hd__xnor2_1)
                                                         _357_ (net)
                      0.270398    0.000275    4.615253 ^ _877_/A (sky130_fd_sc_hd__xnor2_1)
     2    0.004632    0.075473    0.127022    4.742276 v _877_/Y (sky130_fd_sc_hd__xnor2_1)
                                                         _358_ (net)
                      0.075473    0.000046    4.742322 v _878_/B (sky130_fd_sc_hd__or2_1)
     1    0.002796    0.047727    0.212586    4.954908 v _878_/X (sky130_fd_sc_hd__or2_1)
                                                         _359_ (net)
                      0.047727    0.000026    4.954934 v _885_/A2 (sky130_fd_sc_hd__a31o_1)
     1    0.002550    0.035521    0.197434    5.152367 v _885_/X (sky130_fd_sc_hd__a31o_1)
                                                         net27 (net)
                      0.035521    0.000025    5.152392 v output27/A (sky130_fd_sc_hd__clkbuf_4)
     1    0.034164    0.079362    0.178457    5.330850 v output27/X (sky130_fd_sc_hd__clkbuf_4)
                                                         op_out[6] (net)
                      0.079362    0.000240    5.331089 v op_out[6] (out)
                                              5.331089   data arrival time

                      0.000000   10.000000   10.000000   clock __VIRTUAL_CLK__ (rise edge)
                                  0.000000   10.000000   clock network delay (ideal)
                                 -0.250000    9.750000   clock uncertainty
                                  0.000000    9.750000   clock reconvergence pessimism
                                 -2.000000    7.750000   output external delay
                                              7.750000   data required time
---------------------------------------------------------------------------------------------
                                              7.750000   data required time
                                             -5.331089   data arrival time
---------------------------------------------------------------------------------------------
                                              2.418911   slack (MET)



