
===========================================================================
report_checks -unconstrained
===========================================================================
======================= nom_tt_025C_1v80 Corner ===================================

Startpoint: op_b[0] (input port clocked by __VIRTUAL_CLK__)
Endpoint: op_out[0] (output port clocked by __VIRTUAL_CLK__)
Path Group: __VIRTUAL_CLK__
Path Type: max

Fanout         Cap        Slew       Delay        Time   Description
---------------------------------------------------------------------------------------------
                      0.000000    0.000000    0.000000   clock __VIRTUAL_CLK__ (rise edge)
                                  0.000000    0.000000   clock network delay (ideal)
                                  4.000000    4.000000 ^ input external delay
     1    0.003329    0.022021    0.012173    4.012173 ^ op_b[0] (in)
                                                         op_b[0] (net)
                      0.022021    0.000000    4.012173 ^ input13/A (sky130_fd_sc_hd__clkbuf_2)
     4    0.019038    0.109566    0.143520    4.155693 ^ input13/X (sky130_fd_sc_hd__clkbuf_2)
                                                         net13 (net)
                      0.109567    0.000541    4.156234 ^ fanout66/A (sky130_fd_sc_hd__buf_4)
    10    0.038095    0.112254    0.185642    4.341877 ^ fanout66/X (sky130_fd_sc_hd__buf_4)
                                                         net66 (net)
                      0.112254    0.000474    4.342350 ^ fanout65/A (sky130_fd_sc_hd__buf_4)
    10    0.036372    0.108092    0.184109    4.526459 ^ fanout65/X (sky130_fd_sc_hd__buf_4)
                                                         net65 (net)
                      0.108116    0.001576    4.528035 ^ _458_/A (sky130_fd_sc_hd__inv_2)
     4    0.012277    0.044422    0.062775    4.590810 v _458_/Y (sky130_fd_sc_hd__inv_2)
                                                         _188_ (net)
                      0.044422    0.000272    4.591082 v fanout35/A (sky130_fd_sc_hd__clkbuf_4)
    10    0.037530    0.085564    0.187057    4.778139 v fanout35/X (sky130_fd_sc_hd__clkbuf_4)
                                                         net35 (net)
                      0.085579    0.001103    4.779242 v _472_/A1 (sky130_fd_sc_hd__o41ai_4)
     5    0.017312    0.377678    0.468095    5.247337 ^ _472_/Y (sky130_fd_sc_hd__o41ai_4)
                                                         _338_ (net)
                      0.377678    0.000503    5.247840 ^ _481_/A2 (sky130_fd_sc_hd__a211o_1)
     4    0.012213    0.116028    0.241585    5.489426 ^ _481_/X (sky130_fd_sc_hd__a211o_1)
                                                         _410_ (net)
                      0.116028    0.000348    5.489774 ^ _484_/A1 (sky130_fd_sc_hd__a21o_1)
     4    0.014256    0.130036    0.190505    5.680279 ^ _484_/X (sky130_fd_sc_hd__a21o_1)
                                                         _413_ (net)
                      0.130036    0.000288    5.680567 ^ _493_/A1 (sky130_fd_sc_hd__a211oi_2)
     3    0.008393    0.071347    0.098797    5.779365 v _493_/Y (sky130_fd_sc_hd__a211oi_2)
                                                         _422_ (net)
                      0.071348    0.000217    5.779582 v _503_/D (sky130_fd_sc_hd__or4_4)
     3    0.009393    0.093045    0.435585    6.215167 v _503_/X (sky130_fd_sc_hd__or4_4)
                                                         _432_ (net)
                      0.093045    0.000198    6.215364 v _507_/A3 (sky130_fd_sc_hd__a31o_1)
     2    0.008316    0.061391    0.258041    6.473405 v _507_/X (sky130_fd_sc_hd__a31o_1)
                                                         _436_ (net)
                      0.061391    0.000256    6.473661 v _509_/A2 (sky130_fd_sc_hd__a211o_4)
     3    0.016266    0.068075    0.361837    6.835498 v _509_/X (sky130_fd_sc_hd__a211o_4)
                                                         _438_ (net)
                      0.068075    0.000421    6.835919 v _515_/A2 (sky130_fd_sc_hd__a21oi_4)
     5    0.018386    0.173659    0.207422    7.043340 ^ _515_/Y (sky130_fd_sc_hd__a21oi_4)
                                                         _444_ (net)
                      0.173659    0.000376    7.043716 ^ rebuffer5/A (sky130_fd_sc_hd__buf_6)
     3    0.012999    0.039975    0.131720    7.175437 ^ rebuffer5/X (sky130_fd_sc_hd__buf_6)
                                                         net74 (net)
                      0.039977    0.000278    7.175714 ^ _524_/S (sky130_fd_sc_hd__mux2_4)
     2    0.007328    0.055698    0.297322    7.473037 v _524_/X (sky130_fd_sc_hd__mux2_4)
                                                         _453_ (net)
                      0.055698    0.000218    7.473255 v _539_/A1 (sky130_fd_sc_hd__a221o_1)
     3    0.010345    0.088336    0.358083    7.831338 v _539_/X (sky130_fd_sc_hd__a221o_1)
                                                         _010_ (net)
                      0.088336    0.000158    7.831497 v _544_/A2 (sky130_fd_sc_hd__a311o_1)
     3    0.009376    0.084583    0.361987    8.193483 v _544_/X (sky130_fd_sc_hd__a311o_1)
                                                         _015_ (net)
                      0.084583    0.000308    8.193791 v _579_/A2 (sky130_fd_sc_hd__a21o_1)
     3    0.007586    0.053738    0.209870    8.403662 v _579_/X (sky130_fd_sc_hd__a21o_1)
                                                         _050_ (net)
                      0.053738    0.000183    8.403845 v _583_/C (sky130_fd_sc_hd__and3_1)
     2    0.005216    0.047057    0.189872    8.593717 v _583_/X (sky130_fd_sc_hd__and3_1)
                                                         _054_ (net)
                      0.047057    0.000092    8.593809 v _585_/A (sky130_fd_sc_hd__or4_4)
     1    0.003514    0.080856    0.520482    9.114292 v _585_/X (sky130_fd_sc_hd__or4_4)
                                                         _056_ (net)
                      0.080856    0.000121    9.114412 v _586_/B (sky130_fd_sc_hd__or4b_4)
     1    0.009549    0.093471    0.538219    9.652632 v _586_/X (sky130_fd_sc_hd__or4b_4)
                                                         _057_ (net)
                      0.093471    0.000380    9.653012 v _590_/A2 (sky130_fd_sc_hd__a311oi_4)
     4    0.018249    0.335773    0.367201   10.020213 ^ _590_/Y (sky130_fd_sc_hd__a311oi_4)
                                                         _061_ (net)
                      0.335773    0.000804   10.021017 ^ max_cap30/A (sky130_fd_sc_hd__buf_6)
     5    0.026519    0.065901    0.180347   10.201365 ^ max_cap30/X (sky130_fd_sc_hd__buf_6)
                                                         net30 (net)
                      0.065903    0.000504   10.201869 ^ _619_/S (sky130_fd_sc_hd__mux2_4)
     5    0.019513    0.073307    0.333509   10.535378 v _619_/X (sky130_fd_sc_hd__mux2_4)
                                                         _090_ (net)
                      0.073307    0.000654   10.536032 v _623_/B2 (sky130_fd_sc_hd__o22a_1)
     2    0.005262    0.055385    0.178653   10.714684 v _623_/X (sky130_fd_sc_hd__o22a_1)
                                                         _094_ (net)
                      0.055385    0.000083   10.714767 v _624_/A (sky130_fd_sc_hd__or4bb_4)
     4    0.019447    0.113179    0.582456   11.297223 v _624_/X (sky130_fd_sc_hd__or4bb_4)
                                                         _095_ (net)
                      0.113179    0.000475   11.297698 v _628_/A2 (sky130_fd_sc_hd__a21oi_4)
     4    0.018698    0.175671    0.226915   11.524613 ^ _628_/Y (sky130_fd_sc_hd__a21oi_4)
                                                         _099_ (net)
                      0.175671    0.000580   11.525193 ^ fanout29/A (sky130_fd_sc_hd__buf_6)
     5    0.024618    0.060025    0.149317   11.674511 ^ fanout29/X (sky130_fd_sc_hd__buf_6)
                                                         net29 (net)
                      0.060042    0.000957   11.675467 ^ _665_/S (sky130_fd_sc_hd__mux2_4)
     3    0.007941    0.056575    0.305665   11.981132 v _665_/X (sky130_fd_sc_hd__mux2_4)
                                                         _136_ (net)
                      0.056575    0.000138   11.981270 v _669_/A2 (sky130_fd_sc_hd__a21o_1)
     1    0.003373    0.035737    0.178868   12.160138 v _669_/X (sky130_fd_sc_hd__a21o_1)
                                                         _140_ (net)
                      0.035737    0.000084   12.160222 v _671_/A1 (sky130_fd_sc_hd__o211a_1)
     1    0.002819    0.038476    0.211942   12.372164 v _671_/X (sky130_fd_sc_hd__o211a_1)
                                                         _142_ (net)
                      0.038476    0.000064   12.372228 v _672_/B2 (sky130_fd_sc_hd__o221a_1)
     1    0.004760    0.055565    0.210997   12.583224 v _672_/X (sky130_fd_sc_hd__o221a_1)
                                                         _143_ (net)
                      0.055565    0.000197   12.583422 v _675_/A1 (sky130_fd_sc_hd__o21a_1)
     1    0.002724    0.034480    0.182082   12.765504 v _675_/X (sky130_fd_sc_hd__o21a_1)
                                                         _146_ (net)
                      0.034480    0.000058   12.765561 v _679_/A2 (sky130_fd_sc_hd__o21a_1)
     1    0.005638    0.047907    0.173441   12.939002 v _679_/X (sky130_fd_sc_hd__o21a_1)
                                                         _150_ (net)
                      0.047907    0.000216   12.939219 v _700_/C (sky130_fd_sc_hd__or3_4)
     1    0.008140    0.071845    0.334575   13.273793 v _700_/X (sky130_fd_sc_hd__or3_4)
                                                         net21 (net)
                      0.071845    0.000327   13.274120 v output21/A (sky130_fd_sc_hd__buf_8)
     1    0.035228    0.040575    0.146018   13.420138 v output21/X (sky130_fd_sc_hd__buf_8)
                                                         op_out[0] (net)
                      0.040615    0.001152   13.421290 v op_out[0] (out)
                                             13.421290   data arrival time

                      0.000000   20.000000   20.000000   clock __VIRTUAL_CLK__ (rise edge)
                                  0.000000   20.000000   clock network delay (ideal)
                                 -0.250000   19.750002   clock uncertainty
                                  0.000000   19.750002   clock reconvergence pessimism
                                 -4.000000   15.750001   output external delay
                                             15.750001   data required time
---------------------------------------------------------------------------------------------
                                             15.750001   data required time
                                            -13.421290   data arrival time
---------------------------------------------------------------------------------------------
                                              2.328711   slack (MET)




===========================================================================
report_checks --slack_max -0.01
============================================================================
======================= nom_tt_025C_1v80 Corner ===================================

No paths found.


===========================================================================
 report_check_types -max_slew -max_cap -max_fanout -violators
============================================================================
======================= nom_tt_025C_1v80 Corner ===================================



===========================================================================
report_parasitic_annotation -report_unannotated
============================================================================
Found 0 unannotated drivers.
Found 0 partially unannotated drivers.

===========================================================================
max slew violation count 0
Writing metric design__max_slew_violation__count__corner:nom_tt_025C_1v80: 0
max fanout violation count 0
Writing metric design__max_fanout_violation__count__corner:nom_tt_025C_1v80: 0
max cap violation count 0
Writing metric design__max_cap_violation__count__corner:nom_tt_025C_1v80: 0
============================================================================

===========================================================================
check_setup -verbose -unconstrained_endpoints -multiple_clock -no_clock -no_input_delay -loops -generated_clocks
===========================================================================
