┏━━━━━━━━━━━━━━━━━━━━━━┳━━━━━━━━━━┳━━━━━━━━━━┳━━━━━━━━━━┳━━━━━━━━━━┳━━━━━━━━━━━┳━━━━━━━━━━┳━━━━━━━━━━━┳━━━━━━━━━━┳━━━━━━━━━━━┳━━━━━━━━━━┳━━━━━━━━━━━┳━━━━━━━━━━┓
┃                      ┃ Hold     ┃ Reg to   ┃          ┃          ┃ of which  ┃ Setup    ┃           ┃          ┃           ┃ of which ┃           ┃          ┃
┃                      ┃ Worst    ┃ Reg      ┃          ┃ Hold Vio ┃ reg to    ┃ Worst    ┃ Reg to    ┃ Setup    ┃ Setup Vio ┃ reg to   ┃ Max Cap   ┃ Max Slew ┃
┃ Corner/Group         ┃ Slack    ┃ Paths    ┃ Hold TNS ┃ Count    ┃ reg       ┃ Slack    ┃ Reg Paths ┃ TNS      ┃ Count     ┃ reg      ┃ Violatio… ┃ Violati… ┃
┡━━━━━━━━━━━━━━━━━━━━━━╇━━━━━━━━━━╇━━━━━━━━━━╇━━━━━━━━━━╇━━━━━━━━━━╇━━━━━━━━━━━╇━━━━━━━━━━╇━━━━━━━━━━━╇━━━━━━━━━━╇━━━━━━━━━━━╇━━━━━━━━━━╇━━━━━━━━━━━╇━━━━━━━━━━┩
│ Overall              │ 4.0274   │ N/A      │ 0.0000   │ 0        │ 0         │ -16.9402 │ N/A       │ -50.9451 │ 12        │ 0        │ 0         │ 17       │
│ nom_tt_025C_1v80     │ 4.1686   │ N/A      │ 0.0000   │ 0        │ 0         │ -4.8927  │ N/A       │ -9.6653  │ 3         │ 0        │ 0         │ 0        │
│ nom_ss_100C_1v60     │ 4.5121   │ N/A      │ 0.0000   │ 0        │ 0         │ -16.9402 │ N/A       │ -50.9451 │ 8         │ 0        │ 0         │ 17       │
│ nom_ff_n40C_1v95     │ 4.0274   │ N/A      │ 0.0000   │ 0        │ 0         │ -0.6518  │ N/A       │ -0.6518  │ 1         │ 0        │ 0         │ 0        │
└──────────────────────┴──────────┴──────────┴──────────┴──────────┴───────────┴──────────┴───────────┴──────────┴───────────┴──────────┴───────────┴──────────┘
