
===========================================================================
report_checks -unconstrained
===========================================================================
======================= nom_tt_025C_1v80 Corner ===================================

Startpoint: op_b[4] (input port clocked by __VIRTUAL_CLK__)
Endpoint: op_out[0] (output port clocked by __VIRTUAL_CLK__)
Path Group: __VIRTUAL_CLK__
Path Type: max

Fanout         Cap        Slew       Delay        Time   Description
---------------------------------------------------------------------------------------------
                      0.000000    0.000000    0.000000   clock __VIRTUAL_CLK__ (rise edge)
                                  0.000000    0.000000   clock network delay (ideal)
                                  2.000000    2.000000 v input external delay
    23    0.098177    0.215253    0.158236    2.158236 v op_b[4] (in)
                                                         op_b[4] (net)
                      0.215263    0.000000    2.158236 v _469_/B (sky130_fd_sc_hd__or4_2)
     6    0.019979    0.157413    0.786311    2.944547 v _469_/X (sky130_fd_sc_hd__or4_2)
                                                         _306_ (net)
                      0.157413    0.000080    2.944627 v _472_/A3 (sky130_fd_sc_hd__o41ai_2)
     5    0.016242    0.502697    0.512452    3.457079 ^ _472_/Y (sky130_fd_sc_hd__o41ai_2)
                                                         _338_ (net)
                      0.502697    0.000024    3.457103 ^ _481_/A1 (sky130_fd_sc_hd__a211o_2)
     4    0.012455    0.074249    0.252701    3.709803 ^ _481_/X (sky130_fd_sc_hd__a211o_2)
                                                         _410_ (net)
                      0.074249    0.000053    3.709856 ^ _484_/A2 (sky130_fd_sc_hd__a21o_2)
     4    0.014747    0.084769    0.165331    3.875187 ^ _484_/X (sky130_fd_sc_hd__a21o_2)
                                                         _413_ (net)
                      0.084769    0.000037    3.875224 ^ _493_/A1 (sky130_fd_sc_hd__a211oi_2)
     3    0.009382    0.069304    0.086336    3.961560 v _493_/Y (sky130_fd_sc_hd__a211oi_2)
                                                         _422_ (net)
                      0.069304    0.000078    3.961638 v _503_/D (sky130_fd_sc_hd__or4_2)
     3    0.009167    0.128466    0.582942    4.544580 v _503_/X (sky130_fd_sc_hd__or4_2)
                                                         _432_ (net)
                      0.128466    0.000012    4.544593 v _507_/A3 (sky130_fd_sc_hd__a31o_2)
     2    0.006743    0.048197    0.286816    4.831409 v _507_/X (sky130_fd_sc_hd__a31o_2)
                                                         _436_ (net)
                      0.048197    0.000008    4.831418 v _509_/A2 (sky130_fd_sc_hd__a211o_2)
     3    0.008936    0.065972    0.349780    5.181197 v _509_/X (sky130_fd_sc_hd__a211o_2)
                                                         _438_ (net)
                      0.065972    0.000005    5.181202 v _515_/A1 (sky130_fd_sc_hd__a21oi_2)
     8    0.034342    0.427839    0.378487    5.559690 ^ _515_/Y (sky130_fd_sc_hd__a21oi_2)
                                                         _444_ (net)
                      0.427839    0.000091    5.559781 ^ _524_/S (sky130_fd_sc_hd__mux2_1)
     2    0.006036    0.070890    0.386863    5.946644 v _524_/X (sky130_fd_sc_hd__mux2_1)
                                                         _453_ (net)
                      0.070890    0.000024    5.946667 v _539_/A2 (sky130_fd_sc_hd__a221o_2)
     3    0.011140    0.078727    0.423819    6.370487 v _539_/X (sky130_fd_sc_hd__a221o_2)
                                                         _010_ (net)
                      0.078727    0.000032    6.370518 v _544_/A3 (sky130_fd_sc_hd__a311o_2)
     5    0.015134    0.085585    0.440567    6.811085 v _544_/X (sky130_fd_sc_hd__a311o_2)
                                                         _015_ (net)
                      0.085585    0.000010    6.811095 v _571_/A1 (sky130_fd_sc_hd__a21o_2)
     4    0.013545    0.058721    0.232159    7.043254 v _571_/X (sky130_fd_sc_hd__a21o_2)
                                                         _042_ (net)
                      0.058721    0.000064    7.043318 v _574_/B (sky130_fd_sc_hd__and3_2)
     3    0.008154    0.052089    0.213584    7.256902 v _574_/X (sky130_fd_sc_hd__and3_2)
                                                         _045_ (net)
                      0.052089    0.000008    7.256909 v _585_/A (sky130_fd_sc_hd__or4_2)
     1    0.002142    0.095164    0.646176    7.903086 v _585_/X (sky130_fd_sc_hd__or4_2)
                                                         _056_ (net)
                      0.095164    0.000009    7.903094 v _586_/C (sky130_fd_sc_hd__or4b_2)
     1    0.004687    0.109460    0.629827    8.532921 v _586_/X (sky130_fd_sc_hd__or4b_2)
                                                         _057_ (net)
                      0.109460    0.000009    8.532930 v _590_/A1 (sky130_fd_sc_hd__a311oi_2)
     8    0.031438    0.641641    0.556114    9.089045 ^ _590_/Y (sky130_fd_sc_hd__a311oi_2)
                                                         _061_ (net)
                      0.641641    0.000100    9.089145 ^ _619_/S (sky130_fd_sc_hd__mux2_1)
     5    0.025409    0.151691    0.497638    9.586783 v _619_/X (sky130_fd_sc_hd__mux2_1)
                                                         _090_ (net)
                      0.151691    0.000266    9.587049 v _623_/B1 (sky130_fd_sc_hd__o22a_2)
     2    0.004179    0.042062    0.240430    9.827479 v _623_/X (sky130_fd_sc_hd__o22a_2)
                                                         _094_ (net)
                      0.042062    0.000005    9.827485 v _624_/B (sky130_fd_sc_hd__or4bb_2)
     4    0.012184    0.129967    0.658025   10.485510 v _624_/X (sky130_fd_sc_hd__or4bb_2)
                                                         _095_ (net)
                      0.129967    0.000036   10.485546 v _628_/A1 (sky130_fd_sc_hd__a21oi_2)
    12    0.044060    0.534671    0.484298   10.969844 ^ _628_/Y (sky130_fd_sc_hd__a21oi_2)
                                                         _099_ (net)
                      0.534671    0.000249   10.970093 ^ _665_/S (sky130_fd_sc_hd__mux2_1)
     3    0.009047    0.088023    0.414396   11.384488 v _665_/X (sky130_fd_sc_hd__mux2_1)
                                                         _136_ (net)
                      0.088023    0.000010   11.384498 v _669_/A2 (sky130_fd_sc_hd__a21o_2)
     1    0.002744    0.034053    0.219063   11.603561 v _669_/X (sky130_fd_sc_hd__a21o_2)
                                                         _140_ (net)
                      0.034053    0.000006   11.603567 v _671_/A2 (sky130_fd_sc_hd__o211a_2)
     1    0.003253    0.041605    0.228935   11.832502 v _671_/X (sky130_fd_sc_hd__o211a_2)
                                                         _142_ (net)
                      0.041605    0.000015   11.832518 v _672_/B2 (sky130_fd_sc_hd__o221a_2)
     1    0.002413    0.042050    0.216236   12.048754 v _672_/X (sky130_fd_sc_hd__o221a_2)
                                                         _143_ (net)
                      0.042050    0.000002   12.048756 v _675_/A2 (sky130_fd_sc_hd__o21a_2)
     1    0.003124    0.034048    0.186148   12.234903 v _675_/X (sky130_fd_sc_hd__o21a_2)
                                                         _146_ (net)
                      0.034048    0.000012   12.234915 v _679_/A1 (sky130_fd_sc_hd__o21a_2)
     1    0.004310    0.037962    0.204056   12.438972 v _679_/X (sky130_fd_sc_hd__o21a_2)
                                                         _150_ (net)
                      0.037962    0.000036   12.439007 v _700_/A (sky130_fd_sc_hd__or3_2)
     1    0.034776    0.170113    0.598310   13.037316 v _700_/X (sky130_fd_sc_hd__or3_2)
                                                         op_out[0] (net)
                      0.170113    0.000308   13.037624 v op_out[0] (out)
                                             13.037624   data arrival time

                      0.000000   10.000000   10.000000   clock __VIRTUAL_CLK__ (rise edge)
                                  0.000000   10.000000   clock network delay (ideal)
                                 -0.250000    9.750000   clock uncertainty
                                  0.000000    9.750000   clock reconvergence pessimism
                                 -2.000000    7.750000   output external delay
                                              7.750000   data required time
---------------------------------------------------------------------------------------------
                                              7.750000   data required time
                                            -13.037624   data arrival time
---------------------------------------------------------------------------------------------
                                             -5.287625   slack (VIOLATED)




===========================================================================
report_checks --slack_max -0.01
============================================================================
======================= nom_tt_025C_1v80 Corner ===================================

Startpoint: op_b[4] (input port clocked by __VIRTUAL_CLK__)
Endpoint: op_out[0] (output port clocked by __VIRTUAL_CLK__)
Path Group: __VIRTUAL_CLK__
Path Type: max

Fanout         Cap        Slew       Delay        Time   Description
---------------------------------------------------------------------------------------------
                      0.000000    0.000000    0.000000   clock __VIRTUAL_CLK__ (rise edge)
                                  0.000000    0.000000   clock network delay (ideal)
                                  2.000000    2.000000 v input external delay
    23    0.098177    0.215253    0.158236    2.158236 v op_b[4] (in)
                                                         op_b[4] (net)
                      0.215263    0.000000    2.158236 v _469_/B (sky130_fd_sc_hd__or4_2)
     6    0.019979    0.157413    0.786311    2.944547 v _469_/X (sky130_fd_sc_hd__or4_2)
                                                         _306_ (net)
                      0.157413    0.000080    2.944627 v _472_/A3 (sky130_fd_sc_hd__o41ai_2)
     5    0.016242    0.502697    0.512452    3.457079 ^ _472_/Y (sky130_fd_sc_hd__o41ai_2)
                                                         _338_ (net)
                      0.502697    0.000024    3.457103 ^ _481_/A1 (sky130_fd_sc_hd__a211o_2)
     4    0.012455    0.074249    0.252701    3.709803 ^ _481_/X (sky130_fd_sc_hd__a211o_2)
                                                         _410_ (net)
                      0.074249    0.000053    3.709856 ^ _484_/A2 (sky130_fd_sc_hd__a21o_2)
     4    0.014747    0.084769    0.165331    3.875187 ^ _484_/X (sky130_fd_sc_hd__a21o_2)
                                                         _413_ (net)
                      0.084769    0.000037    3.875224 ^ _493_/A1 (sky130_fd_sc_hd__a211oi_2)
     3    0.009382    0.069304    0.086336    3.961560 v _493_/Y (sky130_fd_sc_hd__a211oi_2)
                                                         _422_ (net)
                      0.069304    0.000078    3.961638 v _503_/D (sky130_fd_sc_hd__or4_2)
     3    0.009167    0.128466    0.582942    4.544580 v _503_/X (sky130_fd_sc_hd__or4_2)
                                                         _432_ (net)
                      0.128466    0.000012    4.544593 v _507_/A3 (sky130_fd_sc_hd__a31o_2)
     2    0.006743    0.048197    0.286816    4.831409 v _507_/X (sky130_fd_sc_hd__a31o_2)
                                                         _436_ (net)
                      0.048197    0.000008    4.831418 v _509_/A2 (sky130_fd_sc_hd__a211o_2)
     3    0.008936    0.065972    0.349780    5.181197 v _509_/X (sky130_fd_sc_hd__a211o_2)
                                                         _438_ (net)
                      0.065972    0.000005    5.181202 v _515_/A1 (sky130_fd_sc_hd__a21oi_2)
     8    0.034342    0.427839    0.378487    5.559690 ^ _515_/Y (sky130_fd_sc_hd__a21oi_2)
                                                         _444_ (net)
                      0.427839    0.000091    5.559781 ^ _524_/S (sky130_fd_sc_hd__mux2_1)
     2    0.006036    0.070890    0.386863    5.946644 v _524_/X (sky130_fd_sc_hd__mux2_1)
                                                         _453_ (net)
                      0.070890    0.000024    5.946667 v _539_/A2 (sky130_fd_sc_hd__a221o_2)
     3    0.011140    0.078727    0.423819    6.370487 v _539_/X (sky130_fd_sc_hd__a221o_2)
                                                         _010_ (net)
                      0.078727    0.000032    6.370518 v _544_/A3 (sky130_fd_sc_hd__a311o_2)
     5    0.015134    0.085585    0.440567    6.811085 v _544_/X (sky130_fd_sc_hd__a311o_2)
                                                         _015_ (net)
                      0.085585    0.000010    6.811095 v _571_/A1 (sky130_fd_sc_hd__a21o_2)
     4    0.013545    0.058721    0.232159    7.043254 v _571_/X (sky130_fd_sc_hd__a21o_2)
                                                         _042_ (net)
                      0.058721    0.000064    7.043318 v _574_/B (sky130_fd_sc_hd__and3_2)
     3    0.008154    0.052089    0.213584    7.256902 v _574_/X (sky130_fd_sc_hd__and3_2)
                                                         _045_ (net)
                      0.052089    0.000008    7.256909 v _585_/A (sky130_fd_sc_hd__or4_2)
     1    0.002142    0.095164    0.646176    7.903086 v _585_/X (sky130_fd_sc_hd__or4_2)
                                                         _056_ (net)
                      0.095164    0.000009    7.903094 v _586_/C (sky130_fd_sc_hd__or4b_2)
     1    0.004687    0.109460    0.629827    8.532921 v _586_/X (sky130_fd_sc_hd__or4b_2)
                                                         _057_ (net)
                      0.109460    0.000009    8.532930 v _590_/A1 (sky130_fd_sc_hd__a311oi_2)
     8    0.031438    0.641641    0.556114    9.089045 ^ _590_/Y (sky130_fd_sc_hd__a311oi_2)
                                                         _061_ (net)
                      0.641641    0.000100    9.089145 ^ _619_/S (sky130_fd_sc_hd__mux2_1)
     5    0.025409    0.151691    0.497638    9.586783 v _619_/X (sky130_fd_sc_hd__mux2_1)
                                                         _090_ (net)
                      0.151691    0.000266    9.587049 v _623_/B1 (sky130_fd_sc_hd__o22a_2)
     2    0.004179    0.042062    0.240430    9.827479 v _623_/X (sky130_fd_sc_hd__o22a_2)
                                                         _094_ (net)
                      0.042062    0.000005    9.827485 v _624_/B (sky130_fd_sc_hd__or4bb_2)
     4    0.012184    0.129967    0.658025   10.485510 v _624_/X (sky130_fd_sc_hd__or4bb_2)
                                                         _095_ (net)
                      0.129967    0.000036   10.485546 v _628_/A1 (sky130_fd_sc_hd__a21oi_2)
    12    0.044060    0.534671    0.484298   10.969844 ^ _628_/Y (sky130_fd_sc_hd__a21oi_2)
                                                         _099_ (net)
                      0.534671    0.000249   10.970093 ^ _665_/S (sky130_fd_sc_hd__mux2_1)
     3    0.009047    0.088023    0.414396   11.384488 v _665_/X (sky130_fd_sc_hd__mux2_1)
                                                         _136_ (net)
                      0.088023    0.000010   11.384498 v _669_/A2 (sky130_fd_sc_hd__a21o_2)
     1    0.002744    0.034053    0.219063   11.603561 v _669_/X (sky130_fd_sc_hd__a21o_2)
                                                         _140_ (net)
                      0.034053    0.000006   11.603567 v _671_/A2 (sky130_fd_sc_hd__o211a_2)
     1    0.003253    0.041605    0.228935   11.832502 v _671_/X (sky130_fd_sc_hd__o211a_2)
                                                         _142_ (net)
                      0.041605    0.000015   11.832518 v _672_/B2 (sky130_fd_sc_hd__o221a_2)
     1    0.002413    0.042050    0.216236   12.048754 v _672_/X (sky130_fd_sc_hd__o221a_2)
                                                         _143_ (net)
                      0.042050    0.000002   12.048756 v _675_/A2 (sky130_fd_sc_hd__o21a_2)
     1    0.003124    0.034048    0.186148   12.234903 v _675_/X (sky130_fd_sc_hd__o21a_2)
                                                         _146_ (net)
                      0.034048    0.000012   12.234915 v _679_/A1 (sky130_fd_sc_hd__o21a_2)
     1    0.004310    0.037962    0.204056   12.438972 v _679_/X (sky130_fd_sc_hd__o21a_2)
                                                         _150_ (net)
                      0.037962    0.000036   12.439007 v _700_/A (sky130_fd_sc_hd__or3_2)
     1    0.034776    0.170113    0.598310   13.037316 v _700_/X (sky130_fd_sc_hd__or3_2)
                                                         op_out[0] (net)
                      0.170113    0.000308   13.037624 v op_out[0] (out)
                                             13.037624   data arrival time

                      0.000000   10.000000   10.000000   clock __VIRTUAL_CLK__ (rise edge)
                                  0.000000   10.000000   clock network delay (ideal)
                                 -0.250000    9.750000   clock uncertainty
                                  0.000000    9.750000   clock reconvergence pessimism
                                 -2.000000    7.750000   output external delay
                                              7.750000   data required time
---------------------------------------------------------------------------------------------
                                              7.750000   data required time
                                            -13.037624   data arrival time
---------------------------------------------------------------------------------------------
                                             -5.287625   slack (VIOLATED)




===========================================================================
 report_check_types -max_slew -max_cap -max_fanout -violators
============================================================================
======================= nom_tt_025C_1v80 Corner ===================================

max fanout

Pin                                   Limit Fanout  Slack
---------------------------------------------------------
op_b[1]                                  10     27    -17 (VIOLATED)
op_b[2]                                  10     23    -13 (VIOLATED)
op_b[4]                                  10     23    -13 (VIOLATED)
op_a[2]                                  10     22    -12 (VIOLATED)
op_b[0]                                  10     22    -12 (VIOLATED)
op_b[3]                                  10     22    -12 (VIOLATED)
op_a[0]                                  10     21    -11 (VIOLATED)
op_a[1]                                  10     21    -11 (VIOLATED)
op_a[4]                                  10     19     -9 (VIOLATED)
op_b[5]                                  10     18     -8 (VIOLATED)
op_b[6]                                  10     17     -7 (VIOLATED)
op_a[6]                                  10     16     -6 (VIOLATED)
op_b[7]                                  10     16     -6 (VIOLATED)
op_a[3]                                  10     15     -5 (VIOLATED)
op_a[5]                                  10     14     -4 (VIOLATED)
_458_/Y                                  10     13     -3 (VIOLATED)
_463_/Y                                  10     12     -2 (VIOLATED)
_628_/Y                                  10     12     -2 (VIOLATED)
inst[3]                                  10     11        (VIOLATED)



===========================================================================
report_parasitic_annotation -report_unannotated
============================================================================
Found 0 unannotated drivers.
Found 0 partially unannotated drivers.

===========================================================================
max slew violation count 0
Writing metric design__max_slew_violation__count__corner:nom_tt_025C_1v80: 0
max fanout violation count 19
Writing metric design__max_fanout_violation__count__corner:nom_tt_025C_1v80: 19
max cap violation count 0
Writing metric design__max_cap_violation__count__corner:nom_tt_025C_1v80: 0
============================================================================

===========================================================================
check_setup -verbose -unconstrained_endpoints -multiple_clock -no_clock -no_input_delay -loops -generated_clocks
===========================================================================
