
 /----------------------------------------------------------------------------\
 |  yosys -- Yosys Open SYnthesis Suite                                       |
 |  Copyright (C) 2012 - 2024  Claire Xenia Wolf <claire@yosyshq.com>         |
 |  Distributed under an ISC-like license, type "license" to see terms        |
 \----------------------------------------------------------------------------/
 Yosys 0.46 (git sha1 e97731b9dda91fa5fa53ed87df7c34163ba59a41, clang++ 17.0.6 -fPIC -O3)
Loaded SDC plugin

1. Executing Liberty frontend: /home/letienthanh/.volare/volare/sky130/versions/0fe599b2afb6708d281543108caf8310912f54af/sky130A/libs.ref/sky130_fd_sc_hd/lib/sky130_fd_sc_hd__tt_025C_1v80.lib
Imported 428 cell types from liberty file.
[INFO] Using SDC file '/home/letienthanh/8bitalu/runs/RUN_2026-08-05_09-54-51/06-yosys-synthesis/synthesis.abc.sdc' for ABC…

2. Executing Verilog-2005 frontend: /home/letienthanh/8bitalu/rtl/alu.v
Parsing SystemVerilog input from `/home/letienthanh/8bitalu/rtl/alu.v' to AST representation.
Storing AST representation for module `$abstract\alu8bit'.
Successfully finished Verilog frontend.

3. Executing HIERARCHY pass (managing design hierarchy).

4. Executing AST frontend in derive mode using pre-parsed AST for module `\alu8bit'.
Generating RTLIL representation for module `\alu8bit'.

4.1. Analyzing design hierarchy..
Top module:  \alu8bit

4.2. Analyzing design hierarchy..
Top module:  \alu8bit
Removing unused module `$abstract\alu8bit'.
Removed 1 unused modules.
Renaming module alu8bit to alu8bit.

5. Generating Graphviz representation of design.
Writing dot description to `/home/letienthanh/8bitalu/runs/RUN_2026-08-05_09-54-51/06-yosys-synthesis/hierarchy.dot'.
Dumping module alu8bit to page 1.

6. Executing TRIBUF pass.

7. Executing HIERARCHY pass (managing design hierarchy).

7.1. Analyzing design hierarchy..
Top module:  \alu8bit

7.2. Analyzing design hierarchy..
Top module:  \alu8bit
Removed 0 unused modules.

8. Executing PROC_CLEAN pass (remove empty switches from decision trees).
Cleaned up 0 empty switches.

9. Executing PROC_RMDEAD pass (remove dead branches from decision trees).
Marked 1 switch rules as full_case in process $proc$/home/letienthanh/8bitalu/rtl/alu.v:38$1 in module alu8bit.
Removed a total of 0 dead cases.

10. Executing PROC_PRUNE pass (remove redundant assignments in processes).
Removed 0 redundant assignments.
Promoted 1 assignment to connection.

11. Executing PROC_INIT pass (extract init attributes).

12. Executing PROC_ARST pass (detect async resets in processes).

13. Executing PROC_ROM pass (convert switches to ROMs).
Converted 0 switches.
<suppressed ~1 debug messages>

14. Executing PROC_MUX pass (convert decision trees to multiplexers).
Creating decoders for process `\alu8bit.$proc$/home/letienthanh/8bitalu/rtl/alu.v:38$1'.
     1/1: $1\op_out_int[8:0]

15. Executing PROC_DLATCH pass (convert process syncs to latches).
No latch inferred for signal `\alu8bit.\op_out_int' from process `\alu8bit.$proc$/home/letienthanh/8bitalu/rtl/alu.v:38$1'.

16. Executing PROC_DFF pass (convert process syncs to FFs).

17. Executing PROC_MEMWR pass (convert process memory writes to cells).

18. Executing PROC_CLEAN pass (remove empty switches from decision trees).
Found and cleaned up 1 empty switch in `\alu8bit.$proc$/home/letienthanh/8bitalu/rtl/alu.v:38$1'.
Removing empty process `alu8bit.$proc$/home/letienthanh/8bitalu/rtl/alu.v:38$1'.
Cleaned up 1 empty switch.

19. Executing CHECK pass (checking for obvious problems).
Checking module alu8bit...
Found and reported 0 problems.

20. Executing OPT_EXPR pass (perform const folding).
Optimizing module alu8bit.
<suppressed ~2 debug messages>

21. Executing FLATTEN pass (flatten design).

22. Executing OPT_EXPR pass (perform const folding).
Optimizing module alu8bit.

23. Executing OPT_CLEAN pass (remove unused cells and wires).
Finding unused cells or wires in module \alu8bit..
Removed 0 unused cells and 5 unused wires.
<suppressed ~1 debug messages>

24. Executing OPT_EXPR pass (perform const folding).
Optimizing module alu8bit.

25. Executing OPT_MERGE pass (detect identical cells).
Finding identical cells in module `\alu8bit'.
Removed a total of 0 cells.

26. Executing OPT_MUXTREE pass (detect dead branches in mux trees).
Running muxtree optimizer on module \alu8bit..
  Creating internal representation of mux trees.
  Evaluating internal representation of mux trees.
  Analyzing evaluation results.
Removed 0 multiplexer ports.
<suppressed ~1 debug messages>

27. Executing OPT_REDUCE pass (consolidate $*mux and $reduce_* inputs).
  Optimizing cells in module \alu8bit.
Performed a total of 0 changes.

28. Executing OPT_MERGE pass (detect identical cells).
Finding identical cells in module `\alu8bit'.
Removed a total of 0 cells.

29. Executing OPT_DFF pass (perform DFF optimizations).

30. Executing OPT_CLEAN pass (remove unused cells and wires).
Finding unused cells or wires in module \alu8bit..

31. Executing OPT_EXPR pass (perform const folding).
Optimizing module alu8bit.

32. Executing FSM pass (extract and optimize FSM).

32.1. Executing FSM_DETECT pass (finding FSMs in design).

32.2. Executing FSM_EXTRACT pass (extracting FSM from design).

32.3. Executing FSM_OPT pass (simple optimizations of FSMs).

32.4. Executing OPT_CLEAN pass (remove unused cells and wires).
Finding unused cells or wires in module \alu8bit..

32.5. Executing FSM_OPT pass (simple optimizations of FSMs).

32.6. Executing FSM_RECODE pass (re-assigning FSM state encoding).

32.7. Executing FSM_INFO pass (dumping all available information on FSM cells).

32.8. Executing FSM_MAP pass (mapping FSMs to basic logic).

33. Executing OPT_EXPR pass (perform const folding).
Optimizing module alu8bit.

34. Executing OPT_MERGE pass (detect identical cells).
Finding identical cells in module `\alu8bit'.
Removed a total of 0 cells.

35. Executing OPT_MUXTREE pass (detect dead branches in mux trees).
Running muxtree optimizer on module \alu8bit..
  Creating internal representation of mux trees.
  Evaluating internal representation of mux trees.
  Analyzing evaluation results.
Removed 0 multiplexer ports.
<suppressed ~1 debug messages>

36. Executing OPT_REDUCE pass (consolidate $*mux and $reduce_* inputs).
  Optimizing cells in module \alu8bit.
Performed a total of 0 changes.

37. Executing OPT_MERGE pass (detect identical cells).
Finding identical cells in module `\alu8bit'.
Removed a total of 0 cells.

38. Executing OPT_DFF pass (perform DFF optimizations).

39. Executing OPT_CLEAN pass (remove unused cells and wires).
Finding unused cells or wires in module \alu8bit..

40. Executing OPT_EXPR pass (perform const folding).
Optimizing module alu8bit.

41. Executing WREDUCE pass (reducing word size of cells).
Removed top 1 bits (of 9) from port Y of cell alu8bit.$and$/home/letienthanh/8bitalu/rtl/alu.v:57$10 ($and).
Removed top 1 bits (of 9) from port Y of cell alu8bit.$or$/home/letienthanh/8bitalu/rtl/alu.v:59$11 ($or).
Removed top 1 bits (of 9) from port Y of cell alu8bit.$xor$/home/letienthanh/8bitalu/rtl/alu.v:61$12 ($xor).
Removed top 1 bits (of 9) from mux cell alu8bit.$procmux$14 ($pmux).
Removed top 1 bits (of 4) from port B of cell alu8bit.$procmux$19_CMP0 ($eq).
Removed top 1 bits (of 4) from port B of cell alu8bit.$procmux$20_CMP0 ($eq).
Removed top 1 bits (of 4) from port B of cell alu8bit.$procmux$21_CMP0 ($eq).
Removed top 1 bits (of 4) from port B of cell alu8bit.$procmux$22_CMP0 ($eq).
Removed top 2 bits (of 4) from port B of cell alu8bit.$procmux$23_CMP0 ($eq).
Removed top 2 bits (of 4) from port B of cell alu8bit.$procmux$24_CMP0 ($eq).
Removed top 3 bits (of 4) from port B of cell alu8bit.$procmux$25_CMP0 ($eq).
Removed top 1 bits (of 9) from port Y of cell alu8bit.$add$/home/letienthanh/8bitalu/rtl/alu.v:41$2 ($add).
Removed top 1 bits (of 9) from port Y of cell alu8bit.$sub$/home/letienthanh/8bitalu/rtl/alu.v:43$3 ($sub).
Removed top 1 bits (of 9) from port Y of cell alu8bit.$mul$/home/letienthanh/8bitalu/rtl/alu.v:45$4 ($mul).
Removed top 1 bits (of 9) from wire alu8bit.$add$/home/letienthanh/8bitalu/rtl/alu.v:41$2_Y.

42. Executing PEEPOPT pass (run peephole optimizers).

43. Executing OPT_CLEAN pass (remove unused cells and wires).
Finding unused cells or wires in module \alu8bit..
Removed 0 unused cells and 1 unused wires.
<suppressed ~1 debug messages>

44. Executing ALUMACC pass (create $alu and $macc cells).
Extracting $alu and $macc cells in module alu8bit:
  creating $macc model for $add$/home/letienthanh/8bitalu/rtl/alu.v:41$2 ($add).
  creating $macc model for $mul$/home/letienthanh/8bitalu/rtl/alu.v:45$4 ($mul).
  creating $macc model for $sub$/home/letienthanh/8bitalu/rtl/alu.v:43$3 ($sub).
  creating $alu model for $macc $sub$/home/letienthanh/8bitalu/rtl/alu.v:43$3.
  creating $alu model for $macc $add$/home/letienthanh/8bitalu/rtl/alu.v:41$2.
  creating $macc cell for $mul$/home/letienthanh/8bitalu/rtl/alu.v:45$4: $auto$alumacc.cc:365:replace_macc$27
  creating $alu cell for $add$/home/letienthanh/8bitalu/rtl/alu.v:41$2: $auto$alumacc.cc:485:replace_alu$28
  creating $alu cell for $sub$/home/letienthanh/8bitalu/rtl/alu.v:43$3: $auto$alumacc.cc:485:replace_alu$31
  created 2 $alu and 1 $macc cells.

45. Executing SHARE pass (SAT-based resource sharing).

46. Executing OPT_EXPR pass (perform const folding).
Optimizing module alu8bit.

47. Executing OPT_MERGE pass (detect identical cells).
Finding identical cells in module `\alu8bit'.
Removed a total of 0 cells.

48. Executing OPT_MUXTREE pass (detect dead branches in mux trees).
Running muxtree optimizer on module \alu8bit..
  Creating internal representation of mux trees.
  Evaluating internal representation of mux trees.
  Analyzing evaluation results.
Removed 0 multiplexer ports.
<suppressed ~1 debug messages>

49. Executing OPT_REDUCE pass (consolidate $*mux and $reduce_* inputs).
  Optimizing cells in module \alu8bit.
Performed a total of 0 changes.

50. Executing OPT_MERGE pass (detect identical cells).
Finding identical cells in module `\alu8bit'.
Removed a total of 0 cells.

51. Executing OPT_DFF pass (perform DFF optimizations).

52. Executing OPT_CLEAN pass (remove unused cells and wires).
Finding unused cells or wires in module \alu8bit..

53. Executing OPT_EXPR pass (perform const folding).
Optimizing module alu8bit.

54. Executing MEMORY pass.

54.1. Executing OPT_MEM pass (optimize memories).
Performed a total of 0 transformations.

54.2. Executing OPT_MEM_PRIORITY pass (removing unnecessary memory write priority relations).
Performed a total of 0 transformations.

54.3. Executing OPT_MEM_FEEDBACK pass (finding memory read-to-write feedback paths).

54.4. Executing MEMORY_BMUX2ROM pass (converting muxes to ROMs).

54.5. Executing MEMORY_DFF pass (merging $dff cells to $memrd).

54.6. Executing OPT_CLEAN pass (remove unused cells and wires).
Finding unused cells or wires in module \alu8bit..

54.7. Executing MEMORY_SHARE pass (consolidating $memrd/$memwr cells).

54.8. Executing OPT_MEM_WIDEN pass (optimize memories where all ports are wide).
Performed a total of 0 transformations.

54.9. Executing OPT_CLEAN pass (remove unused cells and wires).
Finding unused cells or wires in module \alu8bit..

54.10. Executing MEMORY_COLLECT pass (generating $mem cells).

55. Executing OPT_CLEAN pass (remove unused cells and wires).
Finding unused cells or wires in module \alu8bit..

56. Executing OPT_EXPR pass (perform const folding).
Optimizing module alu8bit.

57. Executing OPT_MERGE pass (detect identical cells).
Finding identical cells in module `\alu8bit'.
Removed a total of 0 cells.

58. Executing OPT_DFF pass (perform DFF optimizations).

59. Executing OPT_CLEAN pass (remove unused cells and wires).
Finding unused cells or wires in module \alu8bit..

60. Executing MEMORY_MAP pass (converting memories to logic and flip-flops).

61. Executing OPT_EXPR pass (perform const folding).
Optimizing module alu8bit.

62. Executing OPT_MERGE pass (detect identical cells).
Finding identical cells in module `\alu8bit'.
Removed a total of 0 cells.

63. Executing OPT_MUXTREE pass (detect dead branches in mux trees).
Running muxtree optimizer on module \alu8bit..
  Creating internal representation of mux trees.
  Evaluating internal representation of mux trees.
  Analyzing evaluation results.
Removed 0 multiplexer ports.
<suppressed ~1 debug messages>

64. Executing OPT_REDUCE pass (consolidate $*mux and $reduce_* inputs).
  Optimizing cells in module \alu8bit.
Performed a total of 0 changes.

65. Executing OPT_MERGE pass (detect identical cells).
Finding identical cells in module `\alu8bit'.
Removed a total of 0 cells.

66. Executing OPT_SHARE pass.
    Found cells that share an operand and can be merged by moving the $pmux $procmux$14 in front of them:
        $auto$alumacc.cc:485:replace_alu$31
        $auto$alumacc.cc:485:replace_alu$28

67. Executing OPT_DFF pass (perform DFF optimizations).

68. Executing OPT_CLEAN pass (remove unused cells and wires).
Finding unused cells or wires in module \alu8bit..
Removed 0 unused cells and 6 unused wires.
<suppressed ~1 debug messages>

69. Executing OPT_EXPR pass (perform const folding).
Optimizing module alu8bit.
<suppressed ~1 debug messages>

70. Rerunning OPT passes. (Maybe there is more to do…)

71. Executing OPT_MUXTREE pass (detect dead branches in mux trees).
Running muxtree optimizer on module \alu8bit..
  Creating internal representation of mux trees.
  Evaluating internal representation of mux trees.
  Analyzing evaluation results.
Removed 0 multiplexer ports.
<suppressed ~2 debug messages>

72. Executing OPT_REDUCE pass (consolidate $*mux and $reduce_* inputs).
  Optimizing cells in module \alu8bit.
    New ctrl vector for $pmux cell $procmux$14: { $auto$opt_reduce.cc:134:opt_pmux$42 $procmux$23_CMP $procmux$22_CMP $procmux$21_CMP $procmux$20_CMP $procmux$19_CMP $procmux$18_CMP $procmux$17_CMP $procmux$16_CMP $procmux$15_CMP }
  Optimizing cells in module \alu8bit.
Performed a total of 1 changes.

73. Executing OPT_MERGE pass (detect identical cells).
Finding identical cells in module `\alu8bit'.
Removed a total of 0 cells.

74. Executing OPT_SHARE pass.

75. Executing OPT_DFF pass (perform DFF optimizations).

76. Executing OPT_CLEAN pass (remove unused cells and wires).
Finding unused cells or wires in module \alu8bit..

77. Executing OPT_EXPR pass (perform const folding).
Optimizing module alu8bit.

78. Rerunning OPT passes. (Maybe there is more to do…)

79. Executing OPT_MUXTREE pass (detect dead branches in mux trees).
Running muxtree optimizer on module \alu8bit..
  Creating internal representation of mux trees.
  Evaluating internal representation of mux trees.
  Analyzing evaluation results.
Removed 0 multiplexer ports.
<suppressed ~2 debug messages>

80. Executing OPT_REDUCE pass (consolidate $*mux and $reduce_* inputs).
  Optimizing cells in module \alu8bit.
Performed a total of 0 changes.

81. Executing OPT_MERGE pass (detect identical cells).
Finding identical cells in module `\alu8bit'.
Removed a total of 0 cells.

82. Executing OPT_SHARE pass.

83. Executing OPT_DFF pass (perform DFF optimizations).

84. Executing OPT_CLEAN pass (remove unused cells and wires).
Finding unused cells or wires in module \alu8bit..

85. Executing OPT_EXPR pass (perform const folding).
Optimizing module alu8bit.

86. Executing TECHMAP pass (map to technology primitives).

86.1. Executing Verilog-2005 frontend: /nix/store/9r0bh7sp051dpm8km8bqlb028anpd3v3-yosys/bin/../share/yosys/techmap.v
Parsing Verilog input from `/nix/store/9r0bh7sp051dpm8km8bqlb028anpd3v3-yosys/bin/../share/yosys/techmap.v' to AST representation.
Generating RTLIL representation for module `\_90_simplemap_bool_ops'.
Generating RTLIL representation for module `\_90_simplemap_reduce_ops'.
Generating RTLIL representation for module `\_90_simplemap_logic_ops'.
Generating RTLIL representation for module `\_90_simplemap_compare_ops'.
Generating RTLIL representation for module `\_90_simplemap_various'.
Generating RTLIL representation for module `\_90_simplemap_registers'.
Generating RTLIL representation for module `\_90_shift_ops_shr_shl_sshl_sshr'.
Generating RTLIL representation for module `\_90_shift_shiftx'.
Generating RTLIL representation for module `\_90_fa'.
Generating RTLIL representation for module `\_90_lcu_brent_kung'.
Generating RTLIL representation for module `\_90_alu'.
Generating RTLIL representation for module `\_90_macc'.
Generating RTLIL representation for module `\_90_alumacc'.
Generating RTLIL representation for module `\$__div_mod_u'.
Generating RTLIL representation for module `\$__div_mod_trunc'.
Generating RTLIL representation for module `\_90_div'.
Generating RTLIL representation for module `\_90_mod'.
Generating RTLIL representation for module `\$__div_mod_floor'.
Generating RTLIL representation for module `\_90_divfloor'.
Generating RTLIL representation for module `\_90_modfloor'.
Generating RTLIL representation for module `\_90_pow'.
Generating RTLIL representation for module `\_90_pmux'.
Generating RTLIL representation for module `\_90_demux'.
Generating RTLIL representation for module `\_90_lut'.
Successfully finished Verilog frontend.

86.2. Continuing TECHMAP pass.
Using extmapper simplemap for cells of type $mux.
Using template $paramod$a1bc51c02ce12ac21eb18988e83292af48ed7d72\_90_alu for cells of type $alu.
Using extmapper simplemap for cells of type $reduce_or.
Running "alumacc" on wrapper $extern:wrap:$neg:A_SIGNED=0:A_WIDTH=8:Y_WIDTH=8:394426c56d1a028ba8fdd5469b163e04011def47.
Using template $extern:wrap:$neg:A_SIGNED=0:A_WIDTH=8:Y_WIDTH=8:394426c56d1a028ba8fdd5469b163e04011def47 for cells of type $extern:wrap:$neg:A_SIGNED=0:A_WIDTH=8:Y_WIDTH=8:394426c56d1a028ba8fdd5469b163e04011def47.
Using template $paramod$4ccbe221165818e15f326ddee3d1183c7924e12f\_90_div for cells of type $div.
Using extmapper simplemap for cells of type $logic_and.
Using extmapper simplemap for cells of type $logic_or.
Using extmapper simplemap for cells of type $and.
Using extmapper simplemap for cells of type $or.
Using extmapper simplemap for cells of type $xor.
Using extmapper simplemap for cells of type $eq.
Using extmapper maccmap for cells of type $macc.
  add \op_a * \op_b (8x8 bits, unsigned)
Using template $paramod$8cb56ea4af20bc5206a0050d3126d66b7cc022cc\_90_pmux for cells of type $pmux.
Using template $paramod\_90_lcu_brent_kung\WIDTH=32'00000000000000000000000000001000 for cells of type $lcu.
Using extmapper simplemap for cells of type $pos.
Using extmapper simplemap for cells of type $not.
Using template $paramod$fd7bfb1a4f3a7c2ac1a35670d0fa64ccc7b91841\_90_alu for cells of type $alu.
Using template $paramod$4ccbe221165818e15f326ddee3d1183c7924e12f\$__div_mod_trunc for cells of type $__div_mod_trunc.
Using template $paramod\_90_fa\WIDTH=32'00000000000000000000000000001000 for cells of type $fa.
Running "alumacc" on wrapper $extern:wrap:$neg:Y_WIDTH=9:A_WIDTH=9:A_SIGNED=0:394426c56d1a028ba8fdd5469b163e04011def47.
Using template $extern:wrap:$neg:Y_WIDTH=9:A_WIDTH=9:A_SIGNED=0:394426c56d1a028ba8fdd5469b163e04011def47 for cells of type $extern:wrap:$neg:Y_WIDTH=9:A_WIDTH=9:A_SIGNED=0:394426c56d1a028ba8fdd5469b163e04011def47.
Using extmapper simplemap for cells of type $ne.
Using template $paramod\$__div_mod_u\WIDTH=32'00000000000000000000000000001001 for cells of type $__div_mod_u.
Using template $paramod$8045f2881226ae434b154710c783ad25023f386c\_90_alu for cells of type $alu.
Running "alumacc" on wrapper $extern:wrap:$sub:Y_WIDTH=9:B_WIDTH=9:A_WIDTH=9:B_SIGNED=0:A_SIGNED=0:394426c56d1a028ba8fdd5469b163e04011def47.
Using template $extern:wrap:$sub:Y_WIDTH=9:B_WIDTH=9:A_WIDTH=9:B_SIGNED=0:A_SIGNED=0:394426c56d1a028ba8fdd5469b163e04011def47 for cells of type $extern:wrap:$sub:Y_WIDTH=9:B_WIDTH=9:A_WIDTH=9:B_SIGNED=0:A_SIGNED=0:394426c56d1a028ba8fdd5469b163e04011def47.
Running "alumacc" on wrapper $extern:wrap:$ge:Y_WIDTH=1:B_WIDTH=9:A_WIDTH=9:B_SIGNED=0:A_SIGNED=0:394426c56d1a028ba8fdd5469b163e04011def47.
Using template $extern:wrap:$ge:Y_WIDTH=1:B_WIDTH=9:A_WIDTH=9:B_SIGNED=0:A_SIGNED=0:394426c56d1a028ba8fdd5469b163e04011def47 for cells of type $extern:wrap:$ge:Y_WIDTH=1:B_WIDTH=9:A_WIDTH=9:B_SIGNED=0:A_SIGNED=0:394426c56d1a028ba8fdd5469b163e04011def47.
Running "alumacc" on wrapper $extern:wrap:$sub:Y_WIDTH=10:B_WIDTH=10:A_WIDTH=9:B_SIGNED=0:A_SIGNED=0:394426c56d1a028ba8fdd5469b163e04011def47.
Using template $extern:wrap:$sub:Y_WIDTH=10:B_WIDTH=10:A_WIDTH=9:B_SIGNED=0:A_SIGNED=0:394426c56d1a028ba8fdd5469b163e04011def47 for cells of type $extern:wrap:$sub:Y_WIDTH=10:B_WIDTH=10:A_WIDTH=9:B_SIGNED=0:A_SIGNED=0:394426c56d1a028ba8fdd5469b163e04011def47.
Running "alumacc" on wrapper $extern:wrap:$ge:Y_WIDTH=1:B_WIDTH=10:A_WIDTH=9:B_SIGNED=0:A_SIGNED=0:394426c56d1a028ba8fdd5469b163e04011def47.
Using template $extern:wrap:$ge:Y_WIDTH=1:B_WIDTH=10:A_WIDTH=9:B_SIGNED=0:A_SIGNED=0:394426c56d1a028ba8fdd5469b163e04011def47 for cells of type $extern:wrap:$ge:Y_WIDTH=1:B_WIDTH=10:A_WIDTH=9:B_SIGNED=0:A_SIGNED=0:394426c56d1a028ba8fdd5469b163e04011def47.
Running "alumacc" on wrapper $extern:wrap:$sub:Y_WIDTH=11:B_WIDTH=11:A_WIDTH=9:B_SIGNED=0:A_SIGNED=0:394426c56d1a028ba8fdd5469b163e04011def47.
Using template $extern:wrap:$sub:Y_WIDTH=11:B_WIDTH=11:A_WIDTH=9:B_SIGNED=0:A_SIGNED=0:394426c56d1a028ba8fdd5469b163e04011def47 for cells of type $extern:wrap:$sub:Y_WIDTH=11:B_WIDTH=11:A_WIDTH=9:B_SIGNED=0:A_SIGNED=0:394426c56d1a028ba8fdd5469b163e04011def47.
Running "alumacc" on wrapper $extern:wrap:$ge:Y_WIDTH=1:B_WIDTH=11:A_WIDTH=9:B_SIGNED=0:A_SIGNED=0:394426c56d1a028ba8fdd5469b163e04011def47.
Using template $extern:wrap:$ge:Y_WIDTH=1:B_WIDTH=11:A_WIDTH=9:B_SIGNED=0:A_SIGNED=0:394426c56d1a028ba8fdd5469b163e04011def47 for cells of type $extern:wrap:$ge:Y_WIDTH=1:B_WIDTH=11:A_WIDTH=9:B_SIGNED=0:A_SIGNED=0:394426c56d1a028ba8fdd5469b163e04011def47.
Running "alumacc" on wrapper $extern:wrap:$sub:Y_WIDTH=12:B_WIDTH=12:A_WIDTH=9:B_SIGNED=0:A_SIGNED=0:394426c56d1a028ba8fdd5469b163e04011def47.
Using template $extern:wrap:$sub:Y_WIDTH=12:B_WIDTH=12:A_WIDTH=9:B_SIGNED=0:A_SIGNED=0:394426c56d1a028ba8fdd5469b163e04011def47 for cells of type $extern:wrap:$sub:Y_WIDTH=12:B_WIDTH=12:A_WIDTH=9:B_SIGNED=0:A_SIGNED=0:394426c56d1a028ba8fdd5469b163e04011def47.
Running "alumacc" on wrapper $extern:wrap:$ge:Y_WIDTH=1:B_WIDTH=12:A_WIDTH=9:B_SIGNED=0:A_SIGNED=0:394426c56d1a028ba8fdd5469b163e04011def47.
Using template $extern:wrap:$ge:Y_WIDTH=1:B_WIDTH=12:A_WIDTH=9:B_SIGNED=0:A_SIGNED=0:394426c56d1a028ba8fdd5469b163e04011def47 for cells of type $extern:wrap:$ge:Y_WIDTH=1:B_WIDTH=12:A_WIDTH=9:B_SIGNED=0:A_SIGNED=0:394426c56d1a028ba8fdd5469b163e04011def47.
Running "alumacc" on wrapper $extern:wrap:$sub:Y_WIDTH=13:B_WIDTH=13:A_WIDTH=9:B_SIGNED=0:A_SIGNED=0:394426c56d1a028ba8fdd5469b163e04011def47.
Using template $extern:wrap:$sub:Y_WIDTH=13:B_WIDTH=13:A_WIDTH=9:B_SIGNED=0:A_SIGNED=0:394426c56d1a028ba8fdd5469b163e04011def47 for cells of type $extern:wrap:$sub:Y_WIDTH=13:B_WIDTH=13:A_WIDTH=9:B_SIGNED=0:A_SIGNED=0:394426c56d1a028ba8fdd5469b163e04011def47.
Running "alumacc" on wrapper $extern:wrap:$ge:Y_WIDTH=1:B_WIDTH=13:A_WIDTH=9:B_SIGNED=0:A_SIGNED=0:394426c56d1a028ba8fdd5469b163e04011def47.
Using template $extern:wrap:$ge:Y_WIDTH=1:B_WIDTH=13:A_WIDTH=9:B_SIGNED=0:A_SIGNED=0:394426c56d1a028ba8fdd5469b163e04011def47 for cells of type $extern:wrap:$ge:Y_WIDTH=1:B_WIDTH=13:A_WIDTH=9:B_SIGNED=0:A_SIGNED=0:394426c56d1a028ba8fdd5469b163e04011def47.
Running "alumacc" on wrapper $extern:wrap:$sub:Y_WIDTH=14:B_WIDTH=14:A_WIDTH=9:B_SIGNED=0:A_SIGNED=0:394426c56d1a028ba8fdd5469b163e04011def47.
Using template $extern:wrap:$sub:Y_WIDTH=14:B_WIDTH=14:A_WIDTH=9:B_SIGNED=0:A_SIGNED=0:394426c56d1a028ba8fdd5469b163e04011def47 for cells of type $extern:wrap:$sub:Y_WIDTH=14:B_WIDTH=14:A_WIDTH=9:B_SIGNED=0:A_SIGNED=0:394426c56d1a028ba8fdd5469b163e04011def47.
Running "alumacc" on wrapper $extern:wrap:$ge:Y_WIDTH=1:B_WIDTH=14:A_WIDTH=9:B_SIGNED=0:A_SIGNED=0:394426c56d1a028ba8fdd5469b163e04011def47.
Using template $extern:wrap:$ge:Y_WIDTH=1:B_WIDTH=14:A_WIDTH=9:B_SIGNED=0:A_SIGNED=0:394426c56d1a028ba8fdd5469b163e04011def47 for cells of type $extern:wrap:$ge:Y_WIDTH=1:B_WIDTH=14:A_WIDTH=9:B_SIGNED=0:A_SIGNED=0:394426c56d1a028ba8fdd5469b163e04011def47.
Running "alumacc" on wrapper $extern:wrap:$sub:Y_WIDTH=15:B_WIDTH=15:A_WIDTH=9:B_SIGNED=0:A_SIGNED=0:394426c56d1a028ba8fdd5469b163e04011def47.
Using template $extern:wrap:$sub:Y_WIDTH=15:B_WIDTH=15:A_WIDTH=9:B_SIGNED=0:A_SIGNED=0:394426c56d1a028ba8fdd5469b163e04011def47 for cells of type $extern:wrap:$sub:Y_WIDTH=15:B_WIDTH=15:A_WIDTH=9:B_SIGNED=0:A_SIGNED=0:394426c56d1a028ba8fdd5469b163e04011def47.
Running "alumacc" on wrapper $extern:wrap:$ge:Y_WIDTH=1:B_WIDTH=15:A_WIDTH=9:B_SIGNED=0:A_SIGNED=0:394426c56d1a028ba8fdd5469b163e04011def47.
Using template $extern:wrap:$ge:Y_WIDTH=1:B_WIDTH=15:A_WIDTH=9:B_SIGNED=0:A_SIGNED=0:394426c56d1a028ba8fdd5469b163e04011def47 for cells of type $extern:wrap:$ge:Y_WIDTH=1:B_WIDTH=15:A_WIDTH=9:B_SIGNED=0:A_SIGNED=0:394426c56d1a028ba8fdd5469b163e04011def47.
Running "alumacc" on wrapper $extern:wrap:$sub:Y_WIDTH=16:B_WIDTH=16:A_WIDTH=9:B_SIGNED=0:A_SIGNED=0:394426c56d1a028ba8fdd5469b163e04011def47.
Using template $extern:wrap:$sub:Y_WIDTH=16:B_WIDTH=16:A_WIDTH=9:B_SIGNED=0:A_SIGNED=0:394426c56d1a028ba8fdd5469b163e04011def47 for cells of type $extern:wrap:$sub:Y_WIDTH=16:B_WIDTH=16:A_WIDTH=9:B_SIGNED=0:A_SIGNED=0:394426c56d1a028ba8fdd5469b163e04011def47.
Running "alumacc" on wrapper $extern:wrap:$ge:Y_WIDTH=1:B_WIDTH=16:A_WIDTH=9:B_SIGNED=0:A_SIGNED=0:394426c56d1a028ba8fdd5469b163e04011def47.
Using template $extern:wrap:$ge:Y_WIDTH=1:B_WIDTH=16:A_WIDTH=9:B_SIGNED=0:A_SIGNED=0:394426c56d1a028ba8fdd5469b163e04011def47 for cells of type $extern:wrap:$ge:Y_WIDTH=1:B_WIDTH=16:A_WIDTH=9:B_SIGNED=0:A_SIGNED=0:394426c56d1a028ba8fdd5469b163e04011def47.
Running "alumacc" on wrapper $extern:wrap:$sub:Y_WIDTH=17:B_WIDTH=17:A_WIDTH=9:B_SIGNED=0:A_SIGNED=0:394426c56d1a028ba8fdd5469b163e04011def47.
Using template $extern:wrap:$sub:Y_WIDTH=17:B_WIDTH=17:A_WIDTH=9:B_SIGNED=0:A_SIGNED=0:394426c56d1a028ba8fdd5469b163e04011def47 for cells of type $extern:wrap:$sub:Y_WIDTH=17:B_WIDTH=17:A_WIDTH=9:B_SIGNED=0:A_SIGNED=0:394426c56d1a028ba8fdd5469b163e04011def47.
Running "alumacc" on wrapper $extern:wrap:$ge:Y_WIDTH=1:B_WIDTH=17:A_WIDTH=9:B_SIGNED=0:A_SIGNED=0:394426c56d1a028ba8fdd5469b163e04011def47.
Using template $extern:wrap:$ge:Y_WIDTH=1:B_WIDTH=17:A_WIDTH=9:B_SIGNED=0:A_SIGNED=0:394426c56d1a028ba8fdd5469b163e04011def47 for cells of type $extern:wrap:$ge:Y_WIDTH=1:B_WIDTH=17:A_WIDTH=9:B_SIGNED=0:A_SIGNED=0:394426c56d1a028ba8fdd5469b163e04011def47.
Using template $paramod\_90_lcu_brent_kung\WIDTH=32'00000000000000000000000000001001 for cells of type $lcu.
Using template $paramod$d2fa05d38998afabc6d4f34471305d0af4b8b2df\_90_alu for cells of type $alu.
Using extmapper simplemap for cells of type $reduce_and.
Using template $paramod$49641a5ace7a8dbedd31c417f5a1b54fcecf6c7d\_90_alu for cells of type $alu.
Using template $paramod$8fc04fdd16a9929ec08bc9962c2522fe8f7f851f\_90_alu for cells of type $alu.
Using template $paramod$7ec5e66ab88c9f51d035070dfe0a06ec346d1216\_90_alu for cells of type $alu.
Using template $paramod$ec697b275c385d58888e181d4679e05a5cd5cca4\_90_alu for cells of type $alu.
Using template $paramod$b9c2f5fdca7a2fb3c384c319f77e69dd0092810e\_90_alu for cells of type $alu.
Using template $paramod$b305eac7d37b340b2185bd4e08260a7104721b32\_90_alu for cells of type $alu.
Using template $paramod$9dd2c168c92ea5e7211728a4dd85e9d07319b5c9\_90_alu for cells of type $alu.
Using template $paramod$52caae0feb7af543d7223d13bc7ae9580356cab7\_90_alu for cells of type $alu.
Using template $paramod\_90_lcu_brent_kung\WIDTH=32'00000000000000000000000000001010 for cells of type $lcu.
Using template $paramod\_90_lcu_brent_kung\WIDTH=32'00000000000000000000000000001011 for cells of type $lcu.
Using template $paramod\_90_lcu_brent_kung\WIDTH=32'00000000000000000000000000001100 for cells of type $lcu.
Using template $paramod\_90_lcu_brent_kung\WIDTH=32'00000000000000000000000000001101 for cells of type $lcu.
Using template $paramod\_90_lcu_brent_kung\WIDTH=32'00000000000000000000000000001110 for cells of type $lcu.
Using template $paramod\_90_lcu_brent_kung\WIDTH=32'00000000000000000000000000001111 for cells of type $lcu.
Using template $paramod\_90_lcu_brent_kung\WIDTH=32'00000000000000000000000000010000 for cells of type $lcu.
Using template $paramod\_90_lcu_brent_kung\WIDTH=32'00000000000000000000000000010001 for cells of type $lcu.
No more expansions possible.
<suppressed ~3323 debug messages>

87. Executing OPT_EXPR pass (perform const folding).
Optimizing module alu8bit.
<suppressed ~1708 debug messages>

88. Executing OPT_MERGE pass (detect identical cells).
Finding identical cells in module `\alu8bit'.
<suppressed ~2466 debug messages>
Removed a total of 822 cells.

89. Executing OPT_DFF pass (perform DFF optimizations).

90. Executing OPT_CLEAN pass (remove unused cells and wires).
Finding unused cells or wires in module \alu8bit..
Removed 292 unused cells and 1789 unused wires.
<suppressed ~293 debug messages>

91. Executing OPT_EXPR pass (perform const folding).
Optimizing module alu8bit.

92. Executing OPT_MERGE pass (detect identical cells).
Finding identical cells in module `\alu8bit'.
Removed a total of 0 cells.

93. Executing OPT_DFF pass (perform DFF optimizations).

94. Executing OPT_CLEAN pass (remove unused cells and wires).
Finding unused cells or wires in module \alu8bit..

95. Executing ABC pass (technology mapping using ABC).

95.1. Extracting gate netlist of module `\alu8bit' to `<abc-temp-dir>/input.blif'..
Extracted 912 gates and 933 wires to a netlist network with 20 inputs and 8 outputs.

95.1.1. Executing ABC.
Running ABC command: "/nix/store/6l3aj1gi4lja8z5s4lan2k2cfz9mqkrz-yosys-abc/bin/abc" -s -f <abc-temp-dir>/abc.script 2>&1
ABC: ABC command line: "source <abc-temp-dir>/abc.script".
ABC: 
ABC: + read_blif <abc-temp-dir>/input.blif 
ABC: + read_library <abc-temp-dir>/stdcells.genlib 
ABC: Entered genlib library with 13 gates from file "<abc-temp-dir>/stdcells.genlib".
ABC: + strash 
ABC: + dretime 
ABC: + map 
ABC: + write_blif <abc-temp-dir>/output.blif 

95.1.2. Re-integrating ABC results.
ABC RESULTS:               NOT cells:       39
ABC RESULTS:              XNOR cells:       34
ABC RESULTS:               AND cells:       48
ABC RESULTS:               NOR cells:       46
ABC RESULTS:             ORNOT cells:       34
ABC RESULTS:               MUX cells:       54
ABC RESULTS:              NAND cells:       33
ABC RESULTS:               XOR cells:      132
ABC RESULTS:                OR cells:      125
ABC RESULTS:            ANDNOT cells:      297
ABC RESULTS:        internal signals:      905
ABC RESULTS:           input signals:       20
ABC RESULTS:          output signals:        8
Removing temp directory.

96. Executing OPT pass (performing simple optimizations).

96.1. Executing OPT_EXPR pass (perform const folding).
Optimizing module alu8bit.

96.2. Executing OPT_MERGE pass (detect identical cells).
Finding identical cells in module `\alu8bit'.
<suppressed ~9 debug messages>
Removed a total of 3 cells.

96.3. Executing OPT_DFF pass (perform DFF optimizations).

96.4. Executing OPT_CLEAN pass (remove unused cells and wires).
Finding unused cells or wires in module \alu8bit..
Removed 0 unused cells and 364 unused wires.
<suppressed ~1 debug messages>

96.5. Finished fast OPT passes.

97. Executing HIERARCHY pass (managing design hierarchy).

97.1. Analyzing design hierarchy..
Top module:  \alu8bit

97.2. Analyzing design hierarchy..
Top module:  \alu8bit
Removed 0 unused modules.

98. Executing CHECK pass (checking for obvious problems).
Checking module alu8bit...
Found and reported 0 problems.

99. Printing statistics.

=== alu8bit ===

   Number of wires:                836
   Number of wire bits:            868
   Number of public wires:           5
   Number of public wire bits:      37
   Number of ports:                  4
   Number of port bits:             28
   Number of memories:               0
   Number of memory bits:            0
   Number of processes:              0
   Number of cells:                839
     $_ANDNOT_                     297
     $_AND_                         48
     $_MUX_                         54
     $_NAND_                        33
     $_NOR_                         44
     $_NOT_                         39
     $_ORNOT_                       34
     $_OR_                         124
     $_XNOR_                        34
     $_XOR_                        132

100. Generating Graphviz representation of design.
Writing dot description to `/home/letienthanh/8bitalu/runs/RUN_2026-08-05_09-54-51/06-yosys-synthesis/primitive_techmap.dot'.
Dumping module alu8bit to page 1.

101. Executing OPT pass (performing simple optimizations).

101.1. Executing OPT_EXPR pass (perform const folding).
Optimizing module alu8bit.

101.2. Executing OPT_MERGE pass (detect identical cells).
Finding identical cells in module `\alu8bit'.
Removed a total of 0 cells.

101.3. Executing OPT_MUXTREE pass (detect dead branches in mux trees).
Running muxtree optimizer on module \alu8bit..
  Creating internal representation of mux trees.
  No muxes found in this module.
Removed 0 multiplexer ports.

101.4. Executing OPT_REDUCE pass (consolidate $*mux and $reduce_* inputs).
  Optimizing cells in module \alu8bit.
Performed a total of 0 changes.

101.5. Executing OPT_MERGE pass (detect identical cells).
Finding identical cells in module `\alu8bit'.
Removed a total of 0 cells.

101.6. Executing OPT_DFF pass (perform DFF optimizations).

101.7. Executing OPT_CLEAN pass (remove unused cells and wires).
Finding unused cells or wires in module \alu8bit..

101.8. Executing OPT_EXPR pass (perform const folding).
Optimizing module alu8bit.

101.9. Finished OPT passes. (There is nothing left to do.)

102. Executing OPT_CLEAN pass (remove unused cells and wires).
Finding unused cells or wires in module \alu8bit..
Removed 0 unused cells and 1 unused wires.
<suppressed ~1 debug messages>
{
   "creator": "Yosys 0.46 (git sha1 e97731b9dda91fa5fa53ed87df7c34163ba59a41, clang++ 17.0.6 -fPIC -O3)",
   "invocation": "stat -json -liberty /home/letienthanh/8bitalu/runs/RUN_2026-08-05_09-54-51/tmp/e9e162723b6541f7ab6bb5097e7af6fd.lib ",
   "modules": {
      "\\alu8bit": {
         "num_wires":         835,
         "num_wire_bits":     859,
         "num_pub_wires":     4,
         "num_pub_wire_bits": 28,
         "num_ports":         4,
         "num_port_bits":     28,
         "num_memories":      0,
         "num_memory_bits":   0,
         "num_processes":     0,
         "num_cells":         839,
         "num_cells_by_type": {
            "$_ANDNOT_": 297,
            "$_AND_": 48,
            "$_MUX_": 54,
            "$_NAND_": 33,
            "$_NOR_": 44,
            "$_NOT_": 39,
            "$_ORNOT_": 34,
            "$_OR_": 124,
            "$_XNOR_": 34,
            "$_XOR_": 132
         }
      }
   },
      "design": {
         "num_wires":         835,
         "num_wire_bits":     859,
         "num_pub_wires":     4,
         "num_pub_wire_bits": 28,
         "num_ports":         4,
         "num_port_bits":     28,
         "num_memories":      0,
         "num_memory_bits":   0,
         "num_processes":     0,
         "num_cells":         839,
         "num_cells_by_type": {
            "$_ANDNOT_": 297,
            "$_AND_": 48,
            "$_MUX_": 54,
            "$_NAND_": 33,
            "$_NOR_": 44,
            "$_NOT_": 39,
            "$_ORNOT_": 34,
            "$_OR_": 124,
            "$_XNOR_": 34,
            "$_XOR_": 132
         }
      }
}

103. Printing statistics.

=== alu8bit ===

   Number of wires:                835
   Number of wire bits:            859
   Number of public wires:           4
   Number of public wire bits:      28
   Number of ports:                  4
   Number of port bits:             28
   Number of memories:               0
   Number of memory bits:            0
   Number of processes:              0
   Number of cells:                839
     $_ANDNOT_                     297
     $_AND_                         48
     $_MUX_                         54
     $_NAND_                        33
     $_NOR_                         44
     $_NOT_                         39
     $_ORNOT_                       34
     $_OR_                         124
     $_XNOR_                        34
     $_XOR_                        132

   Area for cell type $_NOT_ is unknown!
   Area for cell type $_AND_ is unknown!
   Area for cell type $_NAND_ is unknown!
   Area for cell type $_OR_ is unknown!
   Area for cell type $_NOR_ is unknown!
   Area for cell type $_XOR_ is unknown!
   Area for cell type $_XNOR_ is unknown!
   Area for cell type $_ANDNOT_ is unknown!
   Area for cell type $_ORNOT_ is unknown!
   Area for cell type $_MUX_ is unknown!

[INFO] Applying tri-state buffer mapping from '/home/letienthanh/.volare/volare/sky130/versions/0fe599b2afb6708d281543108caf8310912f54af/sky130A/libs.tech/openlane/sky130_fd_sc_hd/tribuff_map.v'…

104. Executing TECHMAP pass (map to technology primitives).

104.1. Executing Verilog-2005 frontend: /home/letienthanh/.volare/volare/sky130/versions/0fe599b2afb6708d281543108caf8310912f54af/sky130A/libs.tech/openlane/sky130_fd_sc_hd/tribuff_map.v
Parsing Verilog input from `/home/letienthanh/.volare/volare/sky130/versions/0fe599b2afb6708d281543108caf8310912f54af/sky130A/libs.tech/openlane/sky130_fd_sc_hd/tribuff_map.v' to AST representation.
Generating RTLIL representation for module `\$_TBUF_'.
Successfully finished Verilog frontend.

104.2. Continuing TECHMAP pass.
No more expansions possible.
<suppressed ~3 debug messages>

105. Executing SIMPLEMAP pass (map simple cells to gate primitives).
[INFO] Applying latch mapping from '/home/letienthanh/.volare/volare/sky130/versions/0fe599b2afb6708d281543108caf8310912f54af/sky130A/libs.tech/openlane/sky130_fd_sc_hd/latch_map.v'…

106. Executing TECHMAP pass (map to technology primitives).

106.1. Executing Verilog-2005 frontend: /home/letienthanh/.volare/volare/sky130/versions/0fe599b2afb6708d281543108caf8310912f54af/sky130A/libs.tech/openlane/sky130_fd_sc_hd/latch_map.v
Parsing Verilog input from `/home/letienthanh/.volare/volare/sky130/versions/0fe599b2afb6708d281543108caf8310912f54af/sky130A/libs.tech/openlane/sky130_fd_sc_hd/latch_map.v' to AST representation.
Generating RTLIL representation for module `\$_DLATCH_P_'.
Generating RTLIL representation for module `\$_DLATCH_N_'.
Successfully finished Verilog frontend.

106.2. Continuing TECHMAP pass.
No more expansions possible.
<suppressed ~4 debug messages>

107. Executing SIMPLEMAP pass (map simple cells to gate primitives).

108. Executing DFFLIBMAP pass (mapping DFF cells to sequential cells from liberty file).
  cell sky130_fd_sc_hd__dfxtp_2 (noninv, pins=3, area=21.27) is a direct match for cell type $_DFF_P_.
  cell sky130_fd_sc_hd__dfrtp_2 (noninv, pins=4, area=26.28) is a direct match for cell type $_DFF_PN0_.
  cell sky130_fd_sc_hd__dfstp_2 (noninv, pins=4, area=26.28) is a direct match for cell type $_DFF_PN1_.
  cell sky130_fd_sc_hd__dfbbn_2 (noninv, pins=6, area=35.03) is a direct match for cell type $_DFFSR_NNN_.
  final dff cell mappings:
    unmapped dff cell: $_DFF_N_
    \sky130_fd_sc_hd__dfxtp_2 _DFF_P_ (.CLK( C), .D( D), .Q( Q));
    unmapped dff cell: $_DFF_NN0_
    unmapped dff cell: $_DFF_NN1_
    unmapped dff cell: $_DFF_NP0_
    unmapped dff cell: $_DFF_NP1_
    \sky130_fd_sc_hd__dfrtp_2 _DFF_PN0_ (.CLK( C), .D( D), .Q( Q), .RESET_B( R));
    \sky130_fd_sc_hd__dfstp_2 _DFF_PN1_ (.CLK( C), .D( D), .Q( Q), .SET_B( R));
    unmapped dff cell: $_DFF_PP0_
    unmapped dff cell: $_DFF_PP1_
    \sky130_fd_sc_hd__dfbbn_2 _DFFSR_NNN_ (.CLK_N( C), .D( D), .Q( Q), .Q_N(~Q), .RESET_B( R), .SET_B( S));
    unmapped dff cell: $_DFFSR_NNP_
    unmapped dff cell: $_DFFSR_NPN_
    unmapped dff cell: $_DFFSR_NPP_
    unmapped dff cell: $_DFFSR_PNN_
    unmapped dff cell: $_DFFSR_PNP_
    unmapped dff cell: $_DFFSR_PPN_
    unmapped dff cell: $_DFFSR_PPP_

108.1. Executing DFFLEGALIZE pass (convert FFs to types supported by the target).
Mapping DFF cells in module `\alu8bit':
{
   "creator": "Yosys 0.46 (git sha1 e97731b9dda91fa5fa53ed87df7c34163ba59a41, clang++ 17.0.6 -fPIC -O3)",
   "invocation": "stat -json -liberty /home/letienthanh/8bitalu/runs/RUN_2026-08-05_09-54-51/tmp/e9e162723b6541f7ab6bb5097e7af6fd.lib ",
   "modules": {
      "\\alu8bit": {
         "num_wires":         835,
         "num_wire_bits":     859,
         "num_pub_wires":     4,
         "num_pub_wire_bits": 28,
         "num_ports":         4,
         "num_port_bits":     28,
         "num_memories":      0,
         "num_memory_bits":   0,
         "num_processes":     0,
         "num_cells":         839,
         "num_cells_by_type": {
            "$_ANDNOT_": 297,
            "$_AND_": 48,
            "$_MUX_": 54,
            "$_NAND_": 33,
            "$_NOR_": 44,
            "$_NOT_": 39,
            "$_ORNOT_": 34,
            "$_OR_": 124,
            "$_XNOR_": 34,
            "$_XOR_": 132
         }
      }
   },
      "design": {
         "num_wires":         835,
         "num_wire_bits":     859,
         "num_pub_wires":     4,
         "num_pub_wire_bits": 28,
         "num_ports":         4,
         "num_port_bits":     28,
         "num_memories":      0,
         "num_memory_bits":   0,
         "num_processes":     0,
         "num_cells":         839,
         "num_cells_by_type": {
            "$_ANDNOT_": 297,
            "$_AND_": 48,
            "$_MUX_": 54,
            "$_NAND_": 33,
            "$_NOR_": 44,
            "$_NOT_": 39,
            "$_ORNOT_": 34,
            "$_OR_": 124,
            "$_XNOR_": 34,
            "$_XOR_": 132
         }
      }
}

109. Printing statistics.

=== alu8bit ===

   Number of wires:                835
   Number of wire bits:            859
   Number of public wires:           4
   Number of public wire bits:      28
   Number of ports:                  4
   Number of port bits:             28
   Number of memories:               0
   Number of memory bits:            0
   Number of processes:              0
   Number of cells:                839
     $_ANDNOT_                     297
     $_AND_                         48
     $_MUX_                         54
     $_NAND_                        33
     $_NOR_                         44
     $_NOT_                         39
     $_ORNOT_                       34
     $_OR_                         124
     $_XNOR_                        34
     $_XOR_                        132

   Area for cell type $_NOT_ is unknown!
   Area for cell type $_AND_ is unknown!
   Area for cell type $_NAND_ is unknown!
   Area for cell type $_OR_ is unknown!
   Area for cell type $_NOR_ is unknown!
   Area for cell type $_XOR_ is unknown!
   Area for cell type $_XNOR_ is unknown!
   Area for cell type $_ANDNOT_ is unknown!
   Area for cell type $_ORNOT_ is unknown!
   Area for cell type $_MUX_ is unknown!

[INFO] Using generated ABC script '/home/letienthanh/8bitalu/runs/RUN_2026-08-05_09-54-51/06-yosys-synthesis/AREA_0.abc'…

110. Executing ABC pass (technology mapping using ABC).

110.1. Extracting gate netlist of module `\alu8bit' to `/tmp/yosys-abc-OlAKfj/input.blif'..
Extracted 839 gates and 859 wires to a netlist network with 20 inputs and 8 outputs.

110.1.1. Executing ABC.
Running ABC command: "/nix/store/6l3aj1gi4lja8z5s4lan2k2cfz9mqkrz-yosys-abc/bin/abc" -s -f /tmp/yosys-abc-OlAKfj/abc.script 2>&1
ABC: ABC command line: "source /tmp/yosys-abc-OlAKfj/abc.script".
ABC: 
ABC: + read_blif /tmp/yosys-abc-OlAKfj/input.blif 
ABC: + read_lib -w /home/letienthanh/8bitalu/runs/RUN_2026-08-05_09-54-51/tmp/e9e162723b6541f7ab6bb5097e7af6fd.lib 
ABC: Parsing finished successfully.  Parsing time =     0.02 sec
ABC: Scl_LibertyReadGenlib() skipped sequential cell "sky130_fd_sc_hd__dfbbn_2".
ABC: Scl_LibertyReadGenlib() skipped sequential cell "sky130_fd_sc_hd__dfrbp_2".
ABC: Scl_LibertyReadGenlib() skipped sequential cell "sky130_fd_sc_hd__dfrtp_2".
ABC: Scl_LibertyReadGenlib() skipped sequential cell "sky130_fd_sc_hd__dfrtp_4".
ABC: Scl_LibertyReadGenlib() skipped sequential cell "sky130_fd_sc_hd__dfsbp_2".
ABC: Scl_LibertyReadGenlib() skipped sequential cell "sky130_fd_sc_hd__dfstp_2".
ABC: Scl_LibertyReadGenlib() skipped sequential cell "sky130_fd_sc_hd__dfstp_4".
ABC: Scl_LibertyReadGenlib() skipped sequential cell "sky130_fd_sc_hd__dfxbp_2".
ABC: Scl_LibertyReadGenlib() skipped sequential cell "sky130_fd_sc_hd__dfxtp_2".
ABC: Scl_LibertyReadGenlib() skipped sequential cell "sky130_fd_sc_hd__dfxtp_4".
ABC: Scl_LibertyReadGenlib() skipped sequential cell "sky130_fd_sc_hd__dlxtn_1".
ABC: Scl_LibertyReadGenlib() skipped sequential cell "sky130_fd_sc_hd__dlxtn_2".
ABC: Scl_LibertyReadGenlib() skipped sequential cell "sky130_fd_sc_hd__dlxtn_4".
ABC: Scl_LibertyReadGenlib() skipped sequential cell "sky130_fd_sc_hd__dlxtp_1".
ABC: Scl_LibertyReadGenlib() skipped three-state cell "sky130_fd_sc_hd__ebufn_2".
ABC: Scl_LibertyReadGenlib() skipped three-state cell "sky130_fd_sc_hd__ebufn_4".
ABC: Scl_LibertyReadGenlib() skipped three-state cell "sky130_fd_sc_hd__ebufn_8".
ABC: Library "sky130_fd_sc_hd__tt_025C_1v80" from "/home/letienthanh/8bitalu/runs/RUN_2026-08-05_09-54-51/tmp/e9e162723b6541f7ab6bb5097e7af6fd.lib" has 175 cells (17 skipped: 14 seq; 3 tri-state; 0 no func; 0 dont_use).  Time =     0.04 sec
ABC: Memory =    9.54 MB. Time =     0.04 sec
ABC: Warning: Detected 2 multi-output gates (for example, "sky130_fd_sc_hd__fa_1").
ABC: + read_constr -v /home/letienthanh/8bitalu/runs/RUN_2026-08-05_09-54-51/06-yosys-synthesis/synthesis.abc.sdc 
ABC: Setting driving cell to be "sky130_fd_sc_hd__inv_2/Y".
ABC: Setting output load to be 33.442001.
ABC: + source /home/letienthanh/8bitalu/runs/RUN_2026-08-05_09-54-51/06-yosys-synthesis/AREA_0.abc 
ABC: Fanins of node 71: Vector has 2 entries: { 44 44 }
ABC: Abc_NtkFastExtract: Nodes have duplicated fanins. FX is not performed.
ABC: Error: The network is combinational.
ABC: Cannot find the default PI driving cell (sky130_fd_sc_hd__inv_2/Y) in the library.
ABC: WireLoad = "none"  Gates =    466 (  4.1 %)   Cap =  9.6 ff (  1.7 %)   Area =     4367.94 ( 92.3 %)   Delay = 10153.15 ps  ( 18.2 %)               
ABC: Path  0 --      17 : 0   18 pi                       A =   0.00  Df =   0.0   -0.0 ps  S =   0.0 ps  Cin =  0.0 ff  Cout =  69.9 ff  Cmax =   0.0 ff  G =    0  
ABC: Path  1 --     181 : 2    4 sky130_fd_sc_hd__xor2_2  A =  16.27  Df =7102.9-1259.8 ps  S = 159.3 ps  Cin =  8.6 ff  Cout =   8.9 ff  Cmax = 130.0 ff  G =  101  
ABC: Path  2 --     195 : 4    4 sky130_fd_sc_hd__or4bb_2 A =  12.51  Df =7777.7 -493.0 ps  S = 129.4 ps  Cin =  1.5 ff  Cout =  11.9 ff  Cmax = 312.2 ff  G =  770  
ABC: Path  3 --     222 : 5    1 sky130_fd_sc_hd__a221o_2 A =  11.26  Df =8146.3 -361.3 ps  S =  51.0 ps  Cin =  2.3 ff  Cout =   2.4 ff  Cmax = 299.4 ff  G =  100  
ABC: Path  4 --     225 : 4    1 sky130_fd_sc_hd__o211a_2 A =  10.01  Df =8419.6 -148.6 ps  S =  39.9 ps  Cin =  2.4 ff  Cout =   1.7 ff  Cmax = 268.3 ff  G =   68  
ABC: Path  5 --     232 : 3    2 sky130_fd_sc_hd__or3_2   A =   7.51  Df =8714.3 -153.6 ps  S =  80.1 ps  Cin =  1.5 ff  Cout =   4.0 ff  Cmax = 310.4 ff  G =  249  
ABC: Path  6 --     242 : 4    1 sky130_fd_sc_hd__o211a_2 A =  10.01  Df =8975.6 -115.8 ps  S =  40.6 ps  Cin =  2.4 ff  Cout =   2.5 ff  Cmax = 268.3 ff  G =   99  
ABC: Path  7 --     243 : 5    1 sky130_fd_sc_hd__o221a_2 A =  11.26  Df =9190.0 -165.9 ps  S =  41.5 ps  Cin =  2.3 ff  Cout =   2.6 ff  Cmax = 281.1 ff  G =  102  
ABC: Path  8 --     246 : 3    1 sky130_fd_sc_hd__o21a_2  A =   8.76  Df =9371.7 -247.2 ps  S =  32.3 ps  Cin =  2.4 ff  Cout =   2.4 ff  Cmax = 294.8 ff  G =   97  
ABC: Path  9 --     250 : 3    1 sky130_fd_sc_hd__o21a_2  A =   8.76  Df =9561.4 -122.2 ps  S =  29.8 ps  Cin =  2.4 ff  Cout =   1.6 ff  Cmax = 294.8 ff  G =   65  
ABC: Path 10 --     271 : 3    1 sky130_fd_sc_hd__or3_2   A =   7.51  Df =10153.1 -512.6 ps  S = 172.0 ps  Cin =  1.5 ff  Cout =  33.4 ff  Cmax = 310.4 ff  G = 2202  
ABC: Start-point = pi16 (\op_b [5]).  End-point = po0 (\op_out [0]).
ABC: netlist                       : i/o =   20/    8  lat =    0  nd =   466  edge =   1301  area =4368.81  delay =29.00  lev = 29
ABC: + write_blif /tmp/yosys-abc-OlAKfj/output.blif 

110.1.2. Re-integrating ABC results.
ABC RESULTS:   sky130_fd_sc_hd__a2111oi_2 cells:        1
ABC RESULTS:   sky130_fd_sc_hd__o41ai_2 cells:        1
ABC RESULTS:   sky130_fd_sc_hd__nand3_2 cells:        2
ABC RESULTS:   sky130_fd_sc_hd__o211ai_2 cells:        1
ABC RESULTS:   sky130_fd_sc_hd__a311oi_2 cells:        2
ABC RESULTS:   sky130_fd_sc_hd__or4bb_2 cells:        1
ABC RESULTS:   sky130_fd_sc_hd__o32a_2 cells:        1
ABC RESULTS:   sky130_fd_sc_hd__nand4b_2 cells:        1
ABC RESULTS:   sky130_fd_sc_hd__mux2_1 cells:       11
ABC RESULTS:   sky130_fd_sc_hd__o221a_2 cells:        1
ABC RESULTS:   sky130_fd_sc_hd__a2111o_2 cells:        1
ABC RESULTS:   sky130_fd_sc_hd__nor4_2 cells:        2
ABC RESULTS:   sky130_fd_sc_hd__or4_2 cells:        7
ABC RESULTS:   sky130_fd_sc_hd__o2111a_2 cells:        1
ABC RESULTS:   sky130_fd_sc_hd__and4bb_2 cells:        2
ABC RESULTS:   sky130_fd_sc_hd__o2bb2a_2 cells:        2
ABC RESULTS:   sky130_fd_sc_hd__and4b_2 cells:        3
ABC RESULTS:   sky130_fd_sc_hd__o31a_2 cells:        3
ABC RESULTS:   sky130_fd_sc_hd__or3b_2 cells:        4
ABC RESULTS:   sky130_fd_sc_hd__o21ba_2 cells:        2
ABC RESULTS:   sky130_fd_sc_hd__nand2b_2 cells:        6
ABC RESULTS:   sky130_fd_sc_hd__o31ai_2 cells:        1
ABC RESULTS:   sky130_fd_sc_hd__a31oi_2 cells:        2
ABC RESULTS:   sky130_fd_sc_hd__and2_2 cells:       15
ABC RESULTS:   sky130_fd_sc_hd__and3b_2 cells:        2
ABC RESULTS:   sky130_fd_sc_hd__a221o_2 cells:        5
ABC RESULTS:   sky130_fd_sc_hd__o211a_2 cells:        7
ABC RESULTS:   sky130_fd_sc_hd__a211oi_2 cells:        5
ABC RESULTS:   sky130_fd_sc_hd__a22oi_2 cells:        5
ABC RESULTS:   sky130_fd_sc_hd__nor3_2 cells:        5
ABC RESULTS:   sky130_fd_sc_hd__o21a_2 cells:        9
ABC RESULTS:   sky130_fd_sc_hd__inv_2 cells:       19
ABC RESULTS:   sky130_fd_sc_hd__or3_2 cells:       12
ABC RESULTS:   sky130_fd_sc_hd__and3_2 cells:       20
ABC RESULTS:   sky130_fd_sc_hd__a21o_2 cells:       25
ABC RESULTS:   sky130_fd_sc_hd__nor2_2 cells:       36
ABC RESULTS:   sky130_fd_sc_hd__o21ai_2 cells:        7
ABC RESULTS:   sky130_fd_sc_hd__nand4_2 cells:        2
ABC RESULTS:   sky130_fd_sc_hd__or4b_2 cells:        4
ABC RESULTS:   sky130_fd_sc_hd__and4_2 cells:        4
ABC RESULTS:   sky130_fd_sc_hd__a22o_2 cells:        7
ABC RESULTS:   sky130_fd_sc_hd__and2b_2 cells:        6
ABC RESULTS:   sky130_fd_sc_hd__o21bai_2 cells:        4
ABC RESULTS:   sky130_fd_sc_hd__xor2_2 cells:       12
ABC RESULTS:   sky130_fd_sc_hd__a31o_2 cells:        7
ABC RESULTS:   sky130_fd_sc_hd__xnor2_2 cells:       46
ABC RESULTS:   sky130_fd_sc_hd__or2_2 cells:       30
ABC RESULTS:   sky130_fd_sc_hd__nand2_2 cells:       49
ABC RESULTS:   sky130_fd_sc_hd__a21oi_2 cells:       28
ABC RESULTS:   sky130_fd_sc_hd__o22a_2 cells:        9
ABC RESULTS:   sky130_fd_sc_hd__a32o_2 cells:        8
ABC RESULTS:   sky130_fd_sc_hd__a211o_2 cells:       16
ABC RESULTS:   sky130_fd_sc_hd__a311o_2 cells:        4
ABC RESULTS:        internal signals:      831
ABC RESULTS:           input signals:       20
ABC RESULTS:          output signals:        8
Removing temp directory.

111. Executing SETUNDEF pass (replace undef values with defined constants).

112. Executing HILOMAP pass (mapping to constant drivers).

113. Executing SPLITNETS pass (splitting up multi-bit signals).

114. Executing OPT_CLEAN pass (remove unused cells and wires).
Finding unused cells or wires in module \alu8bit..
Removed 0 unused cells and 859 unused wires.
<suppressed ~1 debug messages>

115. Executing INSBUF pass (insert buffer cells for connected wires).

116. Executing CHECK pass (checking for obvious problems).
Checking module alu8bit...
Found and reported 0 problems.
{
   "creator": "Yosys 0.46 (git sha1 e97731b9dda91fa5fa53ed87df7c34163ba59a41, clang++ 17.0.6 -fPIC -O3)",
   "invocation": "stat -json -liberty /home/letienthanh/8bitalu/runs/RUN_2026-08-05_09-54-51/tmp/e9e162723b6541f7ab6bb5097e7af6fd.lib ",
   "modules": {
      "\\alu8bit": {
         "num_wires":         462,
         "num_wire_bits":     486,
         "num_pub_wires":     4,
         "num_pub_wire_bits": 28,
         "num_ports":         4,
         "num_port_bits":     28,
         "num_memories":      0,
         "num_memory_bits":   0,
         "num_processes":     0,
         "num_cells":         466,
         "area":              4367.939200,
         "num_cells_by_type": {
            "sky130_fd_sc_hd__a2111o_2": 1,
            "sky130_fd_sc_hd__a2111oi_2": 1,
            "sky130_fd_sc_hd__a211o_2": 16,
            "sky130_fd_sc_hd__a211oi_2": 5,
            "sky130_fd_sc_hd__a21o_2": 25,
            "sky130_fd_sc_hd__a21oi_2": 28,
            "sky130_fd_sc_hd__a221o_2": 5,
            "sky130_fd_sc_hd__a22o_2": 7,
            "sky130_fd_sc_hd__a22oi_2": 5,
            "sky130_fd_sc_hd__a311o_2": 4,
            "sky130_fd_sc_hd__a311oi_2": 2,
            "sky130_fd_sc_hd__a31o_2": 7,
            "sky130_fd_sc_hd__a31oi_2": 2,
            "sky130_fd_sc_hd__a32o_2": 8,
            "sky130_fd_sc_hd__and2_2": 15,
            "sky130_fd_sc_hd__and2b_2": 6,
            "sky130_fd_sc_hd__and3_2": 20,
            "sky130_fd_sc_hd__and3b_2": 2,
            "sky130_fd_sc_hd__and4_2": 4,
            "sky130_fd_sc_hd__and4b_2": 3,
            "sky130_fd_sc_hd__and4bb_2": 2,
            "sky130_fd_sc_hd__inv_2": 19,
            "sky130_fd_sc_hd__mux2_1": 11,
            "sky130_fd_sc_hd__nand2_2": 49,
            "sky130_fd_sc_hd__nand2b_2": 6,
            "sky130_fd_sc_hd__nand3_2": 2,
            "sky130_fd_sc_hd__nand4_2": 2,
            "sky130_fd_sc_hd__nand4b_2": 1,
            "sky130_fd_sc_hd__nor2_2": 36,
            "sky130_fd_sc_hd__nor3_2": 5,
            "sky130_fd_sc_hd__nor4_2": 2,
            "sky130_fd_sc_hd__o2111a_2": 1,
            "sky130_fd_sc_hd__o211a_2": 7,
            "sky130_fd_sc_hd__o211ai_2": 1,
            "sky130_fd_sc_hd__o21a_2": 9,
            "sky130_fd_sc_hd__o21ai_2": 7,
            "sky130_fd_sc_hd__o21ba_2": 2,
            "sky130_fd_sc_hd__o21bai_2": 4,
            "sky130_fd_sc_hd__o221a_2": 1,
            "sky130_fd_sc_hd__o22a_2": 9,
            "sky130_fd_sc_hd__o2bb2a_2": 2,
            "sky130_fd_sc_hd__o31a_2": 3,
            "sky130_fd_sc_hd__o31ai_2": 1,
            "sky130_fd_sc_hd__o32a_2": 1,
            "sky130_fd_sc_hd__o41ai_2": 1,
            "sky130_fd_sc_hd__or2_2": 30,
            "sky130_fd_sc_hd__or3_2": 12,
            "sky130_fd_sc_hd__or3b_2": 4,
            "sky130_fd_sc_hd__or4_2": 7,
            "sky130_fd_sc_hd__or4b_2": 4,
            "sky130_fd_sc_hd__or4bb_2": 1,
            "sky130_fd_sc_hd__xnor2_2": 46,
            "sky130_fd_sc_hd__xor2_2": 12
         }
      }
   },
      "design": {
         "num_wires":         462,
         "num_wire_bits":     486,
         "num_pub_wires":     4,
         "num_pub_wire_bits": 28,
         "num_ports":         4,
         "num_port_bits":     28,
         "num_memories":      0,
         "num_memory_bits":   0,
         "num_processes":     0,
         "num_cells":         466,
         "area":              4367.939200,
         "num_cells_by_type": {
            "sky130_fd_sc_hd__a2111o_2": 1,
            "sky130_fd_sc_hd__a2111oi_2": 1,
            "sky130_fd_sc_hd__a211o_2": 16,
            "sky130_fd_sc_hd__a211oi_2": 5,
            "sky130_fd_sc_hd__a21o_2": 25,
            "sky130_fd_sc_hd__a21oi_2": 28,
            "sky130_fd_sc_hd__a221o_2": 5,
            "sky130_fd_sc_hd__a22o_2": 7,
            "sky130_fd_sc_hd__a22oi_2": 5,
            "sky130_fd_sc_hd__a311o_2": 4,
            "sky130_fd_sc_hd__a311oi_2": 2,
            "sky130_fd_sc_hd__a31o_2": 7,
            "sky130_fd_sc_hd__a31oi_2": 2,
            "sky130_fd_sc_hd__a32o_2": 8,
            "sky130_fd_sc_hd__and2_2": 15,
            "sky130_fd_sc_hd__and2b_2": 6,
            "sky130_fd_sc_hd__and3_2": 20,
            "sky130_fd_sc_hd__and3b_2": 2,
            "sky130_fd_sc_hd__and4_2": 4,
            "sky130_fd_sc_hd__and4b_2": 3,
            "sky130_fd_sc_hd__and4bb_2": 2,
            "sky130_fd_sc_hd__inv_2": 19,
            "sky130_fd_sc_hd__mux2_1": 11,
            "sky130_fd_sc_hd__nand2_2": 49,
            "sky130_fd_sc_hd__nand2b_2": 6,
            "sky130_fd_sc_hd__nand3_2": 2,
            "sky130_fd_sc_hd__nand4_2": 2,
            "sky130_fd_sc_hd__nand4b_2": 1,
            "sky130_fd_sc_hd__nor2_2": 36,
            "sky130_fd_sc_hd__nor3_2": 5,
            "sky130_fd_sc_hd__nor4_2": 2,
            "sky130_fd_sc_hd__o2111a_2": 1,
            "sky130_fd_sc_hd__o211a_2": 7,
            "sky130_fd_sc_hd__o211ai_2": 1,
            "sky130_fd_sc_hd__o21a_2": 9,
            "sky130_fd_sc_hd__o21ai_2": 7,
            "sky130_fd_sc_hd__o21ba_2": 2,
            "sky130_fd_sc_hd__o21bai_2": 4,
            "sky130_fd_sc_hd__o221a_2": 1,
            "sky130_fd_sc_hd__o22a_2": 9,
            "sky130_fd_sc_hd__o2bb2a_2": 2,
            "sky130_fd_sc_hd__o31a_2": 3,
            "sky130_fd_sc_hd__o31ai_2": 1,
            "sky130_fd_sc_hd__o32a_2": 1,
            "sky130_fd_sc_hd__o41ai_2": 1,
            "sky130_fd_sc_hd__or2_2": 30,
            "sky130_fd_sc_hd__or3_2": 12,
            "sky130_fd_sc_hd__or3b_2": 4,
            "sky130_fd_sc_hd__or4_2": 7,
            "sky130_fd_sc_hd__or4b_2": 4,
            "sky130_fd_sc_hd__or4bb_2": 1,
            "sky130_fd_sc_hd__xnor2_2": 46,
            "sky130_fd_sc_hd__xor2_2": 12
         }
      }
}

117. Printing statistics.

=== alu8bit ===

   Number of wires:                462
   Number of wire bits:            486
   Number of public wires:           4
   Number of public wire bits:      28
   Number of ports:                  4
   Number of port bits:             28
   Number of memories:               0
   Number of memory bits:            0
   Number of processes:              0
   Number of cells:                466
     sky130_fd_sc_hd__a2111o_2       1
     sky130_fd_sc_hd__a2111oi_2      1
     sky130_fd_sc_hd__a211o_2       16
     sky130_fd_sc_hd__a211oi_2       5
     sky130_fd_sc_hd__a21o_2        25
     sky130_fd_sc_hd__a21oi_2       28
     sky130_fd_sc_hd__a221o_2        5
     sky130_fd_sc_hd__a22o_2         7
     sky130_fd_sc_hd__a22oi_2        5
     sky130_fd_sc_hd__a311o_2        4
     sky130_fd_sc_hd__a311oi_2       2
     sky130_fd_sc_hd__a31o_2         7
     sky130_fd_sc_hd__a31oi_2        2
     sky130_fd_sc_hd__a32o_2         8
     sky130_fd_sc_hd__and2_2        15
     sky130_fd_sc_hd__and2b_2        6
     sky130_fd_sc_hd__and3_2        20
     sky130_fd_sc_hd__and3b_2        2
     sky130_fd_sc_hd__and4_2         4
     sky130_fd_sc_hd__and4b_2        3
     sky130_fd_sc_hd__and4bb_2       2
     sky130_fd_sc_hd__inv_2         19
     sky130_fd_sc_hd__mux2_1        11
     sky130_fd_sc_hd__nand2_2       49
     sky130_fd_sc_hd__nand2b_2       6
     sky130_fd_sc_hd__nand3_2        2
     sky130_fd_sc_hd__nand4_2        2
     sky130_fd_sc_hd__nand4b_2       1
     sky130_fd_sc_hd__nor2_2        36
     sky130_fd_sc_hd__nor3_2         5
     sky130_fd_sc_hd__nor4_2         2
     sky130_fd_sc_hd__o2111a_2       1
     sky130_fd_sc_hd__o211a_2        7
     sky130_fd_sc_hd__o211ai_2       1
     sky130_fd_sc_hd__o21a_2         9
     sky130_fd_sc_hd__o21ai_2        7
     sky130_fd_sc_hd__o21ba_2        2
     sky130_fd_sc_hd__o21bai_2       4
     sky130_fd_sc_hd__o221a_2        1
     sky130_fd_sc_hd__o22a_2         9
     sky130_fd_sc_hd__o2bb2a_2       2
     sky130_fd_sc_hd__o31a_2         3
     sky130_fd_sc_hd__o31ai_2        1
     sky130_fd_sc_hd__o32a_2         1
     sky130_fd_sc_hd__o41ai_2        1
     sky130_fd_sc_hd__or2_2         30
     sky130_fd_sc_hd__or3_2         12
     sky130_fd_sc_hd__or3b_2         4
     sky130_fd_sc_hd__or4_2          7
     sky130_fd_sc_hd__or4b_2         4
     sky130_fd_sc_hd__or4bb_2        1
     sky130_fd_sc_hd__xnor2_2       46
     sky130_fd_sc_hd__xor2_2        12

   Chip area for module '\alu8bit': 4367.939200
     of which used for sequential elements: 0.000000 (0.00%)

118. Executing Verilog backend.
Dumping module `\alu8bit'.

119. Executing JSON backend.
