
===========================================================================
report_checks -path_delay min (Hold)
============================================================================
======================= nom_tt_025C_1v80 Corner ===================================

Startpoint: op_a[6] (input port clocked by virtual_clk)
Endpoint: op_out[5] (output port clocked by virtual_clk)
Path Group: virtual_clk
Path Type: min

Fanout         Cap        Slew       Delay        Time   Description
---------------------------------------------------------------------------------------------
                      0.000000    0.000000    0.000000   clock virtual_clk (rise edge)
                                  0.000000    0.000000   clock network delay (ideal)
                                  2.000000    2.000000 ^ input external delay
    16    0.069748    0.000000    0.000000    2.000000 ^ op_a[6] (in)
                                                         op_a[6] (net)
                      0.002343    0.001172    2.001172 ^ _839_/B2 (sky130_fd_sc_hd__a32o_2)
     1    0.001750    0.035609    0.092908    2.094079 ^ _839_/X (sky130_fd_sc_hd__a32o_2)
                                                         _318_ (net)
                      0.035609    0.000000    2.094080 ^ _842_/A (sky130_fd_sc_hd__or3_2)
     1    0.002741    0.027912    0.096743    2.190823 ^ _842_/X (sky130_fd_sc_hd__or3_2)
                                                         op_out[5] (net)
                      0.027912    0.000025    2.190848 ^ op_out[5] (out)
                                              2.190848   data arrival time

                      0.000000    0.000000    0.000000   clock virtual_clk (rise edge)
                                  0.000000    0.000000   clock network delay (ideal)
                                  0.000000    0.000000   clock reconvergence pessimism
                                 -2.000000   -2.000000   output external delay
                                             -2.000000   data required time
---------------------------------------------------------------------------------------------
                                             -2.000000   data required time
                                             -2.190848   data arrival time
---------------------------------------------------------------------------------------------
                                              4.190849   slack (MET)


Startpoint: op_a[6] (input port clocked by virtual_clk)
Endpoint: op_out[7] (output port clocked by virtual_clk)
Path Group: virtual_clk
Path Type: min

Fanout         Cap        Slew       Delay        Time   Description
---------------------------------------------------------------------------------------------
                      0.000000    0.000000    0.000000   clock virtual_clk (rise edge)
                                  0.000000    0.000000   clock network delay (ideal)
                                  2.000000    2.000000 ^ input external delay
    16    0.069748    0.000000    0.000000    2.000000 ^ op_a[6] (in)
                                                         op_a[6] (net)
                      0.002258    0.001129    2.001129 ^ _922_/A1 (sky130_fd_sc_hd__a211o_2)
     1    0.005360    0.035965    0.107248    2.108377 ^ _922_/X (sky130_fd_sc_hd__a211o_2)
                                                         _407_ (net)
                      0.035965    0.000050    2.108426 ^ _923_/B1 (sky130_fd_sc_hd__a311o_2)
     1    0.001034    0.022706    0.083192    2.191618 ^ _923_/X (sky130_fd_sc_hd__a311o_2)
                                                         op_out[7] (net)
                      0.022706    0.000002    2.191621 ^ op_out[7] (out)
                                              2.191621   data arrival time

                      0.000000    0.000000    0.000000   clock virtual_clk (rise edge)
                                  0.000000    0.000000   clock network delay (ideal)
                                  0.000000    0.000000   clock reconvergence pessimism
                                 -2.000000   -2.000000   output external delay
                                             -2.000000   data required time
---------------------------------------------------------------------------------------------
                                             -2.000000   data required time
                                             -2.191621   data arrival time
---------------------------------------------------------------------------------------------
                                              4.191620   slack (MET)


Startpoint: op_a[3] (input port clocked by virtual_clk)
Endpoint: op_out[4] (output port clocked by virtual_clk)
Path Group: virtual_clk
Path Type: min

Fanout         Cap        Slew       Delay        Time   Description
---------------------------------------------------------------------------------------------
                      0.000000    0.000000    0.000000   clock virtual_clk (rise edge)
                                  0.000000    0.000000   clock network delay (ideal)
                                  2.000000    2.000000 ^ input external delay
    15    0.066346    0.000000    0.000000    2.000000 ^ op_a[3] (in)
                                                         op_a[3] (net)
                      0.002625    0.001312    2.001312 ^ _795_/B2 (sky130_fd_sc_hd__a32o_2)
     1    0.004872    0.051794    0.110161    2.111473 ^ _795_/X (sky130_fd_sc_hd__a32o_2)
                                                         _270_ (net)
                      0.051794    0.000006    2.111479 ^ _797_/B1 (sky130_fd_sc_hd__a211oi_2)
     1    0.005447    0.027615    0.044925    2.156404 v _797_/Y (sky130_fd_sc_hd__a211oi_2)
                                                         _272_ (net)
                      0.027615    0.000038    2.156442 v _798_/B1 (sky130_fd_sc_hd__o31ai_2)
     1    0.002444    0.042568    0.042853    2.199295 ^ _798_/Y (sky130_fd_sc_hd__o31ai_2)
                                                         op_out[4] (net)
                      0.042568    0.000020    2.199314 ^ op_out[4] (out)
                                              2.199314   data arrival time

                      0.000000    0.000000    0.000000   clock virtual_clk (rise edge)
                                  0.000000    0.000000   clock network delay (ideal)
                                  0.000000    0.000000   clock reconvergence pessimism
                                 -2.000000   -2.000000   output external delay
                                             -2.000000   data required time
---------------------------------------------------------------------------------------------
                                             -2.000000   data required time
                                             -2.199314   data arrival time
---------------------------------------------------------------------------------------------
                                              4.199314   slack (MET)


Startpoint: inst[3] (input port clocked by virtual_clk)
Endpoint: op_out[6] (output port clocked by virtual_clk)
Path Group: virtual_clk
Path Type: min

Fanout         Cap        Slew       Delay        Time   Description
---------------------------------------------------------------------------------------------
                      0.000000    0.000000    0.000000   clock virtual_clk (rise edge)
                                  0.000000    0.000000   clock network delay (ideal)
                                  2.000000    2.000000 ^ input external delay
    11    0.027970    0.000000    0.000000    2.000000 ^ inst[3] (in)
                                                         inst[3] (net)
                      0.000361    0.000181    2.000181 ^ _694_/B (sky130_fd_sc_hd__nor3_2)
     8    0.023447    0.063248    0.056681    2.056861 v _694_/Y (sky130_fd_sc_hd__nor3_2)
                                                         _165_ (net)
                      0.063275    0.000479    2.057340 v _885_/A1 (sky130_fd_sc_hd__a31o_2)
     1    0.000904    0.026910    0.190727    2.248068 v _885_/X (sky130_fd_sc_hd__a31o_2)
                                                         op_out[6] (net)
                      0.026910    0.000002    2.248070 v op_out[6] (out)
                                              2.248070   data arrival time

                      0.000000    0.000000    0.000000   clock virtual_clk (rise edge)
                                  0.000000    0.000000   clock network delay (ideal)
                                  0.000000    0.000000   clock reconvergence pessimism
                                 -2.000000   -2.000000   output external delay
                                             -2.000000   data required time
---------------------------------------------------------------------------------------------
                                             -2.000000   data required time
                                             -2.248070   data arrival time
---------------------------------------------------------------------------------------------
                                              4.248070   slack (MET)


Startpoint: inst[3] (input port clocked by virtual_clk)
Endpoint: op_out[0] (output port clocked by virtual_clk)
Path Group: virtual_clk
Path Type: min

Fanout         Cap        Slew       Delay        Time   Description
---------------------------------------------------------------------------------------------
                      0.000000    0.000000    0.000000   clock virtual_clk (rise edge)
                                  0.000000    0.000000   clock network delay (ideal)
                                  2.000000    2.000000 ^ input external delay
    11    0.027970    0.000000    0.000000    2.000000 ^ inst[3] (in)
                                                         inst[3] (net)
                      0.000472    0.000236    2.000236 ^ _685_/C1 (sky130_fd_sc_hd__o2111a_2)
     1    0.002310    0.038803    0.161037    2.161273 ^ _685_/X (sky130_fd_sc_hd__o2111a_2)
                                                         _156_ (net)
                      0.038803    0.000006    2.161280 ^ _700_/B (sky130_fd_sc_hd__or3_2)
     1    0.001295    0.022016    0.089458    2.250738 ^ _700_/X (sky130_fd_sc_hd__or3_2)
                                                         op_out[0] (net)
                      0.022016    0.000006    2.250744 ^ op_out[0] (out)
                                              2.250744   data arrival time

                      0.000000    0.000000    0.000000   clock virtual_clk (rise edge)
                                  0.000000    0.000000   clock network delay (ideal)
                                  0.000000    0.000000   clock reconvergence pessimism
                                 -2.000000   -2.000000   output external delay
                                             -2.000000   data required time
---------------------------------------------------------------------------------------------
                                             -2.000000   data required time
                                             -2.250744   data arrival time
---------------------------------------------------------------------------------------------
                                              4.250744   slack (MET)


Startpoint: op_a[1] (input port clocked by virtual_clk)
Endpoint: op_out[2] (output port clocked by virtual_clk)
Path Group: virtual_clk
Path Type: min

Fanout         Cap        Slew       Delay        Time   Description
---------------------------------------------------------------------------------------------
                      0.000000    0.000000    0.000000   clock virtual_clk (rise edge)
                                  0.000000    0.000000   clock network delay (ideal)
                                  2.000000    2.000000 ^ input external delay
    21    0.084340    0.000000    0.000000    2.000000 ^ op_a[1] (in)
                                                         op_a[1] (net)
                      0.003985    0.001993    2.001993 ^ _713_/A (sky130_fd_sc_hd__nand2_2)
     2    0.006759    0.036901    0.036090    2.038083 v _713_/Y (sky130_fd_sc_hd__nand2_2)
                                                         _183_ (net)
                      0.036901    0.000002    2.038085 v _725_/A1 (sky130_fd_sc_hd__a31oi_2)
     1    0.002494    0.069877    0.108428    2.146514 ^ _725_/Y (sky130_fd_sc_hd__a31oi_2)
                                                         _195_ (net)
                      0.069877    0.000000    2.146515 ^ _741_/A2 (sky130_fd_sc_hd__a21o_2)
     1    0.001271    0.019679    0.110378    2.256892 ^ _741_/X (sky130_fd_sc_hd__a21o_2)
                                                         op_out[2] (net)
                      0.019679    0.000006    2.256898 ^ op_out[2] (out)
                                              2.256898   data arrival time

                      0.000000    0.000000    0.000000   clock virtual_clk (rise edge)
                                  0.000000    0.000000   clock network delay (ideal)
                                  0.000000    0.000000   clock reconvergence pessimism
                                 -2.000000   -2.000000   output external delay
                                             -2.000000   data required time
---------------------------------------------------------------------------------------------
                                             -2.000000   data required time
                                             -2.256898   data arrival time
---------------------------------------------------------------------------------------------
                                              4.256898   slack (MET)


Startpoint: op_a[2] (input port clocked by virtual_clk)
Endpoint: op_out[3] (output port clocked by virtual_clk)
Path Group: virtual_clk
Path Type: min

Fanout         Cap        Slew       Delay        Time   Description
---------------------------------------------------------------------------------------------
                      0.000000    0.000000    0.000000   clock virtual_clk (rise edge)
                                  0.000000    0.000000   clock network delay (ideal)
                                  2.000000    2.000000 ^ input external delay
    22    0.082245    0.000000    0.000000    2.000000 ^ op_a[2] (in)
                                                         op_a[2] (net)
                      0.003354    0.001677    2.001677 ^ _767_/B2 (sky130_fd_sc_hd__a32o_2)
     1    0.002779    0.040977    0.099224    2.100902 ^ _767_/X (sky130_fd_sc_hd__a32o_2)
                                                         _240_ (net)
                      0.040977    0.000004    2.100905 ^ _769_/B1 (sky130_fd_sc_hd__a211o_2)
     1    0.002778    0.025493    0.086331    2.187236 ^ _769_/X (sky130_fd_sc_hd__a211o_2)
                                                         _243_ (net)
                      0.025493    0.000019    2.187255 ^ _770_/A_N (sky130_fd_sc_hd__nand2b_2)
     1    0.002155    0.030854    0.088332    2.275587 ^ _770_/Y (sky130_fd_sc_hd__nand2b_2)
                                                         op_out[3] (net)
                      0.030854    0.000016    2.275602 ^ op_out[3] (out)
                                              2.275602   data arrival time

                      0.000000    0.000000    0.000000   clock virtual_clk (rise edge)
                                  0.000000    0.000000   clock network delay (ideal)
                                  0.000000    0.000000   clock reconvergence pessimism
                                 -2.000000   -2.000000   output external delay
                                             -2.000000   data required time
---------------------------------------------------------------------------------------------
                                             -2.000000   data required time
                                             -2.275602   data arrival time
---------------------------------------------------------------------------------------------
                                              4.275602   slack (MET)


Startpoint: op_a[0] (input port clocked by virtual_clk)
Endpoint: op_out[1] (output port clocked by virtual_clk)
Path Group: virtual_clk
Path Type: min

Fanout         Cap        Slew       Delay        Time   Description
---------------------------------------------------------------------------------------------
                      0.000000    0.000000    0.000000   clock virtual_clk (rise edge)
                                  0.000000    0.000000   clock network delay (ideal)
                                  2.000000    2.000000 ^ input external delay
    21    0.075276    0.000000    0.000000    2.000000 ^ op_a[0] (in)
                                                         op_a[0] (net)
                      0.002257    0.001128    2.001128 ^ _709_/B2 (sky130_fd_sc_hd__a32o_2)
     1    0.001893    0.036351    0.093707    2.094835 ^ _709_/X (sky130_fd_sc_hd__a32o_2)
                                                         _179_ (net)
                      0.036351    0.000004    2.094839 ^ _710_/C (sky130_fd_sc_hd__or3_2)
     1    0.004330    0.034669    0.099659    2.194498 ^ _710_/X (sky130_fd_sc_hd__or3_2)
                                                         _180_ (net)
                      0.034669    0.000048    2.194546 ^ _718_/A (sky130_fd_sc_hd__or2_2)
     1    0.001384    0.022825    0.085097    2.279644 ^ _718_/X (sky130_fd_sc_hd__or2_2)
                                                         op_out[1] (net)
                      0.022825    0.000006    2.279650 ^ op_out[1] (out)
                                              2.279650   data arrival time

                      0.000000    0.000000    0.000000   clock virtual_clk (rise edge)
                                  0.000000    0.000000   clock network delay (ideal)
                                  0.000000    0.000000   clock reconvergence pessimism
                                 -2.000000   -2.000000   output external delay
                                             -2.000000   data required time
---------------------------------------------------------------------------------------------
                                             -2.000000   data required time
                                             -2.279650   data arrival time
---------------------------------------------------------------------------------------------
                                              4.279650   slack (MET)



