
===========================================================================
 report_power
============================================================================
======================= nom_tt_025C_1v80 Corner ===================================

Group                    Internal    Switching      Leakage        Total
                            Power        Power        Power        Power (Watts)
------------------------------------------------------------------------
Sequential           0.000000e+00 0.000000e+00 0.000000e+00 0.000000e+00   0.0%
Combinational        6.408693e-05 4.988999e-05 1.782256e-09 1.139787e-04 100.0%
Clock                0.000000e+00 0.000000e+00 2.462428e-10 2.462428e-10   0.0%
Macro                0.000000e+00 0.000000e+00 0.000000e+00 0.000000e+00   0.0%
Pad                  0.000000e+00 0.000000e+00 0.000000e+00 0.000000e+00   0.0%
------------------------------------------------------------------------
Total                6.408693e-05 4.988999e-05 2.028502e-09 1.139789e-04 100.0%
                            56.2%        43.8%         0.0%
Writing metric power__internal__total: 6.408692570403218e-5
Writing metric power__switching__total: 4.988999353372492e-5
Writing metric power__leakage__total: 2.028501588924314e-9
Writing metric power__total: 0.00011397894559195265

