
===========================================================================
report_checks -unconstrained
===========================================================================
======================= nom_tt_025C_1v80 Corner ===================================

Startpoint: op_b[0] (input port clocked by __VIRTUAL_CLK__)
Endpoint: op_out[0] (output port clocked by __VIRTUAL_CLK__)
Path Group: __VIRTUAL_CLK__
Path Type: max

Fanout         Cap        Slew       Delay        Time   Description
---------------------------------------------------------------------------------------------
                      0.000000    0.000000    0.000000   clock __VIRTUAL_CLK__ (rise edge)
                                  0.000000    0.000000   clock network delay (ideal)
                                  4.000000    4.000000 ^ input external delay
     1    0.002937    0.020321    0.010772    4.010772 ^ op_b[0] (in)
                                                         op_b[0] (net)
                      0.020321    0.000000    4.010772 ^ input13/A (sky130_fd_sc_hd__clkbuf_2)
     4    0.018416    0.106301    0.140885    4.151658 ^ input13/X (sky130_fd_sc_hd__clkbuf_2)
                                                         net13 (net)
                      0.106301    0.000103    4.151761 ^ fanout66/A (sky130_fd_sc_hd__buf_4)
    10    0.035356    0.105411    0.180187    4.331948 ^ fanout66/X (sky130_fd_sc_hd__buf_4)
                                                         net66 (net)
                      0.105411    0.000010    4.331958 ^ fanout65/A (sky130_fd_sc_hd__buf_4)
    10    0.031891    0.096322    0.173649    4.505607 ^ fanout65/X (sky130_fd_sc_hd__buf_4)
                                                         net65 (net)
                      0.096322    0.000369    4.505976 ^ _458_/A (sky130_fd_sc_hd__inv_2)
     4    0.011021    0.039988    0.056524    4.562500 v _458_/Y (sky130_fd_sc_hd__inv_2)
                                                         _188_ (net)
                      0.039988    0.000010    4.562510 v fanout35/A (sky130_fd_sc_hd__clkbuf_4)
    10    0.033403    0.077926    0.179368    4.741878 v fanout35/X (sky130_fd_sc_hd__clkbuf_4)
                                                         net35 (net)
                      0.077926    0.000135    4.742013 v _472_/A1 (sky130_fd_sc_hd__o41ai_4)
     5    0.014431    0.353799    0.439137    5.181151 ^ _472_/Y (sky130_fd_sc_hd__o41ai_4)
                                                         _338_ (net)
                      0.353799    0.000066    5.181217 ^ _481_/A2 (sky130_fd_sc_hd__a211o_1)
     4    0.010619    0.102847    0.229183    5.410399 ^ _481_/X (sky130_fd_sc_hd__a211o_1)
                                                         _410_ (net)
                      0.102847    0.000048    5.410448 ^ _484_/A1 (sky130_fd_sc_hd__a21o_1)
     4    0.012342    0.116672    0.175266    5.585714 ^ _484_/X (sky130_fd_sc_hd__a21o_1)
                                                         _413_ (net)
                      0.116672    0.000016    5.585730 ^ _493_/A1 (sky130_fd_sc_hd__a211oi_2)
     3    0.008012    0.068167    0.093696    5.679425 v _493_/Y (sky130_fd_sc_hd__a211oi_2)
                                                         _422_ (net)
                      0.068167    0.000036    5.679461 v _503_/D (sky130_fd_sc_hd__or4_4)
     3    0.007372    0.090644    0.427446    6.106907 v _503_/X (sky130_fd_sc_hd__or4_4)
                                                         _432_ (net)
                      0.090644    0.000013    6.106920 v _507_/A3 (sky130_fd_sc_hd__a31o_1)
     2    0.007597    0.058635    0.253508    6.360428 v _507_/X (sky130_fd_sc_hd__a31o_1)
                                                         _436_ (net)
                      0.058635    0.000029    6.360457 v _509_/A2 (sky130_fd_sc_hd__a211o_4)
     3    0.014995    0.066189    0.357646    6.718103 v _509_/X (sky130_fd_sc_hd__a211o_4)
                                                         _438_ (net)
                      0.066189    0.000060    6.718163 v _515_/A2 (sky130_fd_sc_hd__a21oi_4)
     5    0.016552    0.162717    0.198271    6.916433 ^ _515_/Y (sky130_fd_sc_hd__a21oi_4)
                                                         _444_ (net)
                      0.162717    0.000056    6.916489 ^ rebuffer5/A (sky130_fd_sc_hd__buf_6)
     3    0.012122    0.038286    0.128137    7.044626 ^ rebuffer5/X (sky130_fd_sc_hd__buf_6)
                                                         net74 (net)
                      0.038286    0.000050    7.044676 ^ _524_/S (sky130_fd_sc_hd__mux2_4)
     2    0.006201    0.054150    0.293846    7.338521 v _524_/X (sky130_fd_sc_hd__mux2_4)
                                                         _453_ (net)
                      0.054150    0.000032    7.338553 v _539_/A1 (sky130_fd_sc_hd__a221o_1)
     3    0.009153    0.086292    0.352004    7.690557 v _539_/X (sky130_fd_sc_hd__a221o_1)
                                                         _010_ (net)
                      0.086292    0.000005    7.690562 v _544_/A2 (sky130_fd_sc_hd__a311o_1)
     3    0.007465    0.077007    0.350456    8.041018 v _544_/X (sky130_fd_sc_hd__a311o_1)
                                                         _015_ (net)
                      0.077007    0.000036    8.041055 v _579_/A2 (sky130_fd_sc_hd__a21o_1)
     3    0.006623    0.049302    0.202449    8.243503 v _579_/X (sky130_fd_sc_hd__a21o_1)
                                                         _050_ (net)
                      0.049302    0.000037    8.243541 v _583_/C (sky130_fd_sc_hd__and3_1)
     2    0.004855    0.047172    0.186224    8.429765 v _583_/X (sky130_fd_sc_hd__and3_1)
                                                         _054_ (net)
                      0.047172    0.000006    8.429770 v _585_/A (sky130_fd_sc_hd__or4_4)
     1    0.002880    0.079289    0.517352    8.947124 v _585_/X (sky130_fd_sc_hd__or4_4)
                                                         _056_ (net)
                      0.079289    0.000010    8.947133 v _586_/B (sky130_fd_sc_hd__or4b_4)
     1    0.008715    0.091961    0.534748    9.481881 v _586_/X (sky130_fd_sc_hd__or4b_4)
                                                         _057_ (net)
                      0.091961    0.000024    9.481905 v _590_/A2 (sky130_fd_sc_hd__a311oi_4)
     4    0.017027    0.324518    0.357633    9.839539 ^ _590_/Y (sky130_fd_sc_hd__a311oi_4)
                                                         _061_ (net)
                      0.324518    0.000127    9.839665 ^ max_cap30/A (sky130_fd_sc_hd__buf_6)
     5    0.024853    0.062837    0.177192   10.016857 ^ max_cap30/X (sky130_fd_sc_hd__buf_6)
                                                         net30 (net)
                      0.062837    0.000020   10.016877 ^ _619_/S (sky130_fd_sc_hd__mux2_4)
     5    0.018119    0.071748    0.330747   10.347625 v _619_/X (sky130_fd_sc_hd__mux2_4)
                                                         _090_ (net)
                      0.071748    0.000111   10.347735 v _623_/B2 (sky130_fd_sc_hd__o22a_1)
     2    0.005167    0.056671    0.177486   10.525221 v _623_/X (sky130_fd_sc_hd__o22a_1)
                                                         _094_ (net)
                      0.056671    0.000004   10.525226 v _624_/A (sky130_fd_sc_hd__or4bb_4)
     4    0.017434    0.110647    0.578505   11.103731 v _624_/X (sky130_fd_sc_hd__or4bb_4)
                                                         _095_ (net)
                      0.110647    0.000028   11.103758 v _628_/A2 (sky130_fd_sc_hd__a21oi_4)
     4    0.018131    0.172244    0.223478   11.327236 ^ _628_/Y (sky130_fd_sc_hd__a21oi_4)
                                                         _099_ (net)
                      0.172244    0.000065   11.327301 ^ fanout29/A (sky130_fd_sc_hd__buf_6)
     5    0.022459    0.056161    0.145965   11.473267 ^ fanout29/X (sky130_fd_sc_hd__buf_6)
                                                         net29 (net)
                      0.056161    0.000179   11.473446 ^ _665_/S (sky130_fd_sc_hd__mux2_4)
     3    0.007409    0.056941    0.303351   11.776796 v _665_/X (sky130_fd_sc_hd__mux2_4)
                                                         _136_ (net)
                      0.056941    0.000002   11.776798 v _669_/A2 (sky130_fd_sc_hd__a21o_1)
     1    0.002827    0.034343    0.175683   11.952481 v _669_/X (sky130_fd_sc_hd__a21o_1)
                                                         _140_ (net)
                      0.034343    0.000008   11.952489 v _671_/A1 (sky130_fd_sc_hd__o211a_1)
     1    0.002587    0.038661    0.209740   12.162229 v _671_/X (sky130_fd_sc_hd__o211a_1)
                                                         _142_ (net)
                      0.038661    0.000005   12.162234 v _672_/B2 (sky130_fd_sc_hd__o221a_1)
     1    0.002993    0.047867    0.199432   12.361667 v _672_/X (sky130_fd_sc_hd__o221a_1)
                                                         _143_ (net)
                      0.047867    0.000012   12.361679 v _675_/A1 (sky130_fd_sc_hd__o21a_1)
     1    0.002369    0.033870    0.176727   12.538406 v _675_/X (sky130_fd_sc_hd__o21a_1)
                                                         _146_ (net)
                      0.033870    0.000000   12.538407 v _679_/A2 (sky130_fd_sc_hd__o21a_1)
     1    0.004832    0.044211    0.169250   12.707658 v _679_/X (sky130_fd_sc_hd__o21a_1)
                                                         _150_ (net)
                      0.044211    0.000041   12.707699 v _700_/C (sky130_fd_sc_hd__or3_4)
     1    0.008108    0.071768    0.333571   13.041269 v _700_/X (sky130_fd_sc_hd__or3_4)
                                                         net21 (net)
                      0.071768    0.000057   13.041327 v output21/A (sky130_fd_sc_hd__buf_8)
     1    0.034601    0.039938    0.146093   13.187420 v output21/X (sky130_fd_sc_hd__buf_8)
                                                         op_out[0] (net)
                      0.039939    0.000241   13.187660 v op_out[0] (out)
                                             13.187660   data arrival time

                      0.000000   20.000000   20.000000   clock __VIRTUAL_CLK__ (rise edge)
                                  0.000000   20.000000   clock network delay (ideal)
                                 -0.250000   19.750002   clock uncertainty
                                  0.000000   19.750002   clock reconvergence pessimism
                                 -4.000000   15.750001   output external delay
                                             15.750001   data required time
---------------------------------------------------------------------------------------------
                                             15.750001   data required time
                                            -13.187660   data arrival time
---------------------------------------------------------------------------------------------
                                              2.562341   slack (MET)




===========================================================================
report_checks --slack_max -0.01
============================================================================
======================= nom_tt_025C_1v80 Corner ===================================

No paths found.


===========================================================================
 report_check_types -max_slew -max_cap -max_fanout -violators
============================================================================
======================= nom_tt_025C_1v80 Corner ===================================



===========================================================================
report_parasitic_annotation -report_unannotated
============================================================================
Found 0 unannotated drivers.
Found 0 partially unannotated drivers.

===========================================================================
max slew violation count 0
Writing metric design__max_slew_violation__count__corner:nom_tt_025C_1v80: 0
max fanout violation count 0
Writing metric design__max_fanout_violation__count__corner:nom_tt_025C_1v80: 0
max cap violation count 0
Writing metric design__max_cap_violation__count__corner:nom_tt_025C_1v80: 0
============================================================================

===========================================================================
check_setup -verbose -unconstrained_endpoints -multiple_clock -no_clock -no_input_delay -loops -generated_clocks
===========================================================================
