
===========================================================================
report_checks -unconstrained
===========================================================================
======================= max_ss_100C_1v60 Corner ===================================

Startpoint: op_b[4] (input port clocked by virtual_clk)
Endpoint: op_out[0] (output port clocked by virtual_clk)
Path Group: virtual_clk
Path Type: max

Fanout         Cap        Slew       Delay        Time   Description
---------------------------------------------------------------------------------------------
                      0.000000    0.000000    0.000000   clock virtual_clk (rise edge)
                                  0.000000    0.000000   clock network delay (ideal)
                                  2.000000    2.000000 v input external delay
     1    0.002987    0.000000    0.000000    2.000000 v op_b[4] (in)
                                                         op_b[4] (net)
                      0.000175    0.000087    2.000087 v input17/A (sky130_fd_sc_hd__buf_4)
     8    0.058516    0.151632    0.311656    2.311743 v input17/X (sky130_fd_sc_hd__buf_4)
                                                         net17 (net)
                      0.151758    0.001960    2.313704 v fanout35/A (sky130_fd_sc_hd__buf_12)
    13    0.063622    0.079750    0.299262    2.612966 v fanout35/X (sky130_fd_sc_hd__buf_12)
                                                         net35 (net)
                      0.081790    0.009801    2.622766 v _469_/D (sky130_fd_sc_hd__or4_4)
     5    0.019590    0.204873    0.933738    3.556504 v _469_/X (sky130_fd_sc_hd__or4_4)
                                                         _306_ (net)
                      0.204891    0.002024    3.558528 v _472_/A4 (sky130_fd_sc_hd__o41ai_4)
     3    0.009167    0.449906    0.454785    4.013313 ^ _472_/Y (sky130_fd_sc_hd__o41ai_4)
                                                         _338_ (net)
                      0.449915    0.000465    4.013778 ^ rebuffer29/A (sky130_fd_sc_hd__buf_1)
     2    0.009146    0.187440    0.360321    4.374099 ^ rebuffer29/X (sky130_fd_sc_hd__buf_1)
                                                         net69 (net)
                      0.187440    0.000440    4.374538 ^ rebuffer30/A (sky130_fd_sc_hd__dlygate4sd1_1)
     1    0.004232    0.083538    0.435948    4.810486 ^ rebuffer30/X (sky130_fd_sc_hd__dlygate4sd1_1)
                                                         net70 (net)
                      0.083538    0.000274    4.810760 ^ _477_/B1_N (sky130_fd_sc_hd__o21bai_1)
     3    0.010811    0.413240    0.272621    5.083382 ^ _477_/Y (sky130_fd_sc_hd__o21bai_1)
                                                         _392_ (net)
                      0.413242    0.000694    5.084075 ^ _491_/B (sky130_fd_sc_hd__nor2_1)
     2    0.008447    0.134611    0.241218    5.325294 v _491_/Y (sky130_fd_sc_hd__nor2_1)
                                                         _420_ (net)
                      0.134612    0.000572    5.325866 v _493_/B1 (sky130_fd_sc_hd__a211oi_2)
     3    0.012729    0.468940    0.528409    5.854275 ^ _493_/Y (sky130_fd_sc_hd__a211oi_2)
                                                         _422_ (net)
                      0.468940    0.000891    5.855167 ^ _502_/A2 (sky130_fd_sc_hd__o21ai_1)
     3    0.009964    0.212781    0.338193    6.193360 v _502_/Y (sky130_fd_sc_hd__o21ai_1)
                                                         _431_ (net)
                      0.212781    0.000514    6.193874 v _507_/A2 (sky130_fd_sc_hd__a31o_1)
     2    0.008682    0.114432    0.481525    6.675399 v _507_/X (sky130_fd_sc_hd__a31o_1)
                                                         _436_ (net)
                      0.114433    0.000557    6.675956 v _509_/A2 (sky130_fd_sc_hd__a211o_4)
     3    0.016566    0.107476    0.649891    7.325847 v _509_/X (sky130_fd_sc_hd__a211o_4)
                                                         _438_ (net)
                      0.107576    0.001051    7.326898 v _515_/A2 (sky130_fd_sc_hd__a21oi_4)
     8    0.039882    0.481554    0.499442    7.826340 ^ _515_/Y (sky130_fd_sc_hd__a21oi_4)
                                                         _444_ (net)
                      0.481585    0.003126    7.829466 ^ _524_/S (sky130_fd_sc_hd__mux2_4)
     2    0.007722    0.093835    0.701262    8.530728 v _524_/X (sky130_fd_sc_hd__mux2_4)
                                                         _453_ (net)
                      0.093835    0.000451    8.531179 v _539_/A1 (sky130_fd_sc_hd__a221o_1)
     3    0.010817    0.169850    0.676032    9.207211 v _539_/X (sky130_fd_sc_hd__a221o_1)
                                                         _010_ (net)
                      0.169850    0.000475    9.207686 v _544_/A2 (sky130_fd_sc_hd__a311o_1)
     5    0.015668    0.203452    0.752052    9.959738 v _544_/X (sky130_fd_sc_hd__a311o_1)
                                                         _015_ (net)
                      0.203452    0.000782    9.960521 v _579_/A1 (sky130_fd_sc_hd__a21o_1)
     2    0.005223    0.079592    0.363968   10.324489 v _579_/X (sky130_fd_sc_hd__a21o_1)
                                                         _050_ (net)
                      0.079592    0.000323   10.324812 v _583_/C (sky130_fd_sc_hd__and3_1)
     2    0.006548    0.101175    0.399004   10.723815 v _583_/X (sky130_fd_sc_hd__and3_1)
                                                         _054_ (net)
                      0.101175    0.000226   10.724042 v _585_/A (sky130_fd_sc_hd__or4_4)
     1    0.004531    0.152279    1.053228   11.777269 v _585_/X (sky130_fd_sc_hd__or4_4)
                                                         _056_ (net)
                      0.152279    0.000314   11.777583 v _586_/B (sky130_fd_sc_hd__or4b_4)
     1    0.008846    0.170640    1.074437   12.852019 v _586_/X (sky130_fd_sc_hd__or4b_4)
                                                         _057_ (net)
                      0.170640    0.000685   12.852704 v _590_/A2 (sky130_fd_sc_hd__a311oi_4)
     8    0.044900    0.916413    0.935588   13.788292 ^ _590_/Y (sky130_fd_sc_hd__a311oi_4)
                                                         _061_ (net)
                      0.916428    0.002958   13.791249 ^ _615_/S (sky130_fd_sc_hd__mux2_4)
     4    0.018661    0.122523    0.828133   14.619383 v _615_/X (sky130_fd_sc_hd__mux2_4)
                                                         _086_ (net)
                      0.122533    0.001219   14.620602 v _623_/A2 (sky130_fd_sc_hd__o22a_1)
     2    0.005360    0.109918    0.408424   15.029026 v _623_/X (sky130_fd_sc_hd__o22a_1)
                                                         _094_ (net)
                      0.109918    0.000265   15.029290 v _624_/B (sky130_fd_sc_hd__or4bb_4)
     5    0.028419    0.229995    1.164928   16.194218 v _624_/X (sky130_fd_sc_hd__or4bb_4)
                                                         _095_ (net)
                      0.229995    0.001991   16.196209 v _628_/A2 (sky130_fd_sc_hd__a21oi_4)
     6    0.029565    0.379330    0.477426   16.673635 ^ _628_/Y (sky130_fd_sc_hd__a21oi_4)
                                                         _099_ (net)
                      0.379334    0.002103   16.675739 ^ _665_/S (sky130_fd_sc_hd__mux2_1)
     3    0.008464    0.163480    0.871900   17.547638 v _665_/X (sky130_fd_sc_hd__mux2_1)
                                                         _136_ (net)
                      0.163480    0.000265   17.547903 v _669_/A2 (sky130_fd_sc_hd__a21o_1)
     1    0.002691    0.058805    0.351063   17.898966 v _669_/X (sky130_fd_sc_hd__a21o_1)
                                                         _140_ (net)
                      0.058805    0.000190   17.899157 v _671_/A1 (sky130_fd_sc_hd__o211a_1)
     1    0.004210    0.084592    0.413449   18.312605 v _671_/X (sky130_fd_sc_hd__o211a_1)
                                                         _142_ (net)
                      0.084643    0.000318   18.312923 v _672_/B2 (sky130_fd_sc_hd__o221a_1)
     1    0.002801    0.091307    0.397458   18.710381 v _672_/X (sky130_fd_sc_hd__o221a_1)
                                                         _143_ (net)
                      0.091307    0.000195   18.710577 v _675_/A1 (sky130_fd_sc_hd__o21a_1)
     1    0.003169    0.068348    0.346407   19.056984 v _675_/X (sky130_fd_sc_hd__o21a_1)
                                                         _146_ (net)
                      0.068395    0.000229   19.057213 v _679_/A2 (sky130_fd_sc_hd__o21a_1)
     1    0.007344    0.104701    0.348152   19.405365 v _679_/X (sky130_fd_sc_hd__o21a_1)
                                                         _150_ (net)
                      0.104701    0.000531   19.405895 v _700_/B (sky130_fd_sc_hd__or3_4)
     1    0.004506    0.117398    0.723910   20.129807 v _700_/X (sky130_fd_sc_hd__or3_4)
                                                         net21 (net)
                      0.117398    0.000323   20.130129 v output21/A (sky130_fd_sc_hd__clkbuf_1)
     1    0.002160    0.044262    0.176126   20.306255 v output21/X (sky130_fd_sc_hd__clkbuf_1)
                                                         op_out[0] (net)
                      0.044262    0.000091   20.306345 v op_out[0] (out)
                                             20.306345   data arrival time

                      0.000000   20.000000   20.000000   clock virtual_clk (rise edge)
                                  0.000000   20.000000   clock network delay (ideal)
                                  0.000000   20.000000   clock reconvergence pessimism
                                 -2.000000   18.000000   output external delay
                                             18.000000   data required time
---------------------------------------------------------------------------------------------
                                             18.000000   data required time
                                            -20.306345   data arrival time
---------------------------------------------------------------------------------------------
                                             -2.306345   slack (VIOLATED)




===========================================================================
report_checks --slack_max -0.01
============================================================================
======================= max_ss_100C_1v60 Corner ===================================

Startpoint: op_b[4] (input port clocked by virtual_clk)
Endpoint: op_out[0] (output port clocked by virtual_clk)
Path Group: virtual_clk
Path Type: max

Fanout         Cap        Slew       Delay        Time   Description
---------------------------------------------------------------------------------------------
                      0.000000    0.000000    0.000000   clock virtual_clk (rise edge)
                                  0.000000    0.000000   clock network delay (ideal)
                                  2.000000    2.000000 v input external delay
     1    0.002987    0.000000    0.000000    2.000000 v op_b[4] (in)
                                                         op_b[4] (net)
                      0.000175    0.000087    2.000087 v input17/A (sky130_fd_sc_hd__buf_4)
     8    0.058516    0.151632    0.311656    2.311743 v input17/X (sky130_fd_sc_hd__buf_4)
                                                         net17 (net)
                      0.151758    0.001960    2.313704 v fanout35/A (sky130_fd_sc_hd__buf_12)
    13    0.063622    0.079750    0.299262    2.612966 v fanout35/X (sky130_fd_sc_hd__buf_12)
                                                         net35 (net)
                      0.081790    0.009801    2.622766 v _469_/D (sky130_fd_sc_hd__or4_4)
     5    0.019590    0.204873    0.933738    3.556504 v _469_/X (sky130_fd_sc_hd__or4_4)
                                                         _306_ (net)
                      0.204891    0.002024    3.558528 v _472_/A4 (sky130_fd_sc_hd__o41ai_4)
     3    0.009167    0.449906    0.454785    4.013313 ^ _472_/Y (sky130_fd_sc_hd__o41ai_4)
                                                         _338_ (net)
                      0.449915    0.000465    4.013778 ^ rebuffer29/A (sky130_fd_sc_hd__buf_1)
     2    0.009146    0.187440    0.360321    4.374099 ^ rebuffer29/X (sky130_fd_sc_hd__buf_1)
                                                         net69 (net)
                      0.187440    0.000440    4.374538 ^ rebuffer30/A (sky130_fd_sc_hd__dlygate4sd1_1)
     1    0.004232    0.083538    0.435948    4.810486 ^ rebuffer30/X (sky130_fd_sc_hd__dlygate4sd1_1)
                                                         net70 (net)
                      0.083538    0.000274    4.810760 ^ _477_/B1_N (sky130_fd_sc_hd__o21bai_1)
     3    0.010811    0.413240    0.272621    5.083382 ^ _477_/Y (sky130_fd_sc_hd__o21bai_1)
                                                         _392_ (net)
                      0.413242    0.000694    5.084075 ^ _491_/B (sky130_fd_sc_hd__nor2_1)
     2    0.008447    0.134611    0.241218    5.325294 v _491_/Y (sky130_fd_sc_hd__nor2_1)
                                                         _420_ (net)
                      0.134612    0.000572    5.325866 v _493_/B1 (sky130_fd_sc_hd__a211oi_2)
     3    0.012729    0.468940    0.528409    5.854275 ^ _493_/Y (sky130_fd_sc_hd__a211oi_2)
                                                         _422_ (net)
                      0.468940    0.000891    5.855167 ^ _502_/A2 (sky130_fd_sc_hd__o21ai_1)
     3    0.009964    0.212781    0.338193    6.193360 v _502_/Y (sky130_fd_sc_hd__o21ai_1)
                                                         _431_ (net)
                      0.212781    0.000514    6.193874 v _507_/A2 (sky130_fd_sc_hd__a31o_1)
     2    0.008682    0.114432    0.481525    6.675399 v _507_/X (sky130_fd_sc_hd__a31o_1)
                                                         _436_ (net)
                      0.114433    0.000557    6.675956 v _509_/A2 (sky130_fd_sc_hd__a211o_4)
     3    0.016566    0.107476    0.649891    7.325847 v _509_/X (sky130_fd_sc_hd__a211o_4)
                                                         _438_ (net)
                      0.107576    0.001051    7.326898 v _515_/A2 (sky130_fd_sc_hd__a21oi_4)
     8    0.039882    0.481554    0.499442    7.826340 ^ _515_/Y (sky130_fd_sc_hd__a21oi_4)
                                                         _444_ (net)
                      0.481585    0.003126    7.829466 ^ _524_/S (sky130_fd_sc_hd__mux2_4)
     2    0.007722    0.093835    0.701262    8.530728 v _524_/X (sky130_fd_sc_hd__mux2_4)
                                                         _453_ (net)
                      0.093835    0.000451    8.531179 v _539_/A1 (sky130_fd_sc_hd__a221o_1)
     3    0.010817    0.169850    0.676032    9.207211 v _539_/X (sky130_fd_sc_hd__a221o_1)
                                                         _010_ (net)
                      0.169850    0.000475    9.207686 v _544_/A2 (sky130_fd_sc_hd__a311o_1)
     5    0.015668    0.203452    0.752052    9.959738 v _544_/X (sky130_fd_sc_hd__a311o_1)
                                                         _015_ (net)
                      0.203452    0.000782    9.960521 v _579_/A1 (sky130_fd_sc_hd__a21o_1)
     2    0.005223    0.079592    0.363968   10.324489 v _579_/X (sky130_fd_sc_hd__a21o_1)
                                                         _050_ (net)
                      0.079592    0.000323   10.324812 v _583_/C (sky130_fd_sc_hd__and3_1)
     2    0.006548    0.101175    0.399004   10.723815 v _583_/X (sky130_fd_sc_hd__and3_1)
                                                         _054_ (net)
                      0.101175    0.000226   10.724042 v _585_/A (sky130_fd_sc_hd__or4_4)
     1    0.004531    0.152279    1.053228   11.777269 v _585_/X (sky130_fd_sc_hd__or4_4)
                                                         _056_ (net)
                      0.152279    0.000314   11.777583 v _586_/B (sky130_fd_sc_hd__or4b_4)
     1    0.008846    0.170640    1.074437   12.852019 v _586_/X (sky130_fd_sc_hd__or4b_4)
                                                         _057_ (net)
                      0.170640    0.000685   12.852704 v _590_/A2 (sky130_fd_sc_hd__a311oi_4)
     8    0.044900    0.916413    0.935588   13.788292 ^ _590_/Y (sky130_fd_sc_hd__a311oi_4)
                                                         _061_ (net)
                      0.916428    0.002958   13.791249 ^ _615_/S (sky130_fd_sc_hd__mux2_4)
     4    0.018661    0.122523    0.828133   14.619383 v _615_/X (sky130_fd_sc_hd__mux2_4)
                                                         _086_ (net)
                      0.122533    0.001219   14.620602 v _623_/A2 (sky130_fd_sc_hd__o22a_1)
     2    0.005360    0.109918    0.408424   15.029026 v _623_/X (sky130_fd_sc_hd__o22a_1)
                                                         _094_ (net)
                      0.109918    0.000265   15.029290 v _624_/B (sky130_fd_sc_hd__or4bb_4)
     5    0.028419    0.229995    1.164928   16.194218 v _624_/X (sky130_fd_sc_hd__or4bb_4)
                                                         _095_ (net)
                      0.229995    0.001991   16.196209 v _628_/A2 (sky130_fd_sc_hd__a21oi_4)
     6    0.029565    0.379330    0.477426   16.673635 ^ _628_/Y (sky130_fd_sc_hd__a21oi_4)
                                                         _099_ (net)
                      0.379334    0.002103   16.675739 ^ _665_/S (sky130_fd_sc_hd__mux2_1)
     3    0.008464    0.163480    0.871900   17.547638 v _665_/X (sky130_fd_sc_hd__mux2_1)
                                                         _136_ (net)
                      0.163480    0.000265   17.547903 v _669_/A2 (sky130_fd_sc_hd__a21o_1)
     1    0.002691    0.058805    0.351063   17.898966 v _669_/X (sky130_fd_sc_hd__a21o_1)
                                                         _140_ (net)
                      0.058805    0.000190   17.899157 v _671_/A1 (sky130_fd_sc_hd__o211a_1)
     1    0.004210    0.084592    0.413449   18.312605 v _671_/X (sky130_fd_sc_hd__o211a_1)
                                                         _142_ (net)
                      0.084643    0.000318   18.312923 v _672_/B2 (sky130_fd_sc_hd__o221a_1)
     1    0.002801    0.091307    0.397458   18.710381 v _672_/X (sky130_fd_sc_hd__o221a_1)
                                                         _143_ (net)
                      0.091307    0.000195   18.710577 v _675_/A1 (sky130_fd_sc_hd__o21a_1)
     1    0.003169    0.068348    0.346407   19.056984 v _675_/X (sky130_fd_sc_hd__o21a_1)
                                                         _146_ (net)
                      0.068395    0.000229   19.057213 v _679_/A2 (sky130_fd_sc_hd__o21a_1)
     1    0.007344    0.104701    0.348152   19.405365 v _679_/X (sky130_fd_sc_hd__o21a_1)
                                                         _150_ (net)
                      0.104701    0.000531   19.405895 v _700_/B (sky130_fd_sc_hd__or3_4)
     1    0.004506    0.117398    0.723910   20.129807 v _700_/X (sky130_fd_sc_hd__or3_4)
                                                         net21 (net)
                      0.117398    0.000323   20.130129 v output21/A (sky130_fd_sc_hd__clkbuf_1)
     1    0.002160    0.044262    0.176126   20.306255 v output21/X (sky130_fd_sc_hd__clkbuf_1)
                                                         op_out[0] (net)
                      0.044262    0.000091   20.306345 v op_out[0] (out)
                                             20.306345   data arrival time

                      0.000000   20.000000   20.000000   clock virtual_clk (rise edge)
                                  0.000000   20.000000   clock network delay (ideal)
                                  0.000000   20.000000   clock reconvergence pessimism
                                 -2.000000   18.000000   output external delay
                                             18.000000   data required time
---------------------------------------------------------------------------------------------
                                             18.000000   data required time
                                            -20.306345   data arrival time
---------------------------------------------------------------------------------------------
                                             -2.306345   slack (VIOLATED)




===========================================================================
 report_check_types -max_slew -max_cap -max_fanout -violators
============================================================================
======================= max_ss_100C_1v60 Corner ===================================

max fanout

Pin                                   Limit Fanout  Slack
---------------------------------------------------------
input20/X                                16     17        (VIOLATED)



===========================================================================
report_parasitic_annotation -report_unannotated
============================================================================
Found 0 unannotated drivers.
Found 0 partially unannotated drivers.

===========================================================================
max slew violation count 0
max fanout violation count 1
max cap violation count 0
============================================================================

===========================================================================
check_setup -verbose -unconstrained_endpoints -multiple_clock -no_clock -no_input_delay -loops -generated_clocks
===========================================================================
