
===========================================================================
report_checks -unconstrained
===========================================================================
======================= nom_ss_100C_1v60 Corner ===================================

Startpoint: op_b[4] (input port clocked by virtual_clk)
Endpoint: op_out[0] (output port clocked by virtual_clk)
Path Group: virtual_clk
Path Type: max

Fanout         Cap        Slew       Delay        Time   Description
---------------------------------------------------------------------------------------------
                      0.000000    0.000000    0.000000   clock virtual_clk (rise edge)
                                  0.000000    0.000000   clock network delay (ideal)
                                  2.000000    2.000000 v input external delay
     1    0.002944    0.000000    0.000000    2.000000 v op_b[4] (in)
                                                         op_b[4] (net)
                      0.000077    0.000038    2.000038 v input17/A (sky130_fd_sc_hd__buf_4)
     8    0.055502    0.144394    0.308238    2.308276 v input17/X (sky130_fd_sc_hd__buf_4)
                                                         net17 (net)
                      0.144394    0.000804    2.309080 v fanout35/A (sky130_fd_sc_hd__buf_12)
    13    0.060567    0.077400    0.295312    2.604392 v fanout35/X (sky130_fd_sc_hd__buf_12)
                                                         net35 (net)
                      0.078349    0.005253    2.609645 v _469_/D (sky130_fd_sc_hd__or4_4)
     5    0.019033    0.202015    0.929964    3.539609 v _469_/X (sky130_fd_sc_hd__or4_4)
                                                         _306_ (net)
                      0.202015    0.000795    3.540404 v _472_/A4 (sky130_fd_sc_hd__o41ai_4)
     3    0.008849    0.444137    0.449063    3.989468 ^ _472_/Y (sky130_fd_sc_hd__o41ai_4)
                                                         _338_ (net)
                      0.444137    0.000175    3.989643 ^ rebuffer29/A (sky130_fd_sc_hd__buf_1)
     2    0.008886    0.182698    0.355537    4.345180 ^ rebuffer29/X (sky130_fd_sc_hd__buf_1)
                                                         net69 (net)
                      0.182698    0.000175    4.345355 ^ rebuffer30/A (sky130_fd_sc_hd__dlygate4sd1_1)
     1    0.004007    0.080634    0.431456    4.776810 ^ rebuffer30/X (sky130_fd_sc_hd__dlygate4sd1_1)
                                                         net70 (net)
                      0.080634    0.000128    4.776938 ^ _477_/B1_N (sky130_fd_sc_hd__o21bai_1)
     3    0.010447    0.402090    0.267397    5.044335 ^ _477_/Y (sky130_fd_sc_hd__o21bai_1)
                                                         _392_ (net)
                      0.402090    0.000286    5.044621 ^ _491_/B (sky130_fd_sc_hd__nor2_1)
     2    0.008204    0.130841    0.234926    5.279548 v _491_/Y (sky130_fd_sc_hd__nor2_1)
                                                         _420_ (net)
                      0.130841    0.000242    5.279789 v _493_/B1 (sky130_fd_sc_hd__a211oi_2)
     3    0.012104    0.453619    0.515079    5.794868 ^ _493_/Y (sky130_fd_sc_hd__a211oi_2)
                                                         _422_ (net)
                      0.453619    0.000420    5.795288 ^ _502_/A2 (sky130_fd_sc_hd__o21ai_1)
     3    0.009735    0.207157    0.330346    6.125634 v _502_/Y (sky130_fd_sc_hd__o21ai_1)
                                                         _431_ (net)
                      0.207157    0.000214    6.125848 v _507_/A2 (sky130_fd_sc_hd__a31o_1)
     2    0.008511    0.112875    0.477788    6.603636 v _507_/X (sky130_fd_sc_hd__a31o_1)
                                                         _436_ (net)
                      0.112875    0.000214    6.603850 v _509_/A2 (sky130_fd_sc_hd__a211o_4)
     3    0.016292    0.106493    0.648554    7.252403 v _509_/X (sky130_fd_sc_hd__a211o_4)
                                                         _438_ (net)
                      0.106493    0.000411    7.252815 v _515_/A2 (sky130_fd_sc_hd__a21oi_4)
     8    0.038626    0.468840    0.490648    7.743463 ^ _515_/Y (sky130_fd_sc_hd__a21oi_4)
                                                         _444_ (net)
                      0.468845    0.001312    7.744775 ^ _524_/S (sky130_fd_sc_hd__mux2_4)
     2    0.007465    0.093241    0.696949    8.441724 v _524_/X (sky130_fd_sc_hd__mux2_4)
                                                         _453_ (net)
                      0.093241    0.000200    8.441924 v _539_/A1 (sky130_fd_sc_hd__a221o_1)
     3    0.010606    0.167528    0.673765    9.115689 v _539_/X (sky130_fd_sc_hd__a221o_1)
                                                         _010_ (net)
                      0.167528    0.000190    9.115879 v _544_/A2 (sky130_fd_sc_hd__a311o_1)
     5    0.015297    0.200447    0.748512    9.864391 v _544_/X (sky130_fd_sc_hd__a311o_1)
                                                         _015_ (net)
                      0.200447    0.000329    9.864720 v _579_/A1 (sky130_fd_sc_hd__a21o_1)
     2    0.005124    0.078885    0.361985   10.226706 v _579_/X (sky130_fd_sc_hd__a21o_1)
                                                         _050_ (net)
                      0.078885    0.000136   10.226841 v _583_/C (sky130_fd_sc_hd__and3_1)
     2    0.006440    0.100292    0.397821   10.624662 v _583_/X (sky130_fd_sc_hd__and3_1)
                                                         _054_ (net)
                      0.100292    0.000103   10.624765 v _585_/A (sky130_fd_sc_hd__or4_4)
     1    0.004276    0.151161    1.050397   11.675162 v _585_/X (sky130_fd_sc_hd__or4_4)
                                                         _056_ (net)
                      0.151161    0.000148   11.675311 v _586_/B (sky130_fd_sc_hd__or4b_4)
     1    0.008773    0.170380    1.073671   12.748981 v _586_/X (sky130_fd_sc_hd__or4b_4)
                                                         _057_ (net)
                      0.170380    0.000266   12.749248 v _590_/A2 (sky130_fd_sc_hd__a311oi_4)
     8    0.043724    0.898154    0.922476   13.671723 ^ _590_/Y (sky130_fd_sc_hd__a311oi_4)
                                                         _061_ (net)
                      0.898157    0.001260   13.672984 ^ _615_/S (sky130_fd_sc_hd__mux2_4)
     4    0.017679    0.119381    0.821804   14.494788 v _615_/X (sky130_fd_sc_hd__mux2_4)
                                                         _086_ (net)
                      0.119382    0.000618   14.495406 v _623_/A2 (sky130_fd_sc_hd__o22a_1)
     2    0.005271    0.109172    0.406208   14.901614 v _623_/X (sky130_fd_sc_hd__o22a_1)
                                                         _094_ (net)
                      0.109172    0.000105   14.901719 v _624_/B (sky130_fd_sc_hd__or4bb_4)
     5    0.027534    0.228083    1.162039   16.063759 v _624_/X (sky130_fd_sc_hd__or4bb_4)
                                                         _095_ (net)
                      0.228083    0.000878   16.064636 v _628_/A2 (sky130_fd_sc_hd__a21oi_4)
     6    0.028348    0.367247    0.468164   16.532801 ^ _628_/Y (sky130_fd_sc_hd__a21oi_4)
                                                         _099_ (net)
                      0.367247    0.000938   16.533739 ^ _665_/S (sky130_fd_sc_hd__mux2_1)
     3    0.008315    0.161998    0.867059   17.400797 v _665_/X (sky130_fd_sc_hd__mux2_1)
                                                         _136_ (net)
                      0.161998    0.000110   17.400908 v _669_/A2 (sky130_fd_sc_hd__a21o_1)
     1    0.002649    0.058462    0.350040   17.750948 v _669_/X (sky130_fd_sc_hd__a21o_1)
                                                         _140_ (net)
                      0.058462    0.000075   17.751022 v _671_/A1 (sky130_fd_sc_hd__o211a_1)
     1    0.004047    0.083107    0.411347   18.162371 v _671_/X (sky130_fd_sc_hd__o211a_1)
                                                         _142_ (net)
                      0.083107    0.000130   18.162500 v _672_/B2 (sky130_fd_sc_hd__o221a_1)
     1    0.002757    0.090836    0.396186   18.558685 v _672_/X (sky130_fd_sc_hd__o221a_1)
                                                         _143_ (net)
                      0.090836    0.000078   18.558764 v _675_/A1 (sky130_fd_sc_hd__o21a_1)
     1    0.003078    0.067455    0.345226   18.903990 v _675_/X (sky130_fd_sc_hd__o21a_1)
                                                         _146_ (net)
                      0.067455    0.000091   18.904081 v _679_/A2 (sky130_fd_sc_hd__o21a_1)
     1    0.007087    0.102413    0.345725   19.249805 v _679_/X (sky130_fd_sc_hd__o21a_1)
                                                         _150_ (net)
                      0.102413    0.000284   19.250090 v _700_/B (sky130_fd_sc_hd__or3_4)
     1    0.004319    0.116756    0.721560   19.971649 v _700_/X (sky130_fd_sc_hd__or3_4)
                                                         net21 (net)
                      0.116756    0.000151   19.971800 v output21/A (sky130_fd_sc_hd__clkbuf_1)
     1    0.002023    0.042971    0.174527   20.146328 v output21/X (sky130_fd_sc_hd__clkbuf_1)
                                                         op_out[0] (net)
                      0.042971    0.000037   20.146364 v op_out[0] (out)
                                             20.146364   data arrival time

                      0.000000   20.000000   20.000000   clock virtual_clk (rise edge)
                                  0.000000   20.000000   clock network delay (ideal)
                                  0.000000   20.000000   clock reconvergence pessimism
                                 -2.000000   18.000000   output external delay
                                             18.000000   data required time
---------------------------------------------------------------------------------------------
                                             18.000000   data required time
                                            -20.146364   data arrival time
---------------------------------------------------------------------------------------------
                                             -2.146365   slack (VIOLATED)




===========================================================================
report_checks --slack_max -0.01
============================================================================
======================= nom_ss_100C_1v60 Corner ===================================

Startpoint: op_b[4] (input port clocked by virtual_clk)
Endpoint: op_out[0] (output port clocked by virtual_clk)
Path Group: virtual_clk
Path Type: max

Fanout         Cap        Slew       Delay        Time   Description
---------------------------------------------------------------------------------------------
                      0.000000    0.000000    0.000000   clock virtual_clk (rise edge)
                                  0.000000    0.000000   clock network delay (ideal)
                                  2.000000    2.000000 v input external delay
     1    0.002944    0.000000    0.000000    2.000000 v op_b[4] (in)
                                                         op_b[4] (net)
                      0.000077    0.000038    2.000038 v input17/A (sky130_fd_sc_hd__buf_4)
     8    0.055502    0.144394    0.308238    2.308276 v input17/X (sky130_fd_sc_hd__buf_4)
                                                         net17 (net)
                      0.144394    0.000804    2.309080 v fanout35/A (sky130_fd_sc_hd__buf_12)
    13    0.060567    0.077400    0.295312    2.604392 v fanout35/X (sky130_fd_sc_hd__buf_12)
                                                         net35 (net)
                      0.078349    0.005253    2.609645 v _469_/D (sky130_fd_sc_hd__or4_4)
     5    0.019033    0.202015    0.929964    3.539609 v _469_/X (sky130_fd_sc_hd__or4_4)
                                                         _306_ (net)
                      0.202015    0.000795    3.540404 v _472_/A4 (sky130_fd_sc_hd__o41ai_4)
     3    0.008849    0.444137    0.449063    3.989468 ^ _472_/Y (sky130_fd_sc_hd__o41ai_4)
                                                         _338_ (net)
                      0.444137    0.000175    3.989643 ^ rebuffer29/A (sky130_fd_sc_hd__buf_1)
     2    0.008886    0.182698    0.355537    4.345180 ^ rebuffer29/X (sky130_fd_sc_hd__buf_1)
                                                         net69 (net)
                      0.182698    0.000175    4.345355 ^ rebuffer30/A (sky130_fd_sc_hd__dlygate4sd1_1)
     1    0.004007    0.080634    0.431456    4.776810 ^ rebuffer30/X (sky130_fd_sc_hd__dlygate4sd1_1)
                                                         net70 (net)
                      0.080634    0.000128    4.776938 ^ _477_/B1_N (sky130_fd_sc_hd__o21bai_1)
     3    0.010447    0.402090    0.267397    5.044335 ^ _477_/Y (sky130_fd_sc_hd__o21bai_1)
                                                         _392_ (net)
                      0.402090    0.000286    5.044621 ^ _491_/B (sky130_fd_sc_hd__nor2_1)
     2    0.008204    0.130841    0.234926    5.279548 v _491_/Y (sky130_fd_sc_hd__nor2_1)
                                                         _420_ (net)
                      0.130841    0.000242    5.279789 v _493_/B1 (sky130_fd_sc_hd__a211oi_2)
     3    0.012104    0.453619    0.515079    5.794868 ^ _493_/Y (sky130_fd_sc_hd__a211oi_2)
                                                         _422_ (net)
                      0.453619    0.000420    5.795288 ^ _502_/A2 (sky130_fd_sc_hd__o21ai_1)
     3    0.009735    0.207157    0.330346    6.125634 v _502_/Y (sky130_fd_sc_hd__o21ai_1)
                                                         _431_ (net)
                      0.207157    0.000214    6.125848 v _507_/A2 (sky130_fd_sc_hd__a31o_1)
     2    0.008511    0.112875    0.477788    6.603636 v _507_/X (sky130_fd_sc_hd__a31o_1)
                                                         _436_ (net)
                      0.112875    0.000214    6.603850 v _509_/A2 (sky130_fd_sc_hd__a211o_4)
     3    0.016292    0.106493    0.648554    7.252403 v _509_/X (sky130_fd_sc_hd__a211o_4)
                                                         _438_ (net)
                      0.106493    0.000411    7.252815 v _515_/A2 (sky130_fd_sc_hd__a21oi_4)
     8    0.038626    0.468840    0.490648    7.743463 ^ _515_/Y (sky130_fd_sc_hd__a21oi_4)
                                                         _444_ (net)
                      0.468845    0.001312    7.744775 ^ _524_/S (sky130_fd_sc_hd__mux2_4)
     2    0.007465    0.093241    0.696949    8.441724 v _524_/X (sky130_fd_sc_hd__mux2_4)
                                                         _453_ (net)
                      0.093241    0.000200    8.441924 v _539_/A1 (sky130_fd_sc_hd__a221o_1)
     3    0.010606    0.167528    0.673765    9.115689 v _539_/X (sky130_fd_sc_hd__a221o_1)
                                                         _010_ (net)
                      0.167528    0.000190    9.115879 v _544_/A2 (sky130_fd_sc_hd__a311o_1)
     5    0.015297    0.200447    0.748512    9.864391 v _544_/X (sky130_fd_sc_hd__a311o_1)
                                                         _015_ (net)
                      0.200447    0.000329    9.864720 v _579_/A1 (sky130_fd_sc_hd__a21o_1)
     2    0.005124    0.078885    0.361985   10.226706 v _579_/X (sky130_fd_sc_hd__a21o_1)
                                                         _050_ (net)
                      0.078885    0.000136   10.226841 v _583_/C (sky130_fd_sc_hd__and3_1)
     2    0.006440    0.100292    0.397821   10.624662 v _583_/X (sky130_fd_sc_hd__and3_1)
                                                         _054_ (net)
                      0.100292    0.000103   10.624765 v _585_/A (sky130_fd_sc_hd__or4_4)
     1    0.004276    0.151161    1.050397   11.675162 v _585_/X (sky130_fd_sc_hd__or4_4)
                                                         _056_ (net)
                      0.151161    0.000148   11.675311 v _586_/B (sky130_fd_sc_hd__or4b_4)
     1    0.008773    0.170380    1.073671   12.748981 v _586_/X (sky130_fd_sc_hd__or4b_4)
                                                         _057_ (net)
                      0.170380    0.000266   12.749248 v _590_/A2 (sky130_fd_sc_hd__a311oi_4)
     8    0.043724    0.898154    0.922476   13.671723 ^ _590_/Y (sky130_fd_sc_hd__a311oi_4)
                                                         _061_ (net)
                      0.898157    0.001260   13.672984 ^ _615_/S (sky130_fd_sc_hd__mux2_4)
     4    0.017679    0.119381    0.821804   14.494788 v _615_/X (sky130_fd_sc_hd__mux2_4)
                                                         _086_ (net)
                      0.119382    0.000618   14.495406 v _623_/A2 (sky130_fd_sc_hd__o22a_1)
     2    0.005271    0.109172    0.406208   14.901614 v _623_/X (sky130_fd_sc_hd__o22a_1)
                                                         _094_ (net)
                      0.109172    0.000105   14.901719 v _624_/B (sky130_fd_sc_hd__or4bb_4)
     5    0.027534    0.228083    1.162039   16.063759 v _624_/X (sky130_fd_sc_hd__or4bb_4)
                                                         _095_ (net)
                      0.228083    0.000878   16.064636 v _628_/A2 (sky130_fd_sc_hd__a21oi_4)
     6    0.028348    0.367247    0.468164   16.532801 ^ _628_/Y (sky130_fd_sc_hd__a21oi_4)
                                                         _099_ (net)
                      0.367247    0.000938   16.533739 ^ _665_/S (sky130_fd_sc_hd__mux2_1)
     3    0.008315    0.161998    0.867059   17.400797 v _665_/X (sky130_fd_sc_hd__mux2_1)
                                                         _136_ (net)
                      0.161998    0.000110   17.400908 v _669_/A2 (sky130_fd_sc_hd__a21o_1)
     1    0.002649    0.058462    0.350040   17.750948 v _669_/X (sky130_fd_sc_hd__a21o_1)
                                                         _140_ (net)
                      0.058462    0.000075   17.751022 v _671_/A1 (sky130_fd_sc_hd__o211a_1)
     1    0.004047    0.083107    0.411347   18.162371 v _671_/X (sky130_fd_sc_hd__o211a_1)
                                                         _142_ (net)
                      0.083107    0.000130   18.162500 v _672_/B2 (sky130_fd_sc_hd__o221a_1)
     1    0.002757    0.090836    0.396186   18.558685 v _672_/X (sky130_fd_sc_hd__o221a_1)
                                                         _143_ (net)
                      0.090836    0.000078   18.558764 v _675_/A1 (sky130_fd_sc_hd__o21a_1)
     1    0.003078    0.067455    0.345226   18.903990 v _675_/X (sky130_fd_sc_hd__o21a_1)
                                                         _146_ (net)
                      0.067455    0.000091   18.904081 v _679_/A2 (sky130_fd_sc_hd__o21a_1)
     1    0.007087    0.102413    0.345725   19.249805 v _679_/X (sky130_fd_sc_hd__o21a_1)
                                                         _150_ (net)
                      0.102413    0.000284   19.250090 v _700_/B (sky130_fd_sc_hd__or3_4)
     1    0.004319    0.116756    0.721560   19.971649 v _700_/X (sky130_fd_sc_hd__or3_4)
                                                         net21 (net)
                      0.116756    0.000151   19.971800 v output21/A (sky130_fd_sc_hd__clkbuf_1)
     1    0.002023    0.042971    0.174527   20.146328 v output21/X (sky130_fd_sc_hd__clkbuf_1)
                                                         op_out[0] (net)
                      0.042971    0.000037   20.146364 v op_out[0] (out)
                                             20.146364   data arrival time

                      0.000000   20.000000   20.000000   clock virtual_clk (rise edge)
                                  0.000000   20.000000   clock network delay (ideal)
                                  0.000000   20.000000   clock reconvergence pessimism
                                 -2.000000   18.000000   output external delay
                                             18.000000   data required time
---------------------------------------------------------------------------------------------
                                             18.000000   data required time
                                            -20.146364   data arrival time
---------------------------------------------------------------------------------------------
                                             -2.146365   slack (VIOLATED)




===========================================================================
 report_check_types -max_slew -max_cap -max_fanout -violators
============================================================================
======================= nom_ss_100C_1v60 Corner ===================================

max fanout

Pin                                   Limit Fanout  Slack
---------------------------------------------------------
input20/X                                16     17        (VIOLATED)



===========================================================================
report_parasitic_annotation -report_unannotated
============================================================================
Found 0 unannotated drivers.
Found 0 partially unannotated drivers.

===========================================================================
max slew violation count 0
max fanout violation count 1
max cap violation count 0
============================================================================

===========================================================================
check_setup -verbose -unconstrained_endpoints -multiple_clock -no_clock -no_input_delay -loops -generated_clocks
===========================================================================
