
===========================================================================
report_checks -path_delay max (Setup)
============================================================================
======================= min_ss_100C_1v60 Corner ===================================

Startpoint: op_b[4] (input port clocked by virtual_clk)
Endpoint: op_out[0] (output port clocked by virtual_clk)
Path Group: virtual_clk
Path Type: max

Fanout         Cap        Slew       Delay        Time   Description
---------------------------------------------------------------------------------------------
                      0.000000    0.000000    0.000000   clock virtual_clk (rise edge)
                                  0.000000    0.000000   clock network delay (ideal)
                                  2.000000    2.000000 v input external delay
     1    0.002207    0.000000    0.000000    2.000000 v op_b[4] (in)
                                                         op_b[4] (net)
                      0.000020    0.000010    2.000010 v input17/A (sky130_fd_sc_hd__buf_2)
     8    0.045995    0.212554    0.349665    2.349675 v input17/X (sky130_fd_sc_hd__buf_2)
                                                         net17 (net)
                      0.212554    0.000224    2.349899 v fanout35/A (sky130_fd_sc_hd__buf_4)
    16    0.072862    0.179591    0.437946    2.787845 v fanout35/X (sky130_fd_sc_hd__buf_4)
                                                         net35 (net)
                      0.179617    0.002183    2.790027 v _469_/B (sky130_fd_sc_hd__or4_4)
     6    0.025378    0.224065    1.175402    3.965429 v _469_/X (sky130_fd_sc_hd__or4_4)
                                                         _306_ (net)
                      0.224065    0.000303    3.965732 v _472_/A3 (sky130_fd_sc_hd__o41ai_4)
     5    0.016363    0.597939    0.704793    4.670525 ^ _472_/Y (sky130_fd_sc_hd__o41ai_4)
                                                         _338_ (net)
                      0.597939    0.000048    4.670573 ^ _481_/A1 (sky130_fd_sc_hd__a211o_1)
     4    0.012253    0.187285    0.522954    5.193527 ^ _481_/X (sky130_fd_sc_hd__a211o_1)
                                                         _410_ (net)
                      0.187285    0.000157    5.193684 ^ _484_/A2 (sky130_fd_sc_hd__a21o_1)
     4    0.012404    0.183854    0.351153    5.544837 ^ _484_/X (sky130_fd_sc_hd__a21o_1)
                                                         _413_ (net)
                      0.183854    0.000096    5.544934 ^ _493_/A1 (sky130_fd_sc_hd__a211oi_1)
     3    0.010506    0.217366    0.267333    5.812267 v _493_/Y (sky130_fd_sc_hd__a211oi_1)
                                                         _422_ (net)
                      0.217366    0.000156    5.812423 v _503_/D (sky130_fd_sc_hd__or4_1)
     3    0.008283    0.250213    1.105117    6.917540 v _503_/X (sky130_fd_sc_hd__or4_1)
                                                         _432_ (net)
                      0.250213    0.000054    6.917594 v _507_/A3 (sky130_fd_sc_hd__a31o_1)
     2    0.005167    0.089339    0.487118    7.404712 v _507_/X (sky130_fd_sc_hd__a31o_1)
                                                         _436_ (net)
                      0.089339    0.000027    7.404739 v _509_/A2 (sky130_fd_sc_hd__a211o_1)
     3    0.014502    0.181476    0.662803    8.067541 v _509_/X (sky130_fd_sc_hd__a211o_1)
                                                         _438_ (net)
                      0.181476    0.000150    8.067692 v _515_/A1 (sky130_fd_sc_hd__a21oi_4)
     8    0.036626    0.448825    0.483379    8.551070 ^ _515_/Y (sky130_fd_sc_hd__a21oi_4)
                                                         _444_ (net)
                      0.448825    0.000374    8.551444 ^ _524_/S (sky130_fd_sc_hd__mux2_1)
     2    0.008080    0.159644    0.886257    9.437701 v _524_/X (sky130_fd_sc_hd__mux2_1)
                                                         _453_ (net)
                      0.159644    0.000093    9.437795 v _539_/A2 (sky130_fd_sc_hd__a221o_1)
     3    0.010611    0.169128    0.759098   10.196893 v _539_/X (sky130_fd_sc_hd__a221o_1)
                                                         _010_ (net)
                      0.169128    0.000063   10.196956 v _544_/A3 (sky130_fd_sc_hd__a311o_1)
     5    0.014880    0.197176    0.807453   11.004409 v _544_/X (sky130_fd_sc_hd__a311o_1)
                                                         _015_ (net)
                      0.197176    0.000087   11.004496 v _571_/A1 (sky130_fd_sc_hd__a21o_1)
     4    0.012022    0.133081    0.412990   11.417485 v _571_/X (sky130_fd_sc_hd__a21o_1)
                                                         _042_ (net)
                      0.133081    0.000132   11.417618 v _574_/B (sky130_fd_sc_hd__and3_1)
     3    0.007469    0.108546    0.404775   11.822392 v _574_/X (sky130_fd_sc_hd__and3_1)
                                                         _045_ (net)
                      0.108546    0.000054   11.822447 v _585_/A (sky130_fd_sc_hd__or4_1)
     1    0.003169    0.186924    1.222865   13.045312 v _585_/X (sky130_fd_sc_hd__or4_1)
                                                         _056_ (net)
                      0.186924    0.000048   13.045360 v _586_/C (sky130_fd_sc_hd__or4b_1)
     1    0.008935    0.256567    1.247563   14.292923 v _586_/X (sky130_fd_sc_hd__or4b_1)
                                                         _057_ (net)
                      0.256567    0.000085   14.293008 v _590_/A1 (sky130_fd_sc_hd__a311oi_4)
     8    0.033721    0.745425    0.756099   15.049108 ^ _590_/Y (sky130_fd_sc_hd__a311oi_4)
                                                         _061_ (net)
                      0.745425    0.000119   15.049227 ^ _615_/S (sky130_fd_sc_hd__mux2_1)
     4    0.016585    0.228820    1.040691   16.089918 v _615_/X (sky130_fd_sc_hd__mux2_1)
                                                         _086_ (net)
                      0.228820    0.000252   16.090170 v _616_/B (sky130_fd_sc_hd__and2_1)
     3    0.007395    0.104575    0.432067   16.522236 v _616_/X (sky130_fd_sc_hd__and2_1)
                                                         _087_ (net)
                      0.104575    0.000064   16.522301 v _624_/A (sky130_fd_sc_hd__or4bb_2)
     4    0.019069    0.318178    1.680730   18.203032 v _624_/X (sky130_fd_sc_hd__or4bb_2)
                                                         _095_ (net)
                      0.318178    0.000261   18.203291 v _628_/A1 (sky130_fd_sc_hd__a21oi_4)
    12    0.045683    0.539061    0.611083   18.814375 ^ _628_/Y (sky130_fd_sc_hd__a21oi_4)
                                                         _099_ (net)
                      0.539064    0.000945   18.815319 ^ _665_/S (sky130_fd_sc_hd__mux2_1)
     3    0.008188    0.165730    0.911781   19.727100 v _665_/X (sky130_fd_sc_hd__mux2_1)
                                                         _136_ (net)
                      0.165730    0.000023   19.727123 v _669_/A2 (sky130_fd_sc_hd__a21o_1)
     1    0.002577    0.057884    0.350857   20.077980 v _669_/X (sky130_fd_sc_hd__a21o_1)
                                                         _140_ (net)
                      0.057884    0.000023   20.078003 v _671_/A2 (sky130_fd_sc_hd__o211a_1)
     1    0.003879    0.081294    0.380886   20.458891 v _671_/X (sky130_fd_sc_hd__o211a_1)
                                                         _142_ (net)
                      0.081294    0.000055   20.458946 v _672_/B2 (sky130_fd_sc_hd__o221a_1)
     1    0.002568    0.091650    0.392562   20.851507 v _672_/X (sky130_fd_sc_hd__o221a_1)
                                                         _143_ (net)
                      0.091650    0.000021   20.851528 v _675_/A2 (sky130_fd_sc_hd__o21a_1)
     1    0.003351    0.070205    0.320473   21.172001 v _675_/X (sky130_fd_sc_hd__o21a_1)
                                                         _146_ (net)
                      0.070205    0.000039   21.172041 v _679_/A1 (sky130_fd_sc_hd__o21a_1)
     1    0.006224    0.094984    0.367407   21.539448 v _679_/X (sky130_fd_sc_hd__o21a_1)
                                                         _150_ (net)
                      0.094984    0.000151   21.539598 v _700_/A (sky130_fd_sc_hd__or3_1)
     1    0.003517    0.142937    0.860574   22.400173 v _700_/X (sky130_fd_sc_hd__or3_1)
                                                         net21 (net)
                      0.142937    0.000048   22.400221 v output21/A (sky130_fd_sc_hd__buf_1)
     1    0.001062    0.033876    0.177014   22.577234 v output21/X (sky130_fd_sc_hd__buf_1)
                                                         op_out[0] (net)
                      0.033876    0.000007   22.577242 v op_out[0] (out)
                                             22.577242   data arrival time

                      0.000000   25.000000   25.000000   clock virtual_clk (rise edge)
                                  0.000000   25.000000   clock network delay (ideal)
                                  0.000000   25.000000   clock reconvergence pessimism
                                 -2.000000   22.999998   output external delay
                                             22.999998   data required time
---------------------------------------------------------------------------------------------
                                             22.999998   data required time
                                            -22.577242   data arrival time
---------------------------------------------------------------------------------------------
                                              0.422757   slack (MET)


Startpoint: op_b[4] (input port clocked by virtual_clk)
Endpoint: op_out[1] (output port clocked by virtual_clk)
Path Group: virtual_clk
Path Type: max

Fanout         Cap        Slew       Delay        Time   Description
---------------------------------------------------------------------------------------------
                      0.000000    0.000000    0.000000   clock virtual_clk (rise edge)
                                  0.000000    0.000000   clock network delay (ideal)
                                  2.000000    2.000000 v input external delay
     1    0.002207    0.000000    0.000000    2.000000 v op_b[4] (in)
                                                         op_b[4] (net)
                      0.000020    0.000010    2.000010 v input17/A (sky130_fd_sc_hd__buf_2)
     8    0.045995    0.212554    0.349665    2.349675 v input17/X (sky130_fd_sc_hd__buf_2)
                                                         net17 (net)
                      0.212554    0.000224    2.349899 v fanout35/A (sky130_fd_sc_hd__buf_4)
    16    0.072862    0.179591    0.437946    2.787845 v fanout35/X (sky130_fd_sc_hd__buf_4)
                                                         net35 (net)
                      0.179617    0.002183    2.790027 v _469_/B (sky130_fd_sc_hd__or4_4)
     6    0.025378    0.224065    1.175402    3.965429 v _469_/X (sky130_fd_sc_hd__or4_4)
                                                         _306_ (net)
                      0.224065    0.000303    3.965732 v _472_/A3 (sky130_fd_sc_hd__o41ai_4)
     5    0.016363    0.597939    0.704793    4.670525 ^ _472_/Y (sky130_fd_sc_hd__o41ai_4)
                                                         _338_ (net)
                      0.597939    0.000048    4.670573 ^ _481_/A1 (sky130_fd_sc_hd__a211o_1)
     4    0.012253    0.187285    0.522954    5.193527 ^ _481_/X (sky130_fd_sc_hd__a211o_1)
                                                         _410_ (net)
                      0.187285    0.000157    5.193684 ^ _484_/A2 (sky130_fd_sc_hd__a21o_1)
     4    0.012404    0.183854    0.351153    5.544837 ^ _484_/X (sky130_fd_sc_hd__a21o_1)
                                                         _413_ (net)
                      0.183854    0.000096    5.544934 ^ _493_/A1 (sky130_fd_sc_hd__a211oi_1)
     3    0.010506    0.217366    0.267333    5.812267 v _493_/Y (sky130_fd_sc_hd__a211oi_1)
                                                         _422_ (net)
                      0.217366    0.000156    5.812423 v _503_/D (sky130_fd_sc_hd__or4_1)
     3    0.008283    0.250213    1.105117    6.917540 v _503_/X (sky130_fd_sc_hd__or4_1)
                                                         _432_ (net)
                      0.250213    0.000054    6.917594 v _507_/A3 (sky130_fd_sc_hd__a31o_1)
     2    0.005167    0.089339    0.487118    7.404712 v _507_/X (sky130_fd_sc_hd__a31o_1)
                                                         _436_ (net)
                      0.089339    0.000027    7.404739 v _509_/A2 (sky130_fd_sc_hd__a211o_1)
     3    0.014502    0.181476    0.662803    8.067541 v _509_/X (sky130_fd_sc_hd__a211o_1)
                                                         _438_ (net)
                      0.181476    0.000150    8.067692 v _515_/A1 (sky130_fd_sc_hd__a21oi_4)
     8    0.036626    0.448825    0.483379    8.551070 ^ _515_/Y (sky130_fd_sc_hd__a21oi_4)
                                                         _444_ (net)
                      0.448825    0.000374    8.551444 ^ _524_/S (sky130_fd_sc_hd__mux2_1)
     2    0.008080    0.159644    0.886257    9.437701 v _524_/X (sky130_fd_sc_hd__mux2_1)
                                                         _453_ (net)
                      0.159644    0.000093    9.437795 v _539_/A2 (sky130_fd_sc_hd__a221o_1)
     3    0.010611    0.169128    0.759098   10.196893 v _539_/X (sky130_fd_sc_hd__a221o_1)
                                                         _010_ (net)
                      0.169128    0.000063   10.196956 v _544_/A3 (sky130_fd_sc_hd__a311o_1)
     5    0.014880    0.197176    0.807453   11.004409 v _544_/X (sky130_fd_sc_hd__a311o_1)
                                                         _015_ (net)
                      0.197176    0.000087   11.004496 v _571_/A1 (sky130_fd_sc_hd__a21o_1)
     4    0.012022    0.133081    0.412990   11.417485 v _571_/X (sky130_fd_sc_hd__a21o_1)
                                                         _042_ (net)
                      0.133081    0.000132   11.417618 v _574_/B (sky130_fd_sc_hd__and3_1)
     3    0.007469    0.108546    0.404775   11.822392 v _574_/X (sky130_fd_sc_hd__and3_1)
                                                         _045_ (net)
                      0.108546    0.000054   11.822447 v _585_/A (sky130_fd_sc_hd__or4_1)
     1    0.003169    0.186924    1.222865   13.045312 v _585_/X (sky130_fd_sc_hd__or4_1)
                                                         _056_ (net)
                      0.186924    0.000048   13.045360 v _586_/C (sky130_fd_sc_hd__or4b_1)
     1    0.008935    0.256567    1.247563   14.292923 v _586_/X (sky130_fd_sc_hd__or4b_1)
                                                         _057_ (net)
                      0.256567    0.000085   14.293008 v _590_/A1 (sky130_fd_sc_hd__a311oi_4)
     8    0.033721    0.745425    0.756099   15.049108 ^ _590_/Y (sky130_fd_sc_hd__a311oi_4)
                                                         _061_ (net)
                      0.745425    0.000119   15.049227 ^ _615_/S (sky130_fd_sc_hd__mux2_1)
     4    0.016585    0.228820    1.040691   16.089918 v _615_/X (sky130_fd_sc_hd__mux2_1)
                                                         _086_ (net)
                      0.228820    0.000252   16.090170 v _616_/B (sky130_fd_sc_hd__and2_1)
     3    0.007395    0.104575    0.432067   16.522236 v _616_/X (sky130_fd_sc_hd__and2_1)
                                                         _087_ (net)
                      0.104575    0.000064   16.522301 v _624_/A (sky130_fd_sc_hd__or4bb_2)
     4    0.019069    0.318178    1.680730   18.203032 v _624_/X (sky130_fd_sc_hd__or4bb_2)
                                                         _095_ (net)
                      0.318178    0.000261   18.203291 v _628_/A1 (sky130_fd_sc_hd__a21oi_4)
    12    0.045683    0.539061    0.611083   18.814375 ^ _628_/Y (sky130_fd_sc_hd__a21oi_4)
                                                         _099_ (net)
                      0.539064    0.000986   18.815361 ^ _717_/A2 (sky130_fd_sc_hd__a22o_1)
     1    0.003873    0.094306    0.449784   19.265144 ^ _717_/X (sky130_fd_sc_hd__a22o_1)
                                                         _187_ (net)
                      0.094306    0.000048   19.265192 ^ _718_/B (sky130_fd_sc_hd__or2_1)
     1    0.003286    0.071823    0.174891   19.440084 ^ _718_/X (sky130_fd_sc_hd__or2_1)
                                                         net22 (net)
                      0.071823    0.000039   19.440123 ^ output22/A (sky130_fd_sc_hd__buf_1)
     1    0.000821    0.039726    0.123739   19.563862 ^ output22/X (sky130_fd_sc_hd__buf_1)
                                                         op_out[1] (net)
                      0.039726    0.000005   19.563868 ^ op_out[1] (out)
                                             19.563868   data arrival time

                      0.000000   25.000000   25.000000   clock virtual_clk (rise edge)
                                  0.000000   25.000000   clock network delay (ideal)
                                  0.000000   25.000000   clock reconvergence pessimism
                                 -2.000000   22.999998   output external delay
                                             22.999998   data required time
---------------------------------------------------------------------------------------------
                                             22.999998   data required time
                                            -19.563868   data arrival time
---------------------------------------------------------------------------------------------
                                              3.436131   slack (MET)


Startpoint: op_b[4] (input port clocked by virtual_clk)
Endpoint: op_out[2] (output port clocked by virtual_clk)
Path Group: virtual_clk
Path Type: max

Fanout         Cap        Slew       Delay        Time   Description
---------------------------------------------------------------------------------------------
                      0.000000    0.000000    0.000000   clock virtual_clk (rise edge)
                                  0.000000    0.000000   clock network delay (ideal)
                                  2.000000    2.000000 v input external delay
     1    0.002207    0.000000    0.000000    2.000000 v op_b[4] (in)
                                                         op_b[4] (net)
                      0.000020    0.000010    2.000010 v input17/A (sky130_fd_sc_hd__buf_2)
     8    0.045995    0.212554    0.349665    2.349675 v input17/X (sky130_fd_sc_hd__buf_2)
                                                         net17 (net)
                      0.212554    0.000224    2.349899 v fanout35/A (sky130_fd_sc_hd__buf_4)
    16    0.072862    0.179591    0.437946    2.787845 v fanout35/X (sky130_fd_sc_hd__buf_4)
                                                         net35 (net)
                      0.179617    0.002183    2.790027 v _469_/B (sky130_fd_sc_hd__or4_4)
     6    0.025378    0.224065    1.175402    3.965429 v _469_/X (sky130_fd_sc_hd__or4_4)
                                                         _306_ (net)
                      0.224065    0.000303    3.965732 v _472_/A3 (sky130_fd_sc_hd__o41ai_4)
     5    0.016363    0.597939    0.704793    4.670525 ^ _472_/Y (sky130_fd_sc_hd__o41ai_4)
                                                         _338_ (net)
                      0.597939    0.000048    4.670573 ^ _481_/A1 (sky130_fd_sc_hd__a211o_1)
     4    0.012253    0.187285    0.522954    5.193527 ^ _481_/X (sky130_fd_sc_hd__a211o_1)
                                                         _410_ (net)
                      0.187285    0.000157    5.193684 ^ _484_/A2 (sky130_fd_sc_hd__a21o_1)
     4    0.012404    0.183854    0.351153    5.544837 ^ _484_/X (sky130_fd_sc_hd__a21o_1)
                                                         _413_ (net)
                      0.183854    0.000096    5.544934 ^ _493_/A1 (sky130_fd_sc_hd__a211oi_1)
     3    0.010506    0.217366    0.267333    5.812267 v _493_/Y (sky130_fd_sc_hd__a211oi_1)
                                                         _422_ (net)
                      0.217366    0.000156    5.812423 v _503_/D (sky130_fd_sc_hd__or4_1)
     3    0.008283    0.250213    1.105117    6.917540 v _503_/X (sky130_fd_sc_hd__or4_1)
                                                         _432_ (net)
                      0.250213    0.000054    6.917594 v _507_/A3 (sky130_fd_sc_hd__a31o_1)
     2    0.005167    0.089339    0.487118    7.404712 v _507_/X (sky130_fd_sc_hd__a31o_1)
                                                         _436_ (net)
                      0.089339    0.000027    7.404739 v _509_/A2 (sky130_fd_sc_hd__a211o_1)
     3    0.014502    0.181476    0.662803    8.067541 v _509_/X (sky130_fd_sc_hd__a211o_1)
                                                         _438_ (net)
                      0.181476    0.000150    8.067692 v _515_/A1 (sky130_fd_sc_hd__a21oi_4)
     8    0.036626    0.448825    0.483379    8.551070 ^ _515_/Y (sky130_fd_sc_hd__a21oi_4)
                                                         _444_ (net)
                      0.448825    0.000374    8.551444 ^ _524_/S (sky130_fd_sc_hd__mux2_1)
     2    0.008080    0.159644    0.886257    9.437701 v _524_/X (sky130_fd_sc_hd__mux2_1)
                                                         _453_ (net)
                      0.159644    0.000093    9.437795 v _539_/A2 (sky130_fd_sc_hd__a221o_1)
     3    0.010611    0.169128    0.759098   10.196893 v _539_/X (sky130_fd_sc_hd__a221o_1)
                                                         _010_ (net)
                      0.169128    0.000063   10.196956 v _544_/A3 (sky130_fd_sc_hd__a311o_1)
     5    0.014880    0.197176    0.807453   11.004409 v _544_/X (sky130_fd_sc_hd__a311o_1)
                                                         _015_ (net)
                      0.197176    0.000087   11.004496 v _571_/A1 (sky130_fd_sc_hd__a21o_1)
     4    0.012022    0.133081    0.412990   11.417485 v _571_/X (sky130_fd_sc_hd__a21o_1)
                                                         _042_ (net)
                      0.133081    0.000132   11.417618 v _574_/B (sky130_fd_sc_hd__and3_1)
     3    0.007469    0.108546    0.404775   11.822392 v _574_/X (sky130_fd_sc_hd__and3_1)
                                                         _045_ (net)
                      0.108546    0.000054   11.822447 v _585_/A (sky130_fd_sc_hd__or4_1)
     1    0.003169    0.186924    1.222865   13.045312 v _585_/X (sky130_fd_sc_hd__or4_1)
                                                         _056_ (net)
                      0.186924    0.000048   13.045360 v _586_/C (sky130_fd_sc_hd__or4b_1)
     1    0.008935    0.256567    1.247563   14.292923 v _586_/X (sky130_fd_sc_hd__or4b_1)
                                                         _057_ (net)
                      0.256567    0.000085   14.293008 v _590_/A1 (sky130_fd_sc_hd__a311oi_4)
     8    0.033721    0.745425    0.756099   15.049108 ^ _590_/Y (sky130_fd_sc_hd__a311oi_4)
                                                         _061_ (net)
                      0.745425    0.000561   15.049668 ^ _740_/A2 (sky130_fd_sc_hd__a211o_1)
     1    0.005993    0.111991    0.487942   15.537611 ^ _740_/X (sky130_fd_sc_hd__a211o_1)
                                                         _212_ (net)
                      0.111991    0.000140   15.537751 ^ _741_/B1 (sky130_fd_sc_hd__a21o_1)
     1    0.004046    0.079234    0.168452   15.706203 ^ _741_/X (sky130_fd_sc_hd__a21o_1)
                                                         net23 (net)
                      0.079234    0.000062   15.706265 ^ output23/A (sky130_fd_sc_hd__buf_1)
     1    0.001612    0.052628    0.138524   15.844790 ^ output23/X (sky130_fd_sc_hd__buf_1)
                                                         op_out[2] (net)
                      0.052628    0.000014   15.844803 ^ op_out[2] (out)
                                             15.844803   data arrival time

                      0.000000   25.000000   25.000000   clock virtual_clk (rise edge)
                                  0.000000   25.000000   clock network delay (ideal)
                                  0.000000   25.000000   clock reconvergence pessimism
                                 -2.000000   22.999998   output external delay
                                             22.999998   data required time
---------------------------------------------------------------------------------------------
                                             22.999998   data required time
                                            -15.844803   data arrival time
---------------------------------------------------------------------------------------------
                                              7.155196   slack (MET)


Startpoint: op_b[4] (input port clocked by virtual_clk)
Endpoint: op_out[3] (output port clocked by virtual_clk)
Path Group: virtual_clk
Path Type: max

Fanout         Cap        Slew       Delay        Time   Description
---------------------------------------------------------------------------------------------
                      0.000000    0.000000    0.000000   clock virtual_clk (rise edge)
                                  0.000000    0.000000   clock network delay (ideal)
                                  2.000000    2.000000 v input external delay
     1    0.002207    0.000000    0.000000    2.000000 v op_b[4] (in)
                                                         op_b[4] (net)
                      0.000020    0.000010    2.000010 v input17/A (sky130_fd_sc_hd__buf_2)
     8    0.045995    0.212554    0.349665    2.349675 v input17/X (sky130_fd_sc_hd__buf_2)
                                                         net17 (net)
                      0.212554    0.000224    2.349899 v fanout35/A (sky130_fd_sc_hd__buf_4)
    16    0.072862    0.179591    0.437946    2.787845 v fanout35/X (sky130_fd_sc_hd__buf_4)
                                                         net35 (net)
                      0.179617    0.002183    2.790027 v _469_/B (sky130_fd_sc_hd__or4_4)
     6    0.025378    0.224065    1.175402    3.965429 v _469_/X (sky130_fd_sc_hd__or4_4)
                                                         _306_ (net)
                      0.224065    0.000303    3.965732 v _472_/A3 (sky130_fd_sc_hd__o41ai_4)
     5    0.016363    0.597939    0.704793    4.670525 ^ _472_/Y (sky130_fd_sc_hd__o41ai_4)
                                                         _338_ (net)
                      0.597939    0.000048    4.670573 ^ _481_/A1 (sky130_fd_sc_hd__a211o_1)
     4    0.012253    0.187285    0.522954    5.193527 ^ _481_/X (sky130_fd_sc_hd__a211o_1)
                                                         _410_ (net)
                      0.187285    0.000157    5.193684 ^ _484_/A2 (sky130_fd_sc_hd__a21o_1)
     4    0.012404    0.183854    0.351153    5.544837 ^ _484_/X (sky130_fd_sc_hd__a21o_1)
                                                         _413_ (net)
                      0.183854    0.000096    5.544934 ^ _493_/A1 (sky130_fd_sc_hd__a211oi_1)
     3    0.010506    0.217366    0.267333    5.812267 v _493_/Y (sky130_fd_sc_hd__a211oi_1)
                                                         _422_ (net)
                      0.217366    0.000156    5.812423 v _503_/D (sky130_fd_sc_hd__or4_1)
     3    0.008283    0.250213    1.105117    6.917540 v _503_/X (sky130_fd_sc_hd__or4_1)
                                                         _432_ (net)
                      0.250213    0.000054    6.917594 v _507_/A3 (sky130_fd_sc_hd__a31o_1)
     2    0.005167    0.089339    0.487118    7.404712 v _507_/X (sky130_fd_sc_hd__a31o_1)
                                                         _436_ (net)
                      0.089339    0.000027    7.404739 v _509_/A2 (sky130_fd_sc_hd__a211o_1)
     3    0.014502    0.181476    0.662803    8.067541 v _509_/X (sky130_fd_sc_hd__a211o_1)
                                                         _438_ (net)
                      0.181476    0.000150    8.067692 v _515_/A1 (sky130_fd_sc_hd__a21oi_4)
     8    0.036626    0.448825    0.483379    8.551070 ^ _515_/Y (sky130_fd_sc_hd__a21oi_4)
                                                         _444_ (net)
                      0.448825    0.000374    8.551444 ^ _524_/S (sky130_fd_sc_hd__mux2_1)
     2    0.008080    0.159644    0.886257    9.437701 v _524_/X (sky130_fd_sc_hd__mux2_1)
                                                         _453_ (net)
                      0.159644    0.000093    9.437795 v _539_/A2 (sky130_fd_sc_hd__a221o_1)
     3    0.010611    0.169128    0.759098   10.196893 v _539_/X (sky130_fd_sc_hd__a221o_1)
                                                         _010_ (net)
                      0.169128    0.000082   10.196974 v _543_/A3 (sky130_fd_sc_hd__a311oi_2)
     4    0.011709    0.523705    0.640239   10.837214 ^ _543_/Y (sky130_fd_sc_hd__a311oi_2)
                                                         _014_ (net)
                      0.523705    0.000091   10.837305 ^ _548_/A (sky130_fd_sc_hd__nor2_1)
     2    0.010624    0.169190    0.318793   11.156097 v _548_/Y (sky130_fd_sc_hd__nor2_1)
                                                         _019_ (net)
                      0.169190    0.000220   11.156318 v _769_/A2 (sky130_fd_sc_hd__a211o_1)
     1    0.004082    0.097669    0.591661   11.747979 v _769_/X (sky130_fd_sc_hd__a211o_1)
                                                         _243_ (net)
                      0.097669    0.000080   11.748059 v _770_/A_N (sky130_fd_sc_hd__nand2b_1)
     1    0.004078    0.107663    0.320329   12.068388 v _770_/Y (sky130_fd_sc_hd__nand2b_1)
                                                         net24 (net)
                      0.107663    0.000068   12.068455 v output24/A (sky130_fd_sc_hd__buf_1)
     1    0.001021    0.033206    0.159790   12.228246 v output24/X (sky130_fd_sc_hd__buf_1)
                                                         op_out[3] (net)
                      0.033206    0.000006   12.228251 v op_out[3] (out)
                                             12.228251   data arrival time

                      0.000000   25.000000   25.000000   clock virtual_clk (rise edge)
                                  0.000000   25.000000   clock network delay (ideal)
                                  0.000000   25.000000   clock reconvergence pessimism
                                 -2.000000   22.999998   output external delay
                                             22.999998   data required time
---------------------------------------------------------------------------------------------
                                             22.999998   data required time
                                            -12.228251   data arrival time
---------------------------------------------------------------------------------------------
                                             10.771748   slack (MET)


Startpoint: op_b[4] (input port clocked by virtual_clk)
Endpoint: op_out[4] (output port clocked by virtual_clk)
Path Group: virtual_clk
Path Type: max

Fanout         Cap        Slew       Delay        Time   Description
---------------------------------------------------------------------------------------------
                      0.000000    0.000000    0.000000   clock virtual_clk (rise edge)
                                  0.000000    0.000000   clock network delay (ideal)
                                  2.000000    2.000000 v input external delay
     1    0.002207    0.000000    0.000000    2.000000 v op_b[4] (in)
                                                         op_b[4] (net)
                      0.000020    0.000010    2.000010 v input17/A (sky130_fd_sc_hd__buf_2)
     8    0.045995    0.212554    0.349665    2.349675 v input17/X (sky130_fd_sc_hd__buf_2)
                                                         net17 (net)
                      0.212554    0.000224    2.349899 v fanout35/A (sky130_fd_sc_hd__buf_4)
    16    0.072862    0.179591    0.437946    2.787845 v fanout35/X (sky130_fd_sc_hd__buf_4)
                                                         net35 (net)
                      0.179617    0.002183    2.790027 v _469_/B (sky130_fd_sc_hd__or4_4)
     6    0.025378    0.224065    1.175402    3.965429 v _469_/X (sky130_fd_sc_hd__or4_4)
                                                         _306_ (net)
                      0.224065    0.000303    3.965732 v _472_/A3 (sky130_fd_sc_hd__o41ai_4)
     5    0.016363    0.597939    0.704793    4.670525 ^ _472_/Y (sky130_fd_sc_hd__o41ai_4)
                                                         _338_ (net)
                      0.597939    0.000048    4.670573 ^ _481_/A1 (sky130_fd_sc_hd__a211o_1)
     4    0.012253    0.187285    0.522954    5.193527 ^ _481_/X (sky130_fd_sc_hd__a211o_1)
                                                         _410_ (net)
                      0.187285    0.000157    5.193684 ^ _484_/A2 (sky130_fd_sc_hd__a21o_1)
     4    0.012404    0.183854    0.351153    5.544837 ^ _484_/X (sky130_fd_sc_hd__a21o_1)
                                                         _413_ (net)
                      0.183854    0.000096    5.544934 ^ _493_/A1 (sky130_fd_sc_hd__a211oi_1)
     3    0.010506    0.217366    0.267333    5.812267 v _493_/Y (sky130_fd_sc_hd__a211oi_1)
                                                         _422_ (net)
                      0.217366    0.000156    5.812423 v _503_/D (sky130_fd_sc_hd__or4_1)
     3    0.008283    0.250213    1.105117    6.917540 v _503_/X (sky130_fd_sc_hd__or4_1)
                                                         _432_ (net)
                      0.250213    0.000054    6.917594 v _507_/A3 (sky130_fd_sc_hd__a31o_1)
     2    0.005167    0.089339    0.487118    7.404712 v _507_/X (sky130_fd_sc_hd__a31o_1)
                                                         _436_ (net)
                      0.089339    0.000027    7.404739 v _509_/A2 (sky130_fd_sc_hd__a211o_1)
     3    0.014502    0.181476    0.662803    8.067541 v _509_/X (sky130_fd_sc_hd__a211o_1)
                                                         _438_ (net)
                      0.181476    0.000150    8.067692 v _515_/A1 (sky130_fd_sc_hd__a21oi_4)
     8    0.036626    0.448825    0.483379    8.551070 ^ _515_/Y (sky130_fd_sc_hd__a21oi_4)
                                                         _444_ (net)
                      0.448826    0.000566    8.551636 ^ _797_/A2 (sky130_fd_sc_hd__a211oi_1)
     1    0.004186    0.154543    0.294231    8.845867 v _797_/Y (sky130_fd_sc_hd__a211oi_1)
                                                         _272_ (net)
                      0.154543    0.000073    8.845941 v _798_/B1 (sky130_fd_sc_hd__o31ai_1)
     1    0.004811    0.426693    0.163126    9.009066 ^ _798_/Y (sky130_fd_sc_hd__o31ai_1)
                                                         net25 (net)
                      0.426693    0.000097    9.009163 ^ output25/A (sky130_fd_sc_hd__buf_1)
     1    0.000856    0.046238    0.241986    9.251148 ^ output25/X (sky130_fd_sc_hd__buf_1)
                                                         op_out[4] (net)
                      0.046238    0.000004    9.251153 ^ op_out[4] (out)
                                              9.251153   data arrival time

                      0.000000   25.000000   25.000000   clock virtual_clk (rise edge)
                                  0.000000   25.000000   clock network delay (ideal)
                                  0.000000   25.000000   clock reconvergence pessimism
                                 -2.000000   22.999998   output external delay
                                             22.999998   data required time
---------------------------------------------------------------------------------------------
                                             22.999998   data required time
                                             -9.251153   data arrival time
---------------------------------------------------------------------------------------------
                                             13.748846   slack (MET)


Startpoint: op_b[0] (input port clocked by virtual_clk)
Endpoint: op_out[7] (output port clocked by virtual_clk)
Path Group: virtual_clk
Path Type: max

Fanout         Cap        Slew       Delay        Time   Description
---------------------------------------------------------------------------------------------
                      0.000000    0.000000    0.000000   clock virtual_clk (rise edge)
                                  0.000000    0.000000   clock network delay (ideal)
                                  2.000000    2.000000 v input external delay
     1    0.002411    0.000000    0.000000    2.000000 v op_b[0] (in)
                                                         op_b[0] (net)
                      0.000029    0.000014    2.000015 v input13/A (sky130_fd_sc_hd__buf_2)
     7    0.032047    0.157174    0.305668    2.305683 v input13/X (sky130_fd_sc_hd__buf_2)
                                                         net13 (net)
                      0.157176    0.000811    2.306494 v fanout40/A (sky130_fd_sc_hd__buf_4)
    16    0.067108    0.168101    0.401673    2.708167 v fanout40/X (sky130_fd_sc_hd__buf_4)
                                                         net40 (net)
                      0.168105    0.001087    2.709254 v _488_/A (sky130_fd_sc_hd__and2_1)
     4    0.008893    0.116556    0.372879    3.082133 v _488_/X (sky130_fd_sc_hd__and2_1)
                                                         _417_ (net)
                      0.116556    0.000038    3.082171 v _861_/C (sky130_fd_sc_hd__and3_1)
     2    0.005258    0.091213    0.406540    3.488711 v _861_/X (sky130_fd_sc_hd__and3_1)
                                                         _341_ (net)
                      0.091213    0.000065    3.488776 v _863_/A (sky130_fd_sc_hd__or2_1)
     1    0.004861    0.116541    0.529608    4.018384 v _863_/X (sky130_fd_sc_hd__or2_1)
                                                         _343_ (net)
                      0.116541    0.000052    4.018435 v _864_/B (sky130_fd_sc_hd__xor2_1)
     2    0.005693    0.130658    0.304733    4.323168 v _864_/X (sky130_fd_sc_hd__xor2_1)
                                                         _344_ (net)
                      0.130658    0.000059    4.323227 v _866_/B1 (sky130_fd_sc_hd__o21a_1)
     2    0.005075    0.085439    0.238835    4.562062 v _866_/X (sky130_fd_sc_hd__o21a_1)
                                                         _346_ (net)
                      0.085439    0.000046    4.562108 v _867_/B (sky130_fd_sc_hd__or2_1)
     2    0.009235    0.157185    0.533976    5.096084 v _867_/X (sky130_fd_sc_hd__or2_1)
                                                         _347_ (net)
                      0.157185    0.000032    5.096116 v _869_/B (sky130_fd_sc_hd__xor2_1)
     2    0.005229    0.145137    0.317402    5.413518 v _869_/X (sky130_fd_sc_hd__xor2_1)
                                                         _350_ (net)
                      0.145137    0.000059    5.413577 v _870_/C (sky130_fd_sc_hd__and3_1)
     2    0.005486    0.092965    0.422663    5.836241 v _870_/X (sky130_fd_sc_hd__and3_1)
                                                         _351_ (net)
                      0.092965    0.000060    5.836301 v _873_/B (sky130_fd_sc_hd__or3_1)
     3    0.007958    0.188614    0.877653    6.713954 v _873_/X (sky130_fd_sc_hd__or3_1)
                                                         _354_ (net)
                      0.188614    0.000107    6.714061 v _875_/C (sky130_fd_sc_hd__and3_1)
     1    0.004708    0.090204    0.437679    7.151740 v _875_/X (sky130_fd_sc_hd__and3_1)
                                                         _356_ (net)
                      0.090204    0.000023    7.151763 v _893_/B (sky130_fd_sc_hd__xnor2_1)
     1    0.004945    0.264291    0.273603    7.425366 ^ _893_/Y (sky130_fd_sc_hd__xnor2_1)
                                                         _375_ (net)
                      0.264291    0.000045    7.425411 ^ _916_/A (sky130_fd_sc_hd__xnor2_1)
     2    0.009813    0.197298    0.292740    7.718151 v _916_/Y (sky130_fd_sc_hd__xnor2_1)
                                                         _400_ (net)
                      0.197298    0.000348    7.718499 v _917_/B (sky130_fd_sc_hd__or2_1)
     1    0.003157    0.099882    0.511780    8.230279 v _917_/X (sky130_fd_sc_hd__or2_1)
                                                         _401_ (net)
                      0.099882    0.000035    8.230313 v _923_/A2 (sky130_fd_sc_hd__a311o_1)
     1    0.002287    0.090244    0.580510    8.810823 v _923_/X (sky130_fd_sc_hd__a311o_1)
                                                         net28 (net)
                      0.090244    0.000020    8.810843 v output28/A (sky130_fd_sc_hd__buf_1)
     1    0.000407    0.026949    0.144222    8.955066 v output28/X (sky130_fd_sc_hd__buf_1)
                                                         op_out[7] (net)
                      0.026949    0.000000    8.955067 v op_out[7] (out)
                                              8.955067   data arrival time

                      0.000000   25.000000   25.000000   clock virtual_clk (rise edge)
                                  0.000000   25.000000   clock network delay (ideal)
                                  0.000000   25.000000   clock reconvergence pessimism
                                 -2.000000   22.999998   output external delay
                                             22.999998   data required time
---------------------------------------------------------------------------------------------
                                             22.999998   data required time
                                             -8.955067   data arrival time
---------------------------------------------------------------------------------------------
                                             14.044932   slack (MET)


Startpoint: op_b[0] (input port clocked by virtual_clk)
Endpoint: op_out[5] (output port clocked by virtual_clk)
Path Group: virtual_clk
Path Type: max

Fanout         Cap        Slew       Delay        Time   Description
---------------------------------------------------------------------------------------------
                      0.000000    0.000000    0.000000   clock virtual_clk (rise edge)
                                  0.000000    0.000000   clock network delay (ideal)
                                  2.000000    2.000000 ^ input external delay
     1    0.002539    0.000000    0.000000    2.000000 ^ op_b[0] (in)
                                                         op_b[0] (net)
                      0.000031    0.000015    2.000015 ^ input13/A (sky130_fd_sc_hd__buf_2)
     7    0.032909    0.262304    0.303593    2.303608 ^ input13/X (sky130_fd_sc_hd__buf_2)
                                                         net13 (net)
                      0.262307    0.000834    2.304442 ^ fanout40/A (sky130_fd_sc_hd__buf_4)
    16    0.070189    0.314207    0.475392    2.779834 ^ fanout40/X (sky130_fd_sc_hd__buf_4)
                                                         net40 (net)
                      0.314215    0.001977    2.781811 ^ _458_/A (sky130_fd_sc_hd__clkinv_4)
    13    0.050206    0.198336    0.288059    3.069870 v _458_/Y (sky130_fd_sc_hd__clkinv_4)
                                                         _188_ (net)
                      0.198336    0.000634    3.070504 v _536_/A (sky130_fd_sc_hd__nor2_1)
     4    0.016841    0.515322    0.506453    3.576957 ^ _536_/Y (sky130_fd_sc_hd__nor2_1)
                                                         _007_ (net)
                      0.515323    0.000657    3.577614 ^ _780_/C (sky130_fd_sc_hd__and3_1)
     2    0.005680    0.127081    0.476884    4.054498 ^ _780_/X (sky130_fd_sc_hd__and3_1)
                                                         _254_ (net)
                      0.127081    0.000044    4.054542 ^ _781_/B1 (sky130_fd_sc_hd__a21oi_1)
     2    0.009642    0.187482    0.138982    4.193524 v _781_/Y (sky130_fd_sc_hd__a21oi_1)
                                                         _255_ (net)
                      0.187482    0.000032    4.193557 v _805_/A3 (sky130_fd_sc_hd__a31oi_1)
     2    0.007727    0.365127    0.428345    4.621902 ^ _805_/Y (sky130_fd_sc_hd__a31oi_1)
                                                         _280_ (net)
                      0.365127    0.000101    4.622003 ^ _813_/A (sky130_fd_sc_hd__xnor2_1)
     2    0.006708    0.323071    0.342287    4.964290 ^ _813_/Y (sky130_fd_sc_hd__xnor2_1)
                                                         _289_ (net)
                      0.323071    0.000097    4.964386 ^ _814_/B (sky130_fd_sc_hd__or2_1)
     1    0.002743    0.069420    0.259031    5.223417 ^ _814_/X (sky130_fd_sc_hd__or2_1)
                                                         _290_ (net)
                      0.069420    0.000014    5.223431 ^ _816_/A (sky130_fd_sc_hd__nand2_1)
     2    0.006481    0.125691    0.139149    5.362580 v _816_/Y (sky130_fd_sc_hd__nand2_1)
                                                         _292_ (net)
                      0.125691    0.000111    5.362691 v _817_/C (sky130_fd_sc_hd__and3_1)
     1    0.003228    0.074129    0.390005    5.752697 v _817_/X (sky130_fd_sc_hd__and3_1)
                                                         _293_ (net)
                      0.074129    0.000035    5.752732 v _819_/A (sky130_fd_sc_hd__nor2_1)
     2    0.007909    0.275632    0.275241    6.027973 ^ _819_/Y (sky130_fd_sc_hd__nor2_1)
                                                         _296_ (net)
                      0.275632    0.000065    6.028038 ^ _820_/B (sky130_fd_sc_hd__xnor2_1)
     2    0.005371    0.278422    0.300280    6.328318 ^ _820_/Y (sky130_fd_sc_hd__xnor2_1)
                                                         _297_ (net)
                      0.278422    0.000073    6.328391 ^ _821_/B (sky130_fd_sc_hd__or2_1)
     3    0.013079    0.206770    0.352109    6.680500 ^ _821_/X (sky130_fd_sc_hd__or2_1)
                                                         _298_ (net)
                      0.206770    0.000123    6.680623 ^ _824_/A (sky130_fd_sc_hd__nand2_1)
     3    0.008939    0.167068    0.226070    6.906693 v _824_/Y (sky130_fd_sc_hd__nand2_1)
                                                         _301_ (net)
                      0.167068    0.000114    6.906806 v _827_/A2 (sky130_fd_sc_hd__o21a_1)
     1    0.003328    0.069880    0.352327    7.259132 v _827_/X (sky130_fd_sc_hd__o21a_1)
                                                         _304_ (net)
                      0.069880    0.000038    7.259171 v _840_/B2 (sky130_fd_sc_hd__a221o_1)
     1    0.002837    0.095277    0.586019    7.845190 v _840_/X (sky130_fd_sc_hd__a221o_1)
                                                         _319_ (net)
                      0.095277    0.000024    7.845213 v _842_/B (sky130_fd_sc_hd__or3_1)
     1    0.005386    0.164367    0.843836    8.689050 v _842_/X (sky130_fd_sc_hd__or3_1)
                                                         net26 (net)
                      0.164367    0.000117    8.689167 v output26/A (sky130_fd_sc_hd__buf_1)
     1    0.001146    0.034881    0.188183    8.877350 v output26/X (sky130_fd_sc_hd__buf_1)
                                                         op_out[5] (net)
                      0.034881    0.000008    8.877357 v op_out[5] (out)
                                              8.877357   data arrival time

                      0.000000   25.000000   25.000000   clock virtual_clk (rise edge)
                                  0.000000   25.000000   clock network delay (ideal)
                                  0.000000   25.000000   clock reconvergence pessimism
                                 -2.000000   22.999998   output external delay
                                             22.999998   data required time
---------------------------------------------------------------------------------------------
                                             22.999998   data required time
                                             -8.877357   data arrival time
---------------------------------------------------------------------------------------------
                                             14.122642   slack (MET)


Startpoint: op_b[0] (input port clocked by virtual_clk)
Endpoint: op_out[6] (output port clocked by virtual_clk)
Path Group: virtual_clk
Path Type: max

Fanout         Cap        Slew       Delay        Time   Description
---------------------------------------------------------------------------------------------
                      0.000000    0.000000    0.000000   clock virtual_clk (rise edge)
                                  0.000000    0.000000   clock network delay (ideal)
                                  2.000000    2.000000 v input external delay
     1    0.002411    0.000000    0.000000    2.000000 v op_b[0] (in)
                                                         op_b[0] (net)
                      0.000029    0.000014    2.000015 v input13/A (sky130_fd_sc_hd__buf_2)
     7    0.032047    0.157174    0.305668    2.305683 v input13/X (sky130_fd_sc_hd__buf_2)
                                                         net13 (net)
                      0.157176    0.000811    2.306494 v fanout40/A (sky130_fd_sc_hd__buf_4)
    16    0.067108    0.168101    0.401673    2.708167 v fanout40/X (sky130_fd_sc_hd__buf_4)
                                                         net40 (net)
                      0.168105    0.001087    2.709254 v _488_/A (sky130_fd_sc_hd__and2_1)
     4    0.008893    0.116556    0.372879    3.082133 v _488_/X (sky130_fd_sc_hd__and2_1)
                                                         _417_ (net)
                      0.116556    0.000038    3.082171 v _861_/C (sky130_fd_sc_hd__and3_1)
     2    0.005258    0.091213    0.406540    3.488711 v _861_/X (sky130_fd_sc_hd__and3_1)
                                                         _341_ (net)
                      0.091213    0.000065    3.488776 v _863_/A (sky130_fd_sc_hd__or2_1)
     1    0.004861    0.116541    0.529608    4.018384 v _863_/X (sky130_fd_sc_hd__or2_1)
                                                         _343_ (net)
                      0.116541    0.000052    4.018435 v _864_/B (sky130_fd_sc_hd__xor2_1)
     2    0.005693    0.130658    0.304733    4.323168 v _864_/X (sky130_fd_sc_hd__xor2_1)
                                                         _344_ (net)
                      0.130658    0.000059    4.323227 v _866_/B1 (sky130_fd_sc_hd__o21a_1)
     2    0.005075    0.085439    0.238835    4.562062 v _866_/X (sky130_fd_sc_hd__o21a_1)
                                                         _346_ (net)
                      0.085439    0.000046    4.562108 v _867_/B (sky130_fd_sc_hd__or2_1)
     2    0.009235    0.157185    0.533976    5.096084 v _867_/X (sky130_fd_sc_hd__or2_1)
                                                         _347_ (net)
                      0.157185    0.000032    5.096116 v _869_/B (sky130_fd_sc_hd__xor2_1)
     2    0.005229    0.145137    0.317402    5.413518 v _869_/X (sky130_fd_sc_hd__xor2_1)
                                                         _350_ (net)
                      0.145137    0.000059    5.413577 v _870_/C (sky130_fd_sc_hd__and3_1)
     2    0.005486    0.092965    0.422663    5.836241 v _870_/X (sky130_fd_sc_hd__and3_1)
                                                         _351_ (net)
                      0.092965    0.000060    5.836301 v _873_/B (sky130_fd_sc_hd__or3_1)
     3    0.007958    0.188614    0.877653    6.713954 v _873_/X (sky130_fd_sc_hd__or3_1)
                                                         _354_ (net)
                      0.188614    0.000116    6.714070 v _874_/B (sky130_fd_sc_hd__nand2_1)
     1    0.005869    0.117188    0.187064    6.901134 ^ _874_/Y (sky130_fd_sc_hd__nand2_1)
                                                         _355_ (net)
                      0.117188    0.000084    6.901219 ^ _876_/B (sky130_fd_sc_hd__xnor2_1)
     2    0.010052    0.420696    0.289382    7.190601 ^ _876_/Y (sky130_fd_sc_hd__xnor2_1)
                                                         _357_ (net)
                      0.420696    0.000236    7.190837 ^ _877_/B (sky130_fd_sc_hd__xnor2_1)
     2    0.005120    0.129624    0.264568    7.455405 v _877_/Y (sky130_fd_sc_hd__xnor2_1)
                                                         _358_ (net)
                      0.129624    0.000065    7.455470 v _878_/B (sky130_fd_sc_hd__or2_1)
     1    0.002697    0.098065    0.477242    7.932713 v _878_/X (sky130_fd_sc_hd__or2_1)
                                                         _359_ (net)
                      0.098065    0.000024    7.932736 v _885_/A2 (sky130_fd_sc_hd__a31o_1)
     1    0.002392    0.062334    0.371028    8.303764 v _885_/X (sky130_fd_sc_hd__a31o_1)
                                                         net27 (net)
                      0.062334    0.000022    8.303786 v output27/A (sky130_fd_sc_hd__buf_1)
     1    0.000550    0.028434    0.133050    8.436836 v output27/X (sky130_fd_sc_hd__buf_1)
                                                         op_out[6] (net)
                      0.028434    0.000002    8.436838 v op_out[6] (out)
                                              8.436838   data arrival time

                      0.000000   25.000000   25.000000   clock virtual_clk (rise edge)
                                  0.000000   25.000000   clock network delay (ideal)
                                  0.000000   25.000000   clock reconvergence pessimism
                                 -2.000000   22.999998   output external delay
                                             22.999998   data required time
---------------------------------------------------------------------------------------------
                                             22.999998   data required time
                                             -8.436838   data arrival time
---------------------------------------------------------------------------------------------
                                             14.563161   slack (MET)



