Reading OpenROAD database at '/home/letienthanh/8bitalu/runs/RUN_2026-08-05_13-41-28/27-openroad-globalplacement/alu8bit.odb'…
Reading library file at '/home/letienthanh/.volare/volare/sky130/versions/0fe599b2afb6708d281543108caf8310912f54af/sky130A/libs.ref/sky130_fd_sc_hd/lib/sky130_fd_sc_hd__tt_025C_1v80.lib'…
Reading design constraints file at '/home/letienthanh/8bitalu/constraints/alu.sdc'…
[INFO] No information on clock propagation in input SDC file-- propagating all clocks.
[WARNING STA-0450] virtual clock virtual_clk can not be propagated.
[INFO] Setting RC values…
[WARNING GRT-0097] No global routing found for nets.
%OL_CREATE_REPORT min.rpt

===========================================================================
report_checks -path_delay min (Hold)
============================================================================
======================= nom_tt_025C_1v80 Corner ===================================

Startpoint: op_a[6] (input port clocked by virtual_clk)
Endpoint: op_out[5] (output port clocked by virtual_clk)
Path Group: virtual_clk
Path Type: min

Fanout         Cap        Slew       Delay        Time   Description
---------------------------------------------------------------------------------------------
                      0.000000    0.000000    0.000000   clock virtual_clk (rise edge)
                                  0.000000    0.000000   clock network delay (ideal)
                                  2.000000    2.000000 ^ input external delay
    16    0.069748    0.000000    0.000000    2.000000 ^ op_a[6] (in)
                                                         op_a[6] (net)
                      0.002347    0.001173    2.001173 ^ _839_/B2 (sky130_fd_sc_hd__a32o_2)
     1    0.001753    0.035621    0.092921    2.094095 ^ _839_/X (sky130_fd_sc_hd__a32o_2)
                                                         _318_ (net)
                      0.035621    0.000000    2.094096 ^ _842_/A (sky130_fd_sc_hd__or3_2)
     1    0.002748    0.027941    0.096779    2.190874 ^ _842_/X (sky130_fd_sc_hd__or3_2)
                                                         op_out[5] (net)
                      0.027941    0.000025    2.190900 ^ op_out[5] (out)
                                              2.190900   data arrival time

                      0.000000    0.000000    0.000000   clock virtual_clk (rise edge)
                                  0.000000    0.000000   clock network delay (ideal)
                                  0.000000    0.000000   clock reconvergence pessimism
                                 -2.000000   -2.000000   output external delay
                                             -2.000000   data required time
---------------------------------------------------------------------------------------------
                                             -2.000000   data required time
                                             -2.190900   data arrival time
---------------------------------------------------------------------------------------------
                                              4.190899   slack (MET)


Startpoint: op_a[6] (input port clocked by virtual_clk)
Endpoint: op_out[7] (output port clocked by virtual_clk)
Path Group: virtual_clk
Path Type: min

Fanout         Cap        Slew       Delay        Time   Description
---------------------------------------------------------------------------------------------
                      0.000000    0.000000    0.000000   clock virtual_clk (rise edge)
                                  0.000000    0.000000   clock network delay (ideal)
                                  2.000000    2.000000 ^ input external delay
    16    0.069748    0.000000    0.000000    2.000000 ^ op_a[6] (in)
                                                         op_a[6] (net)
                      0.002260    0.001130    2.001130 ^ _922_/A1 (sky130_fd_sc_hd__a211o_2)
     1    0.005359    0.035963    0.107247    2.108377 ^ _922_/X (sky130_fd_sc_hd__a211o_2)
                                                         _407_ (net)
                      0.035963    0.000050    2.108427 ^ _923_/B1 (sky130_fd_sc_hd__a311o_2)
     1    0.001033    0.022700    0.083183    2.191610 ^ _923_/X (sky130_fd_sc_hd__a311o_2)
                                                         op_out[7] (net)
                      0.022700    0.000002    2.191612 ^ op_out[7] (out)
                                              2.191612   data arrival time

                      0.000000    0.000000    0.000000   clock virtual_clk (rise edge)
                                  0.000000    0.000000   clock network delay (ideal)
                                  0.000000    0.000000   clock reconvergence pessimism
                                 -2.000000   -2.000000   output external delay
                                             -2.000000   data required time
---------------------------------------------------------------------------------------------
                                             -2.000000   data required time
                                             -2.191612   data arrival time
---------------------------------------------------------------------------------------------
                                              4.191613   slack (MET)


Startpoint: op_a[3] (input port clocked by virtual_clk)
Endpoint: op_out[4] (output port clocked by virtual_clk)
Path Group: virtual_clk
Path Type: min

Fanout         Cap        Slew       Delay        Time   Description
---------------------------------------------------------------------------------------------
                      0.000000    0.000000    0.000000   clock virtual_clk (rise edge)
                                  0.000000    0.000000   clock network delay (ideal)
                                  2.000000    2.000000 ^ input external delay
    15    0.066357    0.000000    0.000000    2.000000 ^ op_a[3] (in)
                                                         op_a[3] (net)
                      0.002627    0.001313    2.001313 ^ _795_/B2 (sky130_fd_sc_hd__a32o_2)
     1    0.004873    0.051796    0.110163    2.111477 ^ _795_/X (sky130_fd_sc_hd__a32o_2)
                                                         _270_ (net)
                      0.051796    0.000006    2.111483 ^ _797_/B1 (sky130_fd_sc_hd__a211oi_2)
     1    0.005437    0.027596    0.044907    2.156389 v _797_/Y (sky130_fd_sc_hd__a211oi_2)
                                                         _272_ (net)
                      0.027596    0.000038    2.156428 v _798_/B1 (sky130_fd_sc_hd__o31ai_2)
     1    0.002444    0.042570    0.042846    2.199274 ^ _798_/Y (sky130_fd_sc_hd__o31ai_2)
                                                         op_out[4] (net)
                      0.042570    0.000020    2.199293 ^ op_out[4] (out)
                                              2.199293   data arrival time

                      0.000000    0.000000    0.000000   clock virtual_clk (rise edge)
                                  0.000000    0.000000   clock network delay (ideal)
                                  0.000000    0.000000   clock reconvergence pessimism
                                 -2.000000   -2.000000   output external delay
                                             -2.000000   data required time
---------------------------------------------------------------------------------------------
                                             -2.000000   data required time
                                             -2.199293   data arrival time
---------------------------------------------------------------------------------------------
                                              4.199294   slack (MET)


Startpoint: inst[3] (input port clocked by virtual_clk)
Endpoint: op_out[6] (output port clocked by virtual_clk)
Path Group: virtual_clk
Path Type: min

Fanout         Cap        Slew       Delay        Time   Description
---------------------------------------------------------------------------------------------
                      0.000000    0.000000    0.000000   clock virtual_clk (rise edge)
                                  0.000000    0.000000   clock network delay (ideal)
                                  2.000000    2.000000 ^ input external delay
    11    0.027921    0.000000    0.000000    2.000000 ^ inst[3] (in)
                                                         inst[3] (net)
                      0.000360    0.000180    2.000180 ^ _694_/B (sky130_fd_sc_hd__nor3_2)
     8    0.023451    0.063256    0.056686    2.056866 v _694_/Y (sky130_fd_sc_hd__nor3_2)
                                                         _165_ (net)
                      0.063283    0.000480    2.057345 v _885_/A1 (sky130_fd_sc_hd__a31o_2)
     1    0.000903    0.026905    0.190722    2.248067 v _885_/X (sky130_fd_sc_hd__a31o_2)
                                                         op_out[6] (net)
                      0.026905    0.000002    2.248069 v op_out[6] (out)
                                              2.248069   data arrival time

                      0.000000    0.000000    0.000000   clock virtual_clk (rise edge)
                                  0.000000    0.000000   clock network delay (ideal)
                                  0.000000    0.000000   clock reconvergence pessimism
                                 -2.000000   -2.000000   output external delay
                                             -2.000000   data required time
---------------------------------------------------------------------------------------------
                                             -2.000000   data required time
                                             -2.248069   data arrival time
---------------------------------------------------------------------------------------------
                                              4.248069   slack (MET)


Startpoint: inst[3] (input port clocked by virtual_clk)
Endpoint: op_out[0] (output port clocked by virtual_clk)
Path Group: virtual_clk
Path Type: min

Fanout         Cap        Slew       Delay        Time   Description
---------------------------------------------------------------------------------------------
                      0.000000    0.000000    0.000000   clock virtual_clk (rise edge)
                                  0.000000    0.000000   clock network delay (ideal)
                                  2.000000    2.000000 ^ input external delay
    11    0.027921    0.000000    0.000000    2.000000 ^ inst[3] (in)
                                                         inst[3] (net)
                      0.000452    0.000226    2.000226 ^ _685_/C1 (sky130_fd_sc_hd__o2111a_2)
     1    0.002303    0.038767    0.160985    2.161211 ^ _685_/X (sky130_fd_sc_hd__o2111a_2)
                                                         _156_ (net)
                      0.038767    0.000006    2.161217 ^ _700_/B (sky130_fd_sc_hd__or3_2)
     1    0.001300    0.022038    0.089471    2.250687 ^ _700_/X (sky130_fd_sc_hd__or3_2)
                                                         op_out[0] (net)
                      0.022038    0.000006    2.250693 ^ op_out[0] (out)
                                              2.250693   data arrival time

                      0.000000    0.000000    0.000000   clock virtual_clk (rise edge)
                                  0.000000    0.000000   clock network delay (ideal)
                                  0.000000    0.000000   clock reconvergence pessimism
                                 -2.000000   -2.000000   output external delay
                                             -2.000000   data required time
---------------------------------------------------------------------------------------------
                                             -2.000000   data required time
                                             -2.250693   data arrival time
---------------------------------------------------------------------------------------------
                                              4.250693   slack (MET)


Startpoint: op_a[1] (input port clocked by virtual_clk)
Endpoint: op_out[2] (output port clocked by virtual_clk)
Path Group: virtual_clk
Path Type: min

Fanout         Cap        Slew       Delay        Time   Description
---------------------------------------------------------------------------------------------
                      0.000000    0.000000    0.000000   clock virtual_clk (rise edge)
                                  0.000000    0.000000   clock network delay (ideal)
                                  2.000000    2.000000 ^ input external delay
    21    0.084553    0.000000    0.000000    2.000000 ^ op_a[1] (in)
                                                         op_a[1] (net)
                      0.003955    0.001978    2.001978 ^ _713_/A (sky130_fd_sc_hd__nand2_2)
     2    0.006760    0.036904    0.036083    2.038061 v _713_/Y (sky130_fd_sc_hd__nand2_2)
                                                         _183_ (net)
                      0.036904    0.000002    2.038064 v _725_/A1 (sky130_fd_sc_hd__a31oi_2)
     1    0.002494    0.069874    0.108427    2.146490 ^ _725_/Y (sky130_fd_sc_hd__a31oi_2)
                                                         _195_ (net)
                      0.069874    0.000000    2.146491 ^ _741_/A2 (sky130_fd_sc_hd__a21o_2)
     1    0.001273    0.019687    0.110388    2.256879 ^ _741_/X (sky130_fd_sc_hd__a21o_2)
                                                         op_out[2] (net)
                      0.019687    0.000006    2.256885 ^ op_out[2] (out)
                                              2.256885   data arrival time

                      0.000000    0.000000    0.000000   clock virtual_clk (rise edge)
                                  0.000000    0.000000   clock network delay (ideal)
                                  0.000000    0.000000   clock reconvergence pessimism
                                 -2.000000   -2.000000   output external delay
                                             -2.000000   data required time
---------------------------------------------------------------------------------------------
                                             -2.000000   data required time
                                             -2.256885   data arrival time
---------------------------------------------------------------------------------------------
                                              4.256885   slack (MET)


Startpoint: op_a[2] (input port clocked by virtual_clk)
Endpoint: op_out[3] (output port clocked by virtual_clk)
Path Group: virtual_clk
Path Type: min

Fanout         Cap        Slew       Delay        Time   Description
---------------------------------------------------------------------------------------------
                      0.000000    0.000000    0.000000   clock virtual_clk (rise edge)
                                  0.000000    0.000000   clock network delay (ideal)
                                  2.000000    2.000000 ^ input external delay
    22    0.082244    0.000000    0.000000    2.000000 ^ op_a[2] (in)
                                                         op_a[2] (net)
                      0.003357    0.001678    2.001678 ^ _767_/B2 (sky130_fd_sc_hd__a32o_2)
     1    0.002780    0.040982    0.099230    2.100909 ^ _767_/X (sky130_fd_sc_hd__a32o_2)
                                                         _240_ (net)
                      0.040982    0.000004    2.100912 ^ _769_/B1 (sky130_fd_sc_hd__a211o_2)
     1    0.002775    0.025482    0.086321    2.187233 ^ _769_/X (sky130_fd_sc_hd__a211o_2)
                                                         _243_ (net)
                      0.025482    0.000019    2.187252 ^ _770_/A_N (sky130_fd_sc_hd__nand2b_2)
     1    0.002158    0.030870    0.088344    2.275595 ^ _770_/Y (sky130_fd_sc_hd__nand2b_2)
                                                         op_out[3] (net)
                      0.030870    0.000016    2.275611 ^ op_out[3] (out)
                                              2.275611   data arrival time

                      0.000000    0.000000    0.000000   clock virtual_clk (rise edge)
                                  0.000000    0.000000   clock network delay (ideal)
                                  0.000000    0.000000   clock reconvergence pessimism
                                 -2.000000   -2.000000   output external delay
                                             -2.000000   data required time
---------------------------------------------------------------------------------------------
                                             -2.000000   data required time
                                             -2.275611   data arrival time
---------------------------------------------------------------------------------------------
                                              4.275611   slack (MET)


Startpoint: op_a[0] (input port clocked by virtual_clk)
Endpoint: op_out[1] (output port clocked by virtual_clk)
Path Group: virtual_clk
Path Type: min

Fanout         Cap        Slew       Delay        Time   Description
---------------------------------------------------------------------------------------------
                      0.000000    0.000000    0.000000   clock virtual_clk (rise edge)
                                  0.000000    0.000000   clock network delay (ideal)
                                  2.000000    2.000000 ^ input external delay
    21    0.075272    0.000000    0.000000    2.000000 ^ op_a[0] (in)
                                                         op_a[0] (net)
                      0.002258    0.001129    2.001129 ^ _709_/B2 (sky130_fd_sc_hd__a32o_2)
     1    0.001892    0.036346    0.093702    2.094831 ^ _709_/X (sky130_fd_sc_hd__a32o_2)
                                                         _179_ (net)
                      0.036346    0.000004    2.094835 ^ _710_/C (sky130_fd_sc_hd__or3_2)
     1    0.004328    0.034661    0.099650    2.194484 ^ _710_/X (sky130_fd_sc_hd__or3_2)
                                                         _180_ (net)
                      0.034661    0.000048    2.194532 ^ _718_/A (sky130_fd_sc_hd__or2_2)
     1    0.001374    0.022777    0.085039    2.279572 ^ _718_/X (sky130_fd_sc_hd__or2_2)
                                                         op_out[1] (net)
                      0.022777    0.000006    2.279578 ^ op_out[1] (out)
                                              2.279578   data arrival time

                      0.000000    0.000000    0.000000   clock virtual_clk (rise edge)
                                  0.000000    0.000000   clock network delay (ideal)
                                  0.000000    0.000000   clock reconvergence pessimism
                                 -2.000000   -2.000000   output external delay
                                             -2.000000   data required time
---------------------------------------------------------------------------------------------
                                             -2.000000   data required time
                                             -2.279578   data arrival time
---------------------------------------------------------------------------------------------
                                              4.279578   slack (MET)



%OL_END_REPORT
%OL_CREATE_REPORT max.rpt

===========================================================================
report_checks -path_delay max (Setup)
============================================================================
======================= nom_tt_025C_1v80 Corner ===================================

Startpoint: op_b[5] (input port clocked by virtual_clk)
Endpoint: op_out[0] (output port clocked by virtual_clk)
Path Group: virtual_clk
Path Type: max

Fanout         Cap        Slew       Delay        Time   Description
---------------------------------------------------------------------------------------------
                      0.000000    0.000000    0.000000   clock virtual_clk (rise edge)
                                  0.000000    0.000000   clock network delay (ideal)
                                  2.000000    2.000000 v input external delay
    18    0.082654    0.000000    0.000000    2.000000 v op_b[5] (in)
                                                         op_b[5] (net)
                      0.003158    0.001579    2.001579 v _469_/A (sky130_fd_sc_hd__or4_2)
     6    0.019995    0.158674    0.743570    2.745149 v _469_/X (sky130_fd_sc_hd__or4_2)
                                                         _306_ (net)
                      0.158674    0.000062    2.745211 v _472_/A3 (sky130_fd_sc_hd__o41ai_2)
     5    0.016224    0.502308    0.512592    3.257804 ^ _472_/Y (sky130_fd_sc_hd__o41ai_2)
                                                         _338_ (net)
                      0.502308    0.000014    3.257818 ^ _481_/A1 (sky130_fd_sc_hd__a211o_2)
     4    0.012381    0.074009    0.252351    3.510169 ^ _481_/X (sky130_fd_sc_hd__a211o_2)
                                                         _410_ (net)
                      0.074009    0.000066    3.510235 ^ _484_/A2 (sky130_fd_sc_hd__a21o_2)
     4    0.014513    0.084264    0.164474    3.674709 ^ _484_/X (sky130_fd_sc_hd__a21o_2)
                                                         _413_ (net)
                      0.084264    0.000019    3.674727 ^ _493_/A1 (sky130_fd_sc_hd__a211oi_2)
     3    0.009473    0.069561    0.086433    3.761160 v _493_/Y (sky130_fd_sc_hd__a211oi_2)
                                                         _422_ (net)
                      0.069561    0.000083    3.761243 v _503_/D (sky130_fd_sc_hd__or4_2)
     3    0.009217    0.128875    0.583356    4.344599 v _503_/X (sky130_fd_sc_hd__or4_2)
                                                         _432_ (net)
                      0.128875    0.000017    4.344616 v _507_/A3 (sky130_fd_sc_hd__a31o_2)
     2    0.006720    0.048141    0.286899    4.631515 v _507_/X (sky130_fd_sc_hd__a31o_2)
                                                         _436_ (net)
                      0.048141    0.000007    4.631522 v _509_/A2 (sky130_fd_sc_hd__a211o_2)
     3    0.009345    0.065054    0.351438    4.982959 v _509_/X (sky130_fd_sc_hd__a211o_2)
                                                         _438_ (net)
                      0.065054    0.000034    4.982993 v _515_/A1 (sky130_fd_sc_hd__a21oi_2)
     8    0.035249    0.438076    0.385695    5.368688 ^ _515_/Y (sky130_fd_sc_hd__a21oi_2)
                                                         _444_ (net)
                      0.438076    0.000033    5.368721 ^ _517_/S (sky130_fd_sc_hd__mux2_1)
     3    0.018635    0.126971    0.452806    5.821528 v _517_/X (sky130_fd_sc_hd__mux2_1)
                                                         _446_ (net)
                      0.126971    0.000115    5.821643 v _519_/B (sky130_fd_sc_hd__xnor2_2)
     3    0.017088    0.265134    0.259594    6.081237 ^ _519_/Y (sky130_fd_sc_hd__xnor2_2)
                                                         _448_ (net)
                      0.265134    0.000079    6.081316 ^ _543_/A1 (sky130_fd_sc_hd__a311oi_2)
     4    0.011007    0.136486    0.182448    6.263764 v _543_/Y (sky130_fd_sc_hd__a311oi_2)
                                                         _014_ (net)
                      0.136486    0.000024    6.263788 v _572_/A (sky130_fd_sc_hd__or3_2)
     4    0.013600    0.111762    0.555279    6.819068 v _572_/X (sky130_fd_sc_hd__or3_2)
                                                         _043_ (net)
                      0.111762    0.000057    6.819125 v _574_/C (sky130_fd_sc_hd__and3_2)
     3    0.008310    0.052474    0.252090    7.071215 v _574_/X (sky130_fd_sc_hd__and3_2)
                                                         _045_ (net)
                      0.052474    0.000012    7.071227 v _585_/A (sky130_fd_sc_hd__or4_2)
     1    0.002276    0.095948    0.647568    7.718795 v _585_/X (sky130_fd_sc_hd__or4_2)
                                                         _056_ (net)
                      0.095948    0.000011    7.718805 v _586_/C (sky130_fd_sc_hd__or4b_2)
     1    0.004722    0.109706    0.630298    8.349103 v _586_/X (sky130_fd_sc_hd__or4b_2)
                                                         _057_ (net)
                      0.109706    0.000010    8.349113 v _590_/A1 (sky130_fd_sc_hd__a311oi_2)
     8    0.031473    0.642013    0.556636    8.905748 ^ _590_/Y (sky130_fd_sc_hd__a311oi_2)
                                                         _061_ (net)
                      0.642013    0.000079    8.905828 ^ _619_/S (sky130_fd_sc_hd__mux2_1)
     5    0.025494    0.152046    0.497972    9.403800 v _619_/X (sky130_fd_sc_hd__mux2_1)
                                                         _090_ (net)
                      0.152046    0.000265    9.404064 v _623_/B1 (sky130_fd_sc_hd__o22a_2)
     2    0.004141    0.041468    0.240367    9.644431 v _623_/X (sky130_fd_sc_hd__o22a_2)
                                                         _094_ (net)
                      0.041468    0.000005    9.644437 v _624_/B (sky130_fd_sc_hd__or4bb_2)
     4    0.012250    0.130442    0.658309   10.302746 v _624_/X (sky130_fd_sc_hd__or4bb_2)
                                                         _095_ (net)
                      0.130442    0.000041   10.302787 v _628_/A1 (sky130_fd_sc_hd__a21oi_2)
    12    0.044204    0.540386    0.485798   10.788585 ^ _628_/Y (sky130_fd_sc_hd__a21oi_2)
                                                         _099_ (net)
                      0.540386    0.000239   10.788823 ^ _665_/S (sky130_fd_sc_hd__mux2_1)
     3    0.009212    0.089969    0.415887   11.204710 v _665_/X (sky130_fd_sc_hd__mux2_1)
                                                         _136_ (net)
                      0.089969    0.000007   11.204718 v _669_/A2 (sky130_fd_sc_hd__a21o_2)
     1    0.002587    0.033548    0.219062   11.423779 v _669_/X (sky130_fd_sc_hd__a21o_2)
                                                         _140_ (net)
                      0.033548    0.000004   11.423784 v _671_/A2 (sky130_fd_sc_hd__o211a_2)
     1    0.003267    0.041659    0.228829   11.652613 v _671_/X (sky130_fd_sc_hd__o211a_2)
                                                         _142_ (net)
                      0.041659    0.000015   11.652628 v _672_/B2 (sky130_fd_sc_hd__o221a_2)
     1    0.002394    0.042036    0.216150   11.868777 v _672_/X (sky130_fd_sc_hd__o221a_2)
                                                         _143_ (net)
                      0.042036    0.000002   11.868779 v _675_/A2 (sky130_fd_sc_hd__o21a_2)
     1    0.003110    0.034011    0.186077   12.054856 v _675_/X (sky130_fd_sc_hd__o21a_2)
                                                         _146_ (net)
                      0.034011    0.000012   12.054868 v _679_/A1 (sky130_fd_sc_hd__o21a_2)
     1    0.004078    0.037301    0.203097   12.257965 v _679_/X (sky130_fd_sc_hd__o21a_2)
                                                         _150_ (net)
                      0.037301    0.000031   12.257996 v _700_/A (sky130_fd_sc_hd__or3_2)
     1    0.001300    0.068563    0.448961   12.706957 v _700_/X (sky130_fd_sc_hd__or3_2)
                                                         op_out[0] (net)
                      0.068563    0.000005   12.706962 v op_out[0] (out)
                                             12.706962   data arrival time

                      0.000000   20.000000   20.000000   clock virtual_clk (rise edge)
                                  0.000000   20.000000   clock network delay (ideal)
                                  0.000000   20.000000   clock reconvergence pessimism
                                 -2.000000   18.000000   output external delay
                                             18.000000   data required time
---------------------------------------------------------------------------------------------
                                             18.000000   data required time
                                            -12.706962   data arrival time
---------------------------------------------------------------------------------------------
                                              5.293038   slack (MET)


Startpoint: op_b[5] (input port clocked by virtual_clk)
Endpoint: op_out[1] (output port clocked by virtual_clk)
Path Group: virtual_clk
Path Type: max

Fanout         Cap        Slew       Delay        Time   Description
---------------------------------------------------------------------------------------------
                      0.000000    0.000000    0.000000   clock virtual_clk (rise edge)
                                  0.000000    0.000000   clock network delay (ideal)
                                  2.000000    2.000000 v input external delay
    18    0.082654    0.000000    0.000000    2.000000 v op_b[5] (in)
                                                         op_b[5] (net)
                      0.003158    0.001579    2.001579 v _469_/A (sky130_fd_sc_hd__or4_2)
     6    0.019995    0.158674    0.743570    2.745149 v _469_/X (sky130_fd_sc_hd__or4_2)
                                                         _306_ (net)
                      0.158674    0.000062    2.745211 v _472_/A3 (sky130_fd_sc_hd__o41ai_2)
     5    0.016224    0.502308    0.512592    3.257804 ^ _472_/Y (sky130_fd_sc_hd__o41ai_2)
                                                         _338_ (net)
                      0.502308    0.000014    3.257818 ^ _481_/A1 (sky130_fd_sc_hd__a211o_2)
     4    0.012381    0.074009    0.252351    3.510169 ^ _481_/X (sky130_fd_sc_hd__a211o_2)
                                                         _410_ (net)
                      0.074009    0.000066    3.510235 ^ _484_/A2 (sky130_fd_sc_hd__a21o_2)
     4    0.014513    0.084264    0.164474    3.674709 ^ _484_/X (sky130_fd_sc_hd__a21o_2)
                                                         _413_ (net)
                      0.084264    0.000019    3.674727 ^ _493_/A1 (sky130_fd_sc_hd__a211oi_2)
     3    0.009473    0.069561    0.086433    3.761160 v _493_/Y (sky130_fd_sc_hd__a211oi_2)
                                                         _422_ (net)
                      0.069561    0.000083    3.761243 v _503_/D (sky130_fd_sc_hd__or4_2)
     3    0.009217    0.128875    0.583356    4.344599 v _503_/X (sky130_fd_sc_hd__or4_2)
                                                         _432_ (net)
                      0.128875    0.000017    4.344616 v _507_/A3 (sky130_fd_sc_hd__a31o_2)
     2    0.006720    0.048141    0.286899    4.631515 v _507_/X (sky130_fd_sc_hd__a31o_2)
                                                         _436_ (net)
                      0.048141    0.000007    4.631522 v _509_/A2 (sky130_fd_sc_hd__a211o_2)
     3    0.009345    0.065054    0.351438    4.982959 v _509_/X (sky130_fd_sc_hd__a211o_2)
                                                         _438_ (net)
                      0.065054    0.000034    4.982993 v _515_/A1 (sky130_fd_sc_hd__a21oi_2)
     8    0.035249    0.438076    0.385695    5.368688 ^ _515_/Y (sky130_fd_sc_hd__a21oi_2)
                                                         _444_ (net)
                      0.438076    0.000033    5.368721 ^ _517_/S (sky130_fd_sc_hd__mux2_1)
     3    0.018635    0.126971    0.452806    5.821528 v _517_/X (sky130_fd_sc_hd__mux2_1)
                                                         _446_ (net)
                      0.126971    0.000115    5.821643 v _519_/B (sky130_fd_sc_hd__xnor2_2)
     3    0.017088    0.265134    0.259594    6.081237 ^ _519_/Y (sky130_fd_sc_hd__xnor2_2)
                                                         _448_ (net)
                      0.265134    0.000079    6.081316 ^ _543_/A1 (sky130_fd_sc_hd__a311oi_2)
     4    0.011007    0.136486    0.182448    6.263764 v _543_/Y (sky130_fd_sc_hd__a311oi_2)
                                                         _014_ (net)
                      0.136486    0.000024    6.263788 v _572_/A (sky130_fd_sc_hd__or3_2)
     4    0.013600    0.111762    0.555279    6.819068 v _572_/X (sky130_fd_sc_hd__or3_2)
                                                         _043_ (net)
                      0.111762    0.000057    6.819125 v _574_/C (sky130_fd_sc_hd__and3_2)
     3    0.008310    0.052474    0.252090    7.071215 v _574_/X (sky130_fd_sc_hd__and3_2)
                                                         _045_ (net)
                      0.052474    0.000012    7.071227 v _585_/A (sky130_fd_sc_hd__or4_2)
     1    0.002276    0.095948    0.647568    7.718795 v _585_/X (sky130_fd_sc_hd__or4_2)
                                                         _056_ (net)
                      0.095948    0.000011    7.718805 v _586_/C (sky130_fd_sc_hd__or4b_2)
     1    0.004722    0.109706    0.630298    8.349103 v _586_/X (sky130_fd_sc_hd__or4b_2)
                                                         _057_ (net)
                      0.109706    0.000010    8.349113 v _590_/A1 (sky130_fd_sc_hd__a311oi_2)
     8    0.031473    0.642013    0.556636    8.905748 ^ _590_/Y (sky130_fd_sc_hd__a311oi_2)
                                                         _061_ (net)
                      0.642013    0.000079    8.905828 ^ _619_/S (sky130_fd_sc_hd__mux2_1)
     5    0.025494    0.152046    0.497972    9.403800 v _619_/X (sky130_fd_sc_hd__mux2_1)
                                                         _090_ (net)
                      0.152046    0.000265    9.404064 v _623_/B1 (sky130_fd_sc_hd__o22a_2)
     2    0.004141    0.041468    0.240367    9.644431 v _623_/X (sky130_fd_sc_hd__o22a_2)
                                                         _094_ (net)
                      0.041468    0.000005    9.644437 v _624_/B (sky130_fd_sc_hd__or4bb_2)
     4    0.012250    0.130442    0.658309   10.302746 v _624_/X (sky130_fd_sc_hd__or4bb_2)
                                                         _095_ (net)
                      0.130442    0.000041   10.302787 v _628_/A1 (sky130_fd_sc_hd__a21oi_2)
    12    0.044204    0.540386    0.485798   10.788585 ^ _628_/Y (sky130_fd_sc_hd__a21oi_2)
                                                         _099_ (net)
                      0.540386    0.000252   10.788836 ^ _717_/A2 (sky130_fd_sc_hd__a22o_2)
     1    0.003067    0.039600    0.238238   11.027075 ^ _717_/X (sky130_fd_sc_hd__a22o_2)
                                                         _187_ (net)
                      0.039600    0.000015   11.027090 ^ _718_/B (sky130_fd_sc_hd__or2_2)
     1    0.001374    0.022823    0.084706   11.111795 ^ _718_/X (sky130_fd_sc_hd__or2_2)
                                                         op_out[1] (net)
                      0.022823    0.000006   11.111801 ^ op_out[1] (out)
                                             11.111801   data arrival time

                      0.000000   20.000000   20.000000   clock virtual_clk (rise edge)
                                  0.000000   20.000000   clock network delay (ideal)
                                  0.000000   20.000000   clock reconvergence pessimism
                                 -2.000000   18.000000   output external delay
                                             18.000000   data required time
---------------------------------------------------------------------------------------------
                                             18.000000   data required time
                                            -11.111801   data arrival time
---------------------------------------------------------------------------------------------
                                              6.888199   slack (MET)


Startpoint: op_b[5] (input port clocked by virtual_clk)
Endpoint: op_out[2] (output port clocked by virtual_clk)
Path Group: virtual_clk
Path Type: max

Fanout         Cap        Slew       Delay        Time   Description
---------------------------------------------------------------------------------------------
                      0.000000    0.000000    0.000000   clock virtual_clk (rise edge)
                                  0.000000    0.000000   clock network delay (ideal)
                                  2.000000    2.000000 v input external delay
    18    0.082654    0.000000    0.000000    2.000000 v op_b[5] (in)
                                                         op_b[5] (net)
                      0.003158    0.001579    2.001579 v _469_/A (sky130_fd_sc_hd__or4_2)
     6    0.019995    0.158674    0.743570    2.745149 v _469_/X (sky130_fd_sc_hd__or4_2)
                                                         _306_ (net)
                      0.158674    0.000062    2.745211 v _472_/A3 (sky130_fd_sc_hd__o41ai_2)
     5    0.016224    0.502308    0.512592    3.257804 ^ _472_/Y (sky130_fd_sc_hd__o41ai_2)
                                                         _338_ (net)
                      0.502308    0.000014    3.257818 ^ _481_/A1 (sky130_fd_sc_hd__a211o_2)
     4    0.012381    0.074009    0.252351    3.510169 ^ _481_/X (sky130_fd_sc_hd__a211o_2)
                                                         _410_ (net)
                      0.074009    0.000066    3.510235 ^ _484_/A2 (sky130_fd_sc_hd__a21o_2)
     4    0.014513    0.084264    0.164474    3.674709 ^ _484_/X (sky130_fd_sc_hd__a21o_2)
                                                         _413_ (net)
                      0.084264    0.000019    3.674727 ^ _493_/A1 (sky130_fd_sc_hd__a211oi_2)
     3    0.009473    0.069561    0.086433    3.761160 v _493_/Y (sky130_fd_sc_hd__a211oi_2)
                                                         _422_ (net)
                      0.069561    0.000083    3.761243 v _503_/D (sky130_fd_sc_hd__or4_2)
     3    0.009217    0.128875    0.583356    4.344599 v _503_/X (sky130_fd_sc_hd__or4_2)
                                                         _432_ (net)
                      0.128875    0.000017    4.344616 v _507_/A3 (sky130_fd_sc_hd__a31o_2)
     2    0.006720    0.048141    0.286899    4.631515 v _507_/X (sky130_fd_sc_hd__a31o_2)
                                                         _436_ (net)
                      0.048141    0.000007    4.631522 v _509_/A2 (sky130_fd_sc_hd__a211o_2)
     3    0.009345    0.065054    0.351438    4.982959 v _509_/X (sky130_fd_sc_hd__a211o_2)
                                                         _438_ (net)
                      0.065054    0.000034    4.982993 v _515_/A1 (sky130_fd_sc_hd__a21oi_2)
     8    0.035249    0.438076    0.385695    5.368688 ^ _515_/Y (sky130_fd_sc_hd__a21oi_2)
                                                         _444_ (net)
                      0.438076    0.000033    5.368721 ^ _517_/S (sky130_fd_sc_hd__mux2_1)
     3    0.018635    0.126971    0.452806    5.821528 v _517_/X (sky130_fd_sc_hd__mux2_1)
                                                         _446_ (net)
                      0.126971    0.000115    5.821643 v _519_/B (sky130_fd_sc_hd__xnor2_2)
     3    0.017088    0.265134    0.259594    6.081237 ^ _519_/Y (sky130_fd_sc_hd__xnor2_2)
                                                         _448_ (net)
                      0.265134    0.000079    6.081316 ^ _543_/A1 (sky130_fd_sc_hd__a311oi_2)
     4    0.011007    0.136486    0.182448    6.263764 v _543_/Y (sky130_fd_sc_hd__a311oi_2)
                                                         _014_ (net)
                      0.136486    0.000024    6.263788 v _572_/A (sky130_fd_sc_hd__or3_2)
     4    0.013600    0.111762    0.555279    6.819068 v _572_/X (sky130_fd_sc_hd__or3_2)
                                                         _043_ (net)
                      0.111762    0.000057    6.819125 v _574_/C (sky130_fd_sc_hd__and3_2)
     3    0.008310    0.052474    0.252090    7.071215 v _574_/X (sky130_fd_sc_hd__and3_2)
                                                         _045_ (net)
                      0.052474    0.000012    7.071227 v _585_/A (sky130_fd_sc_hd__or4_2)
     1    0.002276    0.095948    0.647568    7.718795 v _585_/X (sky130_fd_sc_hd__or4_2)
                                                         _056_ (net)
                      0.095948    0.000011    7.718805 v _586_/C (sky130_fd_sc_hd__or4b_2)
     1    0.004722    0.109706    0.630298    8.349103 v _586_/X (sky130_fd_sc_hd__or4b_2)
                                                         _057_ (net)
                      0.109706    0.000010    8.349113 v _590_/A1 (sky130_fd_sc_hd__a311oi_2)
     8    0.031473    0.642013    0.556636    8.905748 ^ _590_/Y (sky130_fd_sc_hd__a311oi_2)
                                                         _061_ (net)
                      0.642013    0.000218    8.905967 ^ _740_/A2 (sky130_fd_sc_hd__a211o_2)
     1    0.004808    0.045942    0.239623    9.145591 ^ _740_/X (sky130_fd_sc_hd__a211o_2)
                                                         _212_ (net)
                      0.045942    0.000056    9.145646 ^ _741_/B1 (sky130_fd_sc_hd__a21o_2)
     1    0.001273    0.023342    0.072832    9.218478 ^ _741_/X (sky130_fd_sc_hd__a21o_2)
                                                         op_out[2] (net)
                      0.023342    0.000005    9.218483 ^ op_out[2] (out)
                                              9.218483   data arrival time

                      0.000000   20.000000   20.000000   clock virtual_clk (rise edge)
                                  0.000000   20.000000   clock network delay (ideal)
                                  0.000000   20.000000   clock reconvergence pessimism
                                 -2.000000   18.000000   output external delay
                                             18.000000   data required time
---------------------------------------------------------------------------------------------
                                             18.000000   data required time
                                             -9.218483   data arrival time
---------------------------------------------------------------------------------------------
                                              8.781517   slack (MET)


Startpoint: op_b[5] (input port clocked by virtual_clk)
Endpoint: op_out[3] (output port clocked by virtual_clk)
Path Group: virtual_clk
Path Type: max

Fanout         Cap        Slew       Delay        Time   Description
---------------------------------------------------------------------------------------------
                      0.000000    0.000000    0.000000   clock virtual_clk (rise edge)
                                  0.000000    0.000000   clock network delay (ideal)
                                  2.000000    2.000000 v input external delay
    18    0.082654    0.000000    0.000000    2.000000 v op_b[5] (in)
                                                         op_b[5] (net)
                      0.003158    0.001579    2.001579 v _469_/A (sky130_fd_sc_hd__or4_2)
     6    0.019995    0.158674    0.743570    2.745149 v _469_/X (sky130_fd_sc_hd__or4_2)
                                                         _306_ (net)
                      0.158674    0.000062    2.745211 v _472_/A3 (sky130_fd_sc_hd__o41ai_2)
     5    0.016224    0.502308    0.512592    3.257804 ^ _472_/Y (sky130_fd_sc_hd__o41ai_2)
                                                         _338_ (net)
                      0.502308    0.000014    3.257818 ^ _481_/A1 (sky130_fd_sc_hd__a211o_2)
     4    0.012381    0.074009    0.252351    3.510169 ^ _481_/X (sky130_fd_sc_hd__a211o_2)
                                                         _410_ (net)
                      0.074009    0.000066    3.510235 ^ _484_/A2 (sky130_fd_sc_hd__a21o_2)
     4    0.014513    0.084264    0.164474    3.674709 ^ _484_/X (sky130_fd_sc_hd__a21o_2)
                                                         _413_ (net)
                      0.084264    0.000019    3.674727 ^ _493_/A1 (sky130_fd_sc_hd__a211oi_2)
     3    0.009473    0.069561    0.086433    3.761160 v _493_/Y (sky130_fd_sc_hd__a211oi_2)
                                                         _422_ (net)
                      0.069561    0.000083    3.761243 v _503_/D (sky130_fd_sc_hd__or4_2)
     3    0.009217    0.128875    0.583356    4.344599 v _503_/X (sky130_fd_sc_hd__or4_2)
                                                         _432_ (net)
                      0.128875    0.000017    4.344616 v _507_/A3 (sky130_fd_sc_hd__a31o_2)
     2    0.006720    0.048141    0.286899    4.631515 v _507_/X (sky130_fd_sc_hd__a31o_2)
                                                         _436_ (net)
                      0.048141    0.000007    4.631522 v _509_/A2 (sky130_fd_sc_hd__a211o_2)
     3    0.009345    0.065054    0.351438    4.982959 v _509_/X (sky130_fd_sc_hd__a211o_2)
                                                         _438_ (net)
                      0.065054    0.000034    4.982993 v _515_/A1 (sky130_fd_sc_hd__a21oi_2)
     8    0.035249    0.438076    0.385695    5.368688 ^ _515_/Y (sky130_fd_sc_hd__a21oi_2)
                                                         _444_ (net)
                      0.438076    0.000106    5.368794 ^ _524_/S (sky130_fd_sc_hd__mux2_1)
     2    0.006076    0.071095    0.387866    5.756660 v _524_/X (sky130_fd_sc_hd__mux2_1)
                                                         _453_ (net)
                      0.071095    0.000028    5.756688 v _539_/A2 (sky130_fd_sc_hd__a221o_2)
     3    0.011125    0.078561    0.423831    6.180519 v _539_/X (sky130_fd_sc_hd__a221o_2)
                                                         _010_ (net)
                      0.078561    0.000026    6.180545 v _543_/A3 (sky130_fd_sc_hd__a311oi_2)
     4    0.012006    0.330742    0.372471    6.553016 ^ _543_/Y (sky130_fd_sc_hd__a311oi_2)
                                                         _014_ (net)
                      0.330742    0.000052    6.553067 ^ _548_/A (sky130_fd_sc_hd__nor2_2)
     2    0.009863    0.080890    0.101878    6.654945 v _548_/Y (sky130_fd_sc_hd__nor2_2)
                                                         _019_ (net)
                      0.080890    0.000068    6.655013 v _769_/A2 (sky130_fd_sc_hd__a211o_2)
     1    0.002654    0.045761    0.332491    6.987504 v _769_/X (sky130_fd_sc_hd__a211o_2)
                                                         _243_ (net)
                      0.045761    0.000018    6.987522 v _770_/A_N (sky130_fd_sc_hd__nand2b_2)
     1    0.002158    0.037826    0.161347    7.148869 v _770_/Y (sky130_fd_sc_hd__nand2b_2)
                                                         op_out[3] (net)
                      0.037826    0.000016    7.148884 v op_out[3] (out)
                                              7.148884   data arrival time

                      0.000000   20.000000   20.000000   clock virtual_clk (rise edge)
                                  0.000000   20.000000   clock network delay (ideal)
                                  0.000000   20.000000   clock reconvergence pessimism
                                 -2.000000   18.000000   output external delay
                                             18.000000   data required time
---------------------------------------------------------------------------------------------
                                             18.000000   data required time
                                             -7.148884   data arrival time
---------------------------------------------------------------------------------------------
                                             10.851116   slack (MET)


Startpoint: op_b[5] (input port clocked by virtual_clk)
Endpoint: op_out[4] (output port clocked by virtual_clk)
Path Group: virtual_clk
Path Type: max

Fanout         Cap        Slew       Delay        Time   Description
---------------------------------------------------------------------------------------------
                      0.000000    0.000000    0.000000   clock virtual_clk (rise edge)
                                  0.000000    0.000000   clock network delay (ideal)
                                  2.000000    2.000000 v input external delay
    18    0.082654    0.000000    0.000000    2.000000 v op_b[5] (in)
                                                         op_b[5] (net)
                      0.003158    0.001579    2.001579 v _469_/A (sky130_fd_sc_hd__or4_2)
     6    0.019995    0.158674    0.743570    2.745149 v _469_/X (sky130_fd_sc_hd__or4_2)
                                                         _306_ (net)
                      0.158674    0.000062    2.745211 v _472_/A3 (sky130_fd_sc_hd__o41ai_2)
     5    0.016224    0.502308    0.512592    3.257804 ^ _472_/Y (sky130_fd_sc_hd__o41ai_2)
                                                         _338_ (net)
                      0.502308    0.000014    3.257818 ^ _481_/A1 (sky130_fd_sc_hd__a211o_2)
     4    0.012381    0.074009    0.252351    3.510169 ^ _481_/X (sky130_fd_sc_hd__a211o_2)
                                                         _410_ (net)
                      0.074009    0.000066    3.510235 ^ _484_/A2 (sky130_fd_sc_hd__a21o_2)
     4    0.014513    0.084264    0.164474    3.674709 ^ _484_/X (sky130_fd_sc_hd__a21o_2)
                                                         _413_ (net)
                      0.084264    0.000019    3.674727 ^ _493_/A1 (sky130_fd_sc_hd__a211oi_2)
     3    0.009473    0.069561    0.086433    3.761160 v _493_/Y (sky130_fd_sc_hd__a211oi_2)
                                                         _422_ (net)
                      0.069561    0.000083    3.761243 v _503_/D (sky130_fd_sc_hd__or4_2)
     3    0.009217    0.128875    0.583356    4.344599 v _503_/X (sky130_fd_sc_hd__or4_2)
                                                         _432_ (net)
                      0.128875    0.000017    4.344616 v _507_/A3 (sky130_fd_sc_hd__a31o_2)
     2    0.006720    0.048141    0.286899    4.631515 v _507_/X (sky130_fd_sc_hd__a31o_2)
                                                         _436_ (net)
                      0.048141    0.000007    4.631522 v _509_/A2 (sky130_fd_sc_hd__a211o_2)
     3    0.009345    0.065054    0.351438    4.982959 v _509_/X (sky130_fd_sc_hd__a211o_2)
                                                         _438_ (net)
                      0.065054    0.000034    4.982993 v _515_/A1 (sky130_fd_sc_hd__a21oi_2)
     8    0.035249    0.438076    0.385695    5.368688 ^ _515_/Y (sky130_fd_sc_hd__a21oi_2)
                                                         _444_ (net)
                      0.438076    0.000155    5.368843 ^ _797_/A2 (sky130_fd_sc_hd__a211oi_2)
     1    0.005437    0.095313    0.141630    5.510473 v _797_/Y (sky130_fd_sc_hd__a211oi_2)
                                                         _272_ (net)
                      0.095313    0.000038    5.510511 v _798_/B1 (sky130_fd_sc_hd__o31ai_2)
     1    0.002444    0.161031    0.070743    5.581255 ^ _798_/Y (sky130_fd_sc_hd__o31ai_2)
                                                         op_out[4] (net)
                      0.161031    0.000020    5.581274 ^ op_out[4] (out)
                                              5.581274   data arrival time

                      0.000000   20.000000   20.000000   clock virtual_clk (rise edge)
                                  0.000000   20.000000   clock network delay (ideal)
                                  0.000000   20.000000   clock reconvergence pessimism
                                 -2.000000   18.000000   output external delay
                                             18.000000   data required time
---------------------------------------------------------------------------------------------
                                             18.000000   data required time
                                             -5.581274   data arrival time
---------------------------------------------------------------------------------------------
                                             12.418726   slack (MET)


Startpoint: op_a[5] (input port clocked by virtual_clk)
Endpoint: op_out[7] (output port clocked by virtual_clk)
Path Group: virtual_clk
Path Type: max

Fanout         Cap        Slew       Delay        Time   Description
---------------------------------------------------------------------------------------------
                      0.000000    0.000000    0.000000   clock virtual_clk (rise edge)
                                  0.000000    0.000000   clock network delay (ideal)
                                  2.000000    2.000000 v input external delay
    14    0.054129    0.000000    0.000000    2.000000 v op_a[5] (in)
                                                         op_a[5] (net)
                      0.001671    0.000835    2.000835 v _488_/B (sky130_fd_sc_hd__and2_2)
     4    0.009988    0.054776    0.189216    2.190052 v _488_/X (sky130_fd_sc_hd__and2_2)
                                                         _417_ (net)
                      0.054776    0.000014    2.190065 v _861_/C (sky130_fd_sc_hd__and3_2)
     2    0.003360    0.039956    0.208092    2.398157 v _861_/X (sky130_fd_sc_hd__and3_2)
                                                         _341_ (net)
                      0.039956    0.000009    2.398166 v _863_/A (sky130_fd_sc_hd__or2_2)
     1    0.008067    0.071678    0.310417    2.708583 v _863_/X (sky130_fd_sc_hd__or2_2)
                                                         _343_ (net)
                      0.071678    0.000008    2.708591 v _864_/B (sky130_fd_sc_hd__xor2_2)
     2    0.007073    0.053837    0.157746    2.866337 v _864_/X (sky130_fd_sc_hd__xor2_2)
                                                         _344_ (net)
                      0.053837    0.000029    2.866366 v _866_/B1 (sky130_fd_sc_hd__o21a_2)
     2    0.006218    0.041838    0.123967    2.990333 v _866_/X (sky130_fd_sc_hd__o21a_2)
                                                         _346_ (net)
                      0.041838    0.000010    2.990342 v _867_/B (sky130_fd_sc_hd__or2_2)
     2    0.012542    0.084519    0.310177    3.300519 v _867_/X (sky130_fd_sc_hd__or2_2)
                                                         _347_ (net)
                      0.084519    0.000019    3.300538 v _869_/B (sky130_fd_sc_hd__xor2_2)
     2    0.006150    0.069801    0.159831    3.460369 v _869_/X (sky130_fd_sc_hd__xor2_2)
                                                         _350_ (net)
                      0.069801    0.000014    3.460383 v _870_/C (sky130_fd_sc_hd__and3_2)
     2    0.006629    0.046837    0.227393    3.687776 v _870_/X (sky130_fd_sc_hd__and3_2)
                                                         _351_ (net)
                      0.046837    0.000015    3.687791 v _873_/B (sky130_fd_sc_hd__or3_2)
     3    0.008202    0.093803    0.473648    4.161439 v _873_/X (sky130_fd_sc_hd__or3_2)
                                                         _354_ (net)
                      0.093803    0.000029    4.161469 v _875_/C (sky130_fd_sc_hd__and3_2)
     1    0.008242    0.052327    0.243729    4.405198 v _875_/X (sky130_fd_sc_hd__and3_2)
                                                         _356_ (net)
                      0.052327    0.000007    4.405205 v _893_/B (sky130_fd_sc_hd__xnor2_2)
     1    0.008748    0.064990    0.143188    4.548393 v _893_/Y (sky130_fd_sc_hd__xnor2_2)
                                                         _375_ (net)
                      0.064990    0.000021    4.548414 v _916_/A (sky130_fd_sc_hd__xnor2_2)
     2    0.009553    0.073091    0.156578    4.704992 v _916_/Y (sky130_fd_sc_hd__xnor2_2)
                                                         _400_ (net)
                      0.073091    0.000201    4.705194 v _917_/B (sky130_fd_sc_hd__or2_2)
     1    0.002456    0.053419    0.274396    4.979589 v _917_/X (sky130_fd_sc_hd__or2_2)
                                                         _401_ (net)
                      0.053419    0.000004    4.979593 v _923_/A2 (sky130_fd_sc_hd__a311o_2)
     1    0.001033    0.045742    0.341384    5.320977 v _923_/X (sky130_fd_sc_hd__a311o_2)
                                                         op_out[7] (net)
                      0.045742    0.000003    5.320980 v op_out[7] (out)
                                              5.320980   data arrival time

                      0.000000   20.000000   20.000000   clock virtual_clk (rise edge)
                                  0.000000   20.000000   clock network delay (ideal)
                                  0.000000   20.000000   clock reconvergence pessimism
                                 -2.000000   18.000000   output external delay
                                             18.000000   data required time
---------------------------------------------------------------------------------------------
                                             18.000000   data required time
                                             -5.320980   data arrival time
---------------------------------------------------------------------------------------------
                                             12.679021   slack (MET)


Startpoint: inst[0] (input port clocked by virtual_clk)
Endpoint: op_out[5] (output port clocked by virtual_clk)
Path Group: virtual_clk
Path Type: max

Fanout         Cap        Slew       Delay        Time   Description
---------------------------------------------------------------------------------------------
                      0.000000    0.000000    0.000000   clock virtual_clk (rise edge)
                                  0.000000    0.000000   clock network delay (ideal)
                                  2.000000    2.000000 v input external delay
     7    0.018564    0.000000    0.000000    2.000000 v inst[0] (in)
                                                         inst[0] (net)
                      0.000223    0.000111    2.000111 v _689_/A (sky130_fd_sc_hd__or4b_2)
     7    0.028197    0.189293    0.787058    2.787170 v _689_/X (sky130_fd_sc_hd__or4b_2)
                                                         _160_ (net)
                      0.189293    0.000073    2.787242 v _711_/B (sky130_fd_sc_hd__nand2_2)
     1    0.008664    0.083237    0.139116    2.926358 ^ _711_/Y (sky130_fd_sc_hd__nand2_2)
                                                         _181_ (net)
                      0.083237    0.000011    2.926369 ^ _712_/B (sky130_fd_sc_hd__xnor2_2)
     2    0.013581    0.095253    0.095022    3.021390 v _712_/Y (sky130_fd_sc_hd__xnor2_2)
                                                         _182_ (net)
                      0.095253    0.000054    3.021445 v _714_/B (sky130_fd_sc_hd__xnor2_2)
     2    0.006131    0.060264    0.152557    3.174001 v _714_/Y (sky130_fd_sc_hd__xnor2_2)
                                                         _184_ (net)
                      0.060264    0.000005    3.174006 v _715_/B (sky130_fd_sc_hd__or2_2)
     3    0.009486    0.075642    0.303585    3.477592 v _715_/X (sky130_fd_sc_hd__or2_2)
                                                         _185_ (net)
                      0.075642    0.000021    3.477613 v _724_/A2 (sky130_fd_sc_hd__a21o_2)
     3    0.007063    0.043956    0.230786    3.708399 v _724_/X (sky130_fd_sc_hd__a21o_2)
                                                         _194_ (net)
                      0.043956    0.000028    3.708426 v _748_/A2 (sky130_fd_sc_hd__a21o_2)
     3    0.008118    0.048203    0.221674    3.930100 v _748_/X (sky130_fd_sc_hd__a21o_2)
                                                         _219_ (net)
                      0.048203    0.000016    3.930117 v _775_/A2 (sky130_fd_sc_hd__a21oi_2)
     2    0.008023    0.136132    0.163375    4.093492 ^ _775_/Y (sky130_fd_sc_hd__a21oi_2)
                                                         _248_ (net)
                      0.136132    0.000010    4.093502 ^ _828_/B1 (sky130_fd_sc_hd__a21o_2)
     2    0.009629    0.060705    0.132323    4.225826 ^ _828_/X (sky130_fd_sc_hd__a21o_2)
                                                         _305_ (net)
                      0.060705    0.000117    4.225943 ^ _834_/A (sky130_fd_sc_hd__nand2_2)
     3    0.009095    0.046683    0.060246    4.286189 v _834_/Y (sky130_fd_sc_hd__nand2_2)
                                                         _312_ (net)
                      0.046683    0.000000    4.286189 v _836_/B (sky130_fd_sc_hd__and3b_2)
     1    0.005913    0.045275    0.200450    4.486639 v _836_/X (sky130_fd_sc_hd__and3b_2)
                                                         _314_ (net)
                      0.045275    0.000070    4.486709 v _841_/B1 (sky130_fd_sc_hd__a31o_2)
     1    0.003114    0.037316    0.208142    4.694851 v _841_/X (sky130_fd_sc_hd__a31o_2)
                                                         _320_ (net)
                      0.037316    0.000018    4.694869 v _842_/C (sky130_fd_sc_hd__or3_2)
     1    0.002748    0.074771    0.398897    5.093766 v _842_/X (sky130_fd_sc_hd__or3_2)
                                                         op_out[5] (net)
                      0.074771    0.000025    5.093792 v op_out[5] (out)
                                              5.093792   data arrival time

                      0.000000   20.000000   20.000000   clock virtual_clk (rise edge)
                                  0.000000   20.000000   clock network delay (ideal)
                                  0.000000   20.000000   clock reconvergence pessimism
                                 -2.000000   18.000000   output external delay
                                             18.000000   data required time
---------------------------------------------------------------------------------------------
                                             18.000000   data required time
                                             -5.093792   data arrival time
---------------------------------------------------------------------------------------------
                                             12.906208   slack (MET)


Startpoint: inst[0] (input port clocked by virtual_clk)
Endpoint: op_out[6] (output port clocked by virtual_clk)
Path Group: virtual_clk
Path Type: max

Fanout         Cap        Slew       Delay        Time   Description
---------------------------------------------------------------------------------------------
                      0.000000    0.000000    0.000000   clock virtual_clk (rise edge)
                                  0.000000    0.000000   clock network delay (ideal)
                                  2.000000    2.000000 v input external delay
     7    0.018564    0.000000    0.000000    2.000000 v inst[0] (in)
                                                         inst[0] (net)
                      0.000223    0.000111    2.000111 v _689_/A (sky130_fd_sc_hd__or4b_2)
     7    0.028197    0.189293    0.787058    2.787170 v _689_/X (sky130_fd_sc_hd__or4b_2)
                                                         _160_ (net)
                      0.189293    0.000073    2.787242 v _711_/B (sky130_fd_sc_hd__nand2_2)
     1    0.008664    0.083237    0.139116    2.926358 ^ _711_/Y (sky130_fd_sc_hd__nand2_2)
                                                         _181_ (net)
                      0.083237    0.000011    2.926369 ^ _712_/B (sky130_fd_sc_hd__xnor2_2)
     2    0.013581    0.095253    0.095022    3.021390 v _712_/Y (sky130_fd_sc_hd__xnor2_2)
                                                         _182_ (net)
                      0.095253    0.000054    3.021445 v _714_/B (sky130_fd_sc_hd__xnor2_2)
     2    0.006131    0.060264    0.152557    3.174001 v _714_/Y (sky130_fd_sc_hd__xnor2_2)
                                                         _184_ (net)
                      0.060264    0.000005    3.174006 v _715_/B (sky130_fd_sc_hd__or2_2)
     3    0.009486    0.075642    0.303585    3.477592 v _715_/X (sky130_fd_sc_hd__or2_2)
                                                         _185_ (net)
                      0.075642    0.000021    3.477613 v _724_/A2 (sky130_fd_sc_hd__a21o_2)
     3    0.007063    0.043956    0.230786    3.708399 v _724_/X (sky130_fd_sc_hd__a21o_2)
                                                         _194_ (net)
                      0.043956    0.000028    3.708426 v _748_/A2 (sky130_fd_sc_hd__a21o_2)
     3    0.008118    0.048203    0.221674    3.930100 v _748_/X (sky130_fd_sc_hd__a21o_2)
                                                         _219_ (net)
                      0.048203    0.000016    3.930117 v _775_/A2 (sky130_fd_sc_hd__a21oi_2)
     2    0.008023    0.136132    0.163375    4.093492 ^ _775_/Y (sky130_fd_sc_hd__a21oi_2)
                                                         _248_ (net)
                      0.136132    0.000010    4.093502 ^ _828_/B1 (sky130_fd_sc_hd__a21o_2)
     2    0.009629    0.060705    0.132323    4.225826 ^ _828_/X (sky130_fd_sc_hd__a21o_2)
                                                         _305_ (net)
                      0.060705    0.000117    4.225943 ^ _834_/A (sky130_fd_sc_hd__nand2_2)
     3    0.009095    0.046683    0.060246    4.286189 v _834_/Y (sky130_fd_sc_hd__nand2_2)
                                                         _312_ (net)
                      0.046683    0.000029    4.286218 v _847_/A2 (sky130_fd_sc_hd__a21oi_2)
     2    0.009978    0.156707    0.177838    4.464056 ^ _847_/Y (sky130_fd_sc_hd__a21oi_2)
                                                         _325_ (net)
                      0.156707    0.000003    4.464058 ^ _849_/A (sky130_fd_sc_hd__nor2_2)
     1    0.004098    0.041216    0.060046    4.524104 v _849_/Y (sky130_fd_sc_hd__nor2_2)
                                                         _328_ (net)
                      0.041216    0.000028    4.524132 v _884_/B1 (sky130_fd_sc_hd__a211o_2)
     1    0.004771    0.053346    0.306317    4.830449 v _884_/X (sky130_fd_sc_hd__a211o_2)
                                                         _366_ (net)
                      0.053346    0.000041    4.830490 v _885_/B1 (sky130_fd_sc_hd__a31o_2)
     1    0.000903    0.031139    0.198708    5.029198 v _885_/X (sky130_fd_sc_hd__a31o_2)
                                                         op_out[6] (net)
                      0.031139    0.000002    5.029200 v op_out[6] (out)
                                              5.029200   data arrival time

                      0.000000   20.000000   20.000000   clock virtual_clk (rise edge)
                                  0.000000   20.000000   clock network delay (ideal)
                                  0.000000   20.000000   clock reconvergence pessimism
                                 -2.000000   18.000000   output external delay
                                             18.000000   data required time
---------------------------------------------------------------------------------------------
                                             18.000000   data required time
                                             -5.029200   data arrival time
---------------------------------------------------------------------------------------------
                                             12.970799   slack (MET)



%OL_END_REPORT
%OL_CREATE_REPORT checks.rpt

===========================================================================
report_checks -unconstrained
===========================================================================
======================= nom_tt_025C_1v80 Corner ===================================

Startpoint: op_b[5] (input port clocked by virtual_clk)
Endpoint: op_out[0] (output port clocked by virtual_clk)
Path Group: virtual_clk
Path Type: max

Fanout         Cap        Slew       Delay        Time   Description
---------------------------------------------------------------------------------------------
                      0.000000    0.000000    0.000000   clock virtual_clk (rise edge)
                                  0.000000    0.000000   clock network delay (ideal)
                                  2.000000    2.000000 v input external delay
    18    0.082654    0.000000    0.000000    2.000000 v op_b[5] (in)
                                                         op_b[5] (net)
                      0.003158    0.001579    2.001579 v _469_/A (sky130_fd_sc_hd__or4_2)
     6    0.019995    0.158674    0.743570    2.745149 v _469_/X (sky130_fd_sc_hd__or4_2)
                                                         _306_ (net)
                      0.158674    0.000062    2.745211 v _472_/A3 (sky130_fd_sc_hd__o41ai_2)
     5    0.016224    0.502308    0.512592    3.257804 ^ _472_/Y (sky130_fd_sc_hd__o41ai_2)
                                                         _338_ (net)
                      0.502308    0.000014    3.257818 ^ _481_/A1 (sky130_fd_sc_hd__a211o_2)
     4    0.012381    0.074009    0.252351    3.510169 ^ _481_/X (sky130_fd_sc_hd__a211o_2)
                                                         _410_ (net)
                      0.074009    0.000066    3.510235 ^ _484_/A2 (sky130_fd_sc_hd__a21o_2)
     4    0.014513    0.084264    0.164474    3.674709 ^ _484_/X (sky130_fd_sc_hd__a21o_2)
                                                         _413_ (net)
                      0.084264    0.000019    3.674727 ^ _493_/A1 (sky130_fd_sc_hd__a211oi_2)
     3    0.009473    0.069561    0.086433    3.761160 v _493_/Y (sky130_fd_sc_hd__a211oi_2)
                                                         _422_ (net)
                      0.069561    0.000083    3.761243 v _503_/D (sky130_fd_sc_hd__or4_2)
     3    0.009217    0.128875    0.583356    4.344599 v _503_/X (sky130_fd_sc_hd__or4_2)
                                                         _432_ (net)
                      0.128875    0.000017    4.344616 v _507_/A3 (sky130_fd_sc_hd__a31o_2)
     2    0.006720    0.048141    0.286899    4.631515 v _507_/X (sky130_fd_sc_hd__a31o_2)
                                                         _436_ (net)
                      0.048141    0.000007    4.631522 v _509_/A2 (sky130_fd_sc_hd__a211o_2)
     3    0.009345    0.065054    0.351438    4.982959 v _509_/X (sky130_fd_sc_hd__a211o_2)
                                                         _438_ (net)
                      0.065054    0.000034    4.982993 v _515_/A1 (sky130_fd_sc_hd__a21oi_2)
     8    0.035249    0.438076    0.385695    5.368688 ^ _515_/Y (sky130_fd_sc_hd__a21oi_2)
                                                         _444_ (net)
                      0.438076    0.000033    5.368721 ^ _517_/S (sky130_fd_sc_hd__mux2_1)
     3    0.018635    0.126971    0.452806    5.821528 v _517_/X (sky130_fd_sc_hd__mux2_1)
                                                         _446_ (net)
                      0.126971    0.000115    5.821643 v _519_/B (sky130_fd_sc_hd__xnor2_2)
     3    0.017088    0.265134    0.259594    6.081237 ^ _519_/Y (sky130_fd_sc_hd__xnor2_2)
                                                         _448_ (net)
                      0.265134    0.000079    6.081316 ^ _543_/A1 (sky130_fd_sc_hd__a311oi_2)
     4    0.011007    0.136486    0.182448    6.263764 v _543_/Y (sky130_fd_sc_hd__a311oi_2)
                                                         _014_ (net)
                      0.136486    0.000024    6.263788 v _572_/A (sky130_fd_sc_hd__or3_2)
     4    0.013600    0.111762    0.555279    6.819068 v _572_/X (sky130_fd_sc_hd__or3_2)
                                                         _043_ (net)
                      0.111762    0.000057    6.819125 v _574_/C (sky130_fd_sc_hd__and3_2)
     3    0.008310    0.052474    0.252090    7.071215 v _574_/X (sky130_fd_sc_hd__and3_2)
                                                         _045_ (net)
                      0.052474    0.000012    7.071227 v _585_/A (sky130_fd_sc_hd__or4_2)
     1    0.002276    0.095948    0.647568    7.718795 v _585_/X (sky130_fd_sc_hd__or4_2)
                                                         _056_ (net)
                      0.095948    0.000011    7.718805 v _586_/C (sky130_fd_sc_hd__or4b_2)
     1    0.004722    0.109706    0.630298    8.349103 v _586_/X (sky130_fd_sc_hd__or4b_2)
                                                         _057_ (net)
                      0.109706    0.000010    8.349113 v _590_/A1 (sky130_fd_sc_hd__a311oi_2)
     8    0.031473    0.642013    0.556636    8.905748 ^ _590_/Y (sky130_fd_sc_hd__a311oi_2)
                                                         _061_ (net)
                      0.642013    0.000079    8.905828 ^ _619_/S (sky130_fd_sc_hd__mux2_1)
     5    0.025494    0.152046    0.497972    9.403800 v _619_/X (sky130_fd_sc_hd__mux2_1)
                                                         _090_ (net)
                      0.152046    0.000265    9.404064 v _623_/B1 (sky130_fd_sc_hd__o22a_2)
     2    0.004141    0.041468    0.240367    9.644431 v _623_/X (sky130_fd_sc_hd__o22a_2)
                                                         _094_ (net)
                      0.041468    0.000005    9.644437 v _624_/B (sky130_fd_sc_hd__or4bb_2)
     4    0.012250    0.130442    0.658309   10.302746 v _624_/X (sky130_fd_sc_hd__or4bb_2)
                                                         _095_ (net)
                      0.130442    0.000041   10.302787 v _628_/A1 (sky130_fd_sc_hd__a21oi_2)
    12    0.044204    0.540386    0.485798   10.788585 ^ _628_/Y (sky130_fd_sc_hd__a21oi_2)
                                                         _099_ (net)
                      0.540386    0.000239   10.788823 ^ _665_/S (sky130_fd_sc_hd__mux2_1)
     3    0.009212    0.089969    0.415887   11.204710 v _665_/X (sky130_fd_sc_hd__mux2_1)
                                                         _136_ (net)
                      0.089969    0.000007   11.204718 v _669_/A2 (sky130_fd_sc_hd__a21o_2)
     1    0.002587    0.033548    0.219062   11.423779 v _669_/X (sky130_fd_sc_hd__a21o_2)
                                                         _140_ (net)
                      0.033548    0.000004   11.423784 v _671_/A2 (sky130_fd_sc_hd__o211a_2)
     1    0.003267    0.041659    0.228829   11.652613 v _671_/X (sky130_fd_sc_hd__o211a_2)
                                                         _142_ (net)
                      0.041659    0.000015   11.652628 v _672_/B2 (sky130_fd_sc_hd__o221a_2)
     1    0.002394    0.042036    0.216150   11.868777 v _672_/X (sky130_fd_sc_hd__o221a_2)
                                                         _143_ (net)
                      0.042036    0.000002   11.868779 v _675_/A2 (sky130_fd_sc_hd__o21a_2)
     1    0.003110    0.034011    0.186077   12.054856 v _675_/X (sky130_fd_sc_hd__o21a_2)
                                                         _146_ (net)
                      0.034011    0.000012   12.054868 v _679_/A1 (sky130_fd_sc_hd__o21a_2)
     1    0.004078    0.037301    0.203097   12.257965 v _679_/X (sky130_fd_sc_hd__o21a_2)
                                                         _150_ (net)
                      0.037301    0.000031   12.257996 v _700_/A (sky130_fd_sc_hd__or3_2)
     1    0.001300    0.068563    0.448961   12.706957 v _700_/X (sky130_fd_sc_hd__or3_2)
                                                         op_out[0] (net)
                      0.068563    0.000005   12.706962 v op_out[0] (out)
                                             12.706962   data arrival time

                      0.000000   20.000000   20.000000   clock virtual_clk (rise edge)
                                  0.000000   20.000000   clock network delay (ideal)
                                  0.000000   20.000000   clock reconvergence pessimism
                                 -2.000000   18.000000   output external delay
                                             18.000000   data required time
---------------------------------------------------------------------------------------------
                                             18.000000   data required time
                                            -12.706962   data arrival time
---------------------------------------------------------------------------------------------
                                              5.293038   slack (MET)




===========================================================================
report_checks --slack_max -0.01
============================================================================
======================= nom_tt_025C_1v80 Corner ===================================

No paths found.


===========================================================================
 report_check_types -max_slew -max_cap -max_fanout -violators
============================================================================
======================= nom_tt_025C_1v80 Corner ===================================

max fanout

Pin                                   Limit Fanout  Slack
---------------------------------------------------------
op_b[1]                                  16     27    -11 (VIOLATED)
op_b[2]                                  16     23     -7 (VIOLATED)
op_b[4]                                  16     23     -7 (VIOLATED)
op_a[2]                                  16     22     -6 (VIOLATED)
op_b[0]                                  16     22     -6 (VIOLATED)
op_b[3]                                  16     22     -6 (VIOLATED)
op_a[0]                                  16     21     -5 (VIOLATED)
op_a[1]                                  16     21     -5 (VIOLATED)
op_a[4]                                  16     19     -3 (VIOLATED)
op_b[5]                                  16     18     -2 (VIOLATED)
op_b[6]                                  16     17        (VIOLATED)



===========================================================================
report_parasitic_annotation -report_unannotated
============================================================================
Found 0 unannotated drivers.
Found 0 partially unannotated drivers.

===========================================================================
max slew violation count 0
Writing metric design__max_slew_violation__count__corner:nom_tt_025C_1v80: 0
max fanout violation count 11
Writing metric design__max_fanout_violation__count__corner:nom_tt_025C_1v80: 11
max cap violation count 0
Writing metric design__max_cap_violation__count__corner:nom_tt_025C_1v80: 0
============================================================================

===========================================================================
check_setup -verbose -unconstrained_endpoints -multiple_clock -no_clock -no_input_delay -loops -generated_clocks
===========================================================================
%OL_END_REPORT
%OL_CREATE_REPORT power.rpt

===========================================================================
 report_power
============================================================================
======================= nom_tt_025C_1v80 Corner ===================================

Group                    Internal    Switching      Leakage        Total
                            Power        Power        Power        Power (Watts)
------------------------------------------------------------------------
Sequential           0.000000e+00 0.000000e+00 0.000000e+00 0.000000e+00   0.0%
Combinational        8.010829e-05 6.235555e-05 1.782256e-09 1.424656e-04 100.0%
Clock                0.000000e+00 0.000000e+00 2.462428e-10 2.462428e-10   0.0%
Macro                0.000000e+00 0.000000e+00 0.000000e+00 0.000000e+00   0.0%
Pad                  0.000000e+00 0.000000e+00 0.000000e+00 0.000000e+00   0.0%
------------------------------------------------------------------------
Total                8.010829e-05 6.235555e-05 2.028502e-09 1.424659e-04 100.0%
                            56.2%        43.8%         0.0%
Writing metric power__internal__total: 8.01082860562019e-5
Writing metric power__switching__total: 6.235555338207632e-5
Writing metric power__leakage__total: 2.028501588924314e-9
Writing metric power__total: 0.00014246585487853736

%OL_END_REPORT
%OL_CREATE_REPORT skew.min.rpt

===========================================================================
Clock Skew (Hold)
============================================================================
Writing metric clock__skew__worst_hold__corner:nom_tt_025C_1v80: 0.0
======================= nom_tt_025C_1v80 Corner ===================================

Clock virtual_clk
No launch/capture paths found.

%OL_END_REPORT
%OL_CREATE_REPORT skew.max.rpt

===========================================================================
Clock Skew (Setup)
============================================================================
Writing metric clock__skew__worst_setup__corner:nom_tt_025C_1v80: 0.0
======================= nom_tt_025C_1v80 Corner ===================================

Clock virtual_clk
No launch/capture paths found.

%OL_END_REPORT
%OL_CREATE_REPORT ws.min.rpt

===========================================================================
Worst Slack (Hold)
============================================================================
Writing metric timing__hold__ws__corner:nom_tt_025C_1v80: 4.190899301769618
nom_tt_025C_1v80: 4.190899301769618
%OL_END_REPORT
%OL_CREATE_REPORT ws.max.rpt

===========================================================================
Worst Slack (Setup)
============================================================================
Writing metric timing__setup__ws__corner:nom_tt_025C_1v80: 5.2930381575892795
nom_tt_025C_1v80: 5.2930381575892795
%OL_END_REPORT
%OL_CREATE_REPORT tns.min.rpt

===========================================================================
Total Negative Slack (Hold)
============================================================================
Writing metric timing__hold__tns__corner:nom_tt_025C_1v80: 0.0
nom_tt_025C_1v80: 0.0
%OL_END_REPORT
%OL_CREATE_REPORT tns.max.rpt

===========================================================================
Total Negative Slack (Setup)
============================================================================
Writing metric timing__setup__tns__corner:nom_tt_025C_1v80: 0.0
nom_tt_025C_1v80: 0.0
%OL_END_REPORT
%OL_CREATE_REPORT wns.min.rpt

===========================================================================
Worst Negative Slack (Hold)
============================================================================
Writing metric timing__hold__wns__corner:nom_tt_025C_1v80: 0
nom_tt_025C_1v80: 0
%OL_END_REPORT
%OL_CREATE_REPORT wns.max.rpt

===========================================================================
Worst Negative Slack (Setup)
============================================================================
Writing metric timing__setup__wns__corner:nom_tt_025C_1v80: 0.0
nom_tt_025C_1v80: 0.0
%OL_END_REPORT
%OL_CREATE_REPORT violator_list.rpt

===========================================================================
Violator List
============================================================================
Writing metric timing__hold_vio__count__corner:nom_tt_025C_1v80: 0
Writing metric timing__hold_r2r__ws__corner:nom_tt_025C_1v80: 1e30
Writing metric timing__hold_r2r_vio__count__corner:nom_tt_025C_1v80: 0
Writing metric timing__setup_vio__count__corner:nom_tt_025C_1v80: 0
Writing metric timing__setup_r2r__ws__corner:nom_tt_025C_1v80: 1e30
Writing metric timing__setup_r2r_vio__count__corner:nom_tt_025C_1v80: 0
%OL_END_REPORT
%OL_CREATE_REPORT unpropagated.rpt
virtual_clk
%OL_END_REPORT
%OL_CREATE_REPORT clock.rpt
Clock: virtual_clk
Sources: 
Generated: no
Virtual: yes
Propagated: no
Period: 20.000000

===========================================================================
report_clock_properties
============================================================================
Clock                   Period          Waveform
----------------------------------------------------
virtual_clk          20.000000    0.000000 10.000000

===========================================================================
report_clock_latency
============================================================================
Clock virtual_clk


===========================================================================
report_clock_min_period
============================================================================
virtual_clk period_min = 0.00 fmax = inf
%OL_END_REPORT
