
===========================================================================
report_checks -unconstrained
===========================================================================
======================= min_ff_n40C_1v95 Corner ===================================

Startpoint: op_b[3] (input port clocked by __VIRTUAL_CLK__)
Endpoint: op_out[0] (output port clocked by __VIRTUAL_CLK__)
Path Group: __VIRTUAL_CLK__
Path Type: max

Fanout         Cap        Slew       Delay        Time   Description
---------------------------------------------------------------------------------------------
                      0.000000    0.000000    0.000000   clock __VIRTUAL_CLK__ (rise edge)
                                  0.000000    0.000000   clock network delay (ideal)
                                  2.000000    2.000000 v input external delay
     1    0.002606    0.004447    0.002089    2.002089 v op_b[3] (in)
                                                         op_b[3] (net)
                      0.004447    0.000000    2.002089 v input16/A (sky130_fd_sc_hd__clkbuf_1)
     1    0.007392    0.034730    0.061107    2.063195 v input16/X (sky130_fd_sc_hd__clkbuf_1)
                                                         net16 (net)
                      0.034730    0.000193    2.063388 v fanout58/A (sky130_fd_sc_hd__clkbuf_4)
     9    0.053001    0.079817    0.144055    2.207443 v fanout58/X (sky130_fd_sc_hd__clkbuf_4)
                                                         net58 (net)
                      0.079847    0.001465    2.208909 v fanout56/A (sky130_fd_sc_hd__buf_2)
    10    0.038089    0.068633    0.141953    2.350862 v fanout56/X (sky130_fd_sc_hd__buf_2)
                                                         net56 (net)
                      0.068639    0.000693    2.351555 v _470_/A (sky130_fd_sc_hd__or2_4)
     4    0.015488    0.044152    0.180952    2.532507 v _470_/X (sky130_fd_sc_hd__or2_4)
                                                         _317_ (net)
                      0.044152    0.000123    2.532629 v _472_/A3 (sky130_fd_sc_hd__o41ai_4)
     5    0.016472    0.271587    0.270566    2.803195 ^ _472_/Y (sky130_fd_sc_hd__o41ai_4)
                                                         _338_ (net)
                      0.271587    0.000158    2.803353 ^ _481_/A2 (sky130_fd_sc_hd__a211o_1)
     4    0.012590    0.088756    0.139893    2.943246 ^ _481_/X (sky130_fd_sc_hd__a211o_1)
                                                         _410_ (net)
                      0.088756    0.000111    2.943358 ^ _484_/A1 (sky130_fd_sc_hd__a21o_1)
     4    0.014671    0.100633    0.124916    3.068274 ^ _484_/X (sky130_fd_sc_hd__a21o_1)
                                                         _413_ (net)
                      0.100633    0.000094    3.068368 ^ _493_/A1 (sky130_fd_sc_hd__a211oi_2)
     3    0.009080    0.054079    0.058582    3.126949 v _493_/Y (sky130_fd_sc_hd__a211oi_2)
                                                         _422_ (net)
                      0.054079    0.000095    3.127044 v _503_/D (sky130_fd_sc_hd__or4_4)
     3    0.007869    0.062533    0.254074    3.381119 v _503_/X (sky130_fd_sc_hd__or4_4)
                                                         _432_ (net)
                      0.062533    0.000060    3.381179 v _507_/A1 (sky130_fd_sc_hd__a31o_1)
     2    0.007794    0.042647    0.136053    3.517231 v _507_/X (sky130_fd_sc_hd__a31o_1)
                                                         _436_ (net)
                      0.042647    0.000072    3.517303 v _509_/A2 (sky130_fd_sc_hd__a211o_4)
     3    0.015493    0.047653    0.224146    3.741450 v _509_/X (sky130_fd_sc_hd__a211o_4)
                                                         _438_ (net)
                      0.047653    0.000214    3.741664 v _515_/A2 (sky130_fd_sc_hd__a21oi_4)
     8    0.043277    0.244995    0.229279    3.970943 ^ _515_/Y (sky130_fd_sc_hd__a21oi_4)
                                                         _444_ (net)
                      0.245000    0.000888    3.971831 ^ _524_/S (sky130_fd_sc_hd__mux2_4)
     2    0.007241    0.041458    0.192200    4.164032 v _524_/X (sky130_fd_sc_hd__mux2_4)
                                                         _453_ (net)
                      0.041458    0.000095    4.164126 v _539_/A1 (sky130_fd_sc_hd__a221o_1)
     3    0.009966    0.056677    0.192009    4.356135 v _539_/X (sky130_fd_sc_hd__a221o_1)
                                                         _010_ (net)
                      0.056677    0.000101    4.356236 v _544_/A2 (sky130_fd_sc_hd__a311o_1)
     3    0.009246    0.061849    0.225524    4.581759 v _544_/X (sky130_fd_sc_hd__a311o_1)
                                                         _015_ (net)
                      0.061849    0.000091    4.581850 v _579_/A1 (sky130_fd_sc_hd__a21o_1)
     3    0.008365    0.040434    0.124107    4.705956 v _579_/X (sky130_fd_sc_hd__a21o_1)
                                                         _050_ (net)
                      0.040434    0.000101    4.706058 v _583_/B (sky130_fd_sc_hd__and3_1)
     2    0.005308    0.034657    0.112967    4.819025 v _583_/X (sky130_fd_sc_hd__and3_1)
                                                         _054_ (net)
                      0.034657    0.000041    4.819065 v _585_/A (sky130_fd_sc_hd__or4_4)
     1    0.003610    0.056545    0.313325    5.132390 v _585_/X (sky130_fd_sc_hd__or4_4)
                                                         _056_ (net)
                      0.056545    0.000044    5.132435 v _586_/B (sky130_fd_sc_hd__or4b_4)
     1    0.009048    0.064058    0.321090    5.453525 v _586_/X (sky130_fd_sc_hd__or4b_4)
                                                         _057_ (net)
                      0.064058    0.000101    5.453626 v _590_/A2 (sky130_fd_sc_hd__a311oi_4)
     4    0.017045    0.245595    0.248767    5.702393 ^ _590_/Y (sky130_fd_sc_hd__a311oi_4)
                                                         _061_ (net)
                      0.245595    0.000314    5.702707 ^ max_cap30/A (sky130_fd_sc_hd__buf_6)
     5    0.026408    0.049192    0.098594    5.801301 ^ max_cap30/X (sky130_fd_sc_hd__buf_6)
                                                         net30 (net)
                      0.049192    0.000138    5.801439 ^ _619_/S (sky130_fd_sc_hd__mux2_4)
     5    0.020639    0.057014    0.210509    6.011948 v _619_/X (sky130_fd_sc_hd__mux2_4)
                                                         _090_ (net)
                      0.057014    0.000252    6.012200 v _623_/B2 (sky130_fd_sc_hd__o22a_1)
     2    0.005781    0.035782    0.109389    6.121588 v _623_/X (sky130_fd_sc_hd__o22a_1)
                                                         _094_ (net)
                      0.035782    0.000036    6.121624 v _624_/A (sky130_fd_sc_hd__or4bb_4)
     4    0.019967    0.078656    0.351017    6.472641 v _624_/X (sky130_fd_sc_hd__or4bb_4)
                                                         _095_ (net)
                      0.078656    0.000104    6.472745 v _628_/A2 (sky130_fd_sc_hd__a21oi_4)
     4    0.021774    0.145848    0.168582    6.641328 ^ _628_/Y (sky130_fd_sc_hd__a21oi_4)
                                                         _099_ (net)
                      0.145848    0.000267    6.641595 ^ fanout29/A (sky130_fd_sc_hd__buf_6)
     5    0.028166    0.050038    0.096287    6.737882 ^ fanout29/X (sky130_fd_sc_hd__buf_6)
                                                         net29 (net)
                      0.050051    0.000776    6.738658 ^ _665_/S (sky130_fd_sc_hd__mux2_4)
     3    0.008215    0.042461    0.190774    6.929431 v _665_/X (sky130_fd_sc_hd__mux2_4)
                                                         _136_ (net)
                      0.042461    0.000020    6.929451 v _669_/A2 (sky130_fd_sc_hd__a21o_1)
     1    0.003353    0.025648    0.115884    7.045335 v _669_/X (sky130_fd_sc_hd__a21o_1)
                                                         _140_ (net)
                      0.025648    0.000037    7.045372 v _671_/A1 (sky130_fd_sc_hd__o211a_1)
     1    0.002883    0.028290    0.134578    7.179950 v _671_/X (sky130_fd_sc_hd__o211a_1)
                                                         _142_ (net)
                      0.028290    0.000028    7.179978 v _672_/B2 (sky130_fd_sc_hd__o221a_1)
     1    0.003513    0.035391    0.122555    7.302533 v _672_/X (sky130_fd_sc_hd__o221a_1)
                                                         _143_ (net)
                      0.035391    0.000045    7.302577 v _675_/A2 (sky130_fd_sc_hd__o21a_1)
     1    0.002437    0.023784    0.101407    7.403984 v _675_/X (sky130_fd_sc_hd__o21a_1)
                                                         _146_ (net)
                      0.023784    0.000009    7.403994 v _679_/A2 (sky130_fd_sc_hd__o21a_1)
     1    0.007241    0.038678    0.114698    7.518692 v _679_/X (sky130_fd_sc_hd__o21a_1)
                                                         _150_ (net)
                      0.038679    0.000205    7.518897 v _700_/C (sky130_fd_sc_hd__or3_4)
     1    0.009130    0.050981    0.203047    7.721944 v _700_/X (sky130_fd_sc_hd__or3_4)
                                                         net21 (net)
                      0.050981    0.000184    7.722128 v output21/A (sky130_fd_sc_hd__buf_8)
     1    0.034619    0.029909    0.097493    7.819621 v output21/X (sky130_fd_sc_hd__buf_8)
                                                         op_out[0] (net)
                      0.029916    0.000457    7.820078 v op_out[0] (out)
                                              7.820078   data arrival time

                      0.000000   10.000000   10.000000   clock __VIRTUAL_CLK__ (rise edge)
                                  0.000000   10.000000   clock network delay (ideal)
                                 -0.250000    9.750000   clock uncertainty
                                  0.000000    9.750000   clock reconvergence pessimism
                                 -2.000000    7.750000   output external delay
                                              7.750000   data required time
---------------------------------------------------------------------------------------------
                                              7.750000   data required time
                                             -7.820078   data arrival time
---------------------------------------------------------------------------------------------
                                             -0.070078   slack (VIOLATED)




===========================================================================
report_checks --slack_max -0.01
============================================================================
======================= min_ff_n40C_1v95 Corner ===================================

Startpoint: op_b[3] (input port clocked by __VIRTUAL_CLK__)
Endpoint: op_out[0] (output port clocked by __VIRTUAL_CLK__)
Path Group: __VIRTUAL_CLK__
Path Type: max

Fanout         Cap        Slew       Delay        Time   Description
---------------------------------------------------------------------------------------------
                      0.000000    0.000000    0.000000   clock __VIRTUAL_CLK__ (rise edge)
                                  0.000000    0.000000   clock network delay (ideal)
                                  2.000000    2.000000 v input external delay
     1    0.002606    0.004447    0.002089    2.002089 v op_b[3] (in)
                                                         op_b[3] (net)
                      0.004447    0.000000    2.002089 v input16/A (sky130_fd_sc_hd__clkbuf_1)
     1    0.007392    0.034730    0.061107    2.063195 v input16/X (sky130_fd_sc_hd__clkbuf_1)
                                                         net16 (net)
                      0.034730    0.000193    2.063388 v fanout58/A (sky130_fd_sc_hd__clkbuf_4)
     9    0.053001    0.079817    0.144055    2.207443 v fanout58/X (sky130_fd_sc_hd__clkbuf_4)
                                                         net58 (net)
                      0.079847    0.001465    2.208909 v fanout56/A (sky130_fd_sc_hd__buf_2)
    10    0.038089    0.068633    0.141953    2.350862 v fanout56/X (sky130_fd_sc_hd__buf_2)
                                                         net56 (net)
                      0.068639    0.000693    2.351555 v _470_/A (sky130_fd_sc_hd__or2_4)
     4    0.015488    0.044152    0.180952    2.532507 v _470_/X (sky130_fd_sc_hd__or2_4)
                                                         _317_ (net)
                      0.044152    0.000123    2.532629 v _472_/A3 (sky130_fd_sc_hd__o41ai_4)
     5    0.016472    0.271587    0.270566    2.803195 ^ _472_/Y (sky130_fd_sc_hd__o41ai_4)
                                                         _338_ (net)
                      0.271587    0.000158    2.803353 ^ _481_/A2 (sky130_fd_sc_hd__a211o_1)
     4    0.012590    0.088756    0.139893    2.943246 ^ _481_/X (sky130_fd_sc_hd__a211o_1)
                                                         _410_ (net)
                      0.088756    0.000111    2.943358 ^ _484_/A1 (sky130_fd_sc_hd__a21o_1)
     4    0.014671    0.100633    0.124916    3.068274 ^ _484_/X (sky130_fd_sc_hd__a21o_1)
                                                         _413_ (net)
                      0.100633    0.000094    3.068368 ^ _493_/A1 (sky130_fd_sc_hd__a211oi_2)
     3    0.009080    0.054079    0.058582    3.126949 v _493_/Y (sky130_fd_sc_hd__a211oi_2)
                                                         _422_ (net)
                      0.054079    0.000095    3.127044 v _503_/D (sky130_fd_sc_hd__or4_4)
     3    0.007869    0.062533    0.254074    3.381119 v _503_/X (sky130_fd_sc_hd__or4_4)
                                                         _432_ (net)
                      0.062533    0.000060    3.381179 v _507_/A1 (sky130_fd_sc_hd__a31o_1)
     2    0.007794    0.042647    0.136053    3.517231 v _507_/X (sky130_fd_sc_hd__a31o_1)
                                                         _436_ (net)
                      0.042647    0.000072    3.517303 v _509_/A2 (sky130_fd_sc_hd__a211o_4)
     3    0.015493    0.047653    0.224146    3.741450 v _509_/X (sky130_fd_sc_hd__a211o_4)
                                                         _438_ (net)
                      0.047653    0.000214    3.741664 v _515_/A2 (sky130_fd_sc_hd__a21oi_4)
     8    0.043277    0.244995    0.229279    3.970943 ^ _515_/Y (sky130_fd_sc_hd__a21oi_4)
                                                         _444_ (net)
                      0.245000    0.000888    3.971831 ^ _524_/S (sky130_fd_sc_hd__mux2_4)
     2    0.007241    0.041458    0.192200    4.164032 v _524_/X (sky130_fd_sc_hd__mux2_4)
                                                         _453_ (net)
                      0.041458    0.000095    4.164126 v _539_/A1 (sky130_fd_sc_hd__a221o_1)
     3    0.009966    0.056677    0.192009    4.356135 v _539_/X (sky130_fd_sc_hd__a221o_1)
                                                         _010_ (net)
                      0.056677    0.000101    4.356236 v _544_/A2 (sky130_fd_sc_hd__a311o_1)
     3    0.009246    0.061849    0.225524    4.581759 v _544_/X (sky130_fd_sc_hd__a311o_1)
                                                         _015_ (net)
                      0.061849    0.000091    4.581850 v _579_/A1 (sky130_fd_sc_hd__a21o_1)
     3    0.008365    0.040434    0.124107    4.705956 v _579_/X (sky130_fd_sc_hd__a21o_1)
                                                         _050_ (net)
                      0.040434    0.000101    4.706058 v _583_/B (sky130_fd_sc_hd__and3_1)
     2    0.005308    0.034657    0.112967    4.819025 v _583_/X (sky130_fd_sc_hd__and3_1)
                                                         _054_ (net)
                      0.034657    0.000041    4.819065 v _585_/A (sky130_fd_sc_hd__or4_4)
     1    0.003610    0.056545    0.313325    5.132390 v _585_/X (sky130_fd_sc_hd__or4_4)
                                                         _056_ (net)
                      0.056545    0.000044    5.132435 v _586_/B (sky130_fd_sc_hd__or4b_4)
     1    0.009048    0.064058    0.321090    5.453525 v _586_/X (sky130_fd_sc_hd__or4b_4)
                                                         _057_ (net)
                      0.064058    0.000101    5.453626 v _590_/A2 (sky130_fd_sc_hd__a311oi_4)
     4    0.017045    0.245595    0.248767    5.702393 ^ _590_/Y (sky130_fd_sc_hd__a311oi_4)
                                                         _061_ (net)
                      0.245595    0.000314    5.702707 ^ max_cap30/A (sky130_fd_sc_hd__buf_6)
     5    0.026408    0.049192    0.098594    5.801301 ^ max_cap30/X (sky130_fd_sc_hd__buf_6)
                                                         net30 (net)
                      0.049192    0.000138    5.801439 ^ _619_/S (sky130_fd_sc_hd__mux2_4)
     5    0.020639    0.057014    0.210509    6.011948 v _619_/X (sky130_fd_sc_hd__mux2_4)
                                                         _090_ (net)
                      0.057014    0.000252    6.012200 v _623_/B2 (sky130_fd_sc_hd__o22a_1)
     2    0.005781    0.035782    0.109389    6.121588 v _623_/X (sky130_fd_sc_hd__o22a_1)
                                                         _094_ (net)
                      0.035782    0.000036    6.121624 v _624_/A (sky130_fd_sc_hd__or4bb_4)
     4    0.019967    0.078656    0.351017    6.472641 v _624_/X (sky130_fd_sc_hd__or4bb_4)
                                                         _095_ (net)
                      0.078656    0.000104    6.472745 v _628_/A2 (sky130_fd_sc_hd__a21oi_4)
     4    0.021774    0.145848    0.168582    6.641328 ^ _628_/Y (sky130_fd_sc_hd__a21oi_4)
                                                         _099_ (net)
                      0.145848    0.000267    6.641595 ^ fanout29/A (sky130_fd_sc_hd__buf_6)
     5    0.028166    0.050038    0.096287    6.737882 ^ fanout29/X (sky130_fd_sc_hd__buf_6)
                                                         net29 (net)
                      0.050051    0.000776    6.738658 ^ _665_/S (sky130_fd_sc_hd__mux2_4)
     3    0.008215    0.042461    0.190774    6.929431 v _665_/X (sky130_fd_sc_hd__mux2_4)
                                                         _136_ (net)
                      0.042461    0.000020    6.929451 v _669_/A2 (sky130_fd_sc_hd__a21o_1)
     1    0.003353    0.025648    0.115884    7.045335 v _669_/X (sky130_fd_sc_hd__a21o_1)
                                                         _140_ (net)
                      0.025648    0.000037    7.045372 v _671_/A1 (sky130_fd_sc_hd__o211a_1)
     1    0.002883    0.028290    0.134578    7.179950 v _671_/X (sky130_fd_sc_hd__o211a_1)
                                                         _142_ (net)
                      0.028290    0.000028    7.179978 v _672_/B2 (sky130_fd_sc_hd__o221a_1)
     1    0.003513    0.035391    0.122555    7.302533 v _672_/X (sky130_fd_sc_hd__o221a_1)
                                                         _143_ (net)
                      0.035391    0.000045    7.302577 v _675_/A2 (sky130_fd_sc_hd__o21a_1)
     1    0.002437    0.023784    0.101407    7.403984 v _675_/X (sky130_fd_sc_hd__o21a_1)
                                                         _146_ (net)
                      0.023784    0.000009    7.403994 v _679_/A2 (sky130_fd_sc_hd__o21a_1)
     1    0.007241    0.038678    0.114698    7.518692 v _679_/X (sky130_fd_sc_hd__o21a_1)
                                                         _150_ (net)
                      0.038679    0.000205    7.518897 v _700_/C (sky130_fd_sc_hd__or3_4)
     1    0.009130    0.050981    0.203047    7.721944 v _700_/X (sky130_fd_sc_hd__or3_4)
                                                         net21 (net)
                      0.050981    0.000184    7.722128 v output21/A (sky130_fd_sc_hd__buf_8)
     1    0.034619    0.029909    0.097493    7.819621 v output21/X (sky130_fd_sc_hd__buf_8)
                                                         op_out[0] (net)
                      0.029916    0.000457    7.820078 v op_out[0] (out)
                                              7.820078   data arrival time

                      0.000000   10.000000   10.000000   clock __VIRTUAL_CLK__ (rise edge)
                                  0.000000   10.000000   clock network delay (ideal)
                                 -0.250000    9.750000   clock uncertainty
                                  0.000000    9.750000   clock reconvergence pessimism
                                 -2.000000    7.750000   output external delay
                                              7.750000   data required time
---------------------------------------------------------------------------------------------
                                              7.750000   data required time
                                             -7.820078   data arrival time
---------------------------------------------------------------------------------------------
                                             -0.070078   slack (VIOLATED)




===========================================================================
 report_check_types -max_slew -max_cap -max_fanout -violators
============================================================================
======================= min_ff_n40C_1v95 Corner ===================================



===========================================================================
report_parasitic_annotation -report_unannotated
============================================================================
Found 0 unannotated drivers.
Found 0 partially unannotated drivers.

===========================================================================
max slew violation count 0
max fanout violation count 0
max cap violation count 0
============================================================================

===========================================================================
check_setup -verbose -unconstrained_endpoints -multiple_clock -no_clock -no_input_delay -loops -generated_clocks
===========================================================================
