
===========================================================================
report_checks -unconstrained
===========================================================================
======================= min_ss_100C_1v60 Corner ===================================

Startpoint: op_b[0] (input port clocked by __VIRTUAL_CLK__)
Endpoint: op_out[0] (output port clocked by __VIRTUAL_CLK__)
Path Group: __VIRTUAL_CLK__
Path Type: max

Fanout         Cap        Slew       Delay        Time   Description
---------------------------------------------------------------------------------------------
                      0.000000    0.000000    0.000000   clock __VIRTUAL_CLK__ (rise edge)
                                  0.000000    0.000000   clock network delay (ideal)
                                  0.000000    0.000000 ^ input external delay
     1    0.002909    0.032974    0.016342    0.016342 ^ op_b[0] (in)
                                                         op_b[0] (net)
                      0.032974    0.000000    0.016342 ^ input13/A (sky130_fd_sc_hd__clkbuf_2)
     4    0.023207    0.205141    0.273740    0.290082 ^ input13/X (sky130_fd_sc_hd__clkbuf_2)
                                                         net13 (net)
                      0.205141    0.000387    0.290469 ^ fanout66/A (sky130_fd_sc_hd__buf_2)
    10    0.046405    0.362798    0.470693    0.761162 ^ fanout66/X (sky130_fd_sc_hd__buf_2)
                                                         net66 (net)
                      0.362798    0.000119    0.761281 ^ fanout65/A (sky130_fd_sc_hd__buf_2)
    10    0.039118    0.308979    0.495170    1.256450 ^ fanout65/X (sky130_fd_sc_hd__buf_2)
                                                         net65 (net)
                      0.308979    0.001017    1.257467 ^ _458_/A (sky130_fd_sc_hd__inv_2)
     4    0.012892    0.097548    0.176639    1.434106 v _458_/Y (sky130_fd_sc_hd__inv_2)
                                                         _188_ (net)
                      0.097548    0.000069    1.434175 v fanout35/A (sky130_fd_sc_hd__clkbuf_4)
    10    0.040386    0.158209    0.353825    1.788001 v fanout35/X (sky130_fd_sc_hd__clkbuf_4)
                                                         net35 (net)
                      0.158210    0.000777    1.788778 v _472_/A1 (sky130_fd_sc_hd__o41ai_4)
     5    0.015435    0.579895    0.771138    2.559916 ^ _472_/Y (sky130_fd_sc_hd__o41ai_4)
                                                         _338_ (net)
                      0.579895    0.000118    2.560034 ^ _481_/A2 (sky130_fd_sc_hd__a211o_1)
     4    0.012109    0.186083    0.505575    3.065609 ^ _481_/X (sky130_fd_sc_hd__a211o_1)
                                                         _410_ (net)
                      0.186083    0.000160    3.065769 ^ _484_/A2 (sky130_fd_sc_hd__a21o_1)
     4    0.012686    0.190808    0.353473    3.419242 ^ _484_/X (sky130_fd_sc_hd__a21o_1)
                                                         _413_ (net)
                      0.190808    0.000078    3.419320 ^ _493_/A1 (sky130_fd_sc_hd__a211oi_1)
     3    0.008103    0.183706    0.242872    3.662192 v _493_/Y (sky130_fd_sc_hd__a211oi_1)
                                                         _422_ (net)
                      0.183706    0.000092    3.662284 v _503_/D (sky130_fd_sc_hd__or4_1)
     3    0.008058    0.247663    1.091063    4.753347 v _503_/X (sky130_fd_sc_hd__or4_1)
                                                         _432_ (net)
                      0.247663    0.000066    4.753412 v _507_/A3 (sky130_fd_sc_hd__a31o_1)
     2    0.005973    0.092292    0.492786    5.246198 v _507_/X (sky130_fd_sc_hd__a31o_1)
                                                         _436_ (net)
                      0.092292    0.000062    5.246261 v _509_/A2 (sky130_fd_sc_hd__a211o_1)
     3    0.014748    0.183311    0.665721    5.911982 v _509_/X (sky130_fd_sc_hd__a211o_1)
                                                         _438_ (net)
                      0.183311    0.000135    5.912117 v _515_/A2 (sky130_fd_sc_hd__a21oi_4)
     8    0.036381    0.446503    0.508438    6.420555 ^ _515_/Y (sky130_fd_sc_hd__a21oi_4)
                                                         _444_ (net)
                      0.446504    0.000660    6.421215 ^ _524_/S (sky130_fd_sc_hd__mux2_1)
     2    0.008047    0.159334    0.885252    7.306467 v _524_/X (sky130_fd_sc_hd__mux2_1)
                                                         _453_ (net)
                      0.159334    0.000097    7.306563 v _539_/A2 (sky130_fd_sc_hd__a221o_1)
     3    0.009753    0.161330    0.749704    8.056268 v _539_/X (sky130_fd_sc_hd__a221o_1)
                                                         _010_ (net)
                      0.161330    0.000065    8.056333 v _544_/A3 (sky130_fd_sc_hd__a311o_1)
     5    0.015691    0.203518    0.810153    8.866486 v _544_/X (sky130_fd_sc_hd__a311o_1)
                                                         _015_ (net)
                      0.203518    0.000242    8.866728 v _571_/A1 (sky130_fd_sc_hd__a21o_1)
     4    0.011263    0.126849    0.409946    9.276674 v _571_/X (sky130_fd_sc_hd__a21o_1)
                                                         _042_ (net)
                      0.126849    0.000139    9.276814 v _574_/B (sky130_fd_sc_hd__and3_1)
     3    0.007155    0.105996    0.399063    9.675877 v _574_/X (sky130_fd_sc_hd__and3_1)
                                                         _045_ (net)
                      0.105996    0.000069    9.675945 v _585_/A (sky130_fd_sc_hd__or4_1)
     1    0.002425    0.175073    1.202429   10.878375 v _585_/X (sky130_fd_sc_hd__or4_1)
                                                         _056_ (net)
                      0.175073    0.000028   10.878404 v _586_/C (sky130_fd_sc_hd__or4b_1)
     1    0.008938    0.256437    1.243878   12.122281 v _586_/X (sky130_fd_sc_hd__or4b_1)
                                                         _057_ (net)
                      0.256437    0.000098   12.122379 v _590_/A2 (sky130_fd_sc_hd__a311oi_4)
     4    0.018993    0.526713    0.662451   12.784830 ^ _590_/Y (sky130_fd_sc_hd__a311oi_4)
                                                         _061_ (net)
                      0.526713    0.000338   12.785169 ^ max_cap30/A (sky130_fd_sc_hd__buf_6)
     5    0.025544    0.103712    0.377929   13.163097 ^ max_cap30/X (sky130_fd_sc_hd__buf_6)
                                                         net30 (net)
                      0.103712    0.000100   13.163198 ^ _619_/S (sky130_fd_sc_hd__mux2_2)
     5    0.021717    0.175695    0.804449   13.967647 v _619_/X (sky130_fd_sc_hd__mux2_2)
                                                         _090_ (net)
                      0.175695    0.000326   13.967973 v _623_/B1 (sky130_fd_sc_hd__o22a_1)
     2    0.006026    0.115705    0.424331   14.392303 v _623_/X (sky130_fd_sc_hd__o22a_1)
                                                         _094_ (net)
                      0.115705    0.000039   14.392343 v _624_/B (sky130_fd_sc_hd__or4bb_4)
     4    0.019964    0.205412    1.128814   15.521156 v _624_/X (sky130_fd_sc_hd__or4bb_4)
                                                         _095_ (net)
                      0.205412    0.000187   15.521343 v _628_/A1 (sky130_fd_sc_hd__a21oi_4)
     3    0.013618    0.225639    0.314090   15.835433 ^ _628_/Y (sky130_fd_sc_hd__a21oi_4)
                                                         _099_ (net)
                      0.225639    0.000130   15.835563 ^ fanout29/A (sky130_fd_sc_hd__clkbuf_4)
    10    0.040565    0.206912    0.421048   16.256611 ^ fanout29/X (sky130_fd_sc_hd__clkbuf_4)
                                                         net29 (net)
                      0.206912    0.000547   16.257158 ^ _665_/S (sky130_fd_sc_hd__mux2_1)
     3    0.008438    0.168353    0.823178   17.080336 v _665_/X (sky130_fd_sc_hd__mux2_1)
                                                         _136_ (net)
                      0.168353    0.000034   17.080370 v _669_/A2 (sky130_fd_sc_hd__a21o_1)
     1    0.003311    0.064012    0.359782   17.440151 v _669_/X (sky130_fd_sc_hd__a21o_1)
                                                         _140_ (net)
                      0.064012    0.000036   17.440187 v _671_/A2 (sky130_fd_sc_hd__o211a_1)
     1    0.002888    0.071762    0.370912   17.811098 v _671_/X (sky130_fd_sc_hd__o211a_1)
                                                         _142_ (net)
                      0.071762    0.000028   17.811127 v _672_/B2 (sky130_fd_sc_hd__o221a_1)
     1    0.003546    0.099805    0.403778   18.214905 v _672_/X (sky130_fd_sc_hd__o221a_1)
                                                         _143_ (net)
                      0.099805    0.000046   18.214952 v _675_/A2 (sky130_fd_sc_hd__o21a_1)
     1    0.002345    0.063011    0.312371   18.527323 v _675_/X (sky130_fd_sc_hd__o21a_1)
                                                         _146_ (net)
                      0.063011    0.000009   18.527330 v _679_/A1 (sky130_fd_sc_hd__o21a_1)
     1    0.006951    0.101223    0.370356   18.897688 v _679_/X (sky130_fd_sc_hd__o21a_1)
                                                         _150_ (net)
                      0.101223    0.000206   18.897894 v _700_/A (sky130_fd_sc_hd__or3_1)
     1    0.004256    0.153379    0.878321   19.776215 v _700_/X (sky130_fd_sc_hd__or3_1)
                                                         net21 (net)
                      0.153379    0.000073   19.776287 v output21/A (sky130_fd_sc_hd__buf_2)
     1    0.034336    0.166153    0.384961   20.161249 v output21/X (sky130_fd_sc_hd__buf_2)
                                                         op_out[0] (net)
                      0.166153    0.000391   20.161640 v op_out[0] (out)
                                             20.161640   data arrival time

                      0.000000   20.000000   20.000000   clock __VIRTUAL_CLK__ (rise edge)
                                  0.000000   20.000000   clock network delay (ideal)
                                 -0.250000   19.750002   clock uncertainty
                                  0.000000   19.750002   clock reconvergence pessimism
                                  0.000000   19.750002   output external delay
                                             19.750002   data required time
---------------------------------------------------------------------------------------------
                                             19.750002   data required time
                                            -20.161640   data arrival time
---------------------------------------------------------------------------------------------
                                             -0.411639   slack (VIOLATED)




===========================================================================
report_checks --slack_max -0.01
============================================================================
======================= min_ss_100C_1v60 Corner ===================================

Startpoint: op_b[0] (input port clocked by __VIRTUAL_CLK__)
Endpoint: op_out[0] (output port clocked by __VIRTUAL_CLK__)
Path Group: __VIRTUAL_CLK__
Path Type: max

Fanout         Cap        Slew       Delay        Time   Description
---------------------------------------------------------------------------------------------
                      0.000000    0.000000    0.000000   clock __VIRTUAL_CLK__ (rise edge)
                                  0.000000    0.000000   clock network delay (ideal)
                                  0.000000    0.000000 ^ input external delay
     1    0.002909    0.032974    0.016342    0.016342 ^ op_b[0] (in)
                                                         op_b[0] (net)
                      0.032974    0.000000    0.016342 ^ input13/A (sky130_fd_sc_hd__clkbuf_2)
     4    0.023207    0.205141    0.273740    0.290082 ^ input13/X (sky130_fd_sc_hd__clkbuf_2)
                                                         net13 (net)
                      0.205141    0.000387    0.290469 ^ fanout66/A (sky130_fd_sc_hd__buf_2)
    10    0.046405    0.362798    0.470693    0.761162 ^ fanout66/X (sky130_fd_sc_hd__buf_2)
                                                         net66 (net)
                      0.362798    0.000119    0.761281 ^ fanout65/A (sky130_fd_sc_hd__buf_2)
    10    0.039118    0.308979    0.495170    1.256450 ^ fanout65/X (sky130_fd_sc_hd__buf_2)
                                                         net65 (net)
                      0.308979    0.001017    1.257467 ^ _458_/A (sky130_fd_sc_hd__inv_2)
     4    0.012892    0.097548    0.176639    1.434106 v _458_/Y (sky130_fd_sc_hd__inv_2)
                                                         _188_ (net)
                      0.097548    0.000069    1.434175 v fanout35/A (sky130_fd_sc_hd__clkbuf_4)
    10    0.040386    0.158209    0.353825    1.788001 v fanout35/X (sky130_fd_sc_hd__clkbuf_4)
                                                         net35 (net)
                      0.158210    0.000777    1.788778 v _472_/A1 (sky130_fd_sc_hd__o41ai_4)
     5    0.015435    0.579895    0.771138    2.559916 ^ _472_/Y (sky130_fd_sc_hd__o41ai_4)
                                                         _338_ (net)
                      0.579895    0.000118    2.560034 ^ _481_/A2 (sky130_fd_sc_hd__a211o_1)
     4    0.012109    0.186083    0.505575    3.065609 ^ _481_/X (sky130_fd_sc_hd__a211o_1)
                                                         _410_ (net)
                      0.186083    0.000160    3.065769 ^ _484_/A2 (sky130_fd_sc_hd__a21o_1)
     4    0.012686    0.190808    0.353473    3.419242 ^ _484_/X (sky130_fd_sc_hd__a21o_1)
                                                         _413_ (net)
                      0.190808    0.000078    3.419320 ^ _493_/A1 (sky130_fd_sc_hd__a211oi_1)
     3    0.008103    0.183706    0.242872    3.662192 v _493_/Y (sky130_fd_sc_hd__a211oi_1)
                                                         _422_ (net)
                      0.183706    0.000092    3.662284 v _503_/D (sky130_fd_sc_hd__or4_1)
     3    0.008058    0.247663    1.091063    4.753347 v _503_/X (sky130_fd_sc_hd__or4_1)
                                                         _432_ (net)
                      0.247663    0.000066    4.753412 v _507_/A3 (sky130_fd_sc_hd__a31o_1)
     2    0.005973    0.092292    0.492786    5.246198 v _507_/X (sky130_fd_sc_hd__a31o_1)
                                                         _436_ (net)
                      0.092292    0.000062    5.246261 v _509_/A2 (sky130_fd_sc_hd__a211o_1)
     3    0.014748    0.183311    0.665721    5.911982 v _509_/X (sky130_fd_sc_hd__a211o_1)
                                                         _438_ (net)
                      0.183311    0.000135    5.912117 v _515_/A2 (sky130_fd_sc_hd__a21oi_4)
     8    0.036381    0.446503    0.508438    6.420555 ^ _515_/Y (sky130_fd_sc_hd__a21oi_4)
                                                         _444_ (net)
                      0.446504    0.000660    6.421215 ^ _524_/S (sky130_fd_sc_hd__mux2_1)
     2    0.008047    0.159334    0.885252    7.306467 v _524_/X (sky130_fd_sc_hd__mux2_1)
                                                         _453_ (net)
                      0.159334    0.000097    7.306563 v _539_/A2 (sky130_fd_sc_hd__a221o_1)
     3    0.009753    0.161330    0.749704    8.056268 v _539_/X (sky130_fd_sc_hd__a221o_1)
                                                         _010_ (net)
                      0.161330    0.000065    8.056333 v _544_/A3 (sky130_fd_sc_hd__a311o_1)
     5    0.015691    0.203518    0.810153    8.866486 v _544_/X (sky130_fd_sc_hd__a311o_1)
                                                         _015_ (net)
                      0.203518    0.000242    8.866728 v _571_/A1 (sky130_fd_sc_hd__a21o_1)
     4    0.011263    0.126849    0.409946    9.276674 v _571_/X (sky130_fd_sc_hd__a21o_1)
                                                         _042_ (net)
                      0.126849    0.000139    9.276814 v _574_/B (sky130_fd_sc_hd__and3_1)
     3    0.007155    0.105996    0.399063    9.675877 v _574_/X (sky130_fd_sc_hd__and3_1)
                                                         _045_ (net)
                      0.105996    0.000069    9.675945 v _585_/A (sky130_fd_sc_hd__or4_1)
     1    0.002425    0.175073    1.202429   10.878375 v _585_/X (sky130_fd_sc_hd__or4_1)
                                                         _056_ (net)
                      0.175073    0.000028   10.878404 v _586_/C (sky130_fd_sc_hd__or4b_1)
     1    0.008938    0.256437    1.243878   12.122281 v _586_/X (sky130_fd_sc_hd__or4b_1)
                                                         _057_ (net)
                      0.256437    0.000098   12.122379 v _590_/A2 (sky130_fd_sc_hd__a311oi_4)
     4    0.018993    0.526713    0.662451   12.784830 ^ _590_/Y (sky130_fd_sc_hd__a311oi_4)
                                                         _061_ (net)
                      0.526713    0.000338   12.785169 ^ max_cap30/A (sky130_fd_sc_hd__buf_6)
     5    0.025544    0.103712    0.377929   13.163097 ^ max_cap30/X (sky130_fd_sc_hd__buf_6)
                                                         net30 (net)
                      0.103712    0.000100   13.163198 ^ _619_/S (sky130_fd_sc_hd__mux2_2)
     5    0.021717    0.175695    0.804449   13.967647 v _619_/X (sky130_fd_sc_hd__mux2_2)
                                                         _090_ (net)
                      0.175695    0.000326   13.967973 v _623_/B1 (sky130_fd_sc_hd__o22a_1)
     2    0.006026    0.115705    0.424331   14.392303 v _623_/X (sky130_fd_sc_hd__o22a_1)
                                                         _094_ (net)
                      0.115705    0.000039   14.392343 v _624_/B (sky130_fd_sc_hd__or4bb_4)
     4    0.019964    0.205412    1.128814   15.521156 v _624_/X (sky130_fd_sc_hd__or4bb_4)
                                                         _095_ (net)
                      0.205412    0.000187   15.521343 v _628_/A1 (sky130_fd_sc_hd__a21oi_4)
     3    0.013618    0.225639    0.314090   15.835433 ^ _628_/Y (sky130_fd_sc_hd__a21oi_4)
                                                         _099_ (net)
                      0.225639    0.000130   15.835563 ^ fanout29/A (sky130_fd_sc_hd__clkbuf_4)
    10    0.040565    0.206912    0.421048   16.256611 ^ fanout29/X (sky130_fd_sc_hd__clkbuf_4)
                                                         net29 (net)
                      0.206912    0.000547   16.257158 ^ _665_/S (sky130_fd_sc_hd__mux2_1)
     3    0.008438    0.168353    0.823178   17.080336 v _665_/X (sky130_fd_sc_hd__mux2_1)
                                                         _136_ (net)
                      0.168353    0.000034   17.080370 v _669_/A2 (sky130_fd_sc_hd__a21o_1)
     1    0.003311    0.064012    0.359782   17.440151 v _669_/X (sky130_fd_sc_hd__a21o_1)
                                                         _140_ (net)
                      0.064012    0.000036   17.440187 v _671_/A2 (sky130_fd_sc_hd__o211a_1)
     1    0.002888    0.071762    0.370912   17.811098 v _671_/X (sky130_fd_sc_hd__o211a_1)
                                                         _142_ (net)
                      0.071762    0.000028   17.811127 v _672_/B2 (sky130_fd_sc_hd__o221a_1)
     1    0.003546    0.099805    0.403778   18.214905 v _672_/X (sky130_fd_sc_hd__o221a_1)
                                                         _143_ (net)
                      0.099805    0.000046   18.214952 v _675_/A2 (sky130_fd_sc_hd__o21a_1)
     1    0.002345    0.063011    0.312371   18.527323 v _675_/X (sky130_fd_sc_hd__o21a_1)
                                                         _146_ (net)
                      0.063011    0.000009   18.527330 v _679_/A1 (sky130_fd_sc_hd__o21a_1)
     1    0.006951    0.101223    0.370356   18.897688 v _679_/X (sky130_fd_sc_hd__o21a_1)
                                                         _150_ (net)
                      0.101223    0.000206   18.897894 v _700_/A (sky130_fd_sc_hd__or3_1)
     1    0.004256    0.153379    0.878321   19.776215 v _700_/X (sky130_fd_sc_hd__or3_1)
                                                         net21 (net)
                      0.153379    0.000073   19.776287 v output21/A (sky130_fd_sc_hd__buf_2)
     1    0.034336    0.166153    0.384961   20.161249 v output21/X (sky130_fd_sc_hd__buf_2)
                                                         op_out[0] (net)
                      0.166153    0.000391   20.161640 v op_out[0] (out)
                                             20.161640   data arrival time

                      0.000000   20.000000   20.000000   clock __VIRTUAL_CLK__ (rise edge)
                                  0.000000   20.000000   clock network delay (ideal)
                                 -0.250000   19.750002   clock uncertainty
                                  0.000000   19.750002   clock reconvergence pessimism
                                  0.000000   19.750002   output external delay
                                             19.750002   data required time
---------------------------------------------------------------------------------------------
                                             19.750002   data required time
                                            -20.161640   data arrival time
---------------------------------------------------------------------------------------------
                                             -0.411639   slack (VIOLATED)




===========================================================================
 report_check_types -max_slew -max_cap -max_fanout -violators
============================================================================
======================= min_ss_100C_1v60 Corner ===================================



===========================================================================
report_parasitic_annotation -report_unannotated
============================================================================
Found 0 unannotated drivers.
Found 0 partially unannotated drivers.

===========================================================================
max slew violation count 0
max fanout violation count 0
max cap violation count 0
============================================================================

===========================================================================
check_setup -verbose -unconstrained_endpoints -multiple_clock -no_clock -no_input_delay -loops -generated_clocks
===========================================================================
