
===========================================================================
report_checks -path_delay max (Setup)
============================================================================
======================= min_ss_100C_1v60 Corner ===================================

Startpoint: op_b[0] (input port clocked by __VIRTUAL_CLK__)
Endpoint: op_out[0] (output port clocked by __VIRTUAL_CLK__)
Path Group: __VIRTUAL_CLK__
Path Type: max

Fanout         Cap        Slew       Delay        Time   Description
---------------------------------------------------------------------------------------------
                      0.000000    0.000000    0.000000   clock __VIRTUAL_CLK__ (rise edge)
                                  0.000000    0.000000   clock network delay (ideal)
                                  0.000000    0.000000 ^ input external delay
     1    0.002909    0.032974    0.016342    0.016342 ^ op_b[0] (in)
                                                         op_b[0] (net)
                      0.032974    0.000000    0.016342 ^ input13/A (sky130_fd_sc_hd__clkbuf_2)
     4    0.023207    0.205141    0.273740    0.290082 ^ input13/X (sky130_fd_sc_hd__clkbuf_2)
                                                         net13 (net)
                      0.205141    0.000387    0.290469 ^ fanout66/A (sky130_fd_sc_hd__buf_2)
    10    0.046405    0.362798    0.470693    0.761162 ^ fanout66/X (sky130_fd_sc_hd__buf_2)
                                                         net66 (net)
                      0.362798    0.000119    0.761281 ^ fanout65/A (sky130_fd_sc_hd__buf_2)
    10    0.039118    0.308979    0.495170    1.256450 ^ fanout65/X (sky130_fd_sc_hd__buf_2)
                                                         net65 (net)
                      0.308979    0.001017    1.257467 ^ _458_/A (sky130_fd_sc_hd__inv_2)
     4    0.012892    0.097548    0.176639    1.434106 v _458_/Y (sky130_fd_sc_hd__inv_2)
                                                         _188_ (net)
                      0.097548    0.000069    1.434175 v fanout35/A (sky130_fd_sc_hd__clkbuf_4)
    10    0.040386    0.158209    0.353825    1.788001 v fanout35/X (sky130_fd_sc_hd__clkbuf_4)
                                                         net35 (net)
                      0.158210    0.000777    1.788778 v _472_/A1 (sky130_fd_sc_hd__o41ai_4)
     5    0.015435    0.579895    0.771138    2.559916 ^ _472_/Y (sky130_fd_sc_hd__o41ai_4)
                                                         _338_ (net)
                      0.579895    0.000118    2.560034 ^ _481_/A2 (sky130_fd_sc_hd__a211o_1)
     4    0.012109    0.186083    0.505575    3.065609 ^ _481_/X (sky130_fd_sc_hd__a211o_1)
                                                         _410_ (net)
                      0.186083    0.000160    3.065769 ^ _484_/A2 (sky130_fd_sc_hd__a21o_1)
     4    0.012686    0.190808    0.353473    3.419242 ^ _484_/X (sky130_fd_sc_hd__a21o_1)
                                                         _413_ (net)
                      0.190808    0.000078    3.419320 ^ _493_/A1 (sky130_fd_sc_hd__a211oi_1)
     3    0.008103    0.183706    0.242872    3.662192 v _493_/Y (sky130_fd_sc_hd__a211oi_1)
                                                         _422_ (net)
                      0.183706    0.000092    3.662284 v _503_/D (sky130_fd_sc_hd__or4_1)
     3    0.008058    0.247663    1.091063    4.753347 v _503_/X (sky130_fd_sc_hd__or4_1)
                                                         _432_ (net)
                      0.247663    0.000066    4.753412 v _507_/A3 (sky130_fd_sc_hd__a31o_1)
     2    0.005973    0.092292    0.492786    5.246198 v _507_/X (sky130_fd_sc_hd__a31o_1)
                                                         _436_ (net)
                      0.092292    0.000062    5.246261 v _509_/A2 (sky130_fd_sc_hd__a211o_1)
     3    0.014748    0.183311    0.665721    5.911982 v _509_/X (sky130_fd_sc_hd__a211o_1)
                                                         _438_ (net)
                      0.183311    0.000135    5.912117 v _515_/A2 (sky130_fd_sc_hd__a21oi_4)
     8    0.036381    0.446503    0.508438    6.420555 ^ _515_/Y (sky130_fd_sc_hd__a21oi_4)
                                                         _444_ (net)
                      0.446504    0.000660    6.421215 ^ _524_/S (sky130_fd_sc_hd__mux2_1)
     2    0.008047    0.159334    0.885252    7.306467 v _524_/X (sky130_fd_sc_hd__mux2_1)
                                                         _453_ (net)
                      0.159334    0.000097    7.306563 v _539_/A2 (sky130_fd_sc_hd__a221o_1)
     3    0.009753    0.161330    0.749704    8.056268 v _539_/X (sky130_fd_sc_hd__a221o_1)
                                                         _010_ (net)
                      0.161330    0.000065    8.056333 v _544_/A3 (sky130_fd_sc_hd__a311o_1)
     5    0.015691    0.203518    0.810153    8.866486 v _544_/X (sky130_fd_sc_hd__a311o_1)
                                                         _015_ (net)
                      0.203518    0.000242    8.866728 v _571_/A1 (sky130_fd_sc_hd__a21o_1)
     4    0.011263    0.126849    0.409946    9.276674 v _571_/X (sky130_fd_sc_hd__a21o_1)
                                                         _042_ (net)
                      0.126849    0.000139    9.276814 v _574_/B (sky130_fd_sc_hd__and3_1)
     3    0.007155    0.105996    0.399063    9.675877 v _574_/X (sky130_fd_sc_hd__and3_1)
                                                         _045_ (net)
                      0.105996    0.000069    9.675945 v _585_/A (sky130_fd_sc_hd__or4_1)
     1    0.002425    0.175073    1.202429   10.878375 v _585_/X (sky130_fd_sc_hd__or4_1)
                                                         _056_ (net)
                      0.175073    0.000028   10.878404 v _586_/C (sky130_fd_sc_hd__or4b_1)
     1    0.008938    0.256437    1.243878   12.122281 v _586_/X (sky130_fd_sc_hd__or4b_1)
                                                         _057_ (net)
                      0.256437    0.000098   12.122379 v _590_/A2 (sky130_fd_sc_hd__a311oi_4)
     4    0.018993    0.526713    0.662451   12.784830 ^ _590_/Y (sky130_fd_sc_hd__a311oi_4)
                                                         _061_ (net)
                      0.526713    0.000338   12.785169 ^ max_cap30/A (sky130_fd_sc_hd__buf_6)
     5    0.025544    0.103712    0.377929   13.163097 ^ max_cap30/X (sky130_fd_sc_hd__buf_6)
                                                         net30 (net)
                      0.103712    0.000100   13.163198 ^ _619_/S (sky130_fd_sc_hd__mux2_2)
     5    0.021717    0.175695    0.804449   13.967647 v _619_/X (sky130_fd_sc_hd__mux2_2)
                                                         _090_ (net)
                      0.175695    0.000326   13.967973 v _623_/B1 (sky130_fd_sc_hd__o22a_1)
     2    0.006026    0.115705    0.424331   14.392303 v _623_/X (sky130_fd_sc_hd__o22a_1)
                                                         _094_ (net)
                      0.115705    0.000039   14.392343 v _624_/B (sky130_fd_sc_hd__or4bb_4)
     4    0.019964    0.205412    1.128814   15.521156 v _624_/X (sky130_fd_sc_hd__or4bb_4)
                                                         _095_ (net)
                      0.205412    0.000187   15.521343 v _628_/A1 (sky130_fd_sc_hd__a21oi_4)
     3    0.013618    0.225639    0.314090   15.835433 ^ _628_/Y (sky130_fd_sc_hd__a21oi_4)
                                                         _099_ (net)
                      0.225639    0.000130   15.835563 ^ fanout29/A (sky130_fd_sc_hd__clkbuf_4)
    10    0.040565    0.206912    0.421048   16.256611 ^ fanout29/X (sky130_fd_sc_hd__clkbuf_4)
                                                         net29 (net)
                      0.206912    0.000547   16.257158 ^ _665_/S (sky130_fd_sc_hd__mux2_1)
     3    0.008438    0.168353    0.823178   17.080336 v _665_/X (sky130_fd_sc_hd__mux2_1)
                                                         _136_ (net)
                      0.168353    0.000034   17.080370 v _669_/A2 (sky130_fd_sc_hd__a21o_1)
     1    0.003311    0.064012    0.359782   17.440151 v _669_/X (sky130_fd_sc_hd__a21o_1)
                                                         _140_ (net)
                      0.064012    0.000036   17.440187 v _671_/A2 (sky130_fd_sc_hd__o211a_1)
     1    0.002888    0.071762    0.370912   17.811098 v _671_/X (sky130_fd_sc_hd__o211a_1)
                                                         _142_ (net)
                      0.071762    0.000028   17.811127 v _672_/B2 (sky130_fd_sc_hd__o221a_1)
     1    0.003546    0.099805    0.403778   18.214905 v _672_/X (sky130_fd_sc_hd__o221a_1)
                                                         _143_ (net)
                      0.099805    0.000046   18.214952 v _675_/A2 (sky130_fd_sc_hd__o21a_1)
     1    0.002345    0.063011    0.312371   18.527323 v _675_/X (sky130_fd_sc_hd__o21a_1)
                                                         _146_ (net)
                      0.063011    0.000009   18.527330 v _679_/A1 (sky130_fd_sc_hd__o21a_1)
     1    0.006951    0.101223    0.370356   18.897688 v _679_/X (sky130_fd_sc_hd__o21a_1)
                                                         _150_ (net)
                      0.101223    0.000206   18.897894 v _700_/A (sky130_fd_sc_hd__or3_1)
     1    0.004256    0.153379    0.878321   19.776215 v _700_/X (sky130_fd_sc_hd__or3_1)
                                                         net21 (net)
                      0.153379    0.000073   19.776287 v output21/A (sky130_fd_sc_hd__buf_2)
     1    0.034336    0.166153    0.384961   20.161249 v output21/X (sky130_fd_sc_hd__buf_2)
                                                         op_out[0] (net)
                      0.166153    0.000391   20.161640 v op_out[0] (out)
                                             20.161640   data arrival time

                      0.000000   20.000000   20.000000   clock __VIRTUAL_CLK__ (rise edge)
                                  0.000000   20.000000   clock network delay (ideal)
                                 -0.250000   19.750002   clock uncertainty
                                  0.000000   19.750002   clock reconvergence pessimism
                                  0.000000   19.750002   output external delay
                                             19.750002   data required time
---------------------------------------------------------------------------------------------
                                             19.750002   data required time
                                            -20.161640   data arrival time
---------------------------------------------------------------------------------------------
                                             -0.411639   slack (VIOLATED)


Startpoint: op_b[0] (input port clocked by __VIRTUAL_CLK__)
Endpoint: op_out[1] (output port clocked by __VIRTUAL_CLK__)
Path Group: __VIRTUAL_CLK__
Path Type: max

Fanout         Cap        Slew       Delay        Time   Description
---------------------------------------------------------------------------------------------
                      0.000000    0.000000    0.000000   clock __VIRTUAL_CLK__ (rise edge)
                                  0.000000    0.000000   clock network delay (ideal)
                                  0.000000    0.000000 ^ input external delay
     1    0.002909    0.032974    0.016342    0.016342 ^ op_b[0] (in)
                                                         op_b[0] (net)
                      0.032974    0.000000    0.016342 ^ input13/A (sky130_fd_sc_hd__clkbuf_2)
     4    0.023207    0.205141    0.273740    0.290082 ^ input13/X (sky130_fd_sc_hd__clkbuf_2)
                                                         net13 (net)
                      0.205141    0.000387    0.290469 ^ fanout66/A (sky130_fd_sc_hd__buf_2)
    10    0.046405    0.362798    0.470693    0.761162 ^ fanout66/X (sky130_fd_sc_hd__buf_2)
                                                         net66 (net)
                      0.362798    0.000119    0.761281 ^ fanout65/A (sky130_fd_sc_hd__buf_2)
    10    0.039118    0.308979    0.495170    1.256450 ^ fanout65/X (sky130_fd_sc_hd__buf_2)
                                                         net65 (net)
                      0.308979    0.001017    1.257467 ^ _458_/A (sky130_fd_sc_hd__inv_2)
     4    0.012892    0.097548    0.176639    1.434106 v _458_/Y (sky130_fd_sc_hd__inv_2)
                                                         _188_ (net)
                      0.097548    0.000069    1.434175 v fanout35/A (sky130_fd_sc_hd__clkbuf_4)
    10    0.040386    0.158209    0.353825    1.788001 v fanout35/X (sky130_fd_sc_hd__clkbuf_4)
                                                         net35 (net)
                      0.158210    0.000777    1.788778 v _472_/A1 (sky130_fd_sc_hd__o41ai_4)
     5    0.015435    0.579895    0.771138    2.559916 ^ _472_/Y (sky130_fd_sc_hd__o41ai_4)
                                                         _338_ (net)
                      0.579895    0.000118    2.560034 ^ _481_/A2 (sky130_fd_sc_hd__a211o_1)
     4    0.012109    0.186083    0.505575    3.065609 ^ _481_/X (sky130_fd_sc_hd__a211o_1)
                                                         _410_ (net)
                      0.186083    0.000160    3.065769 ^ _484_/A2 (sky130_fd_sc_hd__a21o_1)
     4    0.012686    0.190808    0.353473    3.419242 ^ _484_/X (sky130_fd_sc_hd__a21o_1)
                                                         _413_ (net)
                      0.190808    0.000078    3.419320 ^ _493_/A1 (sky130_fd_sc_hd__a211oi_1)
     3    0.008103    0.183706    0.242872    3.662192 v _493_/Y (sky130_fd_sc_hd__a211oi_1)
                                                         _422_ (net)
                      0.183706    0.000092    3.662284 v _503_/D (sky130_fd_sc_hd__or4_1)
     3    0.008058    0.247663    1.091063    4.753347 v _503_/X (sky130_fd_sc_hd__or4_1)
                                                         _432_ (net)
                      0.247663    0.000066    4.753412 v _507_/A3 (sky130_fd_sc_hd__a31o_1)
     2    0.005973    0.092292    0.492786    5.246198 v _507_/X (sky130_fd_sc_hd__a31o_1)
                                                         _436_ (net)
                      0.092292    0.000062    5.246261 v _509_/A2 (sky130_fd_sc_hd__a211o_1)
     3    0.014748    0.183311    0.665721    5.911982 v _509_/X (sky130_fd_sc_hd__a211o_1)
                                                         _438_ (net)
                      0.183311    0.000135    5.912117 v _515_/A2 (sky130_fd_sc_hd__a21oi_4)
     8    0.036381    0.446503    0.508438    6.420555 ^ _515_/Y (sky130_fd_sc_hd__a21oi_4)
                                                         _444_ (net)
                      0.446504    0.000660    6.421215 ^ _524_/S (sky130_fd_sc_hd__mux2_1)
     2    0.008047    0.159334    0.885252    7.306467 v _524_/X (sky130_fd_sc_hd__mux2_1)
                                                         _453_ (net)
                      0.159334    0.000097    7.306563 v _539_/A2 (sky130_fd_sc_hd__a221o_1)
     3    0.009753    0.161330    0.749704    8.056268 v _539_/X (sky130_fd_sc_hd__a221o_1)
                                                         _010_ (net)
                      0.161330    0.000065    8.056333 v _544_/A3 (sky130_fd_sc_hd__a311o_1)
     5    0.015691    0.203518    0.810153    8.866486 v _544_/X (sky130_fd_sc_hd__a311o_1)
                                                         _015_ (net)
                      0.203518    0.000242    8.866728 v _571_/A1 (sky130_fd_sc_hd__a21o_1)
     4    0.011263    0.126849    0.409946    9.276674 v _571_/X (sky130_fd_sc_hd__a21o_1)
                                                         _042_ (net)
                      0.126849    0.000139    9.276814 v _574_/B (sky130_fd_sc_hd__and3_1)
     3    0.007155    0.105996    0.399063    9.675877 v _574_/X (sky130_fd_sc_hd__and3_1)
                                                         _045_ (net)
                      0.105996    0.000069    9.675945 v _585_/A (sky130_fd_sc_hd__or4_1)
     1    0.002425    0.175073    1.202429   10.878375 v _585_/X (sky130_fd_sc_hd__or4_1)
                                                         _056_ (net)
                      0.175073    0.000028   10.878404 v _586_/C (sky130_fd_sc_hd__or4b_1)
     1    0.008938    0.256437    1.243878   12.122281 v _586_/X (sky130_fd_sc_hd__or4b_1)
                                                         _057_ (net)
                      0.256437    0.000098   12.122379 v _590_/A2 (sky130_fd_sc_hd__a311oi_4)
     4    0.018993    0.526713    0.662451   12.784830 ^ _590_/Y (sky130_fd_sc_hd__a311oi_4)
                                                         _061_ (net)
                      0.526713    0.000338   12.785169 ^ max_cap30/A (sky130_fd_sc_hd__buf_6)
     5    0.025544    0.103712    0.377929   13.163097 ^ max_cap30/X (sky130_fd_sc_hd__buf_6)
                                                         net30 (net)
                      0.103712    0.000405   13.163503 ^ _601_/S (sky130_fd_sc_hd__mux2_2)
     4    0.017901    0.161907    0.788526   13.952028 v _601_/X (sky130_fd_sc_hd__mux2_2)
                                                         _072_ (net)
                      0.161907    0.000102   13.952130 v _603_/B (sky130_fd_sc_hd__and2_1)
     2    0.008467    0.113006    0.407368   14.359499 v _603_/X (sky130_fd_sc_hd__and2_1)
                                                         _074_ (net)
                      0.113006    0.000109   14.359608 v _608_/C1 (sky130_fd_sc_hd__a211oi_2)
     4    0.013186    0.497905    0.444941   14.804549 ^ _608_/Y (sky130_fd_sc_hd__a211oi_2)
                                                         _079_ (net)
                      0.497905    0.000163   14.804712 ^ _627_/A2 (sky130_fd_sc_hd__o31a_1)
     4    0.020646    0.354313    0.597785   15.402497 ^ _627_/X (sky130_fd_sc_hd__o31a_1)
                                                         _098_ (net)
                      0.354313    0.000153   15.402650 ^ _628_/A2 (sky130_fd_sc_hd__a21oi_4)
     3    0.012889    0.108711    0.222975   15.625626 v _628_/Y (sky130_fd_sc_hd__a21oi_4)
                                                         _099_ (net)
                      0.108711    0.000121   15.625747 v fanout29/A (sky130_fd_sc_hd__clkbuf_4)
    10    0.038578    0.152499    0.354591   15.980337 v fanout29/X (sky130_fd_sc_hd__clkbuf_4)
                                                         net29 (net)
                      0.152499    0.000556   15.980893 v _717_/A2 (sky130_fd_sc_hd__a22o_1)
     1    0.003724    0.079565    0.453644   16.434538 v _717_/X (sky130_fd_sc_hd__a22o_1)
                                                         _187_ (net)
                      0.079565    0.000064   16.434601 v _718_/B (sky130_fd_sc_hd__or2_1)
     1    0.002016    0.091094    0.446672   16.881273 v _718_/X (sky130_fd_sc_hd__or2_1)
                                                         net22 (net)
                      0.091094    0.000018   16.881292 v output22/A (sky130_fd_sc_hd__buf_2)
     1    0.034428    0.166433    0.355218   17.236509 v output22/X (sky130_fd_sc_hd__buf_2)
                                                         op_out[1] (net)
                      0.166433    0.000396   17.236906 v op_out[1] (out)
                                             17.236906   data arrival time

                      0.000000   20.000000   20.000000   clock __VIRTUAL_CLK__ (rise edge)
                                  0.000000   20.000000   clock network delay (ideal)
                                 -0.250000   19.750002   clock uncertainty
                                  0.000000   19.750002   clock reconvergence pessimism
                                  0.000000   19.750002   output external delay
                                             19.750002   data required time
---------------------------------------------------------------------------------------------
                                             19.750002   data required time
                                            -17.236906   data arrival time
---------------------------------------------------------------------------------------------
                                              2.513096   slack (MET)


Startpoint: op_b[0] (input port clocked by __VIRTUAL_CLK__)
Endpoint: op_out[2] (output port clocked by __VIRTUAL_CLK__)
Path Group: __VIRTUAL_CLK__
Path Type: max

Fanout         Cap        Slew       Delay        Time   Description
---------------------------------------------------------------------------------------------
                      0.000000    0.000000    0.000000   clock __VIRTUAL_CLK__ (rise edge)
                                  0.000000    0.000000   clock network delay (ideal)
                                  0.000000    0.000000 ^ input external delay
     1    0.002909    0.032974    0.016342    0.016342 ^ op_b[0] (in)
                                                         op_b[0] (net)
                      0.032974    0.000000    0.016342 ^ input13/A (sky130_fd_sc_hd__clkbuf_2)
     4    0.023207    0.205141    0.273740    0.290082 ^ input13/X (sky130_fd_sc_hd__clkbuf_2)
                                                         net13 (net)
                      0.205141    0.000387    0.290469 ^ fanout66/A (sky130_fd_sc_hd__buf_2)
    10    0.046405    0.362798    0.470693    0.761162 ^ fanout66/X (sky130_fd_sc_hd__buf_2)
                                                         net66 (net)
                      0.362798    0.000119    0.761281 ^ fanout65/A (sky130_fd_sc_hd__buf_2)
    10    0.039118    0.308979    0.495170    1.256450 ^ fanout65/X (sky130_fd_sc_hd__buf_2)
                                                         net65 (net)
                      0.308979    0.001017    1.257467 ^ _458_/A (sky130_fd_sc_hd__inv_2)
     4    0.012892    0.097548    0.176639    1.434106 v _458_/Y (sky130_fd_sc_hd__inv_2)
                                                         _188_ (net)
                      0.097548    0.000069    1.434175 v fanout35/A (sky130_fd_sc_hd__clkbuf_4)
    10    0.040386    0.158209    0.353825    1.788001 v fanout35/X (sky130_fd_sc_hd__clkbuf_4)
                                                         net35 (net)
                      0.158210    0.000777    1.788778 v _472_/A1 (sky130_fd_sc_hd__o41ai_4)
     5    0.015435    0.579895    0.771138    2.559916 ^ _472_/Y (sky130_fd_sc_hd__o41ai_4)
                                                         _338_ (net)
                      0.579895    0.000118    2.560034 ^ _481_/A2 (sky130_fd_sc_hd__a211o_1)
     4    0.012109    0.186083    0.505575    3.065609 ^ _481_/X (sky130_fd_sc_hd__a211o_1)
                                                         _410_ (net)
                      0.186083    0.000160    3.065769 ^ _484_/A2 (sky130_fd_sc_hd__a21o_1)
     4    0.012686    0.190808    0.353473    3.419242 ^ _484_/X (sky130_fd_sc_hd__a21o_1)
                                                         _413_ (net)
                      0.190808    0.000078    3.419320 ^ _493_/A1 (sky130_fd_sc_hd__a211oi_1)
     3    0.008103    0.183706    0.242872    3.662192 v _493_/Y (sky130_fd_sc_hd__a211oi_1)
                                                         _422_ (net)
                      0.183706    0.000092    3.662284 v _503_/D (sky130_fd_sc_hd__or4_1)
     3    0.008058    0.247663    1.091063    4.753347 v _503_/X (sky130_fd_sc_hd__or4_1)
                                                         _432_ (net)
                      0.247663    0.000066    4.753412 v _507_/A3 (sky130_fd_sc_hd__a31o_1)
     2    0.005973    0.092292    0.492786    5.246198 v _507_/X (sky130_fd_sc_hd__a31o_1)
                                                         _436_ (net)
                      0.092292    0.000062    5.246261 v _509_/A2 (sky130_fd_sc_hd__a211o_1)
     3    0.014748    0.183311    0.665721    5.911982 v _509_/X (sky130_fd_sc_hd__a211o_1)
                                                         _438_ (net)
                      0.183311    0.000135    5.912117 v _515_/A2 (sky130_fd_sc_hd__a21oi_4)
     8    0.036381    0.446503    0.508438    6.420555 ^ _515_/Y (sky130_fd_sc_hd__a21oi_4)
                                                         _444_ (net)
                      0.446504    0.000660    6.421215 ^ _524_/S (sky130_fd_sc_hd__mux2_1)
     2    0.008047    0.159334    0.885252    7.306467 v _524_/X (sky130_fd_sc_hd__mux2_1)
                                                         _453_ (net)
                      0.159334    0.000097    7.306563 v _539_/A2 (sky130_fd_sc_hd__a221o_1)
     3    0.009753    0.161330    0.749704    8.056268 v _539_/X (sky130_fd_sc_hd__a221o_1)
                                                         _010_ (net)
                      0.161330    0.000065    8.056333 v _544_/A3 (sky130_fd_sc_hd__a311o_1)
     5    0.015691    0.203518    0.810153    8.866486 v _544_/X (sky130_fd_sc_hd__a311o_1)
                                                         _015_ (net)
                      0.203518    0.000242    8.866728 v _571_/A1 (sky130_fd_sc_hd__a21o_1)
     4    0.011263    0.126849    0.409946    9.276674 v _571_/X (sky130_fd_sc_hd__a21o_1)
                                                         _042_ (net)
                      0.126849    0.000139    9.276814 v _574_/B (sky130_fd_sc_hd__and3_1)
     3    0.007155    0.105996    0.399063    9.675877 v _574_/X (sky130_fd_sc_hd__and3_1)
                                                         _045_ (net)
                      0.105996    0.000069    9.675945 v _585_/A (sky130_fd_sc_hd__or4_1)
     1    0.002425    0.175073    1.202429   10.878375 v _585_/X (sky130_fd_sc_hd__or4_1)
                                                         _056_ (net)
                      0.175073    0.000028   10.878404 v _586_/C (sky130_fd_sc_hd__or4b_1)
     1    0.008938    0.256437    1.243878   12.122281 v _586_/X (sky130_fd_sc_hd__or4b_1)
                                                         _057_ (net)
                      0.256437    0.000098   12.122379 v _590_/A2 (sky130_fd_sc_hd__a311oi_4)
     4    0.018993    0.526713    0.662451   12.784830 ^ _590_/Y (sky130_fd_sc_hd__a311oi_4)
                                                         _061_ (net)
                      0.526713    0.000338   12.785169 ^ max_cap30/A (sky130_fd_sc_hd__buf_6)
     5    0.025544    0.103712    0.377929   13.163097 ^ max_cap30/X (sky130_fd_sc_hd__buf_6)
                                                         net30 (net)
                      0.103713    0.000507   13.163605 ^ _740_/A2 (sky130_fd_sc_hd__a211o_1)
     1    0.004488    0.089622    0.262803   13.426408 ^ _740_/X (sky130_fd_sc_hd__a211o_1)
                                                         _212_ (net)
                      0.089622    0.000074   13.426481 ^ _741_/B1 (sky130_fd_sc_hd__a21o_1)
     1    0.002071    0.056532    0.139261   13.565742 ^ _741_/X (sky130_fd_sc_hd__a21o_1)
                                                         net23 (net)
                      0.056532    0.000019   13.565762 ^ output23/A (sky130_fd_sc_hd__buf_2)
     1    0.034298    0.272285    0.337692   13.903453 ^ output23/X (sky130_fd_sc_hd__buf_2)
                                                         op_out[2] (net)
                      0.272285    0.000379   13.903832 ^ op_out[2] (out)
                                             13.903832   data arrival time

                      0.000000   20.000000   20.000000   clock __VIRTUAL_CLK__ (rise edge)
                                  0.000000   20.000000   clock network delay (ideal)
                                 -0.250000   19.750002   clock uncertainty
                                  0.000000   19.750002   clock reconvergence pessimism
                                  0.000000   19.750002   output external delay
                                             19.750002   data required time
---------------------------------------------------------------------------------------------
                                             19.750002   data required time
                                            -13.903832   data arrival time
---------------------------------------------------------------------------------------------
                                              5.846169   slack (MET)


Startpoint: op_b[0] (input port clocked by __VIRTUAL_CLK__)
Endpoint: op_out[3] (output port clocked by __VIRTUAL_CLK__)
Path Group: __VIRTUAL_CLK__
Path Type: max

Fanout         Cap        Slew       Delay        Time   Description
---------------------------------------------------------------------------------------------
                      0.000000    0.000000    0.000000   clock __VIRTUAL_CLK__ (rise edge)
                                  0.000000    0.000000   clock network delay (ideal)
                                  0.000000    0.000000 ^ input external delay
     1    0.002909    0.032974    0.016342    0.016342 ^ op_b[0] (in)
                                                         op_b[0] (net)
                      0.032974    0.000000    0.016342 ^ input13/A (sky130_fd_sc_hd__clkbuf_2)
     4    0.023207    0.205141    0.273740    0.290082 ^ input13/X (sky130_fd_sc_hd__clkbuf_2)
                                                         net13 (net)
                      0.205141    0.000387    0.290469 ^ fanout66/A (sky130_fd_sc_hd__buf_2)
    10    0.046405    0.362798    0.470693    0.761162 ^ fanout66/X (sky130_fd_sc_hd__buf_2)
                                                         net66 (net)
                      0.362798    0.000119    0.761281 ^ fanout65/A (sky130_fd_sc_hd__buf_2)
    10    0.039118    0.308979    0.495170    1.256450 ^ fanout65/X (sky130_fd_sc_hd__buf_2)
                                                         net65 (net)
                      0.308979    0.001017    1.257467 ^ _458_/A (sky130_fd_sc_hd__inv_2)
     4    0.012892    0.097548    0.176639    1.434106 v _458_/Y (sky130_fd_sc_hd__inv_2)
                                                         _188_ (net)
                      0.097548    0.000069    1.434175 v fanout35/A (sky130_fd_sc_hd__clkbuf_4)
    10    0.040386    0.158209    0.353825    1.788001 v fanout35/X (sky130_fd_sc_hd__clkbuf_4)
                                                         net35 (net)
                      0.158210    0.000777    1.788778 v _472_/A1 (sky130_fd_sc_hd__o41ai_4)
     5    0.015435    0.579895    0.771138    2.559916 ^ _472_/Y (sky130_fd_sc_hd__o41ai_4)
                                                         _338_ (net)
                      0.579895    0.000118    2.560034 ^ _481_/A2 (sky130_fd_sc_hd__a211o_1)
     4    0.012109    0.186083    0.505575    3.065609 ^ _481_/X (sky130_fd_sc_hd__a211o_1)
                                                         _410_ (net)
                      0.186083    0.000160    3.065769 ^ _484_/A2 (sky130_fd_sc_hd__a21o_1)
     4    0.012686    0.190808    0.353473    3.419242 ^ _484_/X (sky130_fd_sc_hd__a21o_1)
                                                         _413_ (net)
                      0.190808    0.000078    3.419320 ^ _493_/A1 (sky130_fd_sc_hd__a211oi_1)
     3    0.008103    0.183706    0.242872    3.662192 v _493_/Y (sky130_fd_sc_hd__a211oi_1)
                                                         _422_ (net)
                      0.183706    0.000092    3.662284 v _503_/D (sky130_fd_sc_hd__or4_1)
     3    0.008058    0.247663    1.091063    4.753347 v _503_/X (sky130_fd_sc_hd__or4_1)
                                                         _432_ (net)
                      0.247663    0.000066    4.753412 v _507_/A3 (sky130_fd_sc_hd__a31o_1)
     2    0.005973    0.092292    0.492786    5.246198 v _507_/X (sky130_fd_sc_hd__a31o_1)
                                                         _436_ (net)
                      0.092292    0.000062    5.246261 v _509_/A2 (sky130_fd_sc_hd__a211o_1)
     3    0.014748    0.183311    0.665721    5.911982 v _509_/X (sky130_fd_sc_hd__a211o_1)
                                                         _438_ (net)
                      0.183311    0.000135    5.912117 v _515_/A2 (sky130_fd_sc_hd__a21oi_4)
     8    0.036381    0.446503    0.508438    6.420555 ^ _515_/Y (sky130_fd_sc_hd__a21oi_4)
                                                         _444_ (net)
                      0.446504    0.000660    6.421215 ^ _524_/S (sky130_fd_sc_hd__mux2_1)
     2    0.008047    0.159334    0.885252    7.306467 v _524_/X (sky130_fd_sc_hd__mux2_1)
                                                         _453_ (net)
                      0.159334    0.000097    7.306563 v _539_/A2 (sky130_fd_sc_hd__a221o_1)
     3    0.009753    0.161330    0.749704    8.056268 v _539_/X (sky130_fd_sc_hd__a221o_1)
                                                         _010_ (net)
                      0.161330    0.000059    8.056327 v _543_/A3 (sky130_fd_sc_hd__a311oi_2)
     4    0.012023    0.514651    0.643046    8.699373 ^ _543_/Y (sky130_fd_sc_hd__a311oi_2)
                                                         _014_ (net)
                      0.514651    0.000198    8.699571 ^ _548_/A (sky130_fd_sc_hd__nor2_1)
     2    0.017357    0.210430    0.367087    9.066658 v _548_/Y (sky130_fd_sc_hd__nor2_1)
                                                         _019_ (net)
                      0.210430    0.000555    9.067213 v _769_/A2 (sky130_fd_sc_hd__a211o_1)
     1    0.002055    0.078146    0.578988    9.646201 v _769_/X (sky130_fd_sc_hd__a211o_1)
                                                         _243_ (net)
                      0.078146    0.000021    9.646223 v _770_/A_N (sky130_fd_sc_hd__nand2b_1)
     1    0.001938    0.080517    0.279056    9.925279 v _770_/Y (sky130_fd_sc_hd__nand2b_1)
                                                         net24 (net)
                      0.080517    0.000017    9.925296 v output24/A (sky130_fd_sc_hd__buf_2)
     1    0.034394    0.166283    0.350007   10.275303 v output24/X (sky130_fd_sc_hd__buf_2)
                                                         op_out[3] (net)
                      0.166283    0.000395   10.275698 v op_out[3] (out)
                                             10.275698   data arrival time

                      0.000000   20.000000   20.000000   clock __VIRTUAL_CLK__ (rise edge)
                                  0.000000   20.000000   clock network delay (ideal)
                                 -0.250000   19.750002   clock uncertainty
                                  0.000000   19.750002   clock reconvergence pessimism
                                  0.000000   19.750002   output external delay
                                             19.750002   data required time
---------------------------------------------------------------------------------------------
                                             19.750002   data required time
                                            -10.275698   data arrival time
---------------------------------------------------------------------------------------------
                                              9.474303   slack (MET)


Startpoint: op_b[0] (input port clocked by __VIRTUAL_CLK__)
Endpoint: op_out[5] (output port clocked by __VIRTUAL_CLK__)
Path Group: __VIRTUAL_CLK__
Path Type: max

Fanout         Cap        Slew       Delay        Time   Description
---------------------------------------------------------------------------------------------
                      0.000000    0.000000    0.000000   clock __VIRTUAL_CLK__ (rise edge)
                                  0.000000    0.000000   clock network delay (ideal)
                                  0.000000    0.000000 ^ input external delay
     1    0.002909    0.032974    0.016342    0.016342 ^ op_b[0] (in)
                                                         op_b[0] (net)
                      0.032974    0.000000    0.016342 ^ input13/A (sky130_fd_sc_hd__clkbuf_2)
     4    0.023207    0.205141    0.273740    0.290082 ^ input13/X (sky130_fd_sc_hd__clkbuf_2)
                                                         net13 (net)
                      0.205141    0.000387    0.290469 ^ fanout66/A (sky130_fd_sc_hd__buf_2)
    10    0.046405    0.362798    0.470693    0.761162 ^ fanout66/X (sky130_fd_sc_hd__buf_2)
                                                         net66 (net)
                      0.362798    0.000119    0.761281 ^ fanout65/A (sky130_fd_sc_hd__buf_2)
    10    0.039118    0.308979    0.495170    1.256450 ^ fanout65/X (sky130_fd_sc_hd__buf_2)
                                                         net65 (net)
                      0.308979    0.001017    1.257467 ^ _458_/A (sky130_fd_sc_hd__inv_2)
     4    0.012892    0.097548    0.176639    1.434106 v _458_/Y (sky130_fd_sc_hd__inv_2)
                                                         _188_ (net)
                      0.097548    0.000069    1.434175 v fanout35/A (sky130_fd_sc_hd__clkbuf_4)
    10    0.040386    0.158209    0.353825    1.788001 v fanout35/X (sky130_fd_sc_hd__clkbuf_4)
                                                         net35 (net)
                      0.158209    0.000273    1.788274 v _536_/A (sky130_fd_sc_hd__nor2_1)
     4    0.014802    0.466362    0.449979    2.238253 ^ _536_/Y (sky130_fd_sc_hd__nor2_1)
                                                         _007_ (net)
                      0.466362    0.000128    2.238381 ^ _780_/C (sky130_fd_sc_hd__and3_1)
     2    0.010752    0.194747    0.522133    2.760514 ^ _780_/X (sky130_fd_sc_hd__and3_1)
                                                         _254_ (net)
                      0.194747    0.000108    2.760622 ^ _781_/B1 (sky130_fd_sc_hd__a21oi_2)
     2    0.012294    0.128884    0.139478    2.900100 v _781_/Y (sky130_fd_sc_hd__a21oi_2)
                                                         _255_ (net)
                      0.128884    0.000036    2.900136 v _805_/A3 (sky130_fd_sc_hd__a31oi_2)
     2    0.008213    0.272869    0.371115    3.271251 ^ _805_/Y (sky130_fd_sc_hd__a31oi_2)
                                                         _280_ (net)
                      0.272869    0.000104    3.271355 ^ _813_/A (sky130_fd_sc_hd__xnor2_1)
     2    0.005961    0.297898    0.306240    3.577596 ^ _813_/Y (sky130_fd_sc_hd__xnor2_1)
                                                         _289_ (net)
                      0.297898    0.000081    3.577677 ^ _814_/B (sky130_fd_sc_hd__or2_1)
     1    0.002479    0.065424    0.248040    3.825716 ^ _814_/X (sky130_fd_sc_hd__or2_1)
                                                         _290_ (net)
                      0.065424    0.000009    3.825725 ^ _816_/A (sky130_fd_sc_hd__nand2_1)
     2    0.006377    0.124052    0.136275    3.962000 v _816_/Y (sky130_fd_sc_hd__nand2_1)
                                                         _292_ (net)
                      0.124052    0.000118    3.962118 v _817_/C (sky130_fd_sc_hd__and3_1)
     1    0.003769    0.078951    0.395539    4.357656 v _817_/X (sky130_fd_sc_hd__and3_1)
                                                         _293_ (net)
                      0.078951    0.000051    4.357707 v _819_/A (sky130_fd_sc_hd__nor2_1)
     2    0.007818    0.273236    0.275496    4.633204 ^ _819_/Y (sky130_fd_sc_hd__nor2_1)
                                                         _296_ (net)
                      0.273236    0.000034    4.633237 ^ _820_/B (sky130_fd_sc_hd__xnor2_1)
     2    0.005229    0.273671    0.297940    4.931177 ^ _820_/Y (sky130_fd_sc_hd__xnor2_1)
                                                         _297_ (net)
                      0.273671    0.000068    4.931245 ^ _821_/B (sky130_fd_sc_hd__or2_1)
     3    0.015105    0.235333    0.371111    5.302356 ^ _821_/X (sky130_fd_sc_hd__or2_1)
                                                         _298_ (net)
                      0.235333    0.000049    5.302405 ^ _824_/A (sky130_fd_sc_hd__nand2_1)
     3    0.008241    0.163933    0.229154    5.531559 v _824_/Y (sky130_fd_sc_hd__nand2_1)
                                                         _301_ (net)
                      0.163933    0.000060    5.531619 v _827_/A2 (sky130_fd_sc_hd__o21a_1)
     1    0.002591    0.063009    0.342516    5.874134 v _827_/X (sky130_fd_sc_hd__o21a_1)
                                                         _304_ (net)
                      0.063009    0.000023    5.874157 v _840_/B2 (sky130_fd_sc_hd__a221o_1)
     1    0.005737    0.120754    0.622177    6.496334 v _840_/X (sky130_fd_sc_hd__a221o_1)
                                                         _319_ (net)
                      0.120754    0.000103    6.496436 v _842_/B (sky130_fd_sc_hd__or3_1)
     1    0.005131    0.162129    0.849730    7.346166 v _842_/X (sky130_fd_sc_hd__or3_1)
                                                         net26 (net)
                      0.162129    0.000118    7.346283 v output26/A (sky130_fd_sc_hd__buf_2)
     1    0.034341    0.166184    0.389197    7.735480 v output26/X (sky130_fd_sc_hd__buf_2)
                                                         op_out[5] (net)
                      0.166184    0.000392    7.735872 v op_out[5] (out)
                                              7.735872   data arrival time

                      0.000000   20.000000   20.000000   clock __VIRTUAL_CLK__ (rise edge)
                                  0.000000   20.000000   clock network delay (ideal)
                                 -0.250000   19.750002   clock uncertainty
                                  0.000000   19.750002   clock reconvergence pessimism
                                  0.000000   19.750002   output external delay
                                             19.750002   data required time
---------------------------------------------------------------------------------------------
                                             19.750002   data required time
                                             -7.735872   data arrival time
---------------------------------------------------------------------------------------------
                                             12.014130   slack (MET)


Startpoint: op_b[0] (input port clocked by __VIRTUAL_CLK__)
Endpoint: op_out[7] (output port clocked by __VIRTUAL_CLK__)
Path Group: __VIRTUAL_CLK__
Path Type: max

Fanout         Cap        Slew       Delay        Time   Description
---------------------------------------------------------------------------------------------
                      0.000000    0.000000    0.000000   clock __VIRTUAL_CLK__ (rise edge)
                                  0.000000    0.000000   clock network delay (ideal)
                                  0.000000    0.000000 ^ input external delay
     1    0.002909    0.032974    0.016342    0.016342 ^ op_b[0] (in)
                                                         op_b[0] (net)
                      0.032974    0.000000    0.016342 ^ input13/A (sky130_fd_sc_hd__clkbuf_2)
     4    0.023207    0.205141    0.273740    0.290082 ^ input13/X (sky130_fd_sc_hd__clkbuf_2)
                                                         net13 (net)
                      0.205141    0.000387    0.290469 ^ fanout66/A (sky130_fd_sc_hd__buf_2)
    10    0.046405    0.362798    0.470693    0.761162 ^ fanout66/X (sky130_fd_sc_hd__buf_2)
                                                         net66 (net)
                      0.362798    0.000119    0.761281 ^ fanout65/A (sky130_fd_sc_hd__buf_2)
    10    0.039118    0.308979    0.495170    1.256450 ^ fanout65/X (sky130_fd_sc_hd__buf_2)
                                                         net65 (net)
                      0.308979    0.001017    1.257467 ^ _458_/A (sky130_fd_sc_hd__inv_2)
     4    0.012892    0.097548    0.176639    1.434106 v _458_/Y (sky130_fd_sc_hd__inv_2)
                                                         _188_ (net)
                      0.097548    0.000069    1.434175 v fanout35/A (sky130_fd_sc_hd__clkbuf_4)
    10    0.040386    0.158209    0.353825    1.788001 v fanout35/X (sky130_fd_sc_hd__clkbuf_4)
                                                         net35 (net)
                      0.158209    0.000273    1.788274 v _536_/A (sky130_fd_sc_hd__nor2_1)
     4    0.014802    0.466362    0.449979    2.238253 ^ _536_/Y (sky130_fd_sc_hd__nor2_1)
                                                         _007_ (net)
                      0.466362    0.000128    2.238381 ^ _780_/C (sky130_fd_sc_hd__and3_1)
     2    0.010752    0.194747    0.522133    2.760514 ^ _780_/X (sky130_fd_sc_hd__and3_1)
                                                         _254_ (net)
                      0.194747    0.000108    2.760622 ^ _781_/B1 (sky130_fd_sc_hd__a21oi_2)
     2    0.012294    0.128884    0.139478    2.900100 v _781_/Y (sky130_fd_sc_hd__a21oi_2)
                                                         _255_ (net)
                      0.128884    0.000036    2.900136 v _805_/A3 (sky130_fd_sc_hd__a31oi_2)
     2    0.008213    0.272869    0.371115    3.271251 ^ _805_/Y (sky130_fd_sc_hd__a31oi_2)
                                                         _280_ (net)
                      0.272869    0.000104    3.271355 ^ _813_/A (sky130_fd_sc_hd__xnor2_1)
     2    0.005961    0.297898    0.306240    3.577596 ^ _813_/Y (sky130_fd_sc_hd__xnor2_1)
                                                         _289_ (net)
                      0.297898    0.000081    3.577677 ^ _814_/B (sky130_fd_sc_hd__or2_1)
     1    0.002479    0.065424    0.248040    3.825716 ^ _814_/X (sky130_fd_sc_hd__or2_1)
                                                         _290_ (net)
                      0.065424    0.000009    3.825725 ^ _816_/A (sky130_fd_sc_hd__nand2_1)
     2    0.006377    0.124052    0.136275    3.962000 v _816_/Y (sky130_fd_sc_hd__nand2_1)
                                                         _292_ (net)
                      0.124052    0.000118    3.962118 v _817_/C (sky130_fd_sc_hd__and3_1)
     1    0.003769    0.078951    0.395539    4.357656 v _817_/X (sky130_fd_sc_hd__and3_1)
                                                         _293_ (net)
                      0.078951    0.000051    4.357707 v _819_/A (sky130_fd_sc_hd__nor2_1)
     2    0.007818    0.273236    0.275496    4.633204 ^ _819_/Y (sky130_fd_sc_hd__nor2_1)
                                                         _296_ (net)
                      0.273236    0.000034    4.633237 ^ _820_/B (sky130_fd_sc_hd__xnor2_1)
     2    0.005229    0.273671    0.297940    4.931177 ^ _820_/Y (sky130_fd_sc_hd__xnor2_1)
                                                         _297_ (net)
                      0.273671    0.000068    4.931245 ^ _821_/B (sky130_fd_sc_hd__or2_1)
     3    0.015105    0.235333    0.371111    5.302356 ^ _821_/X (sky130_fd_sc_hd__or2_1)
                                                         _298_ (net)
                      0.235333    0.000049    5.302405 ^ _824_/A (sky130_fd_sc_hd__nand2_1)
     3    0.008241    0.163933    0.229154    5.531559 v _824_/Y (sky130_fd_sc_hd__nand2_1)
                                                         _301_ (net)
                      0.163933    0.000024    5.531583 v _826_/B (sky130_fd_sc_hd__nor2_1)
     3    0.009983    0.324869    0.327598    5.859181 ^ _826_/Y (sky130_fd_sc_hd__nor2_1)
                                                         _303_ (net)
                      0.324869    0.000148    5.859329 ^ _892_/A2 (sky130_fd_sc_hd__o21ai_1)
     2    0.005196    0.161644    0.228186    6.087515 v _892_/Y (sky130_fd_sc_hd__o21ai_1)
                                                         _374_ (net)
                      0.161644    0.000056    6.087571 v _917_/A (sky130_fd_sc_hd__or2_1)
     1    0.003353    0.101286    0.538584    6.626154 v _917_/X (sky130_fd_sc_hd__or2_1)
                                                         _401_ (net)
                      0.101286    0.000041    6.626195 v _923_/A2 (sky130_fd_sc_hd__a311o_1)
     1    0.002700    0.091845    0.587368    7.213563 v _923_/X (sky130_fd_sc_hd__a311o_1)
                                                         net28 (net)
                      0.091845    0.000031    7.213594 v output28/A (sky130_fd_sc_hd__buf_2)
     1    0.033907    0.164305    0.354073    7.567667 v output28/X (sky130_fd_sc_hd__buf_2)
                                                         op_out[7] (net)
                      0.164305    0.000165    7.567833 v op_out[7] (out)
                                              7.567833   data arrival time

                      0.000000   20.000000   20.000000   clock __VIRTUAL_CLK__ (rise edge)
                                  0.000000   20.000000   clock network delay (ideal)
                                 -0.250000   19.750002   clock uncertainty
                                  0.000000   19.750002   clock reconvergence pessimism
                                  0.000000   19.750002   output external delay
                                             19.750002   data required time
---------------------------------------------------------------------------------------------
                                             19.750002   data required time
                                             -7.567833   data arrival time
---------------------------------------------------------------------------------------------
                                             12.182169   slack (MET)


Startpoint: op_b[0] (input port clocked by __VIRTUAL_CLK__)
Endpoint: op_out[4] (output port clocked by __VIRTUAL_CLK__)
Path Group: __VIRTUAL_CLK__
Path Type: max

Fanout         Cap        Slew       Delay        Time   Description
---------------------------------------------------------------------------------------------
                      0.000000    0.000000    0.000000   clock __VIRTUAL_CLK__ (rise edge)
                                  0.000000    0.000000   clock network delay (ideal)
                                  0.000000    0.000000 ^ input external delay
     1    0.002909    0.032974    0.016342    0.016342 ^ op_b[0] (in)
                                                         op_b[0] (net)
                      0.032974    0.000000    0.016342 ^ input13/A (sky130_fd_sc_hd__clkbuf_2)
     4    0.023207    0.205141    0.273740    0.290082 ^ input13/X (sky130_fd_sc_hd__clkbuf_2)
                                                         net13 (net)
                      0.205141    0.000387    0.290469 ^ fanout66/A (sky130_fd_sc_hd__buf_2)
    10    0.046405    0.362798    0.470693    0.761162 ^ fanout66/X (sky130_fd_sc_hd__buf_2)
                                                         net66 (net)
                      0.362798    0.000119    0.761281 ^ fanout65/A (sky130_fd_sc_hd__buf_2)
    10    0.039118    0.308979    0.495170    1.256450 ^ fanout65/X (sky130_fd_sc_hd__buf_2)
                                                         net65 (net)
                      0.308979    0.001017    1.257467 ^ _458_/A (sky130_fd_sc_hd__inv_2)
     4    0.012892    0.097548    0.176639    1.434106 v _458_/Y (sky130_fd_sc_hd__inv_2)
                                                         _188_ (net)
                      0.097548    0.000069    1.434175 v fanout35/A (sky130_fd_sc_hd__clkbuf_4)
    10    0.040386    0.158209    0.353825    1.788001 v fanout35/X (sky130_fd_sc_hd__clkbuf_4)
                                                         net35 (net)
                      0.158210    0.000777    1.788778 v _472_/A1 (sky130_fd_sc_hd__o41ai_4)
     5    0.015435    0.579895    0.771138    2.559916 ^ _472_/Y (sky130_fd_sc_hd__o41ai_4)
                                                         _338_ (net)
                      0.579895    0.000118    2.560034 ^ _481_/A2 (sky130_fd_sc_hd__a211o_1)
     4    0.012109    0.186083    0.505575    3.065609 ^ _481_/X (sky130_fd_sc_hd__a211o_1)
                                                         _410_ (net)
                      0.186083    0.000160    3.065769 ^ _484_/A2 (sky130_fd_sc_hd__a21o_1)
     4    0.012686    0.190808    0.353473    3.419242 ^ _484_/X (sky130_fd_sc_hd__a21o_1)
                                                         _413_ (net)
                      0.190808    0.000078    3.419320 ^ _493_/A1 (sky130_fd_sc_hd__a211oi_1)
     3    0.008103    0.183706    0.242872    3.662192 v _493_/Y (sky130_fd_sc_hd__a211oi_1)
                                                         _422_ (net)
                      0.183706    0.000092    3.662284 v _503_/D (sky130_fd_sc_hd__or4_1)
     3    0.008058    0.247663    1.091063    4.753347 v _503_/X (sky130_fd_sc_hd__or4_1)
                                                         _432_ (net)
                      0.247663    0.000066    4.753412 v _507_/A3 (sky130_fd_sc_hd__a31o_1)
     2    0.005973    0.092292    0.492786    5.246198 v _507_/X (sky130_fd_sc_hd__a31o_1)
                                                         _436_ (net)
                      0.092292    0.000062    5.246261 v _509_/A2 (sky130_fd_sc_hd__a211o_1)
     3    0.014748    0.183311    0.665721    5.911982 v _509_/X (sky130_fd_sc_hd__a211o_1)
                                                         _438_ (net)
                      0.183311    0.000135    5.912117 v _515_/A2 (sky130_fd_sc_hd__a21oi_4)
     8    0.036381    0.446503    0.508438    6.420555 ^ _515_/Y (sky130_fd_sc_hd__a21oi_4)
                                                         _444_ (net)
                      0.446505    0.000778    6.421332 ^ _797_/A2 (sky130_fd_sc_hd__a211oi_1)
     1    0.004096    0.153177    0.292197    6.713530 v _797_/Y (sky130_fd_sc_hd__a211oi_1)
                                                         _272_ (net)
                      0.153177    0.000063    6.713592 v _798_/B1 (sky130_fd_sc_hd__o31ai_1)
     1    0.004503    0.411479    0.159085    6.872677 ^ _798_/Y (sky130_fd_sc_hd__o31ai_1)
                                                         net25 (net)
                      0.411479    0.000088    6.872765 ^ output25/A (sky130_fd_sc_hd__buf_2)
     1    0.034339    0.273774    0.488954    7.361720 ^ output25/X (sky130_fd_sc_hd__buf_2)
                                                         op_out[4] (net)
                      0.273774    0.000391    7.362111 ^ op_out[4] (out)
                                              7.362111   data arrival time

                      0.000000   20.000000   20.000000   clock __VIRTUAL_CLK__ (rise edge)
                                  0.000000   20.000000   clock network delay (ideal)
                                 -0.250000   19.750002   clock uncertainty
                                  0.000000   19.750002   clock reconvergence pessimism
                                  0.000000   19.750002   output external delay
                                             19.750002   data required time
---------------------------------------------------------------------------------------------
                                             19.750002   data required time
                                             -7.362111   data arrival time
---------------------------------------------------------------------------------------------
                                             12.387890   slack (MET)


Startpoint: op_b[0] (input port clocked by __VIRTUAL_CLK__)
Endpoint: op_out[6] (output port clocked by __VIRTUAL_CLK__)
Path Group: __VIRTUAL_CLK__
Path Type: max

Fanout         Cap        Slew       Delay        Time   Description
---------------------------------------------------------------------------------------------
                      0.000000    0.000000    0.000000   clock __VIRTUAL_CLK__ (rise edge)
                                  0.000000    0.000000   clock network delay (ideal)
                                  0.000000    0.000000 v input external delay
     1    0.002724    0.018171    0.008973    0.008973 v op_b[0] (in)
                                                         op_b[0] (net)
                      0.018171    0.000000    0.008973 v input13/A (sky130_fd_sc_hd__clkbuf_2)
     4    0.022811    0.165941    0.257545    0.266518 v input13/X (sky130_fd_sc_hd__clkbuf_2)
                                                         net13 (net)
                      0.165941    0.000376    0.266894 v fanout66/A (sky130_fd_sc_hd__buf_2)
    10    0.045081    0.209233    0.424621    0.691515 v fanout66/X (sky130_fd_sc_hd__buf_2)
                                                         net66 (net)
                      0.209233    0.000115    0.691630 v fanout65/A (sky130_fd_sc_hd__buf_2)
    10    0.037790    0.180035    0.422687    1.114317 v fanout65/X (sky130_fd_sc_hd__buf_2)
                                                         net65 (net)
                      0.180035    0.000434    1.114752 v _488_/A (sky130_fd_sc_hd__and2_1)
     4    0.012204    0.143274    0.404409    1.519160 v _488_/X (sky130_fd_sc_hd__and2_1)
                                                         _417_ (net)
                      0.143274    0.000178    1.519338 v _861_/C (sky130_fd_sc_hd__and3_1)
     2    0.003532    0.079745    0.402308    1.921646 v _861_/X (sky130_fd_sc_hd__and3_1)
                                                         _341_ (net)
                      0.079745    0.000011    1.921657 v _863_/A (sky130_fd_sc_hd__or2_1)
     1    0.004925    0.116921    0.525458    2.447115 v _863_/X (sky130_fd_sc_hd__or2_1)
                                                         _343_ (net)
                      0.116921    0.000051    2.447166 v _864_/B (sky130_fd_sc_hd__xor2_1)
     2    0.006910    0.146458    0.314552    2.761718 v _864_/X (sky130_fd_sc_hd__xor2_1)
                                                         _344_ (net)
                      0.146458    0.000097    2.761816 v _866_/B1 (sky130_fd_sc_hd__o21a_1)
     2    0.005106    0.085691    0.246778    3.008594 v _866_/X (sky130_fd_sc_hd__o21a_1)
                                                         _346_ (net)
                      0.085691    0.000044    3.008638 v _867_/B (sky130_fd_sc_hd__or2_1)
     2    0.009137    0.151908    0.533033    3.541672 v _867_/X (sky130_fd_sc_hd__or2_1)
                                                         _347_ (net)
                      0.151908    0.000074    3.541746 v _869_/B (sky130_fd_sc_hd__xor2_1)
     2    0.005328    0.146108    0.316063    3.857808 v _869_/X (sky130_fd_sc_hd__xor2_1)
                                                         _350_ (net)
                      0.146108    0.000065    3.857874 v _870_/C (sky130_fd_sc_hd__and3_1)
     2    0.005289    0.091459    0.421489    4.279363 v _870_/X (sky130_fd_sc_hd__and3_1)
                                                         _351_ (net)
                      0.091459    0.000040    4.279403 v _873_/B (sky130_fd_sc_hd__or3_1)
     3    0.007119    0.186774    0.865837    5.145240 v _873_/X (sky130_fd_sc_hd__or3_1)
                                                         _354_ (net)
                      0.186774    0.000064    5.145304 v _874_/B (sky130_fd_sc_hd__nand2_1)
     1    0.005514    0.112756    0.182652    5.327956 ^ _874_/Y (sky130_fd_sc_hd__nand2_1)
                                                         _355_ (net)
                      0.112756    0.000071    5.328027 ^ _876_/B (sky130_fd_sc_hd__xnor2_1)
     2    0.008754    0.378132    0.273841    5.601868 ^ _876_/Y (sky130_fd_sc_hd__xnor2_1)
                                                         _357_ (net)
                      0.378132    0.000159    5.602026 ^ _877_/B (sky130_fd_sc_hd__xnor2_1)
     2    0.005636    0.137757    0.258305    5.860331 v _877_/Y (sky130_fd_sc_hd__xnor2_1)
                                                         _358_ (net)
                      0.137757    0.000038    5.860369 v _878_/B (sky130_fd_sc_hd__or2_1)
     1    0.002980    0.097878    0.484765    6.345134 v _878_/X (sky130_fd_sc_hd__or2_1)
                                                         _359_ (net)
                      0.097878    0.000031    6.345165 v _885_/A2 (sky130_fd_sc_hd__a31o_1)
     1    0.002541    0.063566    0.372694    6.717859 v _885_/X (sky130_fd_sc_hd__a31o_1)
                                                         net27 (net)
                      0.063566    0.000028    6.717887 v output27/A (sky130_fd_sc_hd__buf_2)
     1    0.034259    0.165782    0.341882    7.059769 v output27/X (sky130_fd_sc_hd__buf_2)
                                                         op_out[6] (net)
                      0.165782    0.000249    7.060018 v op_out[6] (out)
                                              7.060018   data arrival time

                      0.000000   20.000000   20.000000   clock __VIRTUAL_CLK__ (rise edge)
                                  0.000000   20.000000   clock network delay (ideal)
                                 -0.250000   19.750002   clock uncertainty
                                  0.000000   19.750002   clock reconvergence pessimism
                                  0.000000   19.750002   output external delay
                                             19.750002   data required time
---------------------------------------------------------------------------------------------
                                             19.750002   data required time
                                             -7.060018   data arrival time
---------------------------------------------------------------------------------------------
                                             12.689982   slack (MET)



