
===========================================================================
report_checks -unconstrained
===========================================================================
======================= nom_ss_100C_1v60 Corner ===================================

Startpoint: op_b[7] (input port clocked by __VIRTUAL_CLK__)
Endpoint: op_out[0] (output port clocked by __VIRTUAL_CLK__)
Path Group: __VIRTUAL_CLK__
Path Type: max

Fanout         Cap        Slew       Delay        Time   Description
---------------------------------------------------------------------------------------------
                      0.000000    0.000000    0.000000   clock __VIRTUAL_CLK__ (rise edge)
                                  0.000000    0.000000   clock network delay (ideal)
                                  2.000000    2.000000 v input external delay
     1    0.002619    0.017774    0.008665    2.008665 v op_b[7] (in)
                                                         op_b[7] (net)
                      0.017774    0.000000    2.008665 v input20/A (sky130_fd_sc_hd__clkbuf_1)
     3    0.023642    0.271630    0.306135    2.314800 v input20/X (sky130_fd_sc_hd__clkbuf_1)
                                                         net20 (net)
                      0.271630    0.000910    2.315709 v fanout48/A (sky130_fd_sc_hd__buf_6)
     5    0.032370    0.074214    0.340657    2.656366 v fanout48/X (sky130_fd_sc_hd__buf_6)
                                                         net48 (net)
                      0.074304    0.001805    2.658171 v _469_/C (sky130_fd_sc_hd__or4_4)
     6    0.025897    0.225090    1.079728    3.737899 v _469_/X (sky130_fd_sc_hd__or4_4)
                                                         _306_ (net)
                      0.225090    0.000505    3.738404 v _474_/B1 (sky130_fd_sc_hd__a211o_1)
     3    0.007855    0.129774    0.611921    4.350325 v _474_/X (sky130_fd_sc_hd__a211o_1)
                                                         _360_ (net)
                      0.129774    0.000167    4.350492 v _481_/B1 (sky130_fd_sc_hd__a211o_1)
     4    0.012115    0.169027    0.617096    4.967588 v _481_/X (sky130_fd_sc_hd__a211o_1)
                                                         _410_ (net)
                      0.169027    0.000268    4.967856 v _484_/A1 (sky130_fd_sc_hd__a21o_1)
     4    0.014169    0.145562    0.416577    5.384433 v _484_/X (sky130_fd_sc_hd__a21o_1)
                                                         _413_ (net)
                      0.145562    0.000182    5.384614 v _494_/A2 (sky130_fd_sc_hd__a211o_1)
     3    0.011646    0.164708    0.658913    6.043528 v _494_/X (sky130_fd_sc_hd__a211o_1)
                                                         _423_ (net)
                      0.164708    0.000210    6.043738 v _496_/B1 (sky130_fd_sc_hd__a22o_1)
     3    0.011759    0.148148    0.444986    6.488724 v _496_/X (sky130_fd_sc_hd__a22o_1)
                                                         _425_ (net)
                      0.148148    0.000438    6.489162 v _499_/A (sky130_fd_sc_hd__and3_1)
     3    0.012268    0.148528    0.409277    6.898438 v _499_/X (sky130_fd_sc_hd__and3_1)
                                                         _428_ (net)
                      0.148528    0.000235    6.898674 v _509_/C1 (sky130_fd_sc_hd__a211o_4)
     3    0.015885    0.105410    0.551271    7.449944 v _509_/X (sky130_fd_sc_hd__a211o_4)
                                                         _438_ (net)
                      0.105410    0.000483    7.450428 v _515_/A2 (sky130_fd_sc_hd__a21oi_4)
     8    0.044471    0.527132    0.533323    7.983751 ^ _515_/Y (sky130_fd_sc_hd__a21oi_4)
                                                         _444_ (net)
                      0.527139    0.001607    7.985357 ^ _524_/S (sky130_fd_sc_hd__mux2_4)
     2    0.007501    0.093291    0.712596    8.697954 v _524_/X (sky130_fd_sc_hd__mux2_4)
                                                         _453_ (net)
                      0.093291    0.000203    8.698157 v _539_/A1 (sky130_fd_sc_hd__a221o_1)
     3    0.010223    0.163610    0.669657    9.367814 v _539_/X (sky130_fd_sc_hd__a221o_1)
                                                         _010_ (net)
                      0.163610    0.000274    9.368089 v _544_/A2 (sky130_fd_sc_hd__a311o_1)
     3    0.009420    0.155214    0.693137   10.061226 v _544_/X (sky130_fd_sc_hd__a311o_1)
                                                         _015_ (net)
                      0.155214    0.000257   10.061482 v _579_/A1 (sky130_fd_sc_hd__a21o_1)
     3    0.008423    0.103902    0.367410   10.428893 v _579_/X (sky130_fd_sc_hd__a21o_1)
                                                         _050_ (net)
                      0.103902    0.000214   10.429107 v _583_/B (sky130_fd_sc_hd__and3_1)
     2    0.005460    0.092762    0.373392   10.802499 v _583_/X (sky130_fd_sc_hd__and3_1)
                                                         _054_ (net)
                      0.092762    0.000122   10.802621 v _585_/A (sky130_fd_sc_hd__or4_4)
     1    0.003803    0.149088    1.042750   11.845370 v _585_/X (sky130_fd_sc_hd__or4_4)
                                                         _056_ (net)
                      0.149088    0.000122   11.845492 v _586_/B (sky130_fd_sc_hd__or4b_4)
     1    0.009263    0.171729    1.075794   12.921286 v _586_/X (sky130_fd_sc_hd__or4b_4)
                                                         _057_ (net)
                      0.171729    0.000295   12.921580 v _590_/A2 (sky130_fd_sc_hd__a311oi_4)
     4    0.016695    0.493287    0.599605   13.521186 ^ _590_/Y (sky130_fd_sc_hd__a311oi_4)
                                                         _061_ (net)
                      0.493288    0.000595   13.521781 ^ max_cap30/A (sky130_fd_sc_hd__buf_6)
     5    0.026445    0.105815    0.368487   13.890267 ^ max_cap30/X (sky130_fd_sc_hd__buf_6)
                                                         net30 (net)
                      0.105816    0.000540   13.890807 ^ _595_/S (sky130_fd_sc_hd__mux2_1)
     4    0.020563    0.260116    0.895517   14.786324 v _595_/X (sky130_fd_sc_hd__mux2_1)
                                                         _066_ (net)
                      0.260116    0.000465   14.786789 v _597_/B (sky130_fd_sc_hd__nor2_2)
     2    0.012252    0.255015    0.315094   15.101883 ^ _597_/Y (sky130_fd_sc_hd__nor2_2)
                                                         _068_ (net)
                      0.255015    0.000236   15.102119 ^ _608_/B1 (sky130_fd_sc_hd__a211oi_4)
     3    0.009824    0.114602    0.148651   15.250770 v _608_/Y (sky130_fd_sc_hd__a211oi_4)
                                                         _079_ (net)
                      0.114602    0.000371   15.251142 v rebuffer6/A (sky130_fd_sc_hd__buf_1)
     2    0.004564    0.068098    0.197524   15.448665 v rebuffer6/X (sky130_fd_sc_hd__buf_1)
                                                         net75 (net)
                      0.068098    0.000098   15.448763 v rebuffer5/A (sky130_fd_sc_hd__dlygate4sd1_1)
     1    0.004301    0.073792    0.487031   15.935794 v rebuffer5/X (sky130_fd_sc_hd__dlygate4sd1_1)
                                                         net74 (net)
                      0.073792    0.000108   15.935902 v _639_/A2 (sky130_fd_sc_hd__o32a_1)
     1    0.007158    0.160080    0.662514   16.598415 v _639_/X (sky130_fd_sc_hd__o32a_1)
                                                         _110_ (net)
                      0.160080    0.000286   16.598701 v _640_/B (sky130_fd_sc_hd__xor2_1)
     1    0.002981    0.113881    0.299540   16.898241 v _640_/X (sky130_fd_sc_hd__xor2_1)
                                                         _111_ (net)
                      0.113881    0.000092   16.898335 v _641_/A1 (sky130_fd_sc_hd__mux2_1)
     2    0.006565    0.146049    0.719901   17.618235 v _641_/X (sky130_fd_sc_hd__mux2_1)
                                                         _112_ (net)
                      0.146049    0.000153   17.618387 v _643_/B (sky130_fd_sc_hd__nand2_1)
     2    0.005871    0.154884    0.166805   17.785192 ^ _643_/Y (sky130_fd_sc_hd__nand2_1)
                                                         _114_ (net)
                      0.154884    0.000131   17.785324 ^ _648_/B (sky130_fd_sc_hd__nand4b_1)
     2    0.005300    0.237130    0.281609   18.066933 v _648_/Y (sky130_fd_sc_hd__nand4b_1)
                                                         _119_ (net)
                      0.237130    0.000103   18.067036 v _672_/B1 (sky130_fd_sc_hd__o221a_1)
     1    0.003661    0.101169    0.504553   18.571589 v _672_/X (sky130_fd_sc_hd__o221a_1)
                                                         _143_ (net)
                      0.101169    0.000117   18.571707 v _675_/A2 (sky130_fd_sc_hd__o21a_1)
     1    0.002475    0.062202    0.314438   18.886145 v _675_/X (sky130_fd_sc_hd__o21a_1)
                                                         _146_ (net)
                      0.062202    0.000046   18.886190 v _679_/A2 (sky130_fd_sc_hd__o21a_1)
     1    0.007938    0.109906    0.350951   19.237143 v _679_/X (sky130_fd_sc_hd__o21a_1)
                                                         _150_ (net)
                      0.109906    0.000357   19.237499 v _700_/C (sky130_fd_sc_hd__or3_4)
     1    0.009234    0.133317    0.687532   19.925032 v _700_/X (sky130_fd_sc_hd__or3_4)
                                                         net21 (net)
                      0.133317    0.000384   19.925415 v output21/A (sky130_fd_sc_hd__buf_8)
     1    0.034699    0.068052    0.269502   20.194916 v output21/X (sky130_fd_sc_hd__buf_8)
                                                         op_out[0] (net)
                      0.068063    0.000870   20.195787 v op_out[0] (out)
                                             20.195787   data arrival time

                      0.000000   10.000000   10.000000   clock __VIRTUAL_CLK__ (rise edge)
                                  0.000000   10.000000   clock network delay (ideal)
                                 -0.250000    9.750000   clock uncertainty
                                  0.000000    9.750000   clock reconvergence pessimism
                                 -2.000000    7.750000   output external delay
                                              7.750000   data required time
---------------------------------------------------------------------------------------------
                                              7.750000   data required time
                                            -20.195787   data arrival time
---------------------------------------------------------------------------------------------
                                            -12.445787   slack (VIOLATED)




===========================================================================
report_checks --slack_max -0.01
============================================================================
======================= nom_ss_100C_1v60 Corner ===================================

Startpoint: op_b[7] (input port clocked by __VIRTUAL_CLK__)
Endpoint: op_out[0] (output port clocked by __VIRTUAL_CLK__)
Path Group: __VIRTUAL_CLK__
Path Type: max

Fanout         Cap        Slew       Delay        Time   Description
---------------------------------------------------------------------------------------------
                      0.000000    0.000000    0.000000   clock __VIRTUAL_CLK__ (rise edge)
                                  0.000000    0.000000   clock network delay (ideal)
                                  2.000000    2.000000 v input external delay
     1    0.002619    0.017774    0.008665    2.008665 v op_b[7] (in)
                                                         op_b[7] (net)
                      0.017774    0.000000    2.008665 v input20/A (sky130_fd_sc_hd__clkbuf_1)
     3    0.023642    0.271630    0.306135    2.314800 v input20/X (sky130_fd_sc_hd__clkbuf_1)
                                                         net20 (net)
                      0.271630    0.000910    2.315709 v fanout48/A (sky130_fd_sc_hd__buf_6)
     5    0.032370    0.074214    0.340657    2.656366 v fanout48/X (sky130_fd_sc_hd__buf_6)
                                                         net48 (net)
                      0.074304    0.001805    2.658171 v _469_/C (sky130_fd_sc_hd__or4_4)
     6    0.025897    0.225090    1.079728    3.737899 v _469_/X (sky130_fd_sc_hd__or4_4)
                                                         _306_ (net)
                      0.225090    0.000505    3.738404 v _474_/B1 (sky130_fd_sc_hd__a211o_1)
     3    0.007855    0.129774    0.611921    4.350325 v _474_/X (sky130_fd_sc_hd__a211o_1)
                                                         _360_ (net)
                      0.129774    0.000167    4.350492 v _481_/B1 (sky130_fd_sc_hd__a211o_1)
     4    0.012115    0.169027    0.617096    4.967588 v _481_/X (sky130_fd_sc_hd__a211o_1)
                                                         _410_ (net)
                      0.169027    0.000268    4.967856 v _484_/A1 (sky130_fd_sc_hd__a21o_1)
     4    0.014169    0.145562    0.416577    5.384433 v _484_/X (sky130_fd_sc_hd__a21o_1)
                                                         _413_ (net)
                      0.145562    0.000182    5.384614 v _494_/A2 (sky130_fd_sc_hd__a211o_1)
     3    0.011646    0.164708    0.658913    6.043528 v _494_/X (sky130_fd_sc_hd__a211o_1)
                                                         _423_ (net)
                      0.164708    0.000210    6.043738 v _496_/B1 (sky130_fd_sc_hd__a22o_1)
     3    0.011759    0.148148    0.444986    6.488724 v _496_/X (sky130_fd_sc_hd__a22o_1)
                                                         _425_ (net)
                      0.148148    0.000438    6.489162 v _499_/A (sky130_fd_sc_hd__and3_1)
     3    0.012268    0.148528    0.409277    6.898438 v _499_/X (sky130_fd_sc_hd__and3_1)
                                                         _428_ (net)
                      0.148528    0.000235    6.898674 v _509_/C1 (sky130_fd_sc_hd__a211o_4)
     3    0.015885    0.105410    0.551271    7.449944 v _509_/X (sky130_fd_sc_hd__a211o_4)
                                                         _438_ (net)
                      0.105410    0.000483    7.450428 v _515_/A2 (sky130_fd_sc_hd__a21oi_4)
     8    0.044471    0.527132    0.533323    7.983751 ^ _515_/Y (sky130_fd_sc_hd__a21oi_4)
                                                         _444_ (net)
                      0.527139    0.001607    7.985357 ^ _524_/S (sky130_fd_sc_hd__mux2_4)
     2    0.007501    0.093291    0.712596    8.697954 v _524_/X (sky130_fd_sc_hd__mux2_4)
                                                         _453_ (net)
                      0.093291    0.000203    8.698157 v _539_/A1 (sky130_fd_sc_hd__a221o_1)
     3    0.010223    0.163610    0.669657    9.367814 v _539_/X (sky130_fd_sc_hd__a221o_1)
                                                         _010_ (net)
                      0.163610    0.000274    9.368089 v _544_/A2 (sky130_fd_sc_hd__a311o_1)
     3    0.009420    0.155214    0.693137   10.061226 v _544_/X (sky130_fd_sc_hd__a311o_1)
                                                         _015_ (net)
                      0.155214    0.000257   10.061482 v _579_/A1 (sky130_fd_sc_hd__a21o_1)
     3    0.008423    0.103902    0.367410   10.428893 v _579_/X (sky130_fd_sc_hd__a21o_1)
                                                         _050_ (net)
                      0.103902    0.000214   10.429107 v _583_/B (sky130_fd_sc_hd__and3_1)
     2    0.005460    0.092762    0.373392   10.802499 v _583_/X (sky130_fd_sc_hd__and3_1)
                                                         _054_ (net)
                      0.092762    0.000122   10.802621 v _585_/A (sky130_fd_sc_hd__or4_4)
     1    0.003803    0.149088    1.042750   11.845370 v _585_/X (sky130_fd_sc_hd__or4_4)
                                                         _056_ (net)
                      0.149088    0.000122   11.845492 v _586_/B (sky130_fd_sc_hd__or4b_4)
     1    0.009263    0.171729    1.075794   12.921286 v _586_/X (sky130_fd_sc_hd__or4b_4)
                                                         _057_ (net)
                      0.171729    0.000295   12.921580 v _590_/A2 (sky130_fd_sc_hd__a311oi_4)
     4    0.016695    0.493287    0.599605   13.521186 ^ _590_/Y (sky130_fd_sc_hd__a311oi_4)
                                                         _061_ (net)
                      0.493288    0.000595   13.521781 ^ max_cap30/A (sky130_fd_sc_hd__buf_6)
     5    0.026445    0.105815    0.368487   13.890267 ^ max_cap30/X (sky130_fd_sc_hd__buf_6)
                                                         net30 (net)
                      0.105816    0.000540   13.890807 ^ _595_/S (sky130_fd_sc_hd__mux2_1)
     4    0.020563    0.260116    0.895517   14.786324 v _595_/X (sky130_fd_sc_hd__mux2_1)
                                                         _066_ (net)
                      0.260116    0.000465   14.786789 v _597_/B (sky130_fd_sc_hd__nor2_2)
     2    0.012252    0.255015    0.315094   15.101883 ^ _597_/Y (sky130_fd_sc_hd__nor2_2)
                                                         _068_ (net)
                      0.255015    0.000236   15.102119 ^ _608_/B1 (sky130_fd_sc_hd__a211oi_4)
     3    0.009824    0.114602    0.148651   15.250770 v _608_/Y (sky130_fd_sc_hd__a211oi_4)
                                                         _079_ (net)
                      0.114602    0.000371   15.251142 v rebuffer6/A (sky130_fd_sc_hd__buf_1)
     2    0.004564    0.068098    0.197524   15.448665 v rebuffer6/X (sky130_fd_sc_hd__buf_1)
                                                         net75 (net)
                      0.068098    0.000098   15.448763 v rebuffer5/A (sky130_fd_sc_hd__dlygate4sd1_1)
     1    0.004301    0.073792    0.487031   15.935794 v rebuffer5/X (sky130_fd_sc_hd__dlygate4sd1_1)
                                                         net74 (net)
                      0.073792    0.000108   15.935902 v _639_/A2 (sky130_fd_sc_hd__o32a_1)
     1    0.007158    0.160080    0.662514   16.598415 v _639_/X (sky130_fd_sc_hd__o32a_1)
                                                         _110_ (net)
                      0.160080    0.000286   16.598701 v _640_/B (sky130_fd_sc_hd__xor2_1)
     1    0.002981    0.113881    0.299540   16.898241 v _640_/X (sky130_fd_sc_hd__xor2_1)
                                                         _111_ (net)
                      0.113881    0.000092   16.898335 v _641_/A1 (sky130_fd_sc_hd__mux2_1)
     2    0.006565    0.146049    0.719901   17.618235 v _641_/X (sky130_fd_sc_hd__mux2_1)
                                                         _112_ (net)
                      0.146049    0.000153   17.618387 v _643_/B (sky130_fd_sc_hd__nand2_1)
     2    0.005871    0.154884    0.166805   17.785192 ^ _643_/Y (sky130_fd_sc_hd__nand2_1)
                                                         _114_ (net)
                      0.154884    0.000131   17.785324 ^ _648_/B (sky130_fd_sc_hd__nand4b_1)
     2    0.005300    0.237130    0.281609   18.066933 v _648_/Y (sky130_fd_sc_hd__nand4b_1)
                                                         _119_ (net)
                      0.237130    0.000103   18.067036 v _672_/B1 (sky130_fd_sc_hd__o221a_1)
     1    0.003661    0.101169    0.504553   18.571589 v _672_/X (sky130_fd_sc_hd__o221a_1)
                                                         _143_ (net)
                      0.101169    0.000117   18.571707 v _675_/A2 (sky130_fd_sc_hd__o21a_1)
     1    0.002475    0.062202    0.314438   18.886145 v _675_/X (sky130_fd_sc_hd__o21a_1)
                                                         _146_ (net)
                      0.062202    0.000046   18.886190 v _679_/A2 (sky130_fd_sc_hd__o21a_1)
     1    0.007938    0.109906    0.350951   19.237143 v _679_/X (sky130_fd_sc_hd__o21a_1)
                                                         _150_ (net)
                      0.109906    0.000357   19.237499 v _700_/C (sky130_fd_sc_hd__or3_4)
     1    0.009234    0.133317    0.687532   19.925032 v _700_/X (sky130_fd_sc_hd__or3_4)
                                                         net21 (net)
                      0.133317    0.000384   19.925415 v output21/A (sky130_fd_sc_hd__buf_8)
     1    0.034699    0.068052    0.269502   20.194916 v output21/X (sky130_fd_sc_hd__buf_8)
                                                         op_out[0] (net)
                      0.068063    0.000870   20.195787 v op_out[0] (out)
                                             20.195787   data arrival time

                      0.000000   10.000000   10.000000   clock __VIRTUAL_CLK__ (rise edge)
                                  0.000000   10.000000   clock network delay (ideal)
                                 -0.250000    9.750000   clock uncertainty
                                  0.000000    9.750000   clock reconvergence pessimism
                                 -2.000000    7.750000   output external delay
                                              7.750000   data required time
---------------------------------------------------------------------------------------------
                                              7.750000   data required time
                                            -20.195787   data arrival time
---------------------------------------------------------------------------------------------
                                            -12.445787   slack (VIOLATED)




===========================================================================
 report_check_types -max_slew -max_cap -max_fanout -violators
============================================================================
======================= nom_ss_100C_1v60 Corner ===================================



===========================================================================
report_parasitic_annotation -report_unannotated
============================================================================
Found 0 unannotated drivers.
Found 0 partially unannotated drivers.

===========================================================================
max slew violation count 0
max fanout violation count 0
max cap violation count 0
============================================================================

===========================================================================
check_setup -verbose -unconstrained_endpoints -multiple_clock -no_clock -no_input_delay -loops -generated_clocks
===========================================================================
