
===========================================================================
report_checks -path_delay max (Setup)
============================================================================
======================= nom_ss_100C_1v60 Corner ===================================

Startpoint: op_b[7] (input port clocked by __VIRTUAL_CLK__)
Endpoint: op_out[0] (output port clocked by __VIRTUAL_CLK__)
Path Group: __VIRTUAL_CLK__
Path Type: max

Fanout         Cap        Slew       Delay        Time   Description
---------------------------------------------------------------------------------------------
                      0.000000    0.000000    0.000000   clock __VIRTUAL_CLK__ (rise edge)
                                  0.000000    0.000000   clock network delay (ideal)
                                  2.000000    2.000000 v input external delay
     1    0.002619    0.017774    0.008665    2.008665 v op_b[7] (in)
                                                         op_b[7] (net)
                      0.017774    0.000000    2.008665 v input20/A (sky130_fd_sc_hd__clkbuf_1)
     3    0.023642    0.271630    0.306135    2.314800 v input20/X (sky130_fd_sc_hd__clkbuf_1)
                                                         net20 (net)
                      0.271630    0.000910    2.315709 v fanout48/A (sky130_fd_sc_hd__buf_6)
     5    0.032370    0.074214    0.340657    2.656366 v fanout48/X (sky130_fd_sc_hd__buf_6)
                                                         net48 (net)
                      0.074304    0.001805    2.658171 v _469_/C (sky130_fd_sc_hd__or4_4)
     6    0.025897    0.225090    1.079728    3.737899 v _469_/X (sky130_fd_sc_hd__or4_4)
                                                         _306_ (net)
                      0.225090    0.000505    3.738404 v _474_/B1 (sky130_fd_sc_hd__a211o_1)
     3    0.007855    0.129774    0.611921    4.350325 v _474_/X (sky130_fd_sc_hd__a211o_1)
                                                         _360_ (net)
                      0.129774    0.000167    4.350492 v _481_/B1 (sky130_fd_sc_hd__a211o_1)
     4    0.012115    0.169027    0.617096    4.967588 v _481_/X (sky130_fd_sc_hd__a211o_1)
                                                         _410_ (net)
                      0.169027    0.000268    4.967856 v _484_/A1 (sky130_fd_sc_hd__a21o_1)
     4    0.014169    0.145562    0.416577    5.384433 v _484_/X (sky130_fd_sc_hd__a21o_1)
                                                         _413_ (net)
                      0.145562    0.000182    5.384614 v _494_/A2 (sky130_fd_sc_hd__a211o_1)
     3    0.011646    0.164708    0.658913    6.043528 v _494_/X (sky130_fd_sc_hd__a211o_1)
                                                         _423_ (net)
                      0.164708    0.000210    6.043738 v _496_/B1 (sky130_fd_sc_hd__a22o_1)
     3    0.011759    0.148148    0.444986    6.488724 v _496_/X (sky130_fd_sc_hd__a22o_1)
                                                         _425_ (net)
                      0.148148    0.000438    6.489162 v _499_/A (sky130_fd_sc_hd__and3_1)
     3    0.012268    0.148528    0.409277    6.898438 v _499_/X (sky130_fd_sc_hd__and3_1)
                                                         _428_ (net)
                      0.148528    0.000235    6.898674 v _509_/C1 (sky130_fd_sc_hd__a211o_4)
     3    0.015885    0.105410    0.551271    7.449944 v _509_/X (sky130_fd_sc_hd__a211o_4)
                                                         _438_ (net)
                      0.105410    0.000483    7.450428 v _515_/A2 (sky130_fd_sc_hd__a21oi_4)
     8    0.044471    0.527132    0.533323    7.983751 ^ _515_/Y (sky130_fd_sc_hd__a21oi_4)
                                                         _444_ (net)
                      0.527139    0.001607    7.985357 ^ _524_/S (sky130_fd_sc_hd__mux2_4)
     2    0.007501    0.093291    0.712596    8.697954 v _524_/X (sky130_fd_sc_hd__mux2_4)
                                                         _453_ (net)
                      0.093291    0.000203    8.698157 v _539_/A1 (sky130_fd_sc_hd__a221o_1)
     3    0.010223    0.163610    0.669657    9.367814 v _539_/X (sky130_fd_sc_hd__a221o_1)
                                                         _010_ (net)
                      0.163610    0.000274    9.368089 v _544_/A2 (sky130_fd_sc_hd__a311o_1)
     3    0.009420    0.155214    0.693137   10.061226 v _544_/X (sky130_fd_sc_hd__a311o_1)
                                                         _015_ (net)
                      0.155214    0.000257   10.061482 v _579_/A1 (sky130_fd_sc_hd__a21o_1)
     3    0.008423    0.103902    0.367410   10.428893 v _579_/X (sky130_fd_sc_hd__a21o_1)
                                                         _050_ (net)
                      0.103902    0.000214   10.429107 v _583_/B (sky130_fd_sc_hd__and3_1)
     2    0.005460    0.092762    0.373392   10.802499 v _583_/X (sky130_fd_sc_hd__and3_1)
                                                         _054_ (net)
                      0.092762    0.000122   10.802621 v _585_/A (sky130_fd_sc_hd__or4_4)
     1    0.003803    0.149088    1.042750   11.845370 v _585_/X (sky130_fd_sc_hd__or4_4)
                                                         _056_ (net)
                      0.149088    0.000122   11.845492 v _586_/B (sky130_fd_sc_hd__or4b_4)
     1    0.009263    0.171729    1.075794   12.921286 v _586_/X (sky130_fd_sc_hd__or4b_4)
                                                         _057_ (net)
                      0.171729    0.000295   12.921580 v _590_/A2 (sky130_fd_sc_hd__a311oi_4)
     4    0.016695    0.493287    0.599605   13.521186 ^ _590_/Y (sky130_fd_sc_hd__a311oi_4)
                                                         _061_ (net)
                      0.493288    0.000595   13.521781 ^ max_cap30/A (sky130_fd_sc_hd__buf_6)
     5    0.026445    0.105815    0.368487   13.890267 ^ max_cap30/X (sky130_fd_sc_hd__buf_6)
                                                         net30 (net)
                      0.105816    0.000540   13.890807 ^ _595_/S (sky130_fd_sc_hd__mux2_1)
     4    0.020563    0.260116    0.895517   14.786324 v _595_/X (sky130_fd_sc_hd__mux2_1)
                                                         _066_ (net)
                      0.260116    0.000465   14.786789 v _597_/B (sky130_fd_sc_hd__nor2_2)
     2    0.012252    0.255015    0.315094   15.101883 ^ _597_/Y (sky130_fd_sc_hd__nor2_2)
                                                         _068_ (net)
                      0.255015    0.000236   15.102119 ^ _608_/B1 (sky130_fd_sc_hd__a211oi_4)
     3    0.009824    0.114602    0.148651   15.250770 v _608_/Y (sky130_fd_sc_hd__a211oi_4)
                                                         _079_ (net)
                      0.114602    0.000371   15.251142 v rebuffer6/A (sky130_fd_sc_hd__buf_1)
     2    0.004564    0.068098    0.197524   15.448665 v rebuffer6/X (sky130_fd_sc_hd__buf_1)
                                                         net75 (net)
                      0.068098    0.000098   15.448763 v rebuffer5/A (sky130_fd_sc_hd__dlygate4sd1_1)
     1    0.004301    0.073792    0.487031   15.935794 v rebuffer5/X (sky130_fd_sc_hd__dlygate4sd1_1)
                                                         net74 (net)
                      0.073792    0.000108   15.935902 v _639_/A2 (sky130_fd_sc_hd__o32a_1)
     1    0.007158    0.160080    0.662514   16.598415 v _639_/X (sky130_fd_sc_hd__o32a_1)
                                                         _110_ (net)
                      0.160080    0.000286   16.598701 v _640_/B (sky130_fd_sc_hd__xor2_1)
     1    0.002981    0.113881    0.299540   16.898241 v _640_/X (sky130_fd_sc_hd__xor2_1)
                                                         _111_ (net)
                      0.113881    0.000092   16.898335 v _641_/A1 (sky130_fd_sc_hd__mux2_1)
     2    0.006565    0.146049    0.719901   17.618235 v _641_/X (sky130_fd_sc_hd__mux2_1)
                                                         _112_ (net)
                      0.146049    0.000153   17.618387 v _643_/B (sky130_fd_sc_hd__nand2_1)
     2    0.005871    0.154884    0.166805   17.785192 ^ _643_/Y (sky130_fd_sc_hd__nand2_1)
                                                         _114_ (net)
                      0.154884    0.000131   17.785324 ^ _648_/B (sky130_fd_sc_hd__nand4b_1)
     2    0.005300    0.237130    0.281609   18.066933 v _648_/Y (sky130_fd_sc_hd__nand4b_1)
                                                         _119_ (net)
                      0.237130    0.000103   18.067036 v _672_/B1 (sky130_fd_sc_hd__o221a_1)
     1    0.003661    0.101169    0.504553   18.571589 v _672_/X (sky130_fd_sc_hd__o221a_1)
                                                         _143_ (net)
                      0.101169    0.000117   18.571707 v _675_/A2 (sky130_fd_sc_hd__o21a_1)
     1    0.002475    0.062202    0.314438   18.886145 v _675_/X (sky130_fd_sc_hd__o21a_1)
                                                         _146_ (net)
                      0.062202    0.000046   18.886190 v _679_/A2 (sky130_fd_sc_hd__o21a_1)
     1    0.007938    0.109906    0.350951   19.237143 v _679_/X (sky130_fd_sc_hd__o21a_1)
                                                         _150_ (net)
                      0.109906    0.000357   19.237499 v _700_/C (sky130_fd_sc_hd__or3_4)
     1    0.009234    0.133317    0.687532   19.925032 v _700_/X (sky130_fd_sc_hd__or3_4)
                                                         net21 (net)
                      0.133317    0.000384   19.925415 v output21/A (sky130_fd_sc_hd__buf_8)
     1    0.034699    0.068052    0.269502   20.194916 v output21/X (sky130_fd_sc_hd__buf_8)
                                                         op_out[0] (net)
                      0.068063    0.000870   20.195787 v op_out[0] (out)
                                             20.195787   data arrival time

                      0.000000   10.000000   10.000000   clock __VIRTUAL_CLK__ (rise edge)
                                  0.000000   10.000000   clock network delay (ideal)
                                 -0.250000    9.750000   clock uncertainty
                                  0.000000    9.750000   clock reconvergence pessimism
                                 -2.000000    7.750000   output external delay
                                              7.750000   data required time
---------------------------------------------------------------------------------------------
                                              7.750000   data required time
                                            -20.195787   data arrival time
---------------------------------------------------------------------------------------------
                                            -12.445787   slack (VIOLATED)


Startpoint: op_b[7] (input port clocked by __VIRTUAL_CLK__)
Endpoint: op_out[1] (output port clocked by __VIRTUAL_CLK__)
Path Group: __VIRTUAL_CLK__
Path Type: max

Fanout         Cap        Slew       Delay        Time   Description
---------------------------------------------------------------------------------------------
                      0.000000    0.000000    0.000000   clock __VIRTUAL_CLK__ (rise edge)
                                  0.000000    0.000000   clock network delay (ideal)
                                  2.000000    2.000000 v input external delay
     1    0.002619    0.017774    0.008665    2.008665 v op_b[7] (in)
                                                         op_b[7] (net)
                      0.017774    0.000000    2.008665 v input20/A (sky130_fd_sc_hd__clkbuf_1)
     3    0.023642    0.271630    0.306135    2.314800 v input20/X (sky130_fd_sc_hd__clkbuf_1)
                                                         net20 (net)
                      0.271630    0.000910    2.315709 v fanout48/A (sky130_fd_sc_hd__buf_6)
     5    0.032370    0.074214    0.340657    2.656366 v fanout48/X (sky130_fd_sc_hd__buf_6)
                                                         net48 (net)
                      0.074304    0.001805    2.658171 v _469_/C (sky130_fd_sc_hd__or4_4)
     6    0.025897    0.225090    1.079728    3.737899 v _469_/X (sky130_fd_sc_hd__or4_4)
                                                         _306_ (net)
                      0.225090    0.000505    3.738404 v _474_/B1 (sky130_fd_sc_hd__a211o_1)
     3    0.007855    0.129774    0.611921    4.350325 v _474_/X (sky130_fd_sc_hd__a211o_1)
                                                         _360_ (net)
                      0.129774    0.000167    4.350492 v _481_/B1 (sky130_fd_sc_hd__a211o_1)
     4    0.012115    0.169027    0.617096    4.967588 v _481_/X (sky130_fd_sc_hd__a211o_1)
                                                         _410_ (net)
                      0.169027    0.000268    4.967856 v _484_/A1 (sky130_fd_sc_hd__a21o_1)
     4    0.014169    0.145562    0.416577    5.384433 v _484_/X (sky130_fd_sc_hd__a21o_1)
                                                         _413_ (net)
                      0.145562    0.000182    5.384614 v _494_/A2 (sky130_fd_sc_hd__a211o_1)
     3    0.011646    0.164708    0.658913    6.043528 v _494_/X (sky130_fd_sc_hd__a211o_1)
                                                         _423_ (net)
                      0.164708    0.000210    6.043738 v _496_/B1 (sky130_fd_sc_hd__a22o_1)
     3    0.011759    0.148148    0.444986    6.488724 v _496_/X (sky130_fd_sc_hd__a22o_1)
                                                         _425_ (net)
                      0.148148    0.000438    6.489162 v _499_/A (sky130_fd_sc_hd__and3_1)
     3    0.012268    0.148528    0.409277    6.898438 v _499_/X (sky130_fd_sc_hd__and3_1)
                                                         _428_ (net)
                      0.148528    0.000235    6.898674 v _509_/C1 (sky130_fd_sc_hd__a211o_4)
     3    0.015885    0.105410    0.551271    7.449944 v _509_/X (sky130_fd_sc_hd__a211o_4)
                                                         _438_ (net)
                      0.105410    0.000483    7.450428 v _515_/A2 (sky130_fd_sc_hd__a21oi_4)
     8    0.044471    0.527132    0.533323    7.983751 ^ _515_/Y (sky130_fd_sc_hd__a21oi_4)
                                                         _444_ (net)
                      0.527139    0.001607    7.985357 ^ _524_/S (sky130_fd_sc_hd__mux2_4)
     2    0.007501    0.093291    0.712596    8.697954 v _524_/X (sky130_fd_sc_hd__mux2_4)
                                                         _453_ (net)
                      0.093291    0.000203    8.698157 v _539_/A1 (sky130_fd_sc_hd__a221o_1)
     3    0.010223    0.163610    0.669657    9.367814 v _539_/X (sky130_fd_sc_hd__a221o_1)
                                                         _010_ (net)
                      0.163610    0.000274    9.368089 v _544_/A2 (sky130_fd_sc_hd__a311o_1)
     3    0.009420    0.155214    0.693137   10.061226 v _544_/X (sky130_fd_sc_hd__a311o_1)
                                                         _015_ (net)
                      0.155214    0.000257   10.061482 v _579_/A1 (sky130_fd_sc_hd__a21o_1)
     3    0.008423    0.103902    0.367410   10.428893 v _579_/X (sky130_fd_sc_hd__a21o_1)
                                                         _050_ (net)
                      0.103902    0.000214   10.429107 v _583_/B (sky130_fd_sc_hd__and3_1)
     2    0.005460    0.092762    0.373392   10.802499 v _583_/X (sky130_fd_sc_hd__and3_1)
                                                         _054_ (net)
                      0.092762    0.000122   10.802621 v _585_/A (sky130_fd_sc_hd__or4_4)
     1    0.003803    0.149088    1.042750   11.845370 v _585_/X (sky130_fd_sc_hd__or4_4)
                                                         _056_ (net)
                      0.149088    0.000122   11.845492 v _586_/B (sky130_fd_sc_hd__or4b_4)
     1    0.009263    0.171729    1.075794   12.921286 v _586_/X (sky130_fd_sc_hd__or4b_4)
                                                         _057_ (net)
                      0.171729    0.000295   12.921580 v _590_/A2 (sky130_fd_sc_hd__a311oi_4)
     4    0.016695    0.493287    0.599605   13.521186 ^ _590_/Y (sky130_fd_sc_hd__a311oi_4)
                                                         _061_ (net)
                      0.493287    0.000498   13.521684 ^ _593_/S (sky130_fd_sc_hd__mux2_2)
     3    0.010162    0.126665    0.866983   14.388667 v _593_/X (sky130_fd_sc_hd__mux2_2)
                                                         _064_ (net)
                      0.126665    0.000296   14.388963 v _610_/B (sky130_fd_sc_hd__xor2_1)
     4    0.011063    0.425528    0.415244   14.804206 ^ _610_/X (sky130_fd_sc_hd__xor2_1)
                                                         _081_ (net)
                      0.425528    0.000199   14.804405 ^ _624_/C_N (sky130_fd_sc_hd__or4bb_4)
     4    0.020712    0.208421    1.267603   16.072008 v _624_/X (sky130_fd_sc_hd__or4bb_4)
                                                         _095_ (net)
                      0.208421    0.000385   16.072393 v _628_/A2 (sky130_fd_sc_hd__a21oi_4)
     4    0.022419    0.311632    0.415595   16.487988 ^ _628_/Y (sky130_fd_sc_hd__a21oi_4)
                                                         _099_ (net)
                      0.311632    0.000684   16.488672 ^ clone9/A (sky130_fd_sc_hd__buf_6)
     5    0.020075    0.084889    0.289955   16.778627 ^ clone9/X (sky130_fd_sc_hd__buf_6)
                                                         net78 (net)
                      0.084890    0.000487   16.779114 ^ _717_/A1 (sky130_fd_sc_hd__a22o_1)
     1    0.005044    0.109696    0.290939   17.070053 ^ _717_/X (sky130_fd_sc_hd__a22o_1)
                                                         _187_ (net)
                      0.109696    0.000181   17.070234 ^ _718_/A (sky130_fd_sc_hd__or2_4)
     1    0.007389    0.065046    0.226374   17.296608 ^ _718_/X (sky130_fd_sc_hd__or2_4)
                                                         net22 (net)
                      0.065046    0.000215   17.296822 ^ output22/A (sky130_fd_sc_hd__buf_8)
     1    0.034873    0.105904    0.203308   17.500130 ^ output22/X (sky130_fd_sc_hd__buf_8)
                                                         op_out[1] (net)
                      0.105910    0.000915   17.501045 ^ op_out[1] (out)
                                             17.501045   data arrival time

                      0.000000   10.000000   10.000000   clock __VIRTUAL_CLK__ (rise edge)
                                  0.000000   10.000000   clock network delay (ideal)
                                 -0.250000    9.750000   clock uncertainty
                                  0.000000    9.750000   clock reconvergence pessimism
                                 -2.000000    7.750000   output external delay
                                              7.750000   data required time
---------------------------------------------------------------------------------------------
                                              7.750000   data required time
                                            -17.501045   data arrival time
---------------------------------------------------------------------------------------------
                                             -9.751044   slack (VIOLATED)


Startpoint: op_b[7] (input port clocked by __VIRTUAL_CLK__)
Endpoint: op_out[2] (output port clocked by __VIRTUAL_CLK__)
Path Group: __VIRTUAL_CLK__
Path Type: max

Fanout         Cap        Slew       Delay        Time   Description
---------------------------------------------------------------------------------------------
                      0.000000    0.000000    0.000000   clock __VIRTUAL_CLK__ (rise edge)
                                  0.000000    0.000000   clock network delay (ideal)
                                  2.000000    2.000000 v input external delay
     1    0.002619    0.017774    0.008665    2.008665 v op_b[7] (in)
                                                         op_b[7] (net)
                      0.017774    0.000000    2.008665 v input20/A (sky130_fd_sc_hd__clkbuf_1)
     3    0.023642    0.271630    0.306135    2.314800 v input20/X (sky130_fd_sc_hd__clkbuf_1)
                                                         net20 (net)
                      0.271630    0.000910    2.315709 v fanout48/A (sky130_fd_sc_hd__buf_6)
     5    0.032370    0.074214    0.340657    2.656366 v fanout48/X (sky130_fd_sc_hd__buf_6)
                                                         net48 (net)
                      0.074304    0.001805    2.658171 v _469_/C (sky130_fd_sc_hd__or4_4)
     6    0.025897    0.225090    1.079728    3.737899 v _469_/X (sky130_fd_sc_hd__or4_4)
                                                         _306_ (net)
                      0.225090    0.000505    3.738404 v _474_/B1 (sky130_fd_sc_hd__a211o_1)
     3    0.007855    0.129774    0.611921    4.350325 v _474_/X (sky130_fd_sc_hd__a211o_1)
                                                         _360_ (net)
                      0.129774    0.000167    4.350492 v _481_/B1 (sky130_fd_sc_hd__a211o_1)
     4    0.012115    0.169027    0.617096    4.967588 v _481_/X (sky130_fd_sc_hd__a211o_1)
                                                         _410_ (net)
                      0.169027    0.000268    4.967856 v _484_/A1 (sky130_fd_sc_hd__a21o_1)
     4    0.014169    0.145562    0.416577    5.384433 v _484_/X (sky130_fd_sc_hd__a21o_1)
                                                         _413_ (net)
                      0.145562    0.000182    5.384614 v _494_/A2 (sky130_fd_sc_hd__a211o_1)
     3    0.011646    0.164708    0.658913    6.043528 v _494_/X (sky130_fd_sc_hd__a211o_1)
                                                         _423_ (net)
                      0.164708    0.000210    6.043738 v _496_/B1 (sky130_fd_sc_hd__a22o_1)
     3    0.011759    0.148148    0.444986    6.488724 v _496_/X (sky130_fd_sc_hd__a22o_1)
                                                         _425_ (net)
                      0.148148    0.000438    6.489162 v _499_/A (sky130_fd_sc_hd__and3_1)
     3    0.012268    0.148528    0.409277    6.898438 v _499_/X (sky130_fd_sc_hd__and3_1)
                                                         _428_ (net)
                      0.148528    0.000235    6.898674 v _509_/C1 (sky130_fd_sc_hd__a211o_4)
     3    0.015885    0.105410    0.551271    7.449944 v _509_/X (sky130_fd_sc_hd__a211o_4)
                                                         _438_ (net)
                      0.105410    0.000483    7.450428 v _515_/A2 (sky130_fd_sc_hd__a21oi_4)
     8    0.044471    0.527132    0.533323    7.983751 ^ _515_/Y (sky130_fd_sc_hd__a21oi_4)
                                                         _444_ (net)
                      0.527139    0.001607    7.985357 ^ _524_/S (sky130_fd_sc_hd__mux2_4)
     2    0.007501    0.093291    0.712596    8.697954 v _524_/X (sky130_fd_sc_hd__mux2_4)
                                                         _453_ (net)
                      0.093291    0.000203    8.698157 v _539_/A1 (sky130_fd_sc_hd__a221o_1)
     3    0.010223    0.163610    0.669657    9.367814 v _539_/X (sky130_fd_sc_hd__a221o_1)
                                                         _010_ (net)
                      0.163610    0.000274    9.368089 v _544_/A2 (sky130_fd_sc_hd__a311o_1)
     3    0.009420    0.155214    0.693137   10.061226 v _544_/X (sky130_fd_sc_hd__a311o_1)
                                                         _015_ (net)
                      0.155214    0.000257   10.061482 v _579_/A1 (sky130_fd_sc_hd__a21o_1)
     3    0.008423    0.103902    0.367410   10.428893 v _579_/X (sky130_fd_sc_hd__a21o_1)
                                                         _050_ (net)
                      0.103902    0.000214   10.429107 v _583_/B (sky130_fd_sc_hd__and3_1)
     2    0.005460    0.092762    0.373392   10.802499 v _583_/X (sky130_fd_sc_hd__and3_1)
                                                         _054_ (net)
                      0.092762    0.000122   10.802621 v _585_/A (sky130_fd_sc_hd__or4_4)
     1    0.003803    0.149088    1.042750   11.845370 v _585_/X (sky130_fd_sc_hd__or4_4)
                                                         _056_ (net)
                      0.149088    0.000122   11.845492 v _586_/B (sky130_fd_sc_hd__or4b_4)
     1    0.009263    0.171729    1.075794   12.921286 v _586_/X (sky130_fd_sc_hd__or4b_4)
                                                         _057_ (net)
                      0.171729    0.000295   12.921580 v _590_/A2 (sky130_fd_sc_hd__a311oi_4)
     4    0.016695    0.493287    0.599605   13.521186 ^ _590_/Y (sky130_fd_sc_hd__a311oi_4)
                                                         _061_ (net)
                      0.493288    0.000595   13.521781 ^ max_cap30/A (sky130_fd_sc_hd__buf_6)
     5    0.026445    0.105815    0.368487   13.890267 ^ max_cap30/X (sky130_fd_sc_hd__buf_6)
                                                         net30 (net)
                      0.105816    0.000613   13.890880 ^ rebuffer3/A (sky130_fd_sc_hd__dlygate4sd1_1)
     1    0.005266    0.097778    0.412487   14.303367 ^ rebuffer3/X (sky130_fd_sc_hd__dlygate4sd1_1)
                                                         net72 (net)
                      0.097778    0.000197   14.303564 ^ _740_/A2 (sky130_fd_sc_hd__a211o_1)
     1    0.005053    0.096628    0.266288   14.569853 ^ _740_/X (sky130_fd_sc_hd__a211o_1)
                                                         _212_ (net)
                      0.096628    0.000187   14.570039 ^ _741_/B1 (sky130_fd_sc_hd__a21o_1)
     1    0.005314    0.094405    0.174341   14.744379 ^ _741_/X (sky130_fd_sc_hd__a21o_1)
                                                         net23 (net)
                      0.094405    0.000160   14.744539 ^ output23/A (sky130_fd_sc_hd__buf_6)
     1    0.034343    0.123009    0.233910   14.978449 ^ output23/X (sky130_fd_sc_hd__buf_6)
                                                         op_out[2] (net)
                      0.123012    0.000771   14.979220 ^ op_out[2] (out)
                                             14.979220   data arrival time

                      0.000000   10.000000   10.000000   clock __VIRTUAL_CLK__ (rise edge)
                                  0.000000   10.000000   clock network delay (ideal)
                                 -0.250000    9.750000   clock uncertainty
                                  0.000000    9.750000   clock reconvergence pessimism
                                 -2.000000    7.750000   output external delay
                                              7.750000   data required time
---------------------------------------------------------------------------------------------
                                              7.750000   data required time
                                            -14.979220   data arrival time
---------------------------------------------------------------------------------------------
                                             -7.229220   slack (VIOLATED)


Startpoint: op_b[7] (input port clocked by __VIRTUAL_CLK__)
Endpoint: op_out[3] (output port clocked by __VIRTUAL_CLK__)
Path Group: __VIRTUAL_CLK__
Path Type: max

Fanout         Cap        Slew       Delay        Time   Description
---------------------------------------------------------------------------------------------
                      0.000000    0.000000    0.000000   clock __VIRTUAL_CLK__ (rise edge)
                                  0.000000    0.000000   clock network delay (ideal)
                                  2.000000    2.000000 v input external delay
     1    0.002619    0.017774    0.008665    2.008665 v op_b[7] (in)
                                                         op_b[7] (net)
                      0.017774    0.000000    2.008665 v input20/A (sky130_fd_sc_hd__clkbuf_1)
     3    0.023642    0.271630    0.306135    2.314800 v input20/X (sky130_fd_sc_hd__clkbuf_1)
                                                         net20 (net)
                      0.271630    0.000910    2.315709 v fanout48/A (sky130_fd_sc_hd__buf_6)
     5    0.032370    0.074214    0.340657    2.656366 v fanout48/X (sky130_fd_sc_hd__buf_6)
                                                         net48 (net)
                      0.074304    0.001805    2.658171 v _469_/C (sky130_fd_sc_hd__or4_4)
     6    0.025897    0.225090    1.079728    3.737899 v _469_/X (sky130_fd_sc_hd__or4_4)
                                                         _306_ (net)
                      0.225090    0.000505    3.738404 v _474_/B1 (sky130_fd_sc_hd__a211o_1)
     3    0.007855    0.129774    0.611921    4.350325 v _474_/X (sky130_fd_sc_hd__a211o_1)
                                                         _360_ (net)
                      0.129774    0.000167    4.350492 v _481_/B1 (sky130_fd_sc_hd__a211o_1)
     4    0.012115    0.169027    0.617096    4.967588 v _481_/X (sky130_fd_sc_hd__a211o_1)
                                                         _410_ (net)
                      0.169027    0.000268    4.967856 v _484_/A1 (sky130_fd_sc_hd__a21o_1)
     4    0.014169    0.145562    0.416577    5.384433 v _484_/X (sky130_fd_sc_hd__a21o_1)
                                                         _413_ (net)
                      0.145562    0.000182    5.384614 v _494_/A2 (sky130_fd_sc_hd__a211o_1)
     3    0.011646    0.164708    0.658913    6.043528 v _494_/X (sky130_fd_sc_hd__a211o_1)
                                                         _423_ (net)
                      0.164708    0.000210    6.043738 v _496_/B1 (sky130_fd_sc_hd__a22o_1)
     3    0.011759    0.148148    0.444986    6.488724 v _496_/X (sky130_fd_sc_hd__a22o_1)
                                                         _425_ (net)
                      0.148148    0.000438    6.489162 v _499_/A (sky130_fd_sc_hd__and3_1)
     3    0.012268    0.148528    0.409277    6.898438 v _499_/X (sky130_fd_sc_hd__and3_1)
                                                         _428_ (net)
                      0.148528    0.000235    6.898674 v _509_/C1 (sky130_fd_sc_hd__a211o_4)
     3    0.015885    0.105410    0.551271    7.449944 v _509_/X (sky130_fd_sc_hd__a211o_4)
                                                         _438_ (net)
                      0.105410    0.000483    7.450428 v _515_/A2 (sky130_fd_sc_hd__a21oi_4)
     8    0.044471    0.527132    0.533323    7.983751 ^ _515_/Y (sky130_fd_sc_hd__a21oi_4)
                                                         _444_ (net)
                      0.527139    0.001607    7.985357 ^ _524_/S (sky130_fd_sc_hd__mux2_4)
     2    0.007501    0.093291    0.712596    8.697954 v _524_/X (sky130_fd_sc_hd__mux2_4)
                                                         _453_ (net)
                      0.093291    0.000203    8.698157 v _539_/A1 (sky130_fd_sc_hd__a221o_1)
     3    0.010223    0.163610    0.669657    9.367814 v _539_/X (sky130_fd_sc_hd__a221o_1)
                                                         _010_ (net)
                      0.163610    0.000216    9.368031 v _543_/A3 (sky130_fd_sc_hd__a311oi_2)
     4    0.016707    0.631584    0.737132   10.105163 ^ _543_/Y (sky130_fd_sc_hd__a311oi_2)
                                                         _014_ (net)
                      0.631584    0.000564   10.105726 ^ _548_/A (sky130_fd_sc_hd__nor2_2)
     2    0.018477    0.175818    0.330844   10.436570 v _548_/Y (sky130_fd_sc_hd__nor2_2)
                                                         _019_ (net)
                      0.175819    0.000748   10.437318 v _769_/A2 (sky130_fd_sc_hd__a211o_1)
     1    0.002305    0.080077    0.568752   11.006070 v _769_/X (sky130_fd_sc_hd__a211o_1)
                                                         _243_ (net)
                      0.080077    0.000067   11.006137 v _770_/A_N (sky130_fd_sc_hd__nand2b_1)
     1    0.001982    0.079359    0.280592   11.286729 v _770_/Y (sky130_fd_sc_hd__nand2b_1)
                                                         net24 (net)
                      0.079359    0.000056   11.286785 v output24/A (sky130_fd_sc_hd__buf_2)
     1    0.034463    0.166677    0.349397   11.636182 v output24/X (sky130_fd_sc_hd__buf_2)
                                                         op_out[3] (net)
                      0.166678    0.000794   11.636976 v op_out[3] (out)
                                             11.636976   data arrival time

                      0.000000   10.000000   10.000000   clock __VIRTUAL_CLK__ (rise edge)
                                  0.000000   10.000000   clock network delay (ideal)
                                 -0.250000    9.750000   clock uncertainty
                                  0.000000    9.750000   clock reconvergence pessimism
                                 -2.000000    7.750000   output external delay
                                              7.750000   data required time
---------------------------------------------------------------------------------------------
                                              7.750000   data required time
                                            -11.636976   data arrival time
---------------------------------------------------------------------------------------------
                                             -3.886976   slack (VIOLATED)


Startpoint: op_b[7] (input port clocked by __VIRTUAL_CLK__)
Endpoint: op_out[4] (output port clocked by __VIRTUAL_CLK__)
Path Group: __VIRTUAL_CLK__
Path Type: max

Fanout         Cap        Slew       Delay        Time   Description
---------------------------------------------------------------------------------------------
                      0.000000    0.000000    0.000000   clock __VIRTUAL_CLK__ (rise edge)
                                  0.000000    0.000000   clock network delay (ideal)
                                  2.000000    2.000000 v input external delay
     1    0.002619    0.017774    0.008665    2.008665 v op_b[7] (in)
                                                         op_b[7] (net)
                      0.017774    0.000000    2.008665 v input20/A (sky130_fd_sc_hd__clkbuf_1)
     3    0.023642    0.271630    0.306135    2.314800 v input20/X (sky130_fd_sc_hd__clkbuf_1)
                                                         net20 (net)
                      0.271630    0.000910    2.315709 v fanout48/A (sky130_fd_sc_hd__buf_6)
     5    0.032370    0.074214    0.340657    2.656366 v fanout48/X (sky130_fd_sc_hd__buf_6)
                                                         net48 (net)
                      0.074304    0.001805    2.658171 v _469_/C (sky130_fd_sc_hd__or4_4)
     6    0.025897    0.225090    1.079728    3.737899 v _469_/X (sky130_fd_sc_hd__or4_4)
                                                         _306_ (net)
                      0.225090    0.000505    3.738404 v _474_/B1 (sky130_fd_sc_hd__a211o_1)
     3    0.007855    0.129774    0.611921    4.350325 v _474_/X (sky130_fd_sc_hd__a211o_1)
                                                         _360_ (net)
                      0.129774    0.000167    4.350492 v _481_/B1 (sky130_fd_sc_hd__a211o_1)
     4    0.012115    0.169027    0.617096    4.967588 v _481_/X (sky130_fd_sc_hd__a211o_1)
                                                         _410_ (net)
                      0.169027    0.000268    4.967856 v _484_/A1 (sky130_fd_sc_hd__a21o_1)
     4    0.014169    0.145562    0.416577    5.384433 v _484_/X (sky130_fd_sc_hd__a21o_1)
                                                         _413_ (net)
                      0.145562    0.000182    5.384614 v _494_/A2 (sky130_fd_sc_hd__a211o_1)
     3    0.011646    0.164708    0.658913    6.043528 v _494_/X (sky130_fd_sc_hd__a211o_1)
                                                         _423_ (net)
                      0.164708    0.000210    6.043738 v _496_/B1 (sky130_fd_sc_hd__a22o_1)
     3    0.011759    0.148148    0.444986    6.488724 v _496_/X (sky130_fd_sc_hd__a22o_1)
                                                         _425_ (net)
                      0.148148    0.000438    6.489162 v _499_/A (sky130_fd_sc_hd__and3_1)
     3    0.012268    0.148528    0.409277    6.898438 v _499_/X (sky130_fd_sc_hd__and3_1)
                                                         _428_ (net)
                      0.148528    0.000235    6.898674 v _509_/C1 (sky130_fd_sc_hd__a211o_4)
     3    0.015885    0.105410    0.551271    7.449944 v _509_/X (sky130_fd_sc_hd__a211o_4)
                                                         _438_ (net)
                      0.105410    0.000483    7.450428 v _515_/A2 (sky130_fd_sc_hd__a21oi_4)
     8    0.044471    0.527132    0.533323    7.983751 ^ _515_/Y (sky130_fd_sc_hd__a21oi_4)
                                                         _444_ (net)
                      0.527143    0.001970    7.985721 ^ _797_/A2 (sky130_fd_sc_hd__a211oi_1)
     1    0.003542    0.154865    0.311980    8.297701 v _797_/Y (sky130_fd_sc_hd__a211oi_1)
                                                         _272_ (net)
                      0.154865    0.000113    8.297813 v _798_/B1 (sky130_fd_sc_hd__o31ai_1)
     1    0.005575    0.449075    0.171643    8.469457 ^ _798_/Y (sky130_fd_sc_hd__o31ai_1)
                                                         net25 (net)
                      0.449075    0.000220    8.469677 ^ output25/A (sky130_fd_sc_hd__buf_4)
     1    0.034524    0.168766    0.443307    8.912984 ^ output25/X (sky130_fd_sc_hd__buf_4)
                                                         op_out[4] (net)
                      0.168767    0.000819    8.913802 ^ op_out[4] (out)
                                              8.913802   data arrival time

                      0.000000   10.000000   10.000000   clock __VIRTUAL_CLK__ (rise edge)
                                  0.000000   10.000000   clock network delay (ideal)
                                 -0.250000    9.750000   clock uncertainty
                                  0.000000    9.750000   clock reconvergence pessimism
                                 -2.000000    7.750000   output external delay
                                              7.750000   data required time
---------------------------------------------------------------------------------------------
                                              7.750000   data required time
                                             -8.913802   data arrival time
---------------------------------------------------------------------------------------------
                                             -1.163802   slack (VIOLATED)


Startpoint: op_a[1] (input port clocked by __VIRTUAL_CLK__)
Endpoint: op_out[5] (output port clocked by __VIRTUAL_CLK__)
Path Group: __VIRTUAL_CLK__
Path Type: max

Fanout         Cap        Slew       Delay        Time   Description
---------------------------------------------------------------------------------------------
                      0.000000    0.000000    0.000000   clock __VIRTUAL_CLK__ (rise edge)
                                  0.000000    0.000000   clock network delay (ideal)
                                  2.000000    2.000000 ^ input external delay
     1    0.002628    0.031119    0.014883    2.014883 ^ op_a[1] (in)
                                                         op_a[1] (net)
                      0.031119    0.000000    2.014883 ^ input6/A (sky130_fd_sc_hd__buf_1)
     3    0.020147    0.385680    0.356914    2.371797 ^ input6/X (sky130_fd_sc_hd__buf_1)
                                                         net6 (net)
                      0.385682    0.000784    2.372581 ^ fanout43/A (sky130_fd_sc_hd__buf_4)
    10    0.053941    0.247265    0.473976    2.846558 ^ fanout43/X (sky130_fd_sc_hd__buf_4)
                                                         net43 (net)
                      0.247267    0.001427    2.847984 ^ fanout42/A (sky130_fd_sc_hd__buf_2)
    10    0.040201    0.316678    0.455924    3.303908 ^ fanout42/X (sky130_fd_sc_hd__buf_2)
                                                         net42 (net)
                      0.316681    0.001559    3.305467 ^ _701_/A (sky130_fd_sc_hd__and2_1)
     5    0.016721    0.275504    0.466757    3.772224 ^ _701_/X (sky130_fd_sc_hd__and2_1)
                                                         _171_ (net)
                      0.275504    0.000294    3.772517 ^ _728_/C (sky130_fd_sc_hd__and3_1)
     3    0.007013    0.144450    0.422668    4.195185 ^ _728_/X (sky130_fd_sc_hd__and3_1)
                                                         _198_ (net)
                      0.144450    0.000135    4.195320 ^ _730_/A_N (sky130_fd_sc_hd__and4b_1)
     2    0.005801    0.099868    0.446087    4.641407 v _730_/X (sky130_fd_sc_hd__and4b_1)
                                                         _201_ (net)
                      0.099868    0.000111    4.641519 v _750_/B (sky130_fd_sc_hd__nor2_1)
     2    0.008135    0.275091    0.263794    4.905312 ^ _750_/Y (sky130_fd_sc_hd__nor2_1)
                                                         _222_ (net)
                      0.275091    0.000254    4.905567 ^ _758_/A (sky130_fd_sc_hd__xnor2_1)
     2    0.004581    0.131160    0.232178    5.137745 v _758_/Y (sky130_fd_sc_hd__xnor2_1)
                                                         _230_ (net)
                      0.131160    0.000113    5.137858 v _759_/C (sky130_fd_sc_hd__and3_1)
     3    0.007774    0.111057    0.435072    5.572930 v _759_/X (sky130_fd_sc_hd__and3_1)
                                                         _232_ (net)
                      0.111057    0.000155    5.573084 v _788_/B (sky130_fd_sc_hd__or3_1)
     1    0.001986    0.126369    0.785334    6.358419 v _788_/X (sky130_fd_sc_hd__or3_1)
                                                         _262_ (net)
                      0.126369    0.000056    6.358475 v _789_/B (sky130_fd_sc_hd__and2_1)
     2    0.003873    0.076959    0.351772    6.710247 v _789_/X (sky130_fd_sc_hd__and2_1)
                                                         _264_ (net)
                      0.076959    0.000060    6.710307 v _791_/B (sky130_fd_sc_hd__nand2_1)
     4    0.013051    0.207277    0.205527    6.915834 ^ _791_/Y (sky130_fd_sc_hd__nand2_1)
                                                         _266_ (net)
                      0.207277    0.000332    6.916166 ^ _825_/A (sky130_fd_sc_hd__nand2_1)
     1    0.003407    0.091359    0.158182    7.074347 v _825_/Y (sky130_fd_sc_hd__nand2_1)
                                                         _302_ (net)
                      0.091359    0.000103    7.074450 v _840_/B1 (sky130_fd_sc_hd__a221o_1)
     1    0.006337    0.126028    0.592129    7.666579 v _840_/X (sky130_fd_sc_hd__a221o_1)
                                                         _319_ (net)
                      0.126028    0.000220    7.666799 v _842_/B (sky130_fd_sc_hd__or3_1)
     1    0.005769    0.167624    0.860214    8.527013 v _842_/X (sky130_fd_sc_hd__or3_1)
                                                         net26 (net)
                      0.167624    0.000240    8.527253 v output26/A (sky130_fd_sc_hd__buf_4)
     1    0.034541    0.103552    0.351215    8.878468 v output26/X (sky130_fd_sc_hd__buf_4)
                                                         op_out[5] (net)
                      0.103556    0.000820    8.879288 v op_out[5] (out)
                                              8.879288   data arrival time

                      0.000000   10.000000   10.000000   clock __VIRTUAL_CLK__ (rise edge)
                                  0.000000   10.000000   clock network delay (ideal)
                                 -0.250000    9.750000   clock uncertainty
                                  0.000000    9.750000   clock reconvergence pessimism
                                 -2.000000    7.750000   output external delay
                                              7.750000   data required time
---------------------------------------------------------------------------------------------
                                              7.750000   data required time
                                             -8.879288   data arrival time
---------------------------------------------------------------------------------------------
                                             -1.129288   slack (VIOLATED)


Startpoint: op_b[0] (input port clocked by __VIRTUAL_CLK__)
Endpoint: op_out[7] (output port clocked by __VIRTUAL_CLK__)
Path Group: __VIRTUAL_CLK__
Path Type: max

Fanout         Cap        Slew       Delay        Time   Description
---------------------------------------------------------------------------------------------
                      0.000000    0.000000    0.000000   clock __VIRTUAL_CLK__ (rise edge)
                                  0.000000    0.000000   clock network delay (ideal)
                                  2.000000    2.000000 v input external delay
     1    0.005122    0.027600    0.016542    2.016542 v op_b[0] (in)
                                                         op_b[0] (net)
                      0.027600    0.000000    2.016542 v input13/A (sky130_fd_sc_hd__buf_6)
     5    0.036276    0.078444    0.229171    2.245713 v input13/X (sky130_fd_sc_hd__buf_6)
                                                         net13 (net)
                      0.078485    0.001700    2.247412 v fanout66/A (sky130_fd_sc_hd__buf_8)
     5    0.040722    0.075492    0.250062    2.497475 v fanout66/X (sky130_fd_sc_hd__buf_8)
                                                         net66 (net)
                      0.075496    0.000688    2.498163 v fanout65/A (sky130_fd_sc_hd__buf_8)
    10    0.040635    0.075419    0.248557    2.746720 v fanout65/X (sky130_fd_sc_hd__buf_8)
                                                         net65 (net)
                      0.075464    0.001710    2.748430 v _458_/A (sky130_fd_sc_hd__inv_2)
     4    0.015136    0.117646    0.131709    2.880139 ^ _458_/Y (sky130_fd_sc_hd__inv_2)
                                                         _188_ (net)
                      0.117647    0.000225    2.880363 ^ fanout35/A (sky130_fd_sc_hd__clkbuf_4)
    10    0.050871    0.252075    0.403903    3.284267 ^ fanout35/X (sky130_fd_sc_hd__clkbuf_4)
                                                         net35 (net)
                      0.252075    0.001082    3.285349 ^ _536_/A (sky130_fd_sc_hd__nor2_4)
     4    0.017040    0.081925    0.159882    3.445231 v _536_/Y (sky130_fd_sc_hd__nor2_4)
                                                         _007_ (net)
                      0.081926    0.000401    3.445632 v _780_/A (sky130_fd_sc_hd__and3_1)
     2    0.011624    0.143990    0.372302    3.817934 v _780_/X (sky130_fd_sc_hd__and3_1)
                                                         _254_ (net)
                      0.143990    0.000463    3.818397 v _781_/B1 (sky130_fd_sc_hd__a21oi_4)
     2    0.013878    0.228081    0.269541    4.087938 ^ _781_/Y (sky130_fd_sc_hd__a21oi_4)
                                                         _255_ (net)
                      0.228081    0.000293    4.088231 ^ _805_/A3 (sky130_fd_sc_hd__a31oi_2)
     2    0.008322    0.192130    0.287340    4.375571 v _805_/Y (sky130_fd_sc_hd__a31oi_2)
                                                         _280_ (net)
                      0.192130    0.000222    4.375793 v _812_/A (sky130_fd_sc_hd__or3_1)
     2    0.006202    0.170659    0.940906    5.316699 v _812_/X (sky130_fd_sc_hd__or3_1)
                                                         _288_ (net)
                      0.170659    0.000153    5.316852 v _870_/A (sky130_fd_sc_hd__and3_1)
     2    0.006586    0.101475    0.373602    5.690454 v _870_/X (sky130_fd_sc_hd__and3_1)
                                                         _351_ (net)
                      0.101475    0.000168    5.690622 v _873_/B (sky130_fd_sc_hd__or3_4)
     3    0.013407    0.143216    0.772579    6.463201 v _873_/X (sky130_fd_sc_hd__or3_4)
                                                         _354_ (net)
                      0.143216    0.000314    6.463515 v _875_/C (sky130_fd_sc_hd__and3_1)
     1    0.005714    0.094708    0.423610    6.887126 v _875_/X (sky130_fd_sc_hd__and3_1)
                                                         _356_ (net)
                      0.094708    0.000137    6.887263 v _893_/B (sky130_fd_sc_hd__xnor2_1)
     1    0.005203    0.263289    0.281935    7.169199 ^ _893_/Y (sky130_fd_sc_hd__xnor2_1)
                                                         _375_ (net)
                      0.263289    0.000157    7.169355 ^ _916_/B (sky130_fd_sc_hd__xnor2_1)
     2    0.006931    0.150678    0.237506    7.406861 v _916_/Y (sky130_fd_sc_hd__xnor2_1)
                                                         _400_ (net)
                      0.150678    0.000222    7.407083 v _917_/B (sky130_fd_sc_hd__or2_1)
     1    0.003407    0.101798    0.496350    7.903433 v _917_/X (sky130_fd_sc_hd__or2_1)
                                                         _401_ (net)
                      0.101798    0.000105    7.903538 v _923_/A2 (sky130_fd_sc_hd__a311o_1)
     1    0.005258    0.116828    0.621844    8.525381 v _923_/X (sky130_fd_sc_hd__a311o_1)
                                                         net28 (net)
                      0.116828    0.000163    8.525544 v output28/A (sky130_fd_sc_hd__buf_6)
     1    0.033963    0.075557    0.269060    8.794604 v output28/X (sky130_fd_sc_hd__buf_6)
                                                         op_out[7] (net)
                      0.075561    0.000624    8.795229 v op_out[7] (out)
                                              8.795229   data arrival time

                      0.000000   10.000000   10.000000   clock __VIRTUAL_CLK__ (rise edge)
                                  0.000000   10.000000   clock network delay (ideal)
                                 -0.250000    9.750000   clock uncertainty
                                  0.000000    9.750000   clock reconvergence pessimism
                                 -2.000000    7.750000   output external delay
                                              7.750000   data required time
---------------------------------------------------------------------------------------------
                                              7.750000   data required time
                                             -8.795229   data arrival time
---------------------------------------------------------------------------------------------
                                             -1.045229   slack (VIOLATED)


Startpoint: op_a[1] (input port clocked by __VIRTUAL_CLK__)
Endpoint: op_out[6] (output port clocked by __VIRTUAL_CLK__)
Path Group: __VIRTUAL_CLK__
Path Type: max

Fanout         Cap        Slew       Delay        Time   Description
---------------------------------------------------------------------------------------------
                      0.000000    0.000000    0.000000   clock __VIRTUAL_CLK__ (rise edge)
                                  0.000000    0.000000   clock network delay (ideal)
                                  2.000000    2.000000 ^ input external delay
     1    0.002628    0.031119    0.014883    2.014883 ^ op_a[1] (in)
                                                         op_a[1] (net)
                      0.031119    0.000000    2.014883 ^ input6/A (sky130_fd_sc_hd__buf_1)
     3    0.020147    0.385680    0.356914    2.371797 ^ input6/X (sky130_fd_sc_hd__buf_1)
                                                         net6 (net)
                      0.385682    0.000784    2.372581 ^ fanout43/A (sky130_fd_sc_hd__buf_4)
    10    0.053941    0.247265    0.473976    2.846558 ^ fanout43/X (sky130_fd_sc_hd__buf_4)
                                                         net43 (net)
                      0.247267    0.001427    2.847984 ^ fanout42/A (sky130_fd_sc_hd__buf_2)
    10    0.040201    0.316678    0.455924    3.303908 ^ fanout42/X (sky130_fd_sc_hd__buf_2)
                                                         net42 (net)
                      0.316681    0.001559    3.305467 ^ _701_/A (sky130_fd_sc_hd__and2_1)
     5    0.016721    0.275504    0.466757    3.772224 ^ _701_/X (sky130_fd_sc_hd__and2_1)
                                                         _171_ (net)
                      0.275504    0.000294    3.772517 ^ _728_/C (sky130_fd_sc_hd__and3_1)
     3    0.007013    0.144450    0.422668    4.195185 ^ _728_/X (sky130_fd_sc_hd__and3_1)
                                                         _198_ (net)
                      0.144450    0.000135    4.195320 ^ _730_/A_N (sky130_fd_sc_hd__and4b_1)
     2    0.005801    0.099868    0.446087    4.641407 v _730_/X (sky130_fd_sc_hd__and4b_1)
                                                         _201_ (net)
                      0.099868    0.000111    4.641519 v _750_/B (sky130_fd_sc_hd__nor2_1)
     2    0.008135    0.275091    0.263794    4.905312 ^ _750_/Y (sky130_fd_sc_hd__nor2_1)
                                                         _222_ (net)
                      0.275091    0.000254    4.905567 ^ _758_/A (sky130_fd_sc_hd__xnor2_1)
     2    0.004581    0.131160    0.232178    5.137745 v _758_/Y (sky130_fd_sc_hd__xnor2_1)
                                                         _230_ (net)
                      0.131160    0.000113    5.137858 v _759_/C (sky130_fd_sc_hd__and3_1)
     3    0.007774    0.111057    0.435072    5.572930 v _759_/X (sky130_fd_sc_hd__and3_1)
                                                         _232_ (net)
                      0.111057    0.000155    5.573084 v _788_/B (sky130_fd_sc_hd__or3_1)
     1    0.001986    0.126369    0.785334    6.358419 v _788_/X (sky130_fd_sc_hd__or3_1)
                                                         _262_ (net)
                      0.126369    0.000056    6.358475 v _789_/B (sky130_fd_sc_hd__and2_1)
     2    0.003873    0.076959    0.351772    6.710247 v _789_/X (sky130_fd_sc_hd__and2_1)
                                                         _264_ (net)
                      0.076959    0.000060    6.710307 v _791_/B (sky130_fd_sc_hd__nand2_1)
     4    0.013051    0.207277    0.205527    6.915834 ^ _791_/Y (sky130_fd_sc_hd__nand2_1)
                                                         _266_ (net)
                      0.207277    0.000292    6.916126 ^ _826_/A (sky130_fd_sc_hd__nor2_1)
     3    0.009810    0.107211    0.187477    7.103603 v _826_/Y (sky130_fd_sc_hd__nor2_1)
                                                         _303_ (net)
                      0.107211    0.000218    7.103821 v _878_/A (sky130_fd_sc_hd__or2_1)
     1    0.003234    0.100036    0.514094    7.617916 v _878_/X (sky130_fd_sc_hd__or2_1)
                                                         _359_ (net)
                      0.100036    0.000101    7.618017 v _885_/A3 (sky130_fd_sc_hd__a31o_1)
     1    0.005313    0.087322    0.421472    8.039489 v _885_/X (sky130_fd_sc_hd__a31o_1)
                                                         net27 (net)
                      0.087322    0.000165    8.039654 v output27/A (sky130_fd_sc_hd__buf_6)
     1    0.035007    0.076886    0.255800    8.295453 v output27/X (sky130_fd_sc_hd__buf_6)
                                                         op_out[6] (net)
                      0.076897    0.000899    8.296352 v op_out[6] (out)
                                              8.296352   data arrival time

                      0.000000   10.000000   10.000000   clock __VIRTUAL_CLK__ (rise edge)
                                  0.000000   10.000000   clock network delay (ideal)
                                 -0.250000    9.750000   clock uncertainty
                                  0.000000    9.750000   clock reconvergence pessimism
                                 -2.000000    7.750000   output external delay
                                              7.750000   data required time
---------------------------------------------------------------------------------------------
                                              7.750000   data required time
                                             -8.296352   data arrival time
---------------------------------------------------------------------------------------------
                                             -0.546352   slack (VIOLATED)



