
===========================================================================
 report_power
============================================================================
======================= nom_ss_100C_1v60 Corner ===================================

Group                    Internal    Switching      Leakage        Total
                            Power        Power        Power        Power (Watts)
------------------------------------------------------------------------
Sequential           0.000000e+00 0.000000e+00 0.000000e+00 0.000000e+00   0.0%
Combinational        1.166649e-04 1.277578e-04 2.500150e-06 2.469228e-04 100.0%
Clock                -1.449512e-11 0.000000e+00 1.369114e-09 1.354619e-09   0.0%
Macro                0.000000e+00 0.000000e+00 0.000000e+00 0.000000e+00   0.0%
Pad                  0.000000e+00 0.000000e+00 0.000000e+00 0.000000e+00   0.0%
------------------------------------------------------------------------
Total                1.166649e-04 1.277578e-04 2.501519e-06 2.469242e-04 100.0%
                            47.2%        51.7%         1.0%

