
===========================================================================
report_checks -unconstrained
===========================================================================
======================= max_tt_025C_1v80 Corner ===================================

Startpoint: op_b[4] (input port clocked by virtual_clk)
Endpoint: op_out[0] (output port clocked by virtual_clk)
Path Group: virtual_clk
Path Type: max

Fanout         Cap        Slew       Delay        Time   Description
---------------------------------------------------------------------------------------------
                      0.000000    0.000000    0.000000   clock virtual_clk (rise edge)
                                  0.000000    0.000000   clock network delay (ideal)
                                  2.000000    2.000000 v input external delay
     1    0.002316    0.000000    0.000000    2.000000 v op_b[4] (in)
                                                         op_b[4] (net)
                      0.000128    0.000064    2.000064 v input17/A (sky130_fd_sc_hd__buf_2)
     8    0.052682    0.127434    0.187803    2.187867 v input17/X (sky130_fd_sc_hd__buf_2)
                                                         net17 (net)
                      0.127485    0.002177    2.190044 v fanout35/A (sky130_fd_sc_hd__buf_4)
    16    0.080917    0.108000    0.246991    2.437035 v fanout35/X (sky130_fd_sc_hd__buf_4)
                                                         net35 (net)
                      0.108817    0.007188    2.444223 v _469_/B (sky130_fd_sc_hd__or4_4)
     6    0.026376    0.120900    0.592256    3.036479 v _469_/X (sky130_fd_sc_hd__or4_4)
                                                         _306_ (net)
                      0.120977    0.001593    3.038072 v _472_/A3 (sky130_fd_sc_hd__o41ai_4)
     5    0.017246    0.377098    0.419870    3.457942 ^ _472_/Y (sky130_fd_sc_hd__o41ai_4)
                                                         _338_ (net)
                      0.377098    0.000553    3.458495 ^ _481_/A1 (sky130_fd_sc_hd__a211o_1)
     4    0.013229    0.124462    0.247873    3.706368 ^ _481_/X (sky130_fd_sc_hd__a211o_1)
                                                         _410_ (net)
                      0.124466    0.000829    3.707197 ^ _484_/A2 (sky130_fd_sc_hd__a21o_1)
     4    0.013093    0.120876    0.188967    3.896164 ^ _484_/X (sky130_fd_sc_hd__a21o_1)
                                                         _413_ (net)
                      0.120877    0.000657    3.896821 ^ _493_/A1 (sky130_fd_sc_hd__a211oi_1)
     3    0.011619    0.107512    0.131168    4.027989 v _493_/Y (sky130_fd_sc_hd__a211oi_1)
                                                         _422_ (net)
                      0.107514    0.000623    4.028612 v _503_/D (sky130_fd_sc_hd__or4_1)
     3    0.008553    0.120426    0.464924    4.493536 v _503_/X (sky130_fd_sc_hd__or4_1)
                                                         _432_ (net)
                      0.120426    0.000405    4.493940 v _507_/A3 (sky130_fd_sc_hd__a31o_1)
     2    0.005232    0.047740    0.253873    4.747814 v _507_/X (sky130_fd_sc_hd__a31o_1)
                                                         _436_ (net)
                      0.047778    0.000257    4.748071 v _509_/A2 (sky130_fd_sc_hd__a211o_1)
     3    0.014640    0.099894    0.347887    5.095958 v _509_/X (sky130_fd_sc_hd__a211o_1)
                                                         _438_ (net)
                      0.099902    0.000963    5.096921 v _515_/A1 (sky130_fd_sc_hd__a21oi_4)
     8    0.040355    0.309608    0.303304    5.400225 ^ _515_/Y (sky130_fd_sc_hd__a21oi_4)
                                                         _444_ (net)
                      0.309625    0.001886    5.402112 ^ _524_/S (sky130_fd_sc_hd__mux2_1)
     2    0.008763    0.084067    0.396250    5.798361 v _524_/X (sky130_fd_sc_hd__mux2_1)
                                                         _453_ (net)
                      0.084069    0.000489    5.798851 v _539_/A2 (sky130_fd_sc_hd__a221o_1)
     3    0.010970    0.091127    0.403276    6.202127 v _539_/X (sky130_fd_sc_hd__a221o_1)
                                                         _010_ (net)
                      0.091128    0.000475    6.202601 v _544_/A3 (sky130_fd_sc_hd__a311o_1)
     5    0.015479    0.112709    0.430026    6.632627 v _544_/X (sky130_fd_sc_hd__a311o_1)
                                                         _015_ (net)
                      0.112712    0.000719    6.633346 v _571_/A1 (sky130_fd_sc_hd__a21o_1)
     4    0.012694    0.073335    0.220049    6.853395 v _571_/X (sky130_fd_sc_hd__a21o_1)
                                                         _042_ (net)
                      0.073340    0.000675    6.854070 v _574_/B (sky130_fd_sc_hd__and3_1)
     3    0.007808    0.059175    0.195663    7.049734 v _574_/X (sky130_fd_sc_hd__and3_1)
                                                         _045_ (net)
                      0.059177    0.000454    7.050188 v _585_/A (sky130_fd_sc_hd__or4_1)
     1    0.003625    0.088921    0.525049    7.575237 v _585_/X (sky130_fd_sc_hd__or4_1)
                                                         _056_ (net)
                      0.088921    0.000248    7.575484 v _586_/C (sky130_fd_sc_hd__or4b_1)
     1    0.008911    0.120199    0.529695    8.105180 v _586_/X (sky130_fd_sc_hd__or4b_1)
                                                         _057_ (net)
                      0.120201    0.000675    8.105855 v _590_/A1 (sky130_fd_sc_hd__a311oi_4)
     8    0.036860    0.511512    0.465532    8.571386 ^ _590_/Y (sky130_fd_sc_hd__a311oi_4)
                                                         _061_ (net)
                      0.511522    0.001781    8.573167 ^ _593_/S (sky130_fd_sc_hd__mux2_1)
     3    0.011447    0.094904    0.424109    8.997276 v _593_/X (sky130_fd_sc_hd__mux2_1)
                                                         _064_ (net)
                      0.094908    0.000726    8.998002 v _610_/B (sky130_fd_sc_hd__xor2_1)
     4    0.011345    0.263649    0.258741    9.256743 ^ _610_/X (sky130_fd_sc_hd__xor2_1)
                                                         _081_ (net)
                      0.263653    0.000842    9.257586 ^ _624_/C_N (sky130_fd_sc_hd__or4bb_2)
     4    0.019745    0.150985    0.728855    9.986441 v _624_/X (sky130_fd_sc_hd__or4bb_2)
                                                         _095_ (net)
                      0.150993    0.001219    9.987659 v _628_/A1 (sky130_fd_sc_hd__a21oi_4)
    12    0.049690    0.368525    0.366405   10.354064 ^ _628_/Y (sky130_fd_sc_hd__a21oi_4)
                                                         _099_ (net)
                      0.368610    0.004537   10.358601 ^ _665_/S (sky130_fd_sc_hd__mux2_1)
     3    0.008424    0.083523    0.398259   10.756860 v _665_/X (sky130_fd_sc_hd__mux2_1)
                                                         _136_ (net)
                      0.083523    0.000264   10.757124 v _669_/A2 (sky130_fd_sc_hd__a21o_1)
     1    0.002629    0.032207    0.184834   10.941957 v _669_/X (sky130_fd_sc_hd__a21o_1)
                                                         _140_ (net)
                      0.032207    0.000187   10.942144 v _671_/A2 (sky130_fd_sc_hd__o211a_1)
     1    0.004146    0.044741    0.202297   11.144442 v _671_/X (sky130_fd_sc_hd__o211a_1)
                                                         _142_ (net)
                      0.044763    0.000312   11.144753 v _672_/B2 (sky130_fd_sc_hd__o221a_1)
     1    0.002622    0.044049    0.198522   11.343275 v _672_/X (sky130_fd_sc_hd__o221a_1)
                                                         _143_ (net)
                      0.044049    0.000193   11.343468 v _675_/A2 (sky130_fd_sc_hd__o21a_1)
     1    0.003548    0.038687    0.166396   11.509864 v _675_/X (sky130_fd_sc_hd__o21a_1)
                                                         _146_ (net)
                      0.038687    0.000243   11.510107 v _679_/A1 (sky130_fd_sc_hd__o21a_1)
     1    0.006916    0.054085    0.197085   11.707192 v _679_/X (sky130_fd_sc_hd__o21a_1)
                                                         _150_ (net)
                      0.054088    0.000441   11.707633 v _700_/A (sky130_fd_sc_hd__or3_1)
     1    0.003851    0.071365    0.373860   12.081493 v _700_/X (sky130_fd_sc_hd__or3_1)
                                                         net21 (net)
                      0.071365    0.000270   12.081763 v output21/A (sky130_fd_sc_hd__buf_1)
     1    0.001200    0.018829    0.090127   12.171890 v output21/X (sky130_fd_sc_hd__buf_1)
                                                         op_out[0] (net)
                      0.018829    0.000032   12.171923 v op_out[0] (out)
                                             12.171923   data arrival time

                      0.000000   25.000000   25.000000   clock virtual_clk (rise edge)
                                  0.000000   25.000000   clock network delay (ideal)
                                  0.000000   25.000000   clock reconvergence pessimism
                                 -2.000000   22.999998   output external delay
                                             22.999998   data required time
---------------------------------------------------------------------------------------------
                                             22.999998   data required time
                                            -12.171923   data arrival time
---------------------------------------------------------------------------------------------
                                             10.828076   slack (MET)




===========================================================================
report_checks --slack_max -0.01
============================================================================
======================= max_tt_025C_1v80 Corner ===================================

No paths found.


===========================================================================
 report_check_types -max_slew -max_cap -max_fanout -violators
============================================================================
======================= max_tt_025C_1v80 Corner ===================================



===========================================================================
report_parasitic_annotation -report_unannotated
============================================================================
Found 0 unannotated drivers.
Found 0 partially unannotated drivers.

===========================================================================
max slew violation count 0
max fanout violation count 0
max cap violation count 0
============================================================================

===========================================================================
check_setup -verbose -unconstrained_endpoints -multiple_clock -no_clock -no_input_delay -loops -generated_clocks
===========================================================================
