┏━━━━━━━━━━━━━━━━━━━━━━┳━━━━━━━━━━┳━━━━━━━━━━┳━━━━━━━━━━┳━━━━━━━━━━┳━━━━━━━━━━━┳━━━━━━━━━━┳━━━━━━━━━━━┳━━━━━━━━━━┳━━━━━━━━━━━┳━━━━━━━━━━┳━━━━━━━━━━━┳━━━━━━━━━━┓
┃                      ┃ Hold     ┃ Reg to   ┃          ┃          ┃ of which  ┃ Setup    ┃           ┃          ┃           ┃ of which ┃           ┃          ┃
┃                      ┃ Worst    ┃ Reg      ┃          ┃ Hold Vio ┃ reg to    ┃ Worst    ┃ Reg to    ┃ Setup    ┃ Setup Vio ┃ reg to   ┃ Max Cap   ┃ Max Slew ┃
┃ Corner/Group         ┃ Slack    ┃ Paths    ┃ Hold TNS ┃ Count    ┃ reg       ┃ Slack    ┃ Reg Paths ┃ TNS      ┃ Count     ┃ reg      ┃ Violatio… ┃ Violati… ┃
┡━━━━━━━━━━━━━━━━━━━━━━╇━━━━━━━━━━╇━━━━━━━━━━╇━━━━━━━━━━╇━━━━━━━━━━╇━━━━━━━━━━━╇━━━━━━━━━━╇━━━━━━━━━━━╇━━━━━━━━━━╇━━━━━━━━━━━╇━━━━━━━━━━╇━━━━━━━━━━━╇━━━━━━━━━━┩
│ Overall              │ 4.3389   │ N/A      │ 0.0000   │ 0        │ 0         │ -2.3063  │ N/A       │ -2.3063  │ 3         │ 0        │ 0         │ 0        │
│ nom_tt_025C_1v80     │ 4.5200   │ N/A      │ 0.0000   │ 0        │ 0         │ 6.5674   │ N/A       │ 0.0000   │ 0         │ 0        │ 0         │ 0        │
│ nom_ss_100C_1v60     │ 4.9617   │ N/A      │ 0.0000   │ 0        │ 0         │ -2.1464  │ N/A       │ -2.1464  │ 1         │ 0        │ 0         │ 0        │
│ nom_ff_n40C_1v95     │ 4.3440   │ N/A      │ 0.0000   │ 0        │ 0         │ 10.1683  │ N/A       │ 0.0000   │ 0         │ 0        │ 0         │ 0        │
│ min_tt_025C_1v80     │ 4.5130   │ N/A      │ 0.0000   │ 0        │ 0         │ 6.6513   │ N/A       │ 0.0000   │ 0         │ 0        │ 0         │ 0        │
│ min_ss_100C_1v60     │ 4.9499   │ N/A      │ 0.0000   │ 0        │ 0         │ -2.0094  │ N/A       │ -2.0094  │ 1         │ 0        │ 0         │ 0        │
│ min_ff_n40C_1v95     │ 4.3389   │ N/A      │ 0.0000   │ 0        │ 0         │ 10.2332  │ N/A       │ 0.0000   │ 0         │ 0        │ 0         │ 0        │
│ max_tt_025C_1v80     │ 4.5285   │ N/A      │ 0.0000   │ 0        │ 0         │ 6.4780   │ N/A       │ 0.0000   │ 0         │ 0        │ 0         │ 0        │
│ max_ss_100C_1v60     │ 4.9752   │ N/A      │ 0.0000   │ 0        │ 0         │ -2.3063  │ N/A       │ -2.3063  │ 1         │ 0        │ 0         │ 0        │
│ max_ff_n40C_1v95     │ 4.3504   │ N/A      │ 0.0000   │ 0        │ 0         │ 10.0961  │ N/A       │ 0.0000   │ 0         │ 0        │ 0         │ 0        │
└──────────────────────┴──────────┴──────────┴──────────┴──────────┴───────────┴──────────┴───────────┴──────────┴───────────┴──────────┴───────────┴──────────┘
