Reading timing models for corner nom_tt_025C_1v80…
Reading timing library for the 'nom_tt_025C_1v80' corner at '/home/letienthanh/.volare/volare/sky130/versions/0fe599b2afb6708d281543108caf8310912f54af/sky130A/libs.ref/sky130_fd_sc_hd/lib/sky130_fd_sc_hd__tt_025C_1v80.lib'…
Reading timing models for corner nom_ff_n40C_1v95…
Reading timing library for the 'nom_ff_n40C_1v95' corner at '/home/letienthanh/.volare/volare/sky130/versions/0fe599b2afb6708d281543108caf8310912f54af/sky130A/libs.ref/sky130_fd_sc_hd/lib/sky130_fd_sc_hd__ff_n40C_1v95.lib'…
Reading timing models for corner nom_ss_100C_1v60…
Reading timing library for the 'nom_ss_100C_1v60' corner at '/home/letienthanh/.volare/volare/sky130/versions/0fe599b2afb6708d281543108caf8310912f54af/sky130A/libs.ref/sky130_fd_sc_hd/lib/sky130_fd_sc_hd__ss_100C_1v60.lib'…
Reading OpenROAD database at '/home/letienthanh/8bitalu/runs/RUN_2026-08-05_13-37-55/33-openroad-detailedplacement/alu8bit.odb'…
Reading design constraints file at '/nix/store/ss2cw3sxbrwwx9jl0rrppbw4kgcmgi2n-python3-3.11.9-env/lib/python3.11/site-packages/openlane/scripts/base.sdc'…
[WARNING STA-0366] port '__VIRTUAL_CLK__' not found.
[INFO] Using clock __VIRTUAL_CLK__…
[INFO] Setting output delay to: 2
[INFO] Setting input delay to: 2
[WARNING STA-0366] port '__VIRTUAL_CLK__' not found.
[INFO] Setting load to: 0.033442
[INFO] Setting clock uncertainty to: 0.25
[INFO] Setting clock transition to: 0.1499999999999999944488848768742172978818416595458984375
[WARNING STA-0419] transition time can not be specified for virtual clocks.
[INFO] Setting timing derate to: 5%
[WARNING STA-0450] virtual clock __VIRTUAL_CLK__ can not be propagated.
[WARNING STA-0450] virtual clock __VIRTUAL_CLK__ can not be propagated.
[INFO] Setting RC values…
[INFO RSZ-0094] Found 8 endpoints with setup violations.
[INFO RSZ-0099] Repairing 8 out of 8 (100.00%) violating endpoints...
   Iter   | Removed | Resized | Inserted | Cloned |  Pin  |    WNS   |   TNS      |  Viol  | Worst
          | Buffers |  Gates  | Buffers  |  Gates | Swaps |          |            | Endpts | Endpt
---------------------------------------------------------------------------------------------------
        0 |       0 |       0 |        0 |      0 |     0 |  -14.171 |      -42.4 |      8 | op_out[0]
       10 |       0 |       5 |        0 |      0 |     4 |  -13.463 |      -40.8 |      8 | op_out[0]
       20 |       0 |      12 |        3 |      0 |     6 |  -13.090 |      -39.7 |      8 | op_out[0]
       30 |       0 |      18 |        9 |      0 |     8 |  -12.879 |      -39.1 |      8 | op_out[0]
       40 |       0 |      27 |        9 |      0 |     9 |  -12.465 |      -37.3 |      8 | op_out[0]
       50 |       0 |      31 |       11 |      0 |    14 |  -12.427 |      -37.3 |      8 | op_out[0]
       60 |       0 |      37 |       11 |      1 |    17 |  -12.352 |      -36.7 |      8 | op_out[0]
       70 |       0 |      43 |       13 |      1 |    20 |  -12.026 |      -35.7 |      8 | op_out[0]
       80 |       0 |      49 |       13 |      2 |    23 |  -11.793 |      -35.2 |      8 | op_out[0]
       90 |       0 |      54 |       15 |      2 |    27 |  -11.767 |      -34.8 |      8 | op_out[0]
       95 |       0 |      53 |       14 |      2 |    24 |  -11.662 |      -34.5 |      8 | op_out[0]
      100 |       0 |      57 |       14 |      2 |    24 |  -11.718 |      -34.6 |      8 | op_out[0]
      110 |       0 |      63 |       18 |      3 |    25 |  -11.712 |      -34.5 |      8 | op_out[0]
      115 |       0 |      59 |       16 |      2 |    24 |  -11.662 |      -34.5 |      8 | op_out[0]
      120 |       0 |      63 |       16 |      2 |    24 |  -11.718 |      -34.6 |      8 | op_out[0]
      124 |       0 |      61 |       17 |      2 |    24 |  -11.662 |      -34.5 |      8 | op_out[0]
      130 |       0 |      64 |       17 |      2 |    26 |  -11.719 |      -34.6 |      8 | op_out[0]
      140 |       0 |      72 |       19 |      2 |    27 |  -11.717 |      -34.6 |      8 | op_out[0]
      140 |       0 |      65 |       18 |      2 |    24 |  -11.662 |      -34.5 |      8 | op_out[0]
      150 |       0 |      71 |       20 |      2 |    26 |  -11.662 |      -34.3 |      8 | op_out[0]
      160 |       0 |      80 |       20 |      2 |    27 |  -11.662 |      -33.6 |      8 | op_out[0]
      170 |       0 |      88 |       20 |      2 |    29 |  -11.662 |      -32.9 |      8 | op_out[0]
      180 |       0 |      95 |       20 |      3 |    31 |  -11.662 |      -32.6 |      8 | op_out[0]
      190 |       0 |     100 |       22 |      4 |    34 |  -11.662 |      -32.4 |      8 | op_out[0]
      198 |       0 |      82 |       21 |      2 |    26 |  -11.662 |      -34.5 |      8 | op_out[0]
      200 |       0 |      83 |       21 |      2 |    26 |  -11.662 |      -34.2 |      8 | op_out[0]
      210 |       0 |      91 |       23 |      2 |    27 |  -11.662 |      -33.7 |      8 | op_out[0]
      220 |       0 |      99 |       23 |      2 |    29 |  -11.662 |      -33.5 |      8 | op_out[0]
      230 |       0 |     108 |       23 |      3 |    29 |  -11.662 |      -33.2 |      8 | op_out[0]
      240 |       0 |     116 |       23 |      4 |    30 |  -11.662 |      -33.2 |      8 | op_out[0]
      250 |       0 |     124 |       26 |      4 |    31 |  -11.662 |      -33.1 |      8 | op_out[0]
      256 |       0 |     103 |       24 |      2 |    26 |  -11.662 |      -33.8 |      8 | op_out[0]
      260 |       0 |     106 |       24 |      2 |    26 |  -11.685 |      -33.8 |      8 | op_out[0]
      265 |       0 |     105 |       24 |      2 |    26 |  -11.662 |      -33.7 |      8 | op_out[0]
      270 |       0 |     108 |       24 |      2 |    27 |  -11.662 |      -33.6 |      8 | op_out[0]
      280 |       0 |     118 |       24 |      2 |    27 |  -11.662 |      -32.8 |      8 | op_out[0]
      290 |       0 |     125 |       29 |      2 |    28 |  -11.662 |      -32.7 |      8 | op_out[0]
      300 |       0 |     132 |       31 |      3 |    29 |  -11.662 |      -32.8 |      8 | op_out[0]
      310 |       0 |     140 |       31 |      5 |    29 |  -11.662 |      -32.5 |      8 | op_out[0]
      315 |       0 |     123 |       27 |      2 |    27 |  -11.662 |      -33.6 |      8 | op_out[0]
     316* |       0 |     123 |       27 |      2 |    27 |  -11.662 |      -33.6 |      8 | op_out[0]
     317* |       0 |     123 |       27 |      2 |    27 |  -11.662 |      -33.6 |      8 | op_out[0]
     318* |       0 |     123 |       27 |      2 |    27 |  -11.662 |      -33.6 |      8 | op_out[0]
     319* |       0 |     123 |       27 |      2 |    27 |  -11.662 |      -33.6 |      8 | op_out[0]
     320* |       0 |     123 |       27 |      2 |    27 |  -11.662 |      -33.6 |      8 | op_out[0]
     320* |       0 |     123 |       27 |      2 |    27 |  -11.662 |      -33.6 |      8 | op_out[0]
     321* |       0 |     123 |       27 |      2 |    27 |  -11.662 |      -33.6 |      8 | op_out[0]
     322* |       0 |     123 |       27 |      2 |    27 |  -11.662 |      -33.6 |      8 | op_out[0]
     323* |       0 |     123 |       27 |      2 |    27 |  -11.662 |      -33.6 |      8 | op_out[0]
    final |       0 |     123 |       27 |      2 |    27 |  -11.662 |      -33.6 |      8 | op_out[0]
---------------------------------------------------------------------------------------------------
[INFO RSZ-0040] Inserted 10 buffers.
[INFO RSZ-0041] Resized 123 instances.
[INFO RSZ-0043] Swapped pins on 27 instances.
[INFO RSZ-0049] Cloned 2 instances.
[WARNING RSZ-0062] Unable to repair all setup violations.
[INFO RSZ-0033] No hold violations found.
Placement Analysis
---------------------------------
total displacement        178.9 u
average displacement        0.2 u
max displacement           12.9 u
original HPWL           10945.7 u
legalized HPWL          11379.1 u
delta HPWL                    4 %

[INFO DPL-0020] Mirrored 230 instances
[INFO DPL-0021] HPWL before           11379.1 u
[INFO DPL-0022] HPWL after            11026.2 u
[INFO DPL-0023] HPWL delta               -3.1 %
[INFO] Setting RC values…
Setting global connections for newly added cells…
[INFO] Setting global connections...
Updating metrics…
Cell type report:                       Count       Area
  Fill cell                                76     285.27
  Tap cell                                140     175.17
  Timing Repair Buffer                     81     535.51
  Inverter                                 19      71.32
  Multi-Input combinational cell          447    3387.00
  Total                                   763    4454.27
Writing OpenROAD database to '/home/letienthanh/8bitalu/runs/RUN_2026-08-05_13-37-55/35-openroad-resizertimingpostcts/alu8bit.odb'…
Writing netlist to '/home/letienthanh/8bitalu/runs/RUN_2026-08-05_13-37-55/35-openroad-resizertimingpostcts/alu8bit.nl.v'…
Writing powered netlist to '/home/letienthanh/8bitalu/runs/RUN_2026-08-05_13-37-55/35-openroad-resizertimingpostcts/alu8bit.pnl.v'…
Writing layout to '/home/letienthanh/8bitalu/runs/RUN_2026-08-05_13-37-55/35-openroad-resizertimingpostcts/alu8bit.def'…
Writing timing constraints to '/home/letienthanh/8bitalu/runs/RUN_2026-08-05_13-37-55/35-openroad-resizertimingpostcts/alu8bit.sdc'…
