Reading OpenROAD database at '/home/letienthanh/8bitalu/runs/RUN_2026-08-05_11-42-16/31-openroad-repairdesignpostgpl/alu8bit.odb'…
Reading library file at '/home/letienthanh/.volare/volare/sky130/versions/0fe599b2afb6708d281543108caf8310912f54af/sky130A/libs.ref/sky130_fd_sc_hd/lib/sky130_fd_sc_hd__tt_025C_1v80.lib'…
Reading design constraints file at '/nix/store/ss2cw3sxbrwwx9jl0rrppbw4kgcmgi2n-python3-3.11.9-env/lib/python3.11/site-packages/openlane/scripts/base.sdc'…
[WARNING STA-0366] port '__VIRTUAL_CLK__' not found.
[INFO] Using clock __VIRTUAL_CLK__…
[INFO] Setting output delay to: 4
[INFO] Setting input delay to: 4
[WARNING STA-0366] port '__VIRTUAL_CLK__' not found.
[INFO] Setting load to: 0.033442
[INFO] Setting clock uncertainty to: 0.25
[INFO] Setting clock transition to: 0.1499999999999999944488848768742172978818416595458984375
[WARNING STA-0419] transition time can not be specified for virtual clocks.
[INFO] Setting timing derate to: 5%
[WARNING STA-0450] virtual clock __VIRTUAL_CLK__ can not be propagated.
Placement Analysis
---------------------------------
total displacement          0.0 u
average displacement        0.0 u
max displacement            0.0 u
original HPWL           10624.8 u
legalized HPWL          10971.9 u
delta HPWL                    3 %

[INFO DPL-0020] Mirrored 243 instances
[INFO DPL-0021] HPWL before           10971.9 u
[INFO DPL-0022] HPWL after            10624.8 u
[INFO DPL-0023] HPWL delta               -3.2 %
Setting global connections for newly added cells…
[INFO] Setting global connections...
Updating metrics…
Cell type report:                       Count       Area
  Fill cell                                88     330.32
  Tap cell                                207     259.00
  Timing Repair Buffer                     69     387.87
  Inverter                                 19      71.32
  Multi-Input combinational cell          447    3243.11
  Total                                   830    4291.62
Writing OpenROAD database to '/home/letienthanh/8bitalu/runs/RUN_2026-08-05_11-42-16/33-openroad-detailedplacement/alu8bit.odb'…
Writing netlist to '/home/letienthanh/8bitalu/runs/RUN_2026-08-05_11-42-16/33-openroad-detailedplacement/alu8bit.nl.v'…
Writing powered netlist to '/home/letienthanh/8bitalu/runs/RUN_2026-08-05_11-42-16/33-openroad-detailedplacement/alu8bit.pnl.v'…
Writing layout to '/home/letienthanh/8bitalu/runs/RUN_2026-08-05_11-42-16/33-openroad-detailedplacement/alu8bit.def'…
Writing timing constraints to '/home/letienthanh/8bitalu/runs/RUN_2026-08-05_11-42-16/33-openroad-detailedplacement/alu8bit.sdc'…
