
===========================================================================
report_checks -unconstrained
===========================================================================
======================= min_ff_n40C_1v95 Corner ===================================

Startpoint: op_b[0] (input port clocked by __VIRTUAL_CLK__)
Endpoint: op_out[0] (output port clocked by __VIRTUAL_CLK__)
Path Group: __VIRTUAL_CLK__
Path Type: max

Fanout         Cap        Slew       Delay        Time   Description
---------------------------------------------------------------------------------------------
                      0.000000    0.000000    0.000000   clock __VIRTUAL_CLK__ (rise edge)
                                  0.000000    0.000000   clock network delay (ideal)
                                  2.000000    2.000000 ^ input external delay
     1    0.003145    0.015147    0.008129    2.008129 ^ op_b[0] (in)
                                                         op_b[0] (net)
                      0.015147    0.000000    2.008129 ^ input13/A (sky130_fd_sc_hd__clkbuf_2)
     4    0.025851    0.111184    0.117864    2.125992 ^ input13/X (sky130_fd_sc_hd__clkbuf_2)
                                                         net13 (net)
                      0.111189    0.000629    2.126622 ^ fanout66/A (sky130_fd_sc_hd__buf_4)
    10    0.039286    0.086797    0.131769    2.258390 ^ fanout66/X (sky130_fd_sc_hd__buf_4)
                                                         net66 (net)
                      0.086800    0.000681    2.259072 ^ fanout65/A (sky130_fd_sc_hd__clkbuf_4)
    10    0.034478    0.084879    0.141942    2.401014 ^ fanout65/X (sky130_fd_sc_hd__clkbuf_4)
                                                         net65 (net)
                      0.084879    0.000108    2.401122 ^ _458_/A (sky130_fd_sc_hd__inv_2)
     4    0.013974    0.037158    0.038457    2.439579 v _458_/Y (sky130_fd_sc_hd__inv_2)
                                                         _188_ (net)
                      0.037159    0.000131    2.439710 v fanout34/A (sky130_fd_sc_hd__clkbuf_4)
    10    0.045467    0.070338    0.137337    2.577047 v fanout34/X (sky130_fd_sc_hd__clkbuf_4)
                                                         net34 (net)
                      0.070355    0.001050    2.578097 v _472_/A1 (sky130_fd_sc_hd__o41ai_4)
     5    0.017018    0.276005    0.321118    2.899214 ^ _472_/Y (sky130_fd_sc_hd__o41ai_4)
                                                         _338_ (net)
                      0.276005    0.000170    2.899384 ^ _481_/A2 (sky130_fd_sc_hd__a211o_1)
     4    0.011114    0.079488    0.133619    3.033004 ^ _481_/X (sky130_fd_sc_hd__a211o_1)
                                                         _410_ (net)
                      0.079488    0.000126    3.033129 ^ _484_/A1 (sky130_fd_sc_hd__a21o_1)
     4    0.013959    0.096155    0.120499    3.153628 ^ _484_/X (sky130_fd_sc_hd__a21o_1)
                                                         _413_ (net)
                      0.096155    0.000132    3.153760 ^ _493_/A1 (sky130_fd_sc_hd__a211oi_2)
     3    0.010796    0.056347    0.061341    3.215101 v _493_/Y (sky130_fd_sc_hd__a211oi_2)
                                                         _422_ (net)
                      0.056347    0.000207    3.215308 v _503_/D (sky130_fd_sc_hd__or4_4)
     3    0.008060    0.062773    0.255212    3.470520 v _503_/X (sky130_fd_sc_hd__or4_4)
                                                         _432_ (net)
                      0.062773    0.000052    3.470572 v _507_/A1 (sky130_fd_sc_hd__a31o_1)
     2    0.008769    0.045860    0.139341    3.609913 v _507_/X (sky130_fd_sc_hd__a31o_1)
                                                         _436_ (net)
                      0.045860    0.000115    3.610028 v _509_/A2 (sky130_fd_sc_hd__a211o_4)
     3    0.015277    0.047315    0.225047    3.835075 v _509_/X (sky130_fd_sc_hd__a211o_4)
                                                         _438_ (net)
                      0.047315    0.000092    3.835166 v _515_/A2 (sky130_fd_sc_hd__a21oi_4)
     8    0.039118    0.225671    0.215532    4.050698 ^ _515_/Y (sky130_fd_sc_hd__a21oi_4)
                                                         _444_ (net)
                      0.225672    0.000376    4.051074 ^ _524_/S (sky130_fd_sc_hd__mux2_4)
     2    0.008738    0.043050    0.194988    4.246062 v _524_/X (sky130_fd_sc_hd__mux2_4)
                                                         _453_ (net)
                      0.043050    0.000112    4.246174 v _539_/A1 (sky130_fd_sc_hd__a221o_1)
     3    0.009958    0.056671    0.192530    4.438704 v _539_/X (sky130_fd_sc_hd__a221o_1)
                                                         _010_ (net)
                      0.056671    0.000082    4.438787 v _543_/A3 (sky130_fd_sc_hd__a311oi_2)
     4    0.014214    0.257163    0.274936    4.713722 ^ _543_/Y (sky130_fd_sc_hd__a311oi_2)
                                                         _014_ (net)
                      0.257163    0.000095    4.713817 ^ _572_/A (sky130_fd_sc_hd__or3_4)
     4    0.011573    0.039222    0.120547    4.834364 ^ _572_/X (sky130_fd_sc_hd__or3_4)
                                                         _043_ (net)
                      0.039222    0.000121    4.834486 ^ _574_/B (sky130_fd_sc_hd__and3_1)
     3    0.008214    0.071342    0.115584    4.950070 ^ _574_/X (sky130_fd_sc_hd__and3_1)
                                                         _045_ (net)
                      0.071342    0.000099    4.950169 ^ rebuffer9/A (sky130_fd_sc_hd__dlygate4sd3_1)
     1    0.003133    0.039465    0.380539    5.330707 ^ rebuffer9/X (sky130_fd_sc_hd__dlygate4sd3_1)
                                                         net78 (net)
                      0.039465    0.000030    5.330737 ^ _587_/B1 (sky130_fd_sc_hd__a21o_1)
     2    0.005021    0.041791    0.057657    5.388394 ^ _587_/X (sky130_fd_sc_hd__a21o_1)
                                                         _058_ (net)
                      0.041791    0.000053    5.388447 ^ _588_/C_N (sky130_fd_sc_hd__or3b_1)
     1    0.009352    0.068942    0.224627    5.613074 v _588_/X (sky130_fd_sc_hd__or3b_1)
                                                         _059_ (net)
                      0.068942    0.000115    5.613189 v _590_/A1 (sky130_fd_sc_hd__a311oi_4)
     2    0.010790    0.202453    0.182489    5.795678 ^ _590_/Y (sky130_fd_sc_hd__a311oi_4)
                                                         _061_ (net)
                      0.202453    0.000074    5.795753 ^ rebuffer6/A (sky130_fd_sc_hd__buf_6)
     3    0.019079    0.039285    0.088897    5.884649 ^ rebuffer6/X (sky130_fd_sc_hd__buf_6)
                                                         net75 (net)
                      0.039285    0.000119    5.884769 ^ _619_/S (sky130_fd_sc_hd__mux2_4)
     5    0.021788    0.058029    0.209607    6.094376 v _619_/X (sky130_fd_sc_hd__mux2_4)
                                                         _090_ (net)
                      0.058031    0.000681    6.095057 v _620_/B (sky130_fd_sc_hd__xnor2_1)
     2    0.009130    0.169540    0.161521    6.256579 ^ _620_/Y (sky130_fd_sc_hd__xnor2_1)
                                                         _091_ (net)
                      0.169540    0.000071    6.256649 ^ _622_/D (sky130_fd_sc_hd__nand4_1)
     1    0.003890    0.064462    0.065047    6.321696 v _622_/Y (sky130_fd_sc_hd__nand4_1)
                                                         _093_ (net)
                      0.064462    0.000038    6.321734 v _627_/A2 (sky130_fd_sc_hd__o31a_1)
     4    0.018559    0.079791    0.229607    6.551342 v _627_/X (sky130_fd_sc_hd__o31a_1)
                                                         _098_ (net)
                      0.079791    0.000261    6.551602 v _628_/A2 (sky130_fd_sc_hd__a21oi_4)
     3    0.014800    0.114725    0.145465    6.697067 ^ _628_/Y (sky130_fd_sc_hd__a21oi_4)
                                                         _099_ (net)
                      0.114725    0.000135    6.697202 ^ fanout29/A (sky130_fd_sc_hd__buf_6)
    10    0.043395    0.070723    0.109178    6.806379 ^ fanout29/X (sky130_fd_sc_hd__buf_6)
                                                         net29 (net)
                      0.070812    0.001612    6.807991 ^ _665_/S (sky130_fd_sc_hd__mux2_2)
     3    0.008079    0.043979    0.214345    7.022336 v _665_/X (sky130_fd_sc_hd__mux2_2)
                                                         _136_ (net)
                      0.043979    0.000055    7.022391 v _669_/A2 (sky130_fd_sc_hd__a21o_1)
     1    0.002845    0.024017    0.114224    7.136615 v _669_/X (sky130_fd_sc_hd__a21o_1)
                                                         _140_ (net)
                      0.024017    0.000018    7.136632 v _671_/A1 (sky130_fd_sc_hd__o211a_1)
     1    0.004008    0.032285    0.139458    7.276090 v _671_/X (sky130_fd_sc_hd__o211a_1)
                                                         _142_ (net)
                      0.032285    0.000071    7.276161 v _672_/B2 (sky130_fd_sc_hd__o221a_1)
     1    0.002471    0.031581    0.118720    7.394881 v _672_/X (sky130_fd_sc_hd__o221a_1)
                                                         _143_ (net)
                      0.031581    0.000010    7.394891 v _675_/A2 (sky130_fd_sc_hd__o21a_1)
     1    0.002948    0.025386    0.102310    7.497200 v _675_/X (sky130_fd_sc_hd__o21a_1)
                                                         _146_ (net)
                      0.025386    0.000029    7.497230 v _679_/A2 (sky130_fd_sc_hd__o21a_1)
     1    0.007154    0.038375    0.115025    7.612255 v _679_/X (sky130_fd_sc_hd__o21a_1)
                                                         _150_ (net)
                      0.038375    0.000162    7.612417 v _700_/B (sky130_fd_sc_hd__or3_4)
     1    0.007753    0.049490    0.224627    7.837043 v _700_/X (sky130_fd_sc_hd__or3_4)
                                                         net21 (net)
                      0.049490    0.000098    7.837141 v output21/A (sky130_fd_sc_hd__buf_8)
     1    0.034915    0.030068    0.096993    7.934134 v output21/X (sky130_fd_sc_hd__buf_8)
                                                         op_out[0] (net)
                      0.030077    0.000486    7.934619 v op_out[0] (out)
                                              7.934619   data arrival time

                      0.000000   10.000000   10.000000   clock __VIRTUAL_CLK__ (rise edge)
                                  0.000000   10.000000   clock network delay (ideal)
                                 -0.250000    9.750000   clock uncertainty
                                  0.000000    9.750000   clock reconvergence pessimism
                                 -2.000000    7.750000   output external delay
                                              7.750000   data required time
---------------------------------------------------------------------------------------------
                                              7.750000   data required time
                                             -7.934619   data arrival time
---------------------------------------------------------------------------------------------
                                             -0.184619   slack (VIOLATED)




===========================================================================
report_checks --slack_max -0.01
============================================================================
======================= min_ff_n40C_1v95 Corner ===================================

Startpoint: op_b[0] (input port clocked by __VIRTUAL_CLK__)
Endpoint: op_out[0] (output port clocked by __VIRTUAL_CLK__)
Path Group: __VIRTUAL_CLK__
Path Type: max

Fanout         Cap        Slew       Delay        Time   Description
---------------------------------------------------------------------------------------------
                      0.000000    0.000000    0.000000   clock __VIRTUAL_CLK__ (rise edge)
                                  0.000000    0.000000   clock network delay (ideal)
                                  2.000000    2.000000 ^ input external delay
     1    0.003145    0.015147    0.008129    2.008129 ^ op_b[0] (in)
                                                         op_b[0] (net)
                      0.015147    0.000000    2.008129 ^ input13/A (sky130_fd_sc_hd__clkbuf_2)
     4    0.025851    0.111184    0.117864    2.125992 ^ input13/X (sky130_fd_sc_hd__clkbuf_2)
                                                         net13 (net)
                      0.111189    0.000629    2.126622 ^ fanout66/A (sky130_fd_sc_hd__buf_4)
    10    0.039286    0.086797    0.131769    2.258390 ^ fanout66/X (sky130_fd_sc_hd__buf_4)
                                                         net66 (net)
                      0.086800    0.000681    2.259072 ^ fanout65/A (sky130_fd_sc_hd__clkbuf_4)
    10    0.034478    0.084879    0.141942    2.401014 ^ fanout65/X (sky130_fd_sc_hd__clkbuf_4)
                                                         net65 (net)
                      0.084879    0.000108    2.401122 ^ _458_/A (sky130_fd_sc_hd__inv_2)
     4    0.013974    0.037158    0.038457    2.439579 v _458_/Y (sky130_fd_sc_hd__inv_2)
                                                         _188_ (net)
                      0.037159    0.000131    2.439710 v fanout34/A (sky130_fd_sc_hd__clkbuf_4)
    10    0.045467    0.070338    0.137337    2.577047 v fanout34/X (sky130_fd_sc_hd__clkbuf_4)
                                                         net34 (net)
                      0.070355    0.001050    2.578097 v _472_/A1 (sky130_fd_sc_hd__o41ai_4)
     5    0.017018    0.276005    0.321118    2.899214 ^ _472_/Y (sky130_fd_sc_hd__o41ai_4)
                                                         _338_ (net)
                      0.276005    0.000170    2.899384 ^ _481_/A2 (sky130_fd_sc_hd__a211o_1)
     4    0.011114    0.079488    0.133619    3.033004 ^ _481_/X (sky130_fd_sc_hd__a211o_1)
                                                         _410_ (net)
                      0.079488    0.000126    3.033129 ^ _484_/A1 (sky130_fd_sc_hd__a21o_1)
     4    0.013959    0.096155    0.120499    3.153628 ^ _484_/X (sky130_fd_sc_hd__a21o_1)
                                                         _413_ (net)
                      0.096155    0.000132    3.153760 ^ _493_/A1 (sky130_fd_sc_hd__a211oi_2)
     3    0.010796    0.056347    0.061341    3.215101 v _493_/Y (sky130_fd_sc_hd__a211oi_2)
                                                         _422_ (net)
                      0.056347    0.000207    3.215308 v _503_/D (sky130_fd_sc_hd__or4_4)
     3    0.008060    0.062773    0.255212    3.470520 v _503_/X (sky130_fd_sc_hd__or4_4)
                                                         _432_ (net)
                      0.062773    0.000052    3.470572 v _507_/A1 (sky130_fd_sc_hd__a31o_1)
     2    0.008769    0.045860    0.139341    3.609913 v _507_/X (sky130_fd_sc_hd__a31o_1)
                                                         _436_ (net)
                      0.045860    0.000115    3.610028 v _509_/A2 (sky130_fd_sc_hd__a211o_4)
     3    0.015277    0.047315    0.225047    3.835075 v _509_/X (sky130_fd_sc_hd__a211o_4)
                                                         _438_ (net)
                      0.047315    0.000092    3.835166 v _515_/A2 (sky130_fd_sc_hd__a21oi_4)
     8    0.039118    0.225671    0.215532    4.050698 ^ _515_/Y (sky130_fd_sc_hd__a21oi_4)
                                                         _444_ (net)
                      0.225672    0.000376    4.051074 ^ _524_/S (sky130_fd_sc_hd__mux2_4)
     2    0.008738    0.043050    0.194988    4.246062 v _524_/X (sky130_fd_sc_hd__mux2_4)
                                                         _453_ (net)
                      0.043050    0.000112    4.246174 v _539_/A1 (sky130_fd_sc_hd__a221o_1)
     3    0.009958    0.056671    0.192530    4.438704 v _539_/X (sky130_fd_sc_hd__a221o_1)
                                                         _010_ (net)
                      0.056671    0.000082    4.438787 v _543_/A3 (sky130_fd_sc_hd__a311oi_2)
     4    0.014214    0.257163    0.274936    4.713722 ^ _543_/Y (sky130_fd_sc_hd__a311oi_2)
                                                         _014_ (net)
                      0.257163    0.000095    4.713817 ^ _572_/A (sky130_fd_sc_hd__or3_4)
     4    0.011573    0.039222    0.120547    4.834364 ^ _572_/X (sky130_fd_sc_hd__or3_4)
                                                         _043_ (net)
                      0.039222    0.000121    4.834486 ^ _574_/B (sky130_fd_sc_hd__and3_1)
     3    0.008214    0.071342    0.115584    4.950070 ^ _574_/X (sky130_fd_sc_hd__and3_1)
                                                         _045_ (net)
                      0.071342    0.000099    4.950169 ^ rebuffer9/A (sky130_fd_sc_hd__dlygate4sd3_1)
     1    0.003133    0.039465    0.380539    5.330707 ^ rebuffer9/X (sky130_fd_sc_hd__dlygate4sd3_1)
                                                         net78 (net)
                      0.039465    0.000030    5.330737 ^ _587_/B1 (sky130_fd_sc_hd__a21o_1)
     2    0.005021    0.041791    0.057657    5.388394 ^ _587_/X (sky130_fd_sc_hd__a21o_1)
                                                         _058_ (net)
                      0.041791    0.000053    5.388447 ^ _588_/C_N (sky130_fd_sc_hd__or3b_1)
     1    0.009352    0.068942    0.224627    5.613074 v _588_/X (sky130_fd_sc_hd__or3b_1)
                                                         _059_ (net)
                      0.068942    0.000115    5.613189 v _590_/A1 (sky130_fd_sc_hd__a311oi_4)
     2    0.010790    0.202453    0.182489    5.795678 ^ _590_/Y (sky130_fd_sc_hd__a311oi_4)
                                                         _061_ (net)
                      0.202453    0.000074    5.795753 ^ rebuffer6/A (sky130_fd_sc_hd__buf_6)
     3    0.019079    0.039285    0.088897    5.884649 ^ rebuffer6/X (sky130_fd_sc_hd__buf_6)
                                                         net75 (net)
                      0.039285    0.000119    5.884769 ^ _619_/S (sky130_fd_sc_hd__mux2_4)
     5    0.021788    0.058029    0.209607    6.094376 v _619_/X (sky130_fd_sc_hd__mux2_4)
                                                         _090_ (net)
                      0.058031    0.000681    6.095057 v _620_/B (sky130_fd_sc_hd__xnor2_1)
     2    0.009130    0.169540    0.161521    6.256579 ^ _620_/Y (sky130_fd_sc_hd__xnor2_1)
                                                         _091_ (net)
                      0.169540    0.000071    6.256649 ^ _622_/D (sky130_fd_sc_hd__nand4_1)
     1    0.003890    0.064462    0.065047    6.321696 v _622_/Y (sky130_fd_sc_hd__nand4_1)
                                                         _093_ (net)
                      0.064462    0.000038    6.321734 v _627_/A2 (sky130_fd_sc_hd__o31a_1)
     4    0.018559    0.079791    0.229607    6.551342 v _627_/X (sky130_fd_sc_hd__o31a_1)
                                                         _098_ (net)
                      0.079791    0.000261    6.551602 v _628_/A2 (sky130_fd_sc_hd__a21oi_4)
     3    0.014800    0.114725    0.145465    6.697067 ^ _628_/Y (sky130_fd_sc_hd__a21oi_4)
                                                         _099_ (net)
                      0.114725    0.000135    6.697202 ^ fanout29/A (sky130_fd_sc_hd__buf_6)
    10    0.043395    0.070723    0.109178    6.806379 ^ fanout29/X (sky130_fd_sc_hd__buf_6)
                                                         net29 (net)
                      0.070812    0.001612    6.807991 ^ _665_/S (sky130_fd_sc_hd__mux2_2)
     3    0.008079    0.043979    0.214345    7.022336 v _665_/X (sky130_fd_sc_hd__mux2_2)
                                                         _136_ (net)
                      0.043979    0.000055    7.022391 v _669_/A2 (sky130_fd_sc_hd__a21o_1)
     1    0.002845    0.024017    0.114224    7.136615 v _669_/X (sky130_fd_sc_hd__a21o_1)
                                                         _140_ (net)
                      0.024017    0.000018    7.136632 v _671_/A1 (sky130_fd_sc_hd__o211a_1)
     1    0.004008    0.032285    0.139458    7.276090 v _671_/X (sky130_fd_sc_hd__o211a_1)
                                                         _142_ (net)
                      0.032285    0.000071    7.276161 v _672_/B2 (sky130_fd_sc_hd__o221a_1)
     1    0.002471    0.031581    0.118720    7.394881 v _672_/X (sky130_fd_sc_hd__o221a_1)
                                                         _143_ (net)
                      0.031581    0.000010    7.394891 v _675_/A2 (sky130_fd_sc_hd__o21a_1)
     1    0.002948    0.025386    0.102310    7.497200 v _675_/X (sky130_fd_sc_hd__o21a_1)
                                                         _146_ (net)
                      0.025386    0.000029    7.497230 v _679_/A2 (sky130_fd_sc_hd__o21a_1)
     1    0.007154    0.038375    0.115025    7.612255 v _679_/X (sky130_fd_sc_hd__o21a_1)
                                                         _150_ (net)
                      0.038375    0.000162    7.612417 v _700_/B (sky130_fd_sc_hd__or3_4)
     1    0.007753    0.049490    0.224627    7.837043 v _700_/X (sky130_fd_sc_hd__or3_4)
                                                         net21 (net)
                      0.049490    0.000098    7.837141 v output21/A (sky130_fd_sc_hd__buf_8)
     1    0.034915    0.030068    0.096993    7.934134 v output21/X (sky130_fd_sc_hd__buf_8)
                                                         op_out[0] (net)
                      0.030077    0.000486    7.934619 v op_out[0] (out)
                                              7.934619   data arrival time

                      0.000000   10.000000   10.000000   clock __VIRTUAL_CLK__ (rise edge)
                                  0.000000   10.000000   clock network delay (ideal)
                                 -0.250000    9.750000   clock uncertainty
                                  0.000000    9.750000   clock reconvergence pessimism
                                 -2.000000    7.750000   output external delay
                                              7.750000   data required time
---------------------------------------------------------------------------------------------
                                              7.750000   data required time
                                             -7.934619   data arrival time
---------------------------------------------------------------------------------------------
                                             -0.184619   slack (VIOLATED)




===========================================================================
 report_check_types -max_slew -max_cap -max_fanout -violators
============================================================================
======================= min_ff_n40C_1v95 Corner ===================================



===========================================================================
report_parasitic_annotation -report_unannotated
============================================================================
Found 0 unannotated drivers.
Found 0 partially unannotated drivers.

===========================================================================
max slew violation count 0
max fanout violation count 0
max cap violation count 0
============================================================================

===========================================================================
check_setup -verbose -unconstrained_endpoints -multiple_clock -no_clock -no_input_delay -loops -generated_clocks
===========================================================================
