Reading OpenROAD database at '/home/letienthanh/8bitalu/runs/RUN_2026-08-05_13-41-28/33-openroad-detailedplacement/alu8bit.odb'…
Reading library file at '/home/letienthanh/.volare/volare/sky130/versions/0fe599b2afb6708d281543108caf8310912f54af/sky130A/libs.ref/sky130_fd_sc_hd/lib/sky130_fd_sc_hd__tt_025C_1v80.lib'…
Reading design constraints file at '/home/letienthanh/8bitalu/constraints/alu.sdc'…
[INFO] No information on clock propagation in input SDC file-- propagating all clocks.
[WARNING STA-0450] virtual clock virtual_clk can not be propagated.
[INFO] Setting RC values…
[WARNING GRT-0097] No global routing found for nets.
%OL_CREATE_REPORT min.rpt

===========================================================================
report_checks -path_delay min (Hold)
============================================================================
======================= nom_tt_025C_1v80 Corner ===================================

Startpoint: op_a[4] (input port clocked by virtual_clk)
Endpoint: op_out[5] (output port clocked by virtual_clk)
Path Group: virtual_clk
Path Type: min

Fanout         Cap        Slew       Delay        Time   Description
---------------------------------------------------------------------------------------------
                      0.000000    0.000000    0.000000   clock virtual_clk (rise edge)
                                  0.000000    0.000000   clock network delay (ideal)
                                  2.000000    2.000000 ^ input external delay
     1    0.003288    0.000000    0.000000    2.000000 ^ op_a[4] (in)
                                                         op_a[4] (net)
                      0.000024    0.000012    2.000012 ^ input9/A (sky130_fd_sc_hd__clkbuf_2)
     4    0.019650    0.112829    0.138083    2.138095 ^ input9/X (sky130_fd_sc_hd__clkbuf_2)
                                                         net9 (net)
                      0.112835    0.000678    2.138773 ^ _840_/A1 (sky130_fd_sc_hd__a221o_1)
     1    0.002485    0.040001    0.150642    2.289415 ^ _840_/X (sky130_fd_sc_hd__a221o_1)
                                                         _319_ (net)
                      0.040001    0.000007    2.289422 ^ _842_/B (sky130_fd_sc_hd__or3_1)
     1    0.004061    0.047943    0.099407    2.388829 ^ _842_/X (sky130_fd_sc_hd__or3_1)
                                                         net26 (net)
                      0.047943    0.000038    2.388867 ^ output26/A (sky130_fd_sc_hd__buf_1)
     1    0.001100    0.026183    0.067629    2.456496 ^ output26/X (sky130_fd_sc_hd__buf_1)
                                                         op_out[5] (net)
                      0.026183    0.000004    2.456500 ^ op_out[5] (out)
                                              2.456500   data arrival time

                      0.000000    0.000000    0.000000   clock virtual_clk (rise edge)
                                  0.000000    0.000000   clock network delay (ideal)
                                  0.000000    0.000000   clock reconvergence pessimism
                                 -2.000000   -2.000000   output external delay
                                             -2.000000   data required time
---------------------------------------------------------------------------------------------
                                             -2.000000   data required time
                                             -2.456500   data arrival time
---------------------------------------------------------------------------------------------
                                              4.456500   slack (MET)


Startpoint: op_a[4] (input port clocked by virtual_clk)
Endpoint: op_out[4] (output port clocked by virtual_clk)
Path Group: virtual_clk
Path Type: min

Fanout         Cap        Slew       Delay        Time   Description
---------------------------------------------------------------------------------------------
                      0.000000    0.000000    0.000000   clock virtual_clk (rise edge)
                                  0.000000    0.000000   clock network delay (ideal)
                                  2.000000    2.000000 ^ input external delay
     1    0.003288    0.000000    0.000000    2.000000 ^ op_a[4] (in)
                                                         op_a[4] (net)
                      0.000024    0.000012    2.000012 ^ input9/A (sky130_fd_sc_hd__clkbuf_2)
     4    0.019650    0.112829    0.138083    2.138095 ^ input9/X (sky130_fd_sc_hd__clkbuf_2)
                                                         net9 (net)
                      0.112833    0.000594    2.138689 ^ _795_/A1 (sky130_fd_sc_hd__a32o_1)
     1    0.003039    0.053381    0.165397    2.304086 ^ _795_/X (sky130_fd_sc_hd__a32o_1)
                                                         _270_ (net)
                      0.053381    0.000009    2.304094 ^ _797_/B1 (sky130_fd_sc_hd__a211oi_1)
     1    0.003812    0.036313    0.049557    2.353651 v _797_/Y (sky130_fd_sc_hd__a211oi_1)
                                                         _272_ (net)
                      0.036313    0.000032    2.353683 v _798_/B1 (sky130_fd_sc_hd__o31ai_1)
     1    0.003691    0.062794    0.062727    2.416410 ^ _798_/Y (sky130_fd_sc_hd__o31ai_1)
                                                         net25 (net)
                      0.062794    0.000028    2.416438 ^ output25/A (sky130_fd_sc_hd__buf_1)
     1    0.000942    0.024756    0.070552    2.486990 ^ output25/X (sky130_fd_sc_hd__buf_1)
                                                         op_out[4] (net)
                      0.024756    0.000003    2.486993 ^ op_out[4] (out)
                                              2.486993   data arrival time

                      0.000000    0.000000    0.000000   clock virtual_clk (rise edge)
                                  0.000000    0.000000   clock network delay (ideal)
                                  0.000000    0.000000   clock reconvergence pessimism
                                 -2.000000   -2.000000   output external delay
                                             -2.000000   data required time
---------------------------------------------------------------------------------------------
                                             -2.000000   data required time
                                             -2.486993   data arrival time
---------------------------------------------------------------------------------------------
                                              4.486993   slack (MET)


Startpoint: inst[2] (input port clocked by virtual_clk)
Endpoint: op_out[6] (output port clocked by virtual_clk)
Path Group: virtual_clk
Path Type: min

Fanout         Cap        Slew       Delay        Time   Description
---------------------------------------------------------------------------------------------
                      0.000000    0.000000    0.000000   clock virtual_clk (rise edge)
                                  0.000000    0.000000   clock network delay (ideal)
                                  2.000000    2.000000 ^ input external delay
     1    0.003224    0.000000    0.000000    2.000000 ^ inst[2] (in)
                                                         inst[2] (net)
                      0.000029    0.000014    2.000014 ^ input3/A (sky130_fd_sc_hd__buf_2)
     8    0.029247    0.146429    0.164733    2.164747 ^ input3/X (sky130_fd_sc_hd__buf_2)
                                                         net3 (net)
                      0.146429    0.000083    2.164830 ^ _694_/A (sky130_fd_sc_hd__nor3_4)
     8    0.023398    0.047234    0.087313    2.252143 v _694_/Y (sky130_fd_sc_hd__nor3_4)
                                                         _165_ (net)
                      0.047240    0.000473    2.252615 v _885_/A1 (sky130_fd_sc_hd__a31o_1)
     1    0.002331    0.032692    0.166095    2.418711 v _885_/X (sky130_fd_sc_hd__a31o_1)
                                                         net27 (net)
                      0.032692    0.000004    2.418715 v output27/A (sky130_fd_sc_hd__buf_1)
     1    0.000535    0.015142    0.068726    2.487441 v output27/X (sky130_fd_sc_hd__buf_1)
                                                         op_out[6] (net)
                      0.015142    0.000000    2.487442 v op_out[6] (out)
                                              2.487442   data arrival time

                      0.000000    0.000000    0.000000   clock virtual_clk (rise edge)
                                  0.000000    0.000000   clock network delay (ideal)
                                  0.000000    0.000000   clock reconvergence pessimism
                                 -2.000000   -2.000000   output external delay
                                             -2.000000   data required time
---------------------------------------------------------------------------------------------
                                             -2.000000   data required time
                                             -2.487442   data arrival time
---------------------------------------------------------------------------------------------
                                              4.487442   slack (MET)


Startpoint: op_a[6] (input port clocked by virtual_clk)
Endpoint: op_out[7] (output port clocked by virtual_clk)
Path Group: virtual_clk
Path Type: min

Fanout         Cap        Slew       Delay        Time   Description
---------------------------------------------------------------------------------------------
                      0.000000    0.000000    0.000000   clock virtual_clk (rise edge)
                                  0.000000    0.000000   clock network delay (ideal)
                                  2.000000    2.000000 ^ input external delay
     1    0.003787    0.000000    0.000000    2.000000 ^ op_a[6] (in)
                                                         op_a[6] (net)
                      0.000033    0.000016    2.000016 ^ input11/A (sky130_fd_sc_hd__buf_4)
    16    0.053156    0.151505    0.175127    2.175144 ^ input11/X (sky130_fd_sc_hd__buf_4)
                                                         net11 (net)
                      0.151555    0.000847    2.175991 ^ _922_/A1 (sky130_fd_sc_hd__a211o_1)
     1    0.004995    0.053410    0.154738    2.330729 ^ _922_/X (sky130_fd_sc_hd__a211o_1)
                                                         _407_ (net)
                      0.053410    0.000041    2.330770 ^ _923_/B1 (sky130_fd_sc_hd__a311o_1)
     1    0.002461    0.044135    0.101464    2.432234 ^ _923_/X (sky130_fd_sc_hd__a311o_1)
                                                         net28 (net)
                      0.044135    0.000004    2.432238 ^ output28/A (sky130_fd_sc_hd__buf_1)
     1    0.000462    0.019697    0.060702    2.492940 ^ output28/X (sky130_fd_sc_hd__buf_1)
                                                         op_out[7] (net)
                      0.019697    0.000000    2.492940 ^ op_out[7] (out)
                                              2.492940   data arrival time

                      0.000000    0.000000    0.000000   clock virtual_clk (rise edge)
                                  0.000000    0.000000   clock network delay (ideal)
                                  0.000000    0.000000   clock reconvergence pessimism
                                 -2.000000   -2.000000   output external delay
                                             -2.000000   data required time
---------------------------------------------------------------------------------------------
                                             -2.000000   data required time
                                             -2.492940   data arrival time
---------------------------------------------------------------------------------------------
                                              4.492940   slack (MET)


Startpoint: inst[3] (input port clocked by virtual_clk)
Endpoint: op_out[0] (output port clocked by virtual_clk)
Path Group: virtual_clk
Path Type: min

Fanout         Cap        Slew       Delay        Time   Description
---------------------------------------------------------------------------------------------
                      0.000000    0.000000    0.000000   clock virtual_clk (rise edge)
                                  0.000000    0.000000   clock network delay (ideal)
                                  2.000000    2.000000 ^ input external delay
     1    0.003026    0.000000    0.000000    2.000000 ^ inst[3] (in)
                                                         inst[3] (net)
                      0.000025    0.000012    2.000012 ^ input4/A (sky130_fd_sc_hd__buf_2)
    11    0.032662    0.162304    0.176009    2.176021 ^ input4/X (sky130_fd_sc_hd__buf_2)
                                                         net4 (net)
                      0.162304    0.000144    2.176165 ^ _685_/C1 (sky130_fd_sc_hd__o2111a_1)
     1    0.002069    0.044052    0.191416    2.367581 ^ _685_/X (sky130_fd_sc_hd__o2111a_1)
                                                         _156_ (net)
                      0.044052    0.000003    2.367584 ^ _700_/B (sky130_fd_sc_hd__or3_1)
     1    0.003404    0.042436    0.096704    2.464288 ^ _700_/X (sky130_fd_sc_hd__or3_1)
                                                         net21 (net)
                      0.042436    0.000017    2.464305 ^ output21/A (sky130_fd_sc_hd__buf_1)
     1    0.001298    0.028206    0.067416    2.531722 ^ output21/X (sky130_fd_sc_hd__buf_1)
                                                         op_out[0] (net)
                      0.028206    0.000005    2.531726 ^ op_out[0] (out)
                                              2.531726   data arrival time

                      0.000000    0.000000    0.000000   clock virtual_clk (rise edge)
                                  0.000000    0.000000   clock network delay (ideal)
                                  0.000000    0.000000   clock reconvergence pessimism
                                 -2.000000   -2.000000   output external delay
                                             -2.000000   data required time
---------------------------------------------------------------------------------------------
                                             -2.000000   data required time
                                             -2.531726   data arrival time
---------------------------------------------------------------------------------------------
                                              4.531726   slack (MET)


Startpoint: op_a[0] (input port clocked by virtual_clk)
Endpoint: op_out[1] (output port clocked by virtual_clk)
Path Group: virtual_clk
Path Type: min

Fanout         Cap        Slew       Delay        Time   Description
---------------------------------------------------------------------------------------------
                      0.000000    0.000000    0.000000   clock virtual_clk (rise edge)
                                  0.000000    0.000000   clock network delay (ideal)
                                  2.000000    2.000000 ^ input external delay
     1    0.002934    0.000000    0.000000    2.000000 ^ op_a[0] (in)
                                                         op_a[0] (net)
                      0.000011    0.000006    2.000005 ^ input5/A (sky130_fd_sc_hd__clkbuf_2)
     6    0.022785    0.129178    0.149381    2.149386 ^ input5/X (sky130_fd_sc_hd__clkbuf_2)
                                                         net5 (net)
                      0.129181    0.000492    2.149879 ^ _709_/B2 (sky130_fd_sc_hd__a32o_1)
     1    0.001921    0.043270    0.130283    2.280162 ^ _709_/X (sky130_fd_sc_hd__a32o_1)
                                                         _179_ (net)
                      0.043270    0.000005    2.280167 ^ _710_/C (sky130_fd_sc_hd__or3_1)
     1    0.004381    0.050656    0.099726    2.379893 ^ _710_/X (sky130_fd_sc_hd__or3_1)
                                                         _180_ (net)
                      0.050656    0.000048    2.379941 ^ _718_/A (sky130_fd_sc_hd__or2_1)
     1    0.002947    0.042091    0.092915    2.472856 ^ _718_/X (sky130_fd_sc_hd__or2_1)
                                                         net22 (net)
                      0.042091    0.000011    2.472867 ^ output22/A (sky130_fd_sc_hd__buf_1)
     1    0.000902    0.024128    0.063841    2.536708 ^ output22/X (sky130_fd_sc_hd__buf_1)
                                                         op_out[1] (net)
                      0.024128    0.000003    2.536711 ^ op_out[1] (out)
                                              2.536711   data arrival time

                      0.000000    0.000000    0.000000   clock virtual_clk (rise edge)
                                  0.000000    0.000000   clock network delay (ideal)
                                  0.000000    0.000000   clock reconvergence pessimism
                                 -2.000000   -2.000000   output external delay
                                             -2.000000   data required time
---------------------------------------------------------------------------------------------
                                             -2.000000   data required time
                                             -2.536711   data arrival time
---------------------------------------------------------------------------------------------
                                              4.536711   slack (MET)


Startpoint: op_a[1] (input port clocked by virtual_clk)
Endpoint: op_out[2] (output port clocked by virtual_clk)
Path Group: virtual_clk
Path Type: min

Fanout         Cap        Slew       Delay        Time   Description
---------------------------------------------------------------------------------------------
                      0.000000    0.000000    0.000000   clock virtual_clk (rise edge)
                                  0.000000    0.000000   clock network delay (ideal)
                                  2.000000    2.000000 v input external delay
     1    0.002110    0.000000    0.000000    2.000000 v op_a[1] (in)
                                                         op_a[1] (net)
                      0.000005    0.000002    2.000002 v input6/A (sky130_fd_sc_hd__buf_2)
     6    0.026556    0.072890    0.146971    2.146974 v input6/X (sky130_fd_sc_hd__buf_2)
                                                         net6 (net)
                      0.072901    0.000896    2.147870 v _713_/A (sky130_fd_sc_hd__nand2_1)
     2    0.005494    0.064299    0.082742    2.230612 ^ _713_/Y (sky130_fd_sc_hd__nand2_1)
                                                         _183_ (net)
                      0.064299    0.000004    2.230615 ^ _724_/A1 (sky130_fd_sc_hd__a21o_1)
     3    0.007814    0.075156    0.135858    2.366473 ^ _724_/X (sky130_fd_sc_hd__a21o_1)
                                                         _194_ (net)
                      0.075156    0.000019    2.366492 ^ _741_/A1 (sky130_fd_sc_hd__a21o_1)
     1    0.002670    0.035058    0.107039    2.473531 ^ _741_/X (sky130_fd_sc_hd__a21o_1)
                                                         net23 (net)
                      0.035058    0.000008    2.473539 ^ output23/A (sky130_fd_sc_hd__buf_1)
     1    0.001250    0.027683    0.064436    2.537975 ^ output23/X (sky130_fd_sc_hd__buf_1)
                                                         op_out[2] (net)
                      0.027683    0.000005    2.537980 ^ op_out[2] (out)
                                              2.537980   data arrival time

                      0.000000    0.000000    0.000000   clock virtual_clk (rise edge)
                                  0.000000    0.000000   clock network delay (ideal)
                                  0.000000    0.000000   clock reconvergence pessimism
                                 -2.000000   -2.000000   output external delay
                                             -2.000000   data required time
---------------------------------------------------------------------------------------------
                                             -2.000000   data required time
                                             -2.537980   data arrival time
---------------------------------------------------------------------------------------------
                                              4.537980   slack (MET)


Startpoint: inst[2] (input port clocked by virtual_clk)
Endpoint: op_out[3] (output port clocked by virtual_clk)
Path Group: virtual_clk
Path Type: min

Fanout         Cap        Slew       Delay        Time   Description
---------------------------------------------------------------------------------------------
                      0.000000    0.000000    0.000000   clock virtual_clk (rise edge)
                                  0.000000    0.000000   clock network delay (ideal)
                                  2.000000    2.000000 ^ input external delay
     1    0.003224    0.000000    0.000000    2.000000 ^ inst[2] (in)
                                                         inst[2] (net)
                      0.000029    0.000014    2.000014 ^ input3/A (sky130_fd_sc_hd__buf_2)
     8    0.029247    0.146429    0.164733    2.164747 ^ input3/X (sky130_fd_sc_hd__buf_2)
                                                         net3 (net)
                      0.146429    0.000104    2.164851 ^ _690_/A (sky130_fd_sc_hd__or4b_4)
     8    0.026568    0.088057    0.199055    2.363907 ^ _690_/X (sky130_fd_sc_hd__or4b_4)
                                                         _161_ (net)
                      0.088057    0.000129    2.364035 ^ _749_/A (sky130_fd_sc_hd__or3b_1)
     1    0.002788    0.038946    0.110682    2.474718 ^ _749_/X (sky130_fd_sc_hd__or3b_1)
                                                         _221_ (net)
                      0.038946    0.000004    2.474722 ^ _770_/B (sky130_fd_sc_hd__nand2b_1)
     1    0.003341    0.037098    0.051545    2.526267 v _770_/Y (sky130_fd_sc_hd__nand2b_1)
                                                         net24 (net)
                      0.037098    0.000022    2.526289 v output24/A (sky130_fd_sc_hd__buf_1)
     1    0.000902    0.016970    0.073099    2.599388 v output24/X (sky130_fd_sc_hd__buf_1)
                                                         op_out[3] (net)
                      0.016970    0.000003    2.599391 v op_out[3] (out)
                                              2.599391   data arrival time

                      0.000000    0.000000    0.000000   clock virtual_clk (rise edge)
                                  0.000000    0.000000   clock network delay (ideal)
                                  0.000000    0.000000   clock reconvergence pessimism
                                 -2.000000   -2.000000   output external delay
                                             -2.000000   data required time
---------------------------------------------------------------------------------------------
                                             -2.000000   data required time
                                             -2.599391   data arrival time
---------------------------------------------------------------------------------------------
                                              4.599391   slack (MET)



%OL_END_REPORT
%OL_CREATE_REPORT max.rpt

===========================================================================
report_checks -path_delay max (Setup)
============================================================================
======================= nom_tt_025C_1v80 Corner ===================================

Startpoint: op_b[4] (input port clocked by virtual_clk)
Endpoint: op_out[0] (output port clocked by virtual_clk)
Path Group: virtual_clk
Path Type: max

Fanout         Cap        Slew       Delay        Time   Description
---------------------------------------------------------------------------------------------
                      0.000000    0.000000    0.000000   clock virtual_clk (rise edge)
                                  0.000000    0.000000   clock network delay (ideal)
                                  2.000000    2.000000 v input external delay
     1    0.002207    0.000000    0.000000    2.000000 v op_b[4] (in)
                                                         op_b[4] (net)
                      0.000007    0.000004    2.000004 v input17/A (sky130_fd_sc_hd__buf_2)
     8    0.030825    0.082046    0.154906    2.154909 v input17/X (sky130_fd_sc_hd__buf_2)
                                                         net17 (net)
                      0.082046    0.000066    2.154975 v fanout35/A (sky130_fd_sc_hd__buf_4)
    16    0.056386    0.080772    0.208509    2.363484 v fanout35/X (sky130_fd_sc_hd__buf_4)
                                                         net35 (net)
                      0.080775    0.000624    2.364108 v _469_/B (sky130_fd_sc_hd__or4_4)
     6    0.022737    0.116062    0.574633    2.938741 v _469_/X (sky130_fd_sc_hd__or4_4)
                                                         _306_ (net)
                      0.116062    0.000062    2.938803 v _472_/A3 (sky130_fd_sc_hd__o41ai_4)
     5    0.015097    0.361986    0.398921    3.337724 ^ _472_/Y (sky130_fd_sc_hd__o41ai_4)
                                                         _338_ (net)
                      0.361986    0.000005    3.337729 ^ _481_/A1 (sky130_fd_sc_hd__a211o_1)
     4    0.010812    0.104479    0.232089    3.569818 ^ _481_/X (sky130_fd_sc_hd__a211o_1)
                                                         _410_ (net)
                      0.104479    0.000063    3.569881 ^ _484_/A2 (sky130_fd_sc_hd__a21o_1)
     4    0.010963    0.105395    0.171016    3.740897 ^ _484_/X (sky130_fd_sc_hd__a21o_1)
                                                         _413_ (net)
                      0.105395    0.000016    3.740913 ^ _493_/A1 (sky130_fd_sc_hd__a211oi_1)
     3    0.008089    0.085617    0.108006    3.848920 v _493_/Y (sky130_fd_sc_hd__a211oi_1)
                                                         _422_ (net)
                      0.085617    0.000065    3.848985 v _503_/D (sky130_fd_sc_hd__or4_1)
     3    0.007589    0.117911    0.449768    4.298753 v _503_/X (sky130_fd_sc_hd__or4_1)
                                                         _432_ (net)
                      0.117911    0.000016    4.298769 v _507_/A3 (sky130_fd_sc_hd__a31o_1)
     2    0.004969    0.048253    0.251600    4.550368 v _507_/X (sky130_fd_sc_hd__a31o_1)
                                                         _436_ (net)
                      0.048253    0.000003    4.550371 v _509_/A2 (sky130_fd_sc_hd__a211o_1)
     3    0.013650    0.097795    0.344289    4.894661 v _509_/X (sky130_fd_sc_hd__a211o_1)
                                                         _438_ (net)
                      0.097795    0.000041    4.894702 v _515_/A1 (sky130_fd_sc_hd__a21oi_4)
     8    0.030507    0.247974    0.256467    5.151169 ^ _515_/Y (sky130_fd_sc_hd__a21oi_4)
                                                         _444_ (net)
                      0.247974    0.000139    5.151308 ^ _524_/S (sky130_fd_sc_hd__mux2_1)
     2    0.006074    0.071063    0.371658    5.522965 v _524_/X (sky130_fd_sc_hd__mux2_1)
                                                         _453_ (net)
                      0.071063    0.000028    5.522994 v _539_/A2 (sky130_fd_sc_hd__a221o_1)
     3    0.009414    0.087412    0.391127    5.914121 v _539_/X (sky130_fd_sc_hd__a221o_1)
                                                         _010_ (net)
                      0.087412    0.000017    5.914138 v _544_/A3 (sky130_fd_sc_hd__a311o_1)
     5    0.013043    0.100942    0.417480    6.331618 v _544_/X (sky130_fd_sc_hd__a311o_1)
                                                         _015_ (net)
                      0.100942    0.000020    6.331637 v _571_/A1 (sky130_fd_sc_hd__a21o_1)
     4    0.010066    0.062691    0.206146    6.537783 v _571_/X (sky130_fd_sc_hd__a21o_1)
                                                         _042_ (net)
                      0.062691    0.000040    6.537823 v _574_/B (sky130_fd_sc_hd__and3_1)
     3    0.006512    0.054407    0.185031    6.722855 v _574_/X (sky130_fd_sc_hd__and3_1)
                                                         _045_ (net)
                      0.054407    0.000009    6.722863 v _585_/A (sky130_fd_sc_hd__or4_1)
     1    0.002260    0.079542    0.506227    7.229091 v _585_/X (sky130_fd_sc_hd__or4_1)
                                                         _056_ (net)
                      0.079542    0.000011    7.229102 v _586_/C (sky130_fd_sc_hd__or4b_1)
     1    0.008587    0.122652    0.524230    7.753332 v _586_/X (sky130_fd_sc_hd__or4b_1)
                                                         _057_ (net)
                      0.122652    0.000019    7.753350 v _590_/A1 (sky130_fd_sc_hd__a311oi_4)
     8    0.029644    0.458166    0.414060    8.167410 ^ _590_/Y (sky130_fd_sc_hd__a311oi_4)
                                                         _061_ (net)
                      0.458166    0.000083    8.167494 ^ _593_/S (sky130_fd_sc_hd__mux2_1)
     3    0.009600    0.087194    0.412041    8.579535 v _593_/X (sky130_fd_sc_hd__mux2_1)
                                                         _064_ (net)
                      0.087194    0.000049    8.579583 v _610_/B (sky130_fd_sc_hd__xor2_1)
     4    0.008637    0.222019    0.219242    8.798825 ^ _610_/X (sky130_fd_sc_hd__xor2_1)
                                                         _081_ (net)
                      0.222019    0.000037    8.798862 ^ _624_/C_N (sky130_fd_sc_hd__or4bb_2)
     4    0.016708    0.142262    0.710877    9.509739 v _624_/X (sky130_fd_sc_hd__or4bb_2)
                                                         _095_ (net)
                      0.142262    0.000069    9.509809 v _628_/A1 (sky130_fd_sc_hd__a21oi_4)
    12    0.039905    0.306549    0.318764    9.828572 ^ _628_/Y (sky130_fd_sc_hd__a21oi_4)
                                                         _099_ (net)
                      0.306549    0.000160    9.828732 ^ _665_/S (sky130_fd_sc_hd__mux2_1)
     3    0.007463    0.080303    0.387662   10.216394 v _665_/X (sky130_fd_sc_hd__mux2_1)
                                                         _136_ (net)
                      0.080303    0.000004   10.216398 v _669_/A2 (sky130_fd_sc_hd__a21o_1)
     1    0.002410    0.032335    0.182290   10.398687 v _669_/X (sky130_fd_sc_hd__a21o_1)
                                                         _140_ (net)
                      0.032335    0.000004   10.398691 v _671_/A2 (sky130_fd_sc_hd__o211a_1)
     1    0.003414    0.041587    0.198306   10.596997 v _671_/X (sky130_fd_sc_hd__o211a_1)
                                                         _142_ (net)
                      0.041587    0.000015   10.597013 v _672_/B2 (sky130_fd_sc_hd__o221a_1)
     1    0.002512    0.044768    0.196572   10.793584 v _672_/X (sky130_fd_sc_hd__o221a_1)
                                                         _143_ (net)
                      0.044768    0.000004   10.793588 v _675_/A2 (sky130_fd_sc_hd__o21a_1)
     1    0.002882    0.036567    0.162524   10.956112 v _675_/X (sky130_fd_sc_hd__o21a_1)
                                                         _146_ (net)
                      0.036567    0.000008   10.956120 v _679_/A1 (sky130_fd_sc_hd__o21a_1)
     1    0.004026    0.040704    0.182119   11.138239 v _679_/X (sky130_fd_sc_hd__o21a_1)
                                                         _150_ (net)
                      0.040704    0.000030   11.138269 v _700_/A (sky130_fd_sc_hd__or3_1)
     1    0.003228    0.067687    0.364684   11.502954 v _700_/X (sky130_fd_sc_hd__or3_1)
                                                         net21 (net)
                      0.067687    0.000016   11.502970 v output21/A (sky130_fd_sc_hd__buf_1)
     1    0.001298    0.019280    0.089135   11.592105 v output21/X (sky130_fd_sc_hd__buf_1)
                                                         op_out[0] (net)
                      0.019280    0.000005   11.592110 v op_out[0] (out)
                                             11.592110   data arrival time

                      0.000000   20.000000   20.000000   clock virtual_clk (rise edge)
                                  0.000000   20.000000   clock network delay (ideal)
                                  0.000000   20.000000   clock reconvergence pessimism
                                 -2.000000   18.000000   output external delay
                                             18.000000   data required time
---------------------------------------------------------------------------------------------
                                             18.000000   data required time
                                            -11.592110   data arrival time
---------------------------------------------------------------------------------------------
                                              6.407890   slack (MET)


Startpoint: op_b[4] (input port clocked by virtual_clk)
Endpoint: op_out[1] (output port clocked by virtual_clk)
Path Group: virtual_clk
Path Type: max

Fanout         Cap        Slew       Delay        Time   Description
---------------------------------------------------------------------------------------------
                      0.000000    0.000000    0.000000   clock virtual_clk (rise edge)
                                  0.000000    0.000000   clock network delay (ideal)
                                  2.000000    2.000000 v input external delay
     1    0.002207    0.000000    0.000000    2.000000 v op_b[4] (in)
                                                         op_b[4] (net)
                      0.000007    0.000004    2.000004 v input17/A (sky130_fd_sc_hd__buf_2)
     8    0.030825    0.082046    0.154906    2.154909 v input17/X (sky130_fd_sc_hd__buf_2)
                                                         net17 (net)
                      0.082046    0.000066    2.154975 v fanout35/A (sky130_fd_sc_hd__buf_4)
    16    0.056386    0.080772    0.208509    2.363484 v fanout35/X (sky130_fd_sc_hd__buf_4)
                                                         net35 (net)
                      0.080775    0.000624    2.364108 v _469_/B (sky130_fd_sc_hd__or4_4)
     6    0.022737    0.116062    0.574633    2.938741 v _469_/X (sky130_fd_sc_hd__or4_4)
                                                         _306_ (net)
                      0.116062    0.000062    2.938803 v _472_/A3 (sky130_fd_sc_hd__o41ai_4)
     5    0.015097    0.361986    0.398921    3.337724 ^ _472_/Y (sky130_fd_sc_hd__o41ai_4)
                                                         _338_ (net)
                      0.361986    0.000005    3.337729 ^ _481_/A1 (sky130_fd_sc_hd__a211o_1)
     4    0.010812    0.104479    0.232089    3.569818 ^ _481_/X (sky130_fd_sc_hd__a211o_1)
                                                         _410_ (net)
                      0.104479    0.000063    3.569881 ^ _484_/A2 (sky130_fd_sc_hd__a21o_1)
     4    0.010963    0.105395    0.171016    3.740897 ^ _484_/X (sky130_fd_sc_hd__a21o_1)
                                                         _413_ (net)
                      0.105395    0.000016    3.740913 ^ _493_/A1 (sky130_fd_sc_hd__a211oi_1)
     3    0.008089    0.085617    0.108006    3.848920 v _493_/Y (sky130_fd_sc_hd__a211oi_1)
                                                         _422_ (net)
                      0.085617    0.000065    3.848985 v _503_/D (sky130_fd_sc_hd__or4_1)
     3    0.007589    0.117911    0.449768    4.298753 v _503_/X (sky130_fd_sc_hd__or4_1)
                                                         _432_ (net)
                      0.117911    0.000016    4.298769 v _507_/A3 (sky130_fd_sc_hd__a31o_1)
     2    0.004969    0.048253    0.251600    4.550368 v _507_/X (sky130_fd_sc_hd__a31o_1)
                                                         _436_ (net)
                      0.048253    0.000003    4.550371 v _509_/A2 (sky130_fd_sc_hd__a211o_1)
     3    0.013650    0.097795    0.344289    4.894661 v _509_/X (sky130_fd_sc_hd__a211o_1)
                                                         _438_ (net)
                      0.097795    0.000041    4.894702 v _515_/A1 (sky130_fd_sc_hd__a21oi_4)
     8    0.030507    0.247974    0.256467    5.151169 ^ _515_/Y (sky130_fd_sc_hd__a21oi_4)
                                                         _444_ (net)
                      0.247974    0.000139    5.151308 ^ _524_/S (sky130_fd_sc_hd__mux2_1)
     2    0.006074    0.071063    0.371658    5.522965 v _524_/X (sky130_fd_sc_hd__mux2_1)
                                                         _453_ (net)
                      0.071063    0.000028    5.522994 v _539_/A2 (sky130_fd_sc_hd__a221o_1)
     3    0.009414    0.087412    0.391127    5.914121 v _539_/X (sky130_fd_sc_hd__a221o_1)
                                                         _010_ (net)
                      0.087412    0.000017    5.914138 v _544_/A3 (sky130_fd_sc_hd__a311o_1)
     5    0.013043    0.100942    0.417480    6.331618 v _544_/X (sky130_fd_sc_hd__a311o_1)
                                                         _015_ (net)
                      0.100942    0.000020    6.331637 v _571_/A1 (sky130_fd_sc_hd__a21o_1)
     4    0.010066    0.062691    0.206146    6.537783 v _571_/X (sky130_fd_sc_hd__a21o_1)
                                                         _042_ (net)
                      0.062691    0.000040    6.537823 v _574_/B (sky130_fd_sc_hd__and3_1)
     3    0.006512    0.054407    0.185031    6.722855 v _574_/X (sky130_fd_sc_hd__and3_1)
                                                         _045_ (net)
                      0.054407    0.000009    6.722863 v _585_/A (sky130_fd_sc_hd__or4_1)
     1    0.002260    0.079542    0.506227    7.229091 v _585_/X (sky130_fd_sc_hd__or4_1)
                                                         _056_ (net)
                      0.079542    0.000011    7.229102 v _586_/C (sky130_fd_sc_hd__or4b_1)
     1    0.008587    0.122652    0.524230    7.753332 v _586_/X (sky130_fd_sc_hd__or4b_1)
                                                         _057_ (net)
                      0.122652    0.000019    7.753350 v _590_/A1 (sky130_fd_sc_hd__a311oi_4)
     8    0.029644    0.458166    0.414060    8.167410 ^ _590_/Y (sky130_fd_sc_hd__a311oi_4)
                                                         _061_ (net)
                      0.458166    0.000083    8.167494 ^ _593_/S (sky130_fd_sc_hd__mux2_1)
     3    0.009600    0.087194    0.412041    8.579535 v _593_/X (sky130_fd_sc_hd__mux2_1)
                                                         _064_ (net)
                      0.087194    0.000049    8.579583 v _610_/B (sky130_fd_sc_hd__xor2_1)
     4    0.008637    0.222019    0.219242    8.798825 ^ _610_/X (sky130_fd_sc_hd__xor2_1)
                                                         _081_ (net)
                      0.222019    0.000037    8.798862 ^ _624_/C_N (sky130_fd_sc_hd__or4bb_2)
     4    0.016708    0.142262    0.710877    9.509739 v _624_/X (sky130_fd_sc_hd__or4bb_2)
                                                         _095_ (net)
                      0.142262    0.000069    9.509809 v _628_/A1 (sky130_fd_sc_hd__a21oi_4)
    12    0.039905    0.306549    0.318764    9.828572 ^ _628_/Y (sky130_fd_sc_hd__a21oi_4)
                                                         _099_ (net)
                      0.306549    0.000177    9.828749 ^ _717_/A2 (sky130_fd_sc_hd__a22o_1)
     1    0.002993    0.047727    0.193846   10.022594 ^ _717_/X (sky130_fd_sc_hd__a22o_1)
                                                         _187_ (net)
                      0.047727    0.000013   10.022608 ^ _718_/B (sky130_fd_sc_hd__or2_1)
     1    0.002947    0.042301    0.089828   10.112435 ^ _718_/X (sky130_fd_sc_hd__or2_1)
                                                         net22 (net)
                      0.042301    0.000011   10.112446 ^ output22/A (sky130_fd_sc_hd__buf_1)
     1    0.000902    0.024129    0.063915   10.176361 ^ output22/X (sky130_fd_sc_hd__buf_1)
                                                         op_out[1] (net)
                      0.024129    0.000003   10.176364 ^ op_out[1] (out)
                                             10.176364   data arrival time

                      0.000000   20.000000   20.000000   clock virtual_clk (rise edge)
                                  0.000000   20.000000   clock network delay (ideal)
                                  0.000000   20.000000   clock reconvergence pessimism
                                 -2.000000   18.000000   output external delay
                                             18.000000   data required time
---------------------------------------------------------------------------------------------
                                             18.000000   data required time
                                            -10.176364   data arrival time
---------------------------------------------------------------------------------------------
                                              7.823636   slack (MET)


Startpoint: op_b[4] (input port clocked by virtual_clk)
Endpoint: op_out[2] (output port clocked by virtual_clk)
Path Group: virtual_clk
Path Type: max

Fanout         Cap        Slew       Delay        Time   Description
---------------------------------------------------------------------------------------------
                      0.000000    0.000000    0.000000   clock virtual_clk (rise edge)
                                  0.000000    0.000000   clock network delay (ideal)
                                  2.000000    2.000000 v input external delay
     1    0.002207    0.000000    0.000000    2.000000 v op_b[4] (in)
                                                         op_b[4] (net)
                      0.000007    0.000004    2.000004 v input17/A (sky130_fd_sc_hd__buf_2)
     8    0.030825    0.082046    0.154906    2.154909 v input17/X (sky130_fd_sc_hd__buf_2)
                                                         net17 (net)
                      0.082046    0.000066    2.154975 v fanout35/A (sky130_fd_sc_hd__buf_4)
    16    0.056386    0.080772    0.208509    2.363484 v fanout35/X (sky130_fd_sc_hd__buf_4)
                                                         net35 (net)
                      0.080775    0.000624    2.364108 v _469_/B (sky130_fd_sc_hd__or4_4)
     6    0.022737    0.116062    0.574633    2.938741 v _469_/X (sky130_fd_sc_hd__or4_4)
                                                         _306_ (net)
                      0.116062    0.000062    2.938803 v _472_/A3 (sky130_fd_sc_hd__o41ai_4)
     5    0.015097    0.361986    0.398921    3.337724 ^ _472_/Y (sky130_fd_sc_hd__o41ai_4)
                                                         _338_ (net)
                      0.361986    0.000005    3.337729 ^ _481_/A1 (sky130_fd_sc_hd__a211o_1)
     4    0.010812    0.104479    0.232089    3.569818 ^ _481_/X (sky130_fd_sc_hd__a211o_1)
                                                         _410_ (net)
                      0.104479    0.000063    3.569881 ^ _484_/A2 (sky130_fd_sc_hd__a21o_1)
     4    0.010963    0.105395    0.171016    3.740897 ^ _484_/X (sky130_fd_sc_hd__a21o_1)
                                                         _413_ (net)
                      0.105395    0.000016    3.740913 ^ _493_/A1 (sky130_fd_sc_hd__a211oi_1)
     3    0.008089    0.085617    0.108006    3.848920 v _493_/Y (sky130_fd_sc_hd__a211oi_1)
                                                         _422_ (net)
                      0.085617    0.000065    3.848985 v _503_/D (sky130_fd_sc_hd__or4_1)
     3    0.007589    0.117911    0.449768    4.298753 v _503_/X (sky130_fd_sc_hd__or4_1)
                                                         _432_ (net)
                      0.117911    0.000016    4.298769 v _507_/A3 (sky130_fd_sc_hd__a31o_1)
     2    0.004969    0.048253    0.251600    4.550368 v _507_/X (sky130_fd_sc_hd__a31o_1)
                                                         _436_ (net)
                      0.048253    0.000003    4.550371 v _509_/A2 (sky130_fd_sc_hd__a211o_1)
     3    0.013650    0.097795    0.344289    4.894661 v _509_/X (sky130_fd_sc_hd__a211o_1)
                                                         _438_ (net)
                      0.097795    0.000041    4.894702 v _515_/A1 (sky130_fd_sc_hd__a21oi_4)
     8    0.030507    0.247974    0.256467    5.151169 ^ _515_/Y (sky130_fd_sc_hd__a21oi_4)
                                                         _444_ (net)
                      0.247974    0.000139    5.151308 ^ _524_/S (sky130_fd_sc_hd__mux2_1)
     2    0.006074    0.071063    0.371658    5.522965 v _524_/X (sky130_fd_sc_hd__mux2_1)
                                                         _453_ (net)
                      0.071063    0.000028    5.522994 v _539_/A2 (sky130_fd_sc_hd__a221o_1)
     3    0.009414    0.087412    0.391127    5.914121 v _539_/X (sky130_fd_sc_hd__a221o_1)
                                                         _010_ (net)
                      0.087412    0.000017    5.914138 v _544_/A3 (sky130_fd_sc_hd__a311o_1)
     5    0.013043    0.100942    0.417480    6.331618 v _544_/X (sky130_fd_sc_hd__a311o_1)
                                                         _015_ (net)
                      0.100942    0.000020    6.331637 v _571_/A1 (sky130_fd_sc_hd__a21o_1)
     4    0.010066    0.062691    0.206146    6.537783 v _571_/X (sky130_fd_sc_hd__a21o_1)
                                                         _042_ (net)
                      0.062691    0.000040    6.537823 v _574_/B (sky130_fd_sc_hd__and3_1)
     3    0.006512    0.054407    0.185031    6.722855 v _574_/X (sky130_fd_sc_hd__and3_1)
                                                         _045_ (net)
                      0.054407    0.000009    6.722863 v _585_/A (sky130_fd_sc_hd__or4_1)
     1    0.002260    0.079542    0.506227    7.229091 v _585_/X (sky130_fd_sc_hd__or4_1)
                                                         _056_ (net)
                      0.079542    0.000011    7.229102 v _586_/C (sky130_fd_sc_hd__or4b_1)
     1    0.008587    0.122652    0.524230    7.753332 v _586_/X (sky130_fd_sc_hd__or4b_1)
                                                         _057_ (net)
                      0.122652    0.000019    7.753350 v _590_/A1 (sky130_fd_sc_hd__a311oi_4)
     8    0.029644    0.458166    0.414060    8.167410 ^ _590_/Y (sky130_fd_sc_hd__a311oi_4)
                                                         _061_ (net)
                      0.458166    0.000152    8.167562 ^ _740_/A2 (sky130_fd_sc_hd__a211o_1)
     1    0.004544    0.056865    0.204400    8.371962 ^ _740_/X (sky130_fd_sc_hd__a211o_1)
                                                         _212_ (net)
                      0.056865    0.000047    8.372009 ^ _741_/B1 (sky130_fd_sc_hd__a21o_1)
     1    0.002670    0.038254    0.078552    8.450562 ^ _741_/X (sky130_fd_sc_hd__a21o_1)
                                                         net23 (net)
                      0.038254    0.000007    8.450568 ^ output23/A (sky130_fd_sc_hd__buf_1)
     1    0.001250    0.027695    0.065555    8.516123 ^ output23/X (sky130_fd_sc_hd__buf_1)
                                                         op_out[2] (net)
                      0.027695    0.000005    8.516129 ^ op_out[2] (out)
                                              8.516129   data arrival time

                      0.000000   20.000000   20.000000   clock virtual_clk (rise edge)
                                  0.000000   20.000000   clock network delay (ideal)
                                  0.000000   20.000000   clock reconvergence pessimism
                                 -2.000000   18.000000   output external delay
                                             18.000000   data required time
---------------------------------------------------------------------------------------------
                                             18.000000   data required time
                                             -8.516129   data arrival time
---------------------------------------------------------------------------------------------
                                              9.483871   slack (MET)


Startpoint: op_b[4] (input port clocked by virtual_clk)
Endpoint: op_out[3] (output port clocked by virtual_clk)
Path Group: virtual_clk
Path Type: max

Fanout         Cap        Slew       Delay        Time   Description
---------------------------------------------------------------------------------------------
                      0.000000    0.000000    0.000000   clock virtual_clk (rise edge)
                                  0.000000    0.000000   clock network delay (ideal)
                                  2.000000    2.000000 v input external delay
     1    0.002207    0.000000    0.000000    2.000000 v op_b[4] (in)
                                                         op_b[4] (net)
                      0.000007    0.000004    2.000004 v input17/A (sky130_fd_sc_hd__buf_2)
     8    0.030825    0.082046    0.154906    2.154909 v input17/X (sky130_fd_sc_hd__buf_2)
                                                         net17 (net)
                      0.082046    0.000066    2.154975 v fanout35/A (sky130_fd_sc_hd__buf_4)
    16    0.056386    0.080772    0.208509    2.363484 v fanout35/X (sky130_fd_sc_hd__buf_4)
                                                         net35 (net)
                      0.080775    0.000624    2.364108 v _469_/B (sky130_fd_sc_hd__or4_4)
     6    0.022737    0.116062    0.574633    2.938741 v _469_/X (sky130_fd_sc_hd__or4_4)
                                                         _306_ (net)
                      0.116062    0.000062    2.938803 v _472_/A3 (sky130_fd_sc_hd__o41ai_4)
     5    0.015097    0.361986    0.398921    3.337724 ^ _472_/Y (sky130_fd_sc_hd__o41ai_4)
                                                         _338_ (net)
                      0.361986    0.000005    3.337729 ^ _481_/A1 (sky130_fd_sc_hd__a211o_1)
     4    0.010812    0.104479    0.232089    3.569818 ^ _481_/X (sky130_fd_sc_hd__a211o_1)
                                                         _410_ (net)
                      0.104479    0.000063    3.569881 ^ _484_/A2 (sky130_fd_sc_hd__a21o_1)
     4    0.010963    0.105395    0.171016    3.740897 ^ _484_/X (sky130_fd_sc_hd__a21o_1)
                                                         _413_ (net)
                      0.105395    0.000016    3.740913 ^ _493_/A1 (sky130_fd_sc_hd__a211oi_1)
     3    0.008089    0.085617    0.108006    3.848920 v _493_/Y (sky130_fd_sc_hd__a211oi_1)
                                                         _422_ (net)
                      0.085617    0.000065    3.848985 v _503_/D (sky130_fd_sc_hd__or4_1)
     3    0.007589    0.117911    0.449768    4.298753 v _503_/X (sky130_fd_sc_hd__or4_1)
                                                         _432_ (net)
                      0.117911    0.000016    4.298769 v _507_/A3 (sky130_fd_sc_hd__a31o_1)
     2    0.004969    0.048253    0.251600    4.550368 v _507_/X (sky130_fd_sc_hd__a31o_1)
                                                         _436_ (net)
                      0.048253    0.000003    4.550371 v _509_/A2 (sky130_fd_sc_hd__a211o_1)
     3    0.013650    0.097795    0.344289    4.894661 v _509_/X (sky130_fd_sc_hd__a211o_1)
                                                         _438_ (net)
                      0.097795    0.000041    4.894702 v _515_/A1 (sky130_fd_sc_hd__a21oi_4)
     8    0.030507    0.247974    0.256467    5.151169 ^ _515_/Y (sky130_fd_sc_hd__a21oi_4)
                                                         _444_ (net)
                      0.247974    0.000139    5.151308 ^ _524_/S (sky130_fd_sc_hd__mux2_1)
     2    0.006074    0.071063    0.371658    5.522965 v _524_/X (sky130_fd_sc_hd__mux2_1)
                                                         _453_ (net)
                      0.071063    0.000028    5.522994 v _539_/A2 (sky130_fd_sc_hd__a221o_1)
     3    0.009414    0.087412    0.391127    5.914121 v _539_/X (sky130_fd_sc_hd__a221o_1)
                                                         _010_ (net)
                      0.087412    0.000021    5.914142 v _543_/A3 (sky130_fd_sc_hd__a311oi_2)
     4    0.009997    0.298290    0.351684    6.265825 ^ _543_/Y (sky130_fd_sc_hd__a311oi_2)
                                                         _014_ (net)
                      0.298290    0.000032    6.265858 ^ _548_/A (sky130_fd_sc_hd__nor2_1)
     2    0.007892    0.089141    0.123248    6.389106 v _548_/Y (sky130_fd_sc_hd__nor2_1)
                                                         _019_ (net)
                      0.089141    0.000067    6.389173 v _769_/A2 (sky130_fd_sc_hd__a211o_1)
     1    0.002845    0.047351    0.299952    6.689125 v _769_/X (sky130_fd_sc_hd__a211o_1)
                                                         _243_ (net)
                      0.047351    0.000021    6.689147 v _770_/A_N (sky130_fd_sc_hd__nand2b_1)
     1    0.003341    0.045155    0.140169    6.829315 v _770_/Y (sky130_fd_sc_hd__nand2b_1)
                                                         net24 (net)
                      0.045155    0.000022    6.829337 v output24/A (sky130_fd_sc_hd__buf_1)
     1    0.000902    0.016963    0.076656    6.905993 v output24/X (sky130_fd_sc_hd__buf_1)
                                                         op_out[3] (net)
                      0.016963    0.000003    6.905995 v op_out[3] (out)
                                              6.905995   data arrival time

                      0.000000   20.000000   20.000000   clock virtual_clk (rise edge)
                                  0.000000   20.000000   clock network delay (ideal)
                                  0.000000   20.000000   clock reconvergence pessimism
                                 -2.000000   18.000000   output external delay
                                             18.000000   data required time
---------------------------------------------------------------------------------------------
                                             18.000000   data required time
                                             -6.905995   data arrival time
---------------------------------------------------------------------------------------------
                                             11.094005   slack (MET)


Startpoint: op_b[4] (input port clocked by virtual_clk)
Endpoint: op_out[4] (output port clocked by virtual_clk)
Path Group: virtual_clk
Path Type: max

Fanout         Cap        Slew       Delay        Time   Description
---------------------------------------------------------------------------------------------
                      0.000000    0.000000    0.000000   clock virtual_clk (rise edge)
                                  0.000000    0.000000   clock network delay (ideal)
                                  2.000000    2.000000 v input external delay
     1    0.002207    0.000000    0.000000    2.000000 v op_b[4] (in)
                                                         op_b[4] (net)
                      0.000007    0.000004    2.000004 v input17/A (sky130_fd_sc_hd__buf_2)
     8    0.030825    0.082046    0.154906    2.154909 v input17/X (sky130_fd_sc_hd__buf_2)
                                                         net17 (net)
                      0.082046    0.000066    2.154975 v fanout35/A (sky130_fd_sc_hd__buf_4)
    16    0.056386    0.080772    0.208509    2.363484 v fanout35/X (sky130_fd_sc_hd__buf_4)
                                                         net35 (net)
                      0.080775    0.000624    2.364108 v _469_/B (sky130_fd_sc_hd__or4_4)
     6    0.022737    0.116062    0.574633    2.938741 v _469_/X (sky130_fd_sc_hd__or4_4)
                                                         _306_ (net)
                      0.116062    0.000062    2.938803 v _472_/A3 (sky130_fd_sc_hd__o41ai_4)
     5    0.015097    0.361986    0.398921    3.337724 ^ _472_/Y (sky130_fd_sc_hd__o41ai_4)
                                                         _338_ (net)
                      0.361986    0.000005    3.337729 ^ _481_/A1 (sky130_fd_sc_hd__a211o_1)
     4    0.010812    0.104479    0.232089    3.569818 ^ _481_/X (sky130_fd_sc_hd__a211o_1)
                                                         _410_ (net)
                      0.104479    0.000063    3.569881 ^ _484_/A2 (sky130_fd_sc_hd__a21o_1)
     4    0.010963    0.105395    0.171016    3.740897 ^ _484_/X (sky130_fd_sc_hd__a21o_1)
                                                         _413_ (net)
                      0.105395    0.000016    3.740913 ^ _493_/A1 (sky130_fd_sc_hd__a211oi_1)
     3    0.008089    0.085617    0.108006    3.848920 v _493_/Y (sky130_fd_sc_hd__a211oi_1)
                                                         _422_ (net)
                      0.085617    0.000065    3.848985 v _503_/D (sky130_fd_sc_hd__or4_1)
     3    0.007589    0.117911    0.449768    4.298753 v _503_/X (sky130_fd_sc_hd__or4_1)
                                                         _432_ (net)
                      0.117911    0.000016    4.298769 v _507_/A3 (sky130_fd_sc_hd__a31o_1)
     2    0.004969    0.048253    0.251600    4.550368 v _507_/X (sky130_fd_sc_hd__a31o_1)
                                                         _436_ (net)
                      0.048253    0.000003    4.550371 v _509_/A2 (sky130_fd_sc_hd__a211o_1)
     3    0.013650    0.097795    0.344289    4.894661 v _509_/X (sky130_fd_sc_hd__a211o_1)
                                                         _438_ (net)
                      0.097795    0.000041    4.894702 v _515_/A1 (sky130_fd_sc_hd__a21oi_4)
     8    0.030507    0.247974    0.256467    5.151169 ^ _515_/Y (sky130_fd_sc_hd__a21oi_4)
                                                         _444_ (net)
                      0.247974    0.000223    5.151392 ^ _797_/A2 (sky130_fd_sc_hd__a211oi_1)
     1    0.003812    0.077968    0.121277    5.272669 v _797_/Y (sky130_fd_sc_hd__a211oi_1)
                                                         _272_ (net)
                      0.077968    0.000032    5.272701 v _798_/B1 (sky130_fd_sc_hd__o31ai_1)
     1    0.003691    0.217110    0.081112    5.353813 ^ _798_/Y (sky130_fd_sc_hd__o31ai_1)
                                                         net25 (net)
                      0.217110    0.000028    5.353841 ^ output25/A (sky130_fd_sc_hd__buf_1)
     1    0.000942    0.027614    0.099272    5.453113 ^ output25/X (sky130_fd_sc_hd__buf_1)
                                                         op_out[4] (net)
                      0.027614    0.000003    5.453116 ^ op_out[4] (out)
                                              5.453116   data arrival time

                      0.000000   20.000000   20.000000   clock virtual_clk (rise edge)
                                  0.000000   20.000000   clock network delay (ideal)
                                  0.000000   20.000000   clock reconvergence pessimism
                                 -2.000000   18.000000   output external delay
                                             18.000000   data required time
---------------------------------------------------------------------------------------------
                                             18.000000   data required time
                                             -5.453116   data arrival time
---------------------------------------------------------------------------------------------
                                             12.546885   slack (MET)


Startpoint: op_b[0] (input port clocked by virtual_clk)
Endpoint: op_out[5] (output port clocked by virtual_clk)
Path Group: virtual_clk
Path Type: max

Fanout         Cap        Slew       Delay        Time   Description
---------------------------------------------------------------------------------------------
                      0.000000    0.000000    0.000000   clock virtual_clk (rise edge)
                                  0.000000    0.000000   clock network delay (ideal)
                                  2.000000    2.000000 ^ input external delay
     1    0.002622    0.000000    0.000000    2.000000 ^ op_b[0] (in)
                                                         op_b[0] (net)
                      0.000017    0.000008    2.000008 ^ input13/A (sky130_fd_sc_hd__buf_2)
     7    0.026209    0.132428    0.154304    2.154313 ^ input13/X (sky130_fd_sc_hd__buf_2)
                                                         net13 (net)
                      0.132430    0.000359    2.154671 ^ fanout40/A (sky130_fd_sc_hd__buf_4)
    16    0.057629    0.162871    0.231147    2.385818 ^ fanout40/X (sky130_fd_sc_hd__buf_4)
                                                         net40 (net)
                      0.162872    0.000777    2.386595 ^ _458_/A (sky130_fd_sc_hd__clkinv_4)
    13    0.042293    0.099158    0.129493    2.516088 v _458_/Y (sky130_fd_sc_hd__clkinv_4)
                                                         _188_ (net)
                      0.099158    0.000125    2.516212 v _536_/A (sky130_fd_sc_hd__nor2_1)
     4    0.012364    0.233361    0.234037    2.750249 ^ _536_/Y (sky130_fd_sc_hd__nor2_1)
                                                         _007_ (net)
                      0.233361    0.000092    2.750342 ^ _780_/C (sky130_fd_sc_hd__and3_1)
     2    0.005391    0.075431    0.205989    2.956331 ^ _780_/X (sky130_fd_sc_hd__and3_1)
                                                         _254_ (net)
                      0.075431    0.000007    2.956338 ^ _781_/B1 (sky130_fd_sc_hd__a21oi_1)
     2    0.008381    0.077432    0.066145    3.022483 v _781_/Y (sky130_fd_sc_hd__a21oi_1)
                                                         _255_ (net)
                      0.077432    0.000005    3.022488 v _805_/A3 (sky130_fd_sc_hd__a31oi_1)
     2    0.007407    0.221936    0.237489    3.259977 ^ _805_/Y (sky130_fd_sc_hd__a31oi_1)
                                                         _280_ (net)
                      0.221936    0.000031    3.260008 ^ _813_/A (sky130_fd_sc_hd__xnor2_1)
     2    0.005681    0.176913    0.166692    3.426700 ^ _813_/Y (sky130_fd_sc_hd__xnor2_1)
                                                         _289_ (net)
                      0.176913    0.000034    3.426734 ^ _814_/B (sky130_fd_sc_hd__or2_1)
     1    0.002441    0.039678    0.121652    3.548386 ^ _814_/X (sky130_fd_sc_hd__or2_1)
                                                         _290_ (net)
                      0.039678    0.000000    3.548387 ^ _816_/A (sky130_fd_sc_hd__nand2_1)
     2    0.005518    0.050602    0.056540    3.604927 v _816_/Y (sky130_fd_sc_hd__nand2_1)
                                                         _292_ (net)
                      0.050602    0.000050    3.604977 v _817_/C (sky130_fd_sc_hd__and3_1)
     1    0.002901    0.038404    0.176350    3.781327 v _817_/X (sky130_fd_sc_hd__and3_1)
                                                         _293_ (net)
                      0.038404    0.000008    3.781335 v _819_/A (sky130_fd_sc_hd__nor2_1)
     2    0.007576    0.158380    0.152868    3.934203 ^ _819_/Y (sky130_fd_sc_hd__nor2_1)
                                                         _296_ (net)
                      0.158380    0.000011    3.934214 ^ _820_/B (sky130_fd_sc_hd__xnor2_1)
     2    0.005068    0.164455    0.151526    4.085740 ^ _820_/Y (sky130_fd_sc_hd__xnor2_1)
                                                         _297_ (net)
                      0.164455    0.000029    4.085769 ^ _821_/B (sky130_fd_sc_hd__or2_1)
     3    0.012585    0.128651    0.185076    4.270845 ^ _821_/X (sky130_fd_sc_hd__or2_1)
                                                         _298_ (net)
                      0.128651    0.000040    4.270885 ^ _824_/A (sky130_fd_sc_hd__nand2_1)
     3    0.007788    0.072805    0.097248    4.368134 v _824_/Y (sky130_fd_sc_hd__nand2_1)
                                                         _301_ (net)
                      0.072805    0.000038    4.368172 v _827_/A2 (sky130_fd_sc_hd__o21a_1)
     1    0.002880    0.036537    0.173551    4.541722 v _827_/X (sky130_fd_sc_hd__o21a_1)
                                                         _304_ (net)
                      0.036537    0.000009    4.541731 v _840_/B2 (sky130_fd_sc_hd__a221o_1)
     1    0.002310    0.050428    0.303947    4.845678 v _840_/X (sky130_fd_sc_hd__a221o_1)
                                                         _319_ (net)
                      0.050428    0.000007    4.845685 v _842_/B (sky130_fd_sc_hd__or3_1)
     1    0.003885    0.071756    0.349871    5.195555 v _842_/X (sky130_fd_sc_hd__or3_1)
                                                         net26 (net)
                      0.071756    0.000036    5.195591 v output26/A (sky130_fd_sc_hd__buf_1)
     1    0.001100    0.018298    0.089635    5.285226 v output26/X (sky130_fd_sc_hd__buf_1)
                                                         op_out[5] (net)
                      0.018298    0.000004    5.285230 v op_out[5] (out)
                                              5.285230   data arrival time

                      0.000000   20.000000   20.000000   clock virtual_clk (rise edge)
                                  0.000000   20.000000   clock network delay (ideal)
                                  0.000000   20.000000   clock reconvergence pessimism
                                 -2.000000   18.000000   output external delay
                                             18.000000   data required time
---------------------------------------------------------------------------------------------
                                             18.000000   data required time
                                             -5.285230   data arrival time
---------------------------------------------------------------------------------------------
                                             12.714770   slack (MET)


Startpoint: op_b[0] (input port clocked by virtual_clk)
Endpoint: op_out[7] (output port clocked by virtual_clk)
Path Group: virtual_clk
Path Type: max

Fanout         Cap        Slew       Delay        Time   Description
---------------------------------------------------------------------------------------------
                      0.000000    0.000000    0.000000   clock virtual_clk (rise edge)
                                  0.000000    0.000000   clock network delay (ideal)
                                  2.000000    2.000000 v input external delay
     1    0.002462    0.000000    0.000000    2.000000 v op_b[0] (in)
                                                         op_b[0] (net)
                      0.000016    0.000008    2.000008 v input13/A (sky130_fd_sc_hd__buf_2)
     7    0.025119    0.069825    0.144307    2.144315 v input13/X (sky130_fd_sc_hd__buf_2)
                                                         net13 (net)
                      0.069825    0.000343    2.144658 v fanout40/A (sky130_fd_sc_hd__buf_4)
    16    0.054003    0.078247    0.200765    2.345423 v fanout40/X (sky130_fd_sc_hd__buf_4)
                                                         net40 (net)
                      0.078247    0.000277    2.345700 v _488_/A (sky130_fd_sc_hd__and2_1)
     4    0.007776    0.057272    0.169601    2.515301 v _488_/X (sky130_fd_sc_hd__and2_1)
                                                         _417_ (net)
                      0.057272    0.000012    2.515314 v _861_/C (sky130_fd_sc_hd__and3_1)
     2    0.003979    0.043386    0.185481    2.700795 v _861_/X (sky130_fd_sc_hd__and3_1)
                                                         _341_ (net)
                      0.043386    0.000009    2.700804 v _863_/A (sky130_fd_sc_hd__or2_1)
     1    0.004312    0.056771    0.229608    2.930412 v _863_/X (sky130_fd_sc_hd__or2_1)
                                                         _343_ (net)
                      0.056771    0.000002    2.930414 v _864_/B (sky130_fd_sc_hd__xor2_1)
     2    0.005318    0.057866    0.151908    3.082322 v _864_/X (sky130_fd_sc_hd__xor2_1)
                                                         _344_ (net)
                      0.057866    0.000023    3.082345 v _866_/B1 (sky130_fd_sc_hd__o21a_1)
     2    0.004268    0.043215    0.111219    3.193565 v _866_/X (sky130_fd_sc_hd__o21a_1)
                                                         _346_ (net)
                      0.043215    0.000004    3.193569 v _867_/B (sky130_fd_sc_hd__or2_1)
     2    0.008850    0.078199    0.237804    3.431373 v _867_/X (sky130_fd_sc_hd__or2_1)
                                                         _347_ (net)
                      0.078199    0.000005    3.431378 v _869_/B (sky130_fd_sc_hd__xor2_1)
     2    0.004586    0.073352    0.156884    3.588262 v _869_/X (sky130_fd_sc_hd__xor2_1)
                                                         _350_ (net)
                      0.073352    0.000017    3.588279 v _870_/C (sky130_fd_sc_hd__and3_1)
     2    0.004492    0.045624    0.195316    3.783595 v _870_/X (sky130_fd_sc_hd__and3_1)
                                                         _351_ (net)
                      0.045624    0.000011    3.783607 v _873_/B (sky130_fd_sc_hd__or3_1)
     3    0.006726    0.089632    0.370222    4.153828 v _873_/X (sky130_fd_sc_hd__or3_1)
                                                         _354_ (net)
                      0.089632    0.000025    4.153853 v _875_/C (sky130_fd_sc_hd__and3_1)
     1    0.004645    0.046298    0.203481    4.357334 v _875_/X (sky130_fd_sc_hd__and3_1)
                                                         _356_ (net)
                      0.046298    0.000003    4.357337 v _893_/B (sky130_fd_sc_hd__xnor2_1)
     1    0.004931    0.161691    0.159224    4.516561 ^ _893_/Y (sky130_fd_sc_hd__xnor2_1)
                                                         _375_ (net)
                      0.161691    0.000008    4.516569 ^ _916_/A (sky130_fd_sc_hd__xnor2_1)
     2    0.007726    0.082808    0.123305    4.639874 v _916_/Y (sky130_fd_sc_hd__xnor2_1)
                                                         _400_ (net)
                      0.082808    0.000150    4.640024 v _917_/B (sky130_fd_sc_hd__or2_1)
     1    0.002747    0.048893    0.215115    4.855139 v _917_/X (sky130_fd_sc_hd__or2_1)
                                                         _401_ (net)
                      0.048893    0.000007    4.855146 v _923_/A2 (sky130_fd_sc_hd__a311o_1)
     1    0.002285    0.051143    0.299264    5.154410 v _923_/X (sky130_fd_sc_hd__a311o_1)
                                                         net28 (net)
                      0.051143    0.000004    5.154414 v output28/A (sky130_fd_sc_hd__buf_1)
     1    0.000462    0.014674    0.076382    5.230795 v output28/X (sky130_fd_sc_hd__buf_1)
                                                         op_out[7] (net)
                      0.014674    0.000000    5.230796 v op_out[7] (out)
                                              5.230796   data arrival time

                      0.000000   20.000000   20.000000   clock virtual_clk (rise edge)
                                  0.000000   20.000000   clock network delay (ideal)
                                  0.000000   20.000000   clock reconvergence pessimism
                                 -2.000000   18.000000   output external delay
                                             18.000000   data required time
---------------------------------------------------------------------------------------------
                                             18.000000   data required time
                                             -5.230796   data arrival time
---------------------------------------------------------------------------------------------
                                             12.769205   slack (MET)


Startpoint: op_b[0] (input port clocked by virtual_clk)
Endpoint: op_out[6] (output port clocked by virtual_clk)
Path Group: virtual_clk
Path Type: max

Fanout         Cap        Slew       Delay        Time   Description
---------------------------------------------------------------------------------------------
                      0.000000    0.000000    0.000000   clock virtual_clk (rise edge)
                                  0.000000    0.000000   clock network delay (ideal)
                                  2.000000    2.000000 v input external delay
     1    0.002462    0.000000    0.000000    2.000000 v op_b[0] (in)
                                                         op_b[0] (net)
                      0.000016    0.000008    2.000008 v input13/A (sky130_fd_sc_hd__buf_2)
     7    0.025119    0.069825    0.144307    2.144315 v input13/X (sky130_fd_sc_hd__buf_2)
                                                         net13 (net)
                      0.069825    0.000343    2.144658 v fanout40/A (sky130_fd_sc_hd__buf_4)
    16    0.054003    0.078247    0.200765    2.345423 v fanout40/X (sky130_fd_sc_hd__buf_4)
                                                         net40 (net)
                      0.078247    0.000277    2.345700 v _488_/A (sky130_fd_sc_hd__and2_1)
     4    0.007776    0.057272    0.169601    2.515301 v _488_/X (sky130_fd_sc_hd__and2_1)
                                                         _417_ (net)
                      0.057272    0.000012    2.515314 v _861_/C (sky130_fd_sc_hd__and3_1)
     2    0.003979    0.043386    0.185481    2.700795 v _861_/X (sky130_fd_sc_hd__and3_1)
                                                         _341_ (net)
                      0.043386    0.000009    2.700804 v _863_/A (sky130_fd_sc_hd__or2_1)
     1    0.004312    0.056771    0.229608    2.930412 v _863_/X (sky130_fd_sc_hd__or2_1)
                                                         _343_ (net)
                      0.056771    0.000002    2.930414 v _864_/B (sky130_fd_sc_hd__xor2_1)
     2    0.005318    0.057866    0.151908    3.082322 v _864_/X (sky130_fd_sc_hd__xor2_1)
                                                         _344_ (net)
                      0.057866    0.000023    3.082345 v _866_/B1 (sky130_fd_sc_hd__o21a_1)
     2    0.004268    0.043215    0.111219    3.193565 v _866_/X (sky130_fd_sc_hd__o21a_1)
                                                         _346_ (net)
                      0.043215    0.000004    3.193569 v _867_/B (sky130_fd_sc_hd__or2_1)
     2    0.008850    0.078199    0.237804    3.431373 v _867_/X (sky130_fd_sc_hd__or2_1)
                                                         _347_ (net)
                      0.078199    0.000005    3.431378 v _869_/B (sky130_fd_sc_hd__xor2_1)
     2    0.004586    0.073352    0.156884    3.588262 v _869_/X (sky130_fd_sc_hd__xor2_1)
                                                         _350_ (net)
                      0.073352    0.000017    3.588279 v _870_/C (sky130_fd_sc_hd__and3_1)
     2    0.004492    0.045624    0.195316    3.783595 v _870_/X (sky130_fd_sc_hd__and3_1)
                                                         _351_ (net)
                      0.045624    0.000011    3.783607 v _873_/B (sky130_fd_sc_hd__or3_1)
     3    0.006726    0.089632    0.370222    4.153828 v _873_/X (sky130_fd_sc_hd__or3_1)
                                                         _354_ (net)
                      0.089632    0.000026    4.153854 v _874_/B (sky130_fd_sc_hd__nand2_1)
     1    0.005562    0.069129    0.098451    4.252305 ^ _874_/Y (sky130_fd_sc_hd__nand2_1)
                                                         _355_ (net)
                      0.069129    0.000028    4.252332 ^ _876_/B (sky130_fd_sc_hd__xnor2_1)
     2    0.009043    0.237074    0.159174    4.411506 ^ _876_/Y (sky130_fd_sc_hd__xnor2_1)
                                                         _357_ (net)
                      0.237074    0.000115    4.411622 ^ _877_/B (sky130_fd_sc_hd__xnor2_1)
     2    0.004440    0.067083    0.107839    4.519461 v _877_/Y (sky130_fd_sc_hd__xnor2_1)
                                                         _358_ (net)
                      0.067083    0.000019    4.519480 v _878_/B (sky130_fd_sc_hd__or2_1)
     1    0.002556    0.047661    0.207363    4.726842 v _878_/X (sky130_fd_sc_hd__or2_1)
                                                         _359_ (net)
                      0.047661    0.000004    4.726846 v _885_/A2 (sky130_fd_sc_hd__a31o_1)
     1    0.002331    0.035708    0.195905    4.922751 v _885_/X (sky130_fd_sc_hd__a31o_1)
                                                         net27 (net)
                      0.035708    0.000004    4.922755 v output27/A (sky130_fd_sc_hd__buf_1)
     1    0.000535    0.015135    0.070056    4.992811 v output27/X (sky130_fd_sc_hd__buf_1)
                                                         op_out[6] (net)
                      0.015135    0.000000    4.992812 v op_out[6] (out)
                                              4.992812   data arrival time

                      0.000000   20.000000   20.000000   clock virtual_clk (rise edge)
                                  0.000000   20.000000   clock network delay (ideal)
                                  0.000000   20.000000   clock reconvergence pessimism
                                 -2.000000   18.000000   output external delay
                                             18.000000   data required time
---------------------------------------------------------------------------------------------
                                             18.000000   data required time
                                             -4.992812   data arrival time
---------------------------------------------------------------------------------------------
                                             13.007189   slack (MET)



%OL_END_REPORT
%OL_CREATE_REPORT checks.rpt

===========================================================================
report_checks -unconstrained
===========================================================================
======================= nom_tt_025C_1v80 Corner ===================================

Startpoint: op_b[4] (input port clocked by virtual_clk)
Endpoint: op_out[0] (output port clocked by virtual_clk)
Path Group: virtual_clk
Path Type: max

Fanout         Cap        Slew       Delay        Time   Description
---------------------------------------------------------------------------------------------
                      0.000000    0.000000    0.000000   clock virtual_clk (rise edge)
                                  0.000000    0.000000   clock network delay (ideal)
                                  2.000000    2.000000 v input external delay
     1    0.002207    0.000000    0.000000    2.000000 v op_b[4] (in)
                                                         op_b[4] (net)
                      0.000007    0.000004    2.000004 v input17/A (sky130_fd_sc_hd__buf_2)
     8    0.030825    0.082046    0.154906    2.154909 v input17/X (sky130_fd_sc_hd__buf_2)
                                                         net17 (net)
                      0.082046    0.000066    2.154975 v fanout35/A (sky130_fd_sc_hd__buf_4)
    16    0.056386    0.080772    0.208509    2.363484 v fanout35/X (sky130_fd_sc_hd__buf_4)
                                                         net35 (net)
                      0.080775    0.000624    2.364108 v _469_/B (sky130_fd_sc_hd__or4_4)
     6    0.022737    0.116062    0.574633    2.938741 v _469_/X (sky130_fd_sc_hd__or4_4)
                                                         _306_ (net)
                      0.116062    0.000062    2.938803 v _472_/A3 (sky130_fd_sc_hd__o41ai_4)
     5    0.015097    0.361986    0.398921    3.337724 ^ _472_/Y (sky130_fd_sc_hd__o41ai_4)
                                                         _338_ (net)
                      0.361986    0.000005    3.337729 ^ _481_/A1 (sky130_fd_sc_hd__a211o_1)
     4    0.010812    0.104479    0.232089    3.569818 ^ _481_/X (sky130_fd_sc_hd__a211o_1)
                                                         _410_ (net)
                      0.104479    0.000063    3.569881 ^ _484_/A2 (sky130_fd_sc_hd__a21o_1)
     4    0.010963    0.105395    0.171016    3.740897 ^ _484_/X (sky130_fd_sc_hd__a21o_1)
                                                         _413_ (net)
                      0.105395    0.000016    3.740913 ^ _493_/A1 (sky130_fd_sc_hd__a211oi_1)
     3    0.008089    0.085617    0.108006    3.848920 v _493_/Y (sky130_fd_sc_hd__a211oi_1)
                                                         _422_ (net)
                      0.085617    0.000065    3.848985 v _503_/D (sky130_fd_sc_hd__or4_1)
     3    0.007589    0.117911    0.449768    4.298753 v _503_/X (sky130_fd_sc_hd__or4_1)
                                                         _432_ (net)
                      0.117911    0.000016    4.298769 v _507_/A3 (sky130_fd_sc_hd__a31o_1)
     2    0.004969    0.048253    0.251600    4.550368 v _507_/X (sky130_fd_sc_hd__a31o_1)
                                                         _436_ (net)
                      0.048253    0.000003    4.550371 v _509_/A2 (sky130_fd_sc_hd__a211o_1)
     3    0.013650    0.097795    0.344289    4.894661 v _509_/X (sky130_fd_sc_hd__a211o_1)
                                                         _438_ (net)
                      0.097795    0.000041    4.894702 v _515_/A1 (sky130_fd_sc_hd__a21oi_4)
     8    0.030507    0.247974    0.256467    5.151169 ^ _515_/Y (sky130_fd_sc_hd__a21oi_4)
                                                         _444_ (net)
                      0.247974    0.000139    5.151308 ^ _524_/S (sky130_fd_sc_hd__mux2_1)
     2    0.006074    0.071063    0.371658    5.522965 v _524_/X (sky130_fd_sc_hd__mux2_1)
                                                         _453_ (net)
                      0.071063    0.000028    5.522994 v _539_/A2 (sky130_fd_sc_hd__a221o_1)
     3    0.009414    0.087412    0.391127    5.914121 v _539_/X (sky130_fd_sc_hd__a221o_1)
                                                         _010_ (net)
                      0.087412    0.000017    5.914138 v _544_/A3 (sky130_fd_sc_hd__a311o_1)
     5    0.013043    0.100942    0.417480    6.331618 v _544_/X (sky130_fd_sc_hd__a311o_1)
                                                         _015_ (net)
                      0.100942    0.000020    6.331637 v _571_/A1 (sky130_fd_sc_hd__a21o_1)
     4    0.010066    0.062691    0.206146    6.537783 v _571_/X (sky130_fd_sc_hd__a21o_1)
                                                         _042_ (net)
                      0.062691    0.000040    6.537823 v _574_/B (sky130_fd_sc_hd__and3_1)
     3    0.006512    0.054407    0.185031    6.722855 v _574_/X (sky130_fd_sc_hd__and3_1)
                                                         _045_ (net)
                      0.054407    0.000009    6.722863 v _585_/A (sky130_fd_sc_hd__or4_1)
     1    0.002260    0.079542    0.506227    7.229091 v _585_/X (sky130_fd_sc_hd__or4_1)
                                                         _056_ (net)
                      0.079542    0.000011    7.229102 v _586_/C (sky130_fd_sc_hd__or4b_1)
     1    0.008587    0.122652    0.524230    7.753332 v _586_/X (sky130_fd_sc_hd__or4b_1)
                                                         _057_ (net)
                      0.122652    0.000019    7.753350 v _590_/A1 (sky130_fd_sc_hd__a311oi_4)
     8    0.029644    0.458166    0.414060    8.167410 ^ _590_/Y (sky130_fd_sc_hd__a311oi_4)
                                                         _061_ (net)
                      0.458166    0.000083    8.167494 ^ _593_/S (sky130_fd_sc_hd__mux2_1)
     3    0.009600    0.087194    0.412041    8.579535 v _593_/X (sky130_fd_sc_hd__mux2_1)
                                                         _064_ (net)
                      0.087194    0.000049    8.579583 v _610_/B (sky130_fd_sc_hd__xor2_1)
     4    0.008637    0.222019    0.219242    8.798825 ^ _610_/X (sky130_fd_sc_hd__xor2_1)
                                                         _081_ (net)
                      0.222019    0.000037    8.798862 ^ _624_/C_N (sky130_fd_sc_hd__or4bb_2)
     4    0.016708    0.142262    0.710877    9.509739 v _624_/X (sky130_fd_sc_hd__or4bb_2)
                                                         _095_ (net)
                      0.142262    0.000069    9.509809 v _628_/A1 (sky130_fd_sc_hd__a21oi_4)
    12    0.039905    0.306549    0.318764    9.828572 ^ _628_/Y (sky130_fd_sc_hd__a21oi_4)
                                                         _099_ (net)
                      0.306549    0.000160    9.828732 ^ _665_/S (sky130_fd_sc_hd__mux2_1)
     3    0.007463    0.080303    0.387662   10.216394 v _665_/X (sky130_fd_sc_hd__mux2_1)
                                                         _136_ (net)
                      0.080303    0.000004   10.216398 v _669_/A2 (sky130_fd_sc_hd__a21o_1)
     1    0.002410    0.032335    0.182290   10.398687 v _669_/X (sky130_fd_sc_hd__a21o_1)
                                                         _140_ (net)
                      0.032335    0.000004   10.398691 v _671_/A2 (sky130_fd_sc_hd__o211a_1)
     1    0.003414    0.041587    0.198306   10.596997 v _671_/X (sky130_fd_sc_hd__o211a_1)
                                                         _142_ (net)
                      0.041587    0.000015   10.597013 v _672_/B2 (sky130_fd_sc_hd__o221a_1)
     1    0.002512    0.044768    0.196572   10.793584 v _672_/X (sky130_fd_sc_hd__o221a_1)
                                                         _143_ (net)
                      0.044768    0.000004   10.793588 v _675_/A2 (sky130_fd_sc_hd__o21a_1)
     1    0.002882    0.036567    0.162524   10.956112 v _675_/X (sky130_fd_sc_hd__o21a_1)
                                                         _146_ (net)
                      0.036567    0.000008   10.956120 v _679_/A1 (sky130_fd_sc_hd__o21a_1)
     1    0.004026    0.040704    0.182119   11.138239 v _679_/X (sky130_fd_sc_hd__o21a_1)
                                                         _150_ (net)
                      0.040704    0.000030   11.138269 v _700_/A (sky130_fd_sc_hd__or3_1)
     1    0.003228    0.067687    0.364684   11.502954 v _700_/X (sky130_fd_sc_hd__or3_1)
                                                         net21 (net)
                      0.067687    0.000016   11.502970 v output21/A (sky130_fd_sc_hd__buf_1)
     1    0.001298    0.019280    0.089135   11.592105 v output21/X (sky130_fd_sc_hd__buf_1)
                                                         op_out[0] (net)
                      0.019280    0.000005   11.592110 v op_out[0] (out)
                                             11.592110   data arrival time

                      0.000000   20.000000   20.000000   clock virtual_clk (rise edge)
                                  0.000000   20.000000   clock network delay (ideal)
                                  0.000000   20.000000   clock reconvergence pessimism
                                 -2.000000   18.000000   output external delay
                                             18.000000   data required time
---------------------------------------------------------------------------------------------
                                             18.000000   data required time
                                            -11.592110   data arrival time
---------------------------------------------------------------------------------------------
                                              6.407890   slack (MET)




===========================================================================
report_checks --slack_max -0.01
============================================================================
======================= nom_tt_025C_1v80 Corner ===================================

No paths found.


===========================================================================
 report_check_types -max_slew -max_cap -max_fanout -violators
============================================================================
======================= nom_tt_025C_1v80 Corner ===================================



===========================================================================
report_parasitic_annotation -report_unannotated
============================================================================
Found 0 unannotated drivers.
Found 0 partially unannotated drivers.

===========================================================================
max slew violation count 0
Writing metric design__max_slew_violation__count__corner:nom_tt_025C_1v80: 0
max fanout violation count 0
Writing metric design__max_fanout_violation__count__corner:nom_tt_025C_1v80: 0
max cap violation count 0
Writing metric design__max_cap_violation__count__corner:nom_tt_025C_1v80: 0
============================================================================

===========================================================================
check_setup -verbose -unconstrained_endpoints -multiple_clock -no_clock -no_input_delay -loops -generated_clocks
===========================================================================
%OL_END_REPORT
%OL_CREATE_REPORT power.rpt

===========================================================================
 report_power
============================================================================
======================= nom_tt_025C_1v80 Corner ===================================

Group                    Internal    Switching      Leakage        Total
                            Power        Power        Power        Power (Watts)
------------------------------------------------------------------------
Sequential           0.000000e+00 0.000000e+00 0.000000e+00 0.000000e+00   0.0%
Combinational        5.608182e-05 5.781056e-05 1.669094e-09 1.138940e-04 100.0%
Clock                0.000000e+00 0.000000e+00 2.462428e-10 2.462428e-10   0.0%
Macro                0.000000e+00 0.000000e+00 0.000000e+00 0.000000e+00   0.0%
Pad                  0.000000e+00 0.000000e+00 0.000000e+00 0.000000e+00   0.0%
------------------------------------------------------------------------
Total                5.608182e-05 5.781056e-05 1.915339e-09 1.138943e-04 100.0%
                            49.2%        50.8%         0.0%
Writing metric power__internal__total: 5.608181527350098e-5
Writing metric power__switching__total: 5.7810564612736925e-5
Writing metric power__leakage__total: 1.9153385544257162e-9
Writing metric power__total: 0.00011389429710106924

%OL_END_REPORT
%OL_CREATE_REPORT skew.min.rpt

===========================================================================
Clock Skew (Hold)
============================================================================
Writing metric clock__skew__worst_hold__corner:nom_tt_025C_1v80: 0.0
======================= nom_tt_025C_1v80 Corner ===================================

Clock virtual_clk
No launch/capture paths found.

%OL_END_REPORT
%OL_CREATE_REPORT skew.max.rpt

===========================================================================
Clock Skew (Setup)
============================================================================
Writing metric clock__skew__worst_setup__corner:nom_tt_025C_1v80: 0.0
======================= nom_tt_025C_1v80 Corner ===================================

Clock virtual_clk
No launch/capture paths found.

%OL_END_REPORT
%OL_CREATE_REPORT ws.min.rpt

===========================================================================
Worst Slack (Hold)
============================================================================
Writing metric timing__hold__ws__corner:nom_tt_025C_1v80: 4.4565001839084495
nom_tt_025C_1v80: 4.4565001839084495
%OL_END_REPORT
%OL_CREATE_REPORT ws.max.rpt

===========================================================================
Worst Slack (Setup)
============================================================================
Writing metric timing__setup__ws__corner:nom_tt_025C_1v80: 6.407890399668088
nom_tt_025C_1v80: 6.407890399668088
%OL_END_REPORT
%OL_CREATE_REPORT tns.min.rpt

===========================================================================
Total Negative Slack (Hold)
============================================================================
Writing metric timing__hold__tns__corner:nom_tt_025C_1v80: 0.0
nom_tt_025C_1v80: 0.0
%OL_END_REPORT
%OL_CREATE_REPORT tns.max.rpt

===========================================================================
Total Negative Slack (Setup)
============================================================================
Writing metric timing__setup__tns__corner:nom_tt_025C_1v80: 0.0
nom_tt_025C_1v80: 0.0
%OL_END_REPORT
%OL_CREATE_REPORT wns.min.rpt

===========================================================================
Worst Negative Slack (Hold)
============================================================================
Writing metric timing__hold__wns__corner:nom_tt_025C_1v80: 0
nom_tt_025C_1v80: 0
%OL_END_REPORT
%OL_CREATE_REPORT wns.max.rpt

===========================================================================
Worst Negative Slack (Setup)
============================================================================
Writing metric timing__setup__wns__corner:nom_tt_025C_1v80: 0.0
nom_tt_025C_1v80: 0.0
%OL_END_REPORT
%OL_CREATE_REPORT violator_list.rpt

===========================================================================
Violator List
============================================================================
Writing metric timing__hold_vio__count__corner:nom_tt_025C_1v80: 0
Writing metric timing__hold_r2r__ws__corner:nom_tt_025C_1v80: 1e30
Writing metric timing__hold_r2r_vio__count__corner:nom_tt_025C_1v80: 0
Writing metric timing__setup_vio__count__corner:nom_tt_025C_1v80: 0
Writing metric timing__setup_r2r__ws__corner:nom_tt_025C_1v80: 1e30
Writing metric timing__setup_r2r_vio__count__corner:nom_tt_025C_1v80: 0
%OL_END_REPORT
%OL_CREATE_REPORT unpropagated.rpt
virtual_clk
%OL_END_REPORT
%OL_CREATE_REPORT clock.rpt
Clock: virtual_clk
Sources: 
Generated: no
Virtual: yes
Propagated: no
Period: 20.000000

===========================================================================
report_clock_properties
============================================================================
Clock                   Period          Waveform
----------------------------------------------------
virtual_clk          20.000000    0.000000 10.000000

===========================================================================
report_clock_latency
============================================================================
Clock virtual_clk


===========================================================================
report_clock_min_period
============================================================================
virtual_clk period_min = 0.00 fmax = inf
%OL_END_REPORT
