
===========================================================================
report_checks -path_delay max (Setup)
============================================================================
======================= min_tt_025C_1v80 Corner ===================================

Startpoint: op_b[0] (input port clocked by __VIRTUAL_CLK__)
Endpoint: op_out[0] (output port clocked by __VIRTUAL_CLK__)
Path Group: __VIRTUAL_CLK__
Path Type: max

Fanout         Cap        Slew       Delay        Time   Description
---------------------------------------------------------------------------------------------
                      0.000000    0.000000    0.000000   clock __VIRTUAL_CLK__ (rise edge)
                                  0.000000    0.000000   clock network delay (ideal)
                                  0.000000    0.000000 ^ input external delay
     1    0.002931    0.020294    0.010755    0.010755 ^ op_b[0] (in)
                                                         op_b[0] (net)
                      0.020294    0.000000    0.010755 ^ input13/A (sky130_fd_sc_hd__clkbuf_2)
     4    0.023336    0.131848    0.158591    0.169345 ^ input13/X (sky130_fd_sc_hd__clkbuf_2)
                                                         net13 (net)
                      0.131848    0.000389    0.169734 ^ fanout66/A (sky130_fd_sc_hd__buf_2)
    10    0.046535    0.227775    0.268817    0.438552 ^ fanout66/X (sky130_fd_sc_hd__buf_2)
                                                         net66 (net)
                      0.227775    0.000119    0.438671 ^ fanout65/A (sky130_fd_sc_hd__buf_2)
    10    0.039536    0.195099    0.272403    0.711074 ^ fanout65/X (sky130_fd_sc_hd__buf_2)
                                                         net65 (net)
                      0.195101    0.001024    0.712098 ^ _458_/A (sky130_fd_sc_hd__inv_2)
     4    0.012878    0.060923    0.081208    0.793306 v _458_/Y (sky130_fd_sc_hd__inv_2)
                                                         _188_ (net)
                      0.060923    0.000069    0.793375 v fanout35/A (sky130_fd_sc_hd__clkbuf_4)
    10    0.040232    0.090131    0.198969    0.992344 v fanout35/X (sky130_fd_sc_hd__clkbuf_4)
                                                         net35 (net)
                      0.090136    0.000770    0.993114 v _472_/A1 (sky130_fd_sc_hd__o41ai_4)
     5    0.015655    0.359234    0.454823    1.447937 ^ _472_/Y (sky130_fd_sc_hd__o41ai_4)
                                                         _338_ (net)
                      0.359234    0.000120    1.448057 ^ _481_/A2 (sky130_fd_sc_hd__a211o_1)
     4    0.012207    0.115858    0.239275    1.687332 ^ _481_/X (sky130_fd_sc_hd__a211o_1)
                                                         _410_ (net)
                      0.115858    0.000162    1.687494 ^ _484_/A2 (sky130_fd_sc_hd__a21o_1)
     4    0.012705    0.117398    0.184629    1.872123 ^ _484_/X (sky130_fd_sc_hd__a21o_1)
                                                         _413_ (net)
                      0.117398    0.000078    1.872200 ^ _493_/A1 (sky130_fd_sc_hd__a211oi_1)
     3    0.008058    0.086205    0.112005    1.984205 v _493_/Y (sky130_fd_sc_hd__a211oi_1)
                                                         _422_ (net)
                      0.086205    0.000092    1.984298 v _503_/D (sky130_fd_sc_hd__or4_1)
     3    0.007986    0.117507    0.453538    2.437836 v _503_/X (sky130_fd_sc_hd__or4_1)
                                                         _432_ (net)
                      0.117507    0.000065    2.437901 v _507_/A3 (sky130_fd_sc_hd__a31o_1)
     2    0.005913    0.050782    0.256186    2.694087 v _507_/X (sky130_fd_sc_hd__a31o_1)
                                                         _436_ (net)
                      0.050782    0.000062    2.694149 v _509_/A2 (sky130_fd_sc_hd__a211o_1)
     3    0.014540    0.099214    0.349043    3.043192 v _509_/X (sky130_fd_sc_hd__a211o_1)
                                                         _438_ (net)
                      0.099214    0.000133    3.043325 v _515_/A2 (sky130_fd_sc_hd__a21oi_4)
     8    0.037012    0.288664    0.305955    3.349280 ^ _515_/Y (sky130_fd_sc_hd__a21oi_4)
                                                         _444_ (net)
                      0.288666    0.000675    3.349954 ^ _524_/S (sky130_fd_sc_hd__mux2_1)
     2    0.007945    0.081059    0.389538    3.739493 v _524_/X (sky130_fd_sc_hd__mux2_1)
                                                         _453_ (net)
                      0.081059    0.000095    3.739588 v _539_/A2 (sky130_fd_sc_hd__a221o_1)
     3    0.009639    0.085262    0.396040    4.135628 v _539_/X (sky130_fd_sc_hd__a221o_1)
                                                         _010_ (net)
                      0.085262    0.000064    4.135692 v _544_/A3 (sky130_fd_sc_hd__a311o_1)
     5    0.015535    0.112674    0.428354    4.564046 v _544_/X (sky130_fd_sc_hd__a311o_1)
                                                         _015_ (net)
                      0.112674    0.000240    4.564286 v _571_/A1 (sky130_fd_sc_hd__a21o_1)
     4    0.011242    0.067363    0.215124    4.779411 v _571_/X (sky130_fd_sc_hd__a21o_1)
                                                         _042_ (net)
                      0.067363    0.000139    4.779550 v _574_/B (sky130_fd_sc_hd__and3_1)
     3    0.007123    0.055664    0.190077    4.969627 v _574_/X (sky130_fd_sc_hd__and3_1)
                                                         _045_ (net)
                      0.055664    0.000069    4.969697 v _585_/A (sky130_fd_sc_hd__or4_1)
     1    0.002466    0.079154    0.509340    5.479036 v _585_/X (sky130_fd_sc_hd__or4_1)
                                                         _056_ (net)
                      0.079154    0.000029    5.479066 v _586_/C (sky130_fd_sc_hd__or4b_1)
     1    0.008831    0.119770    0.526297    6.005363 v _586_/X (sky130_fd_sc_hd__or4b_1)
                                                         _057_ (net)
                      0.119770    0.000096    6.005459 v _590_/A2 (sky130_fd_sc_hd__a311oi_4)
     4    0.019377    0.346276    0.386091    6.391550 ^ _590_/Y (sky130_fd_sc_hd__a311oi_4)
                                                         _061_ (net)
                      0.346276    0.000345    6.391895 ^ max_cap30/A (sky130_fd_sc_hd__buf_6)
     5    0.025980    0.065220    0.180997    6.572892 ^ max_cap30/X (sky130_fd_sc_hd__buf_6)
                                                         net30 (net)
                      0.065220    0.000102    6.572994 ^ _619_/S (sky130_fd_sc_hd__mux2_2)
     5    0.021835    0.094970    0.392867    6.965861 v _619_/X (sky130_fd_sc_hd__mux2_2)
                                                         _090_ (net)
                      0.094970    0.000328    6.966189 v _623_/B1 (sky130_fd_sc_hd__o22a_1)
     2    0.005968    0.059362    0.210465    7.176654 v _623_/X (sky130_fd_sc_hd__o22a_1)
                                                         _094_ (net)
                      0.059362    0.000039    7.176692 v _624_/B (sky130_fd_sc_hd__or4bb_4)
     4    0.019696    0.113467    0.563725    7.740417 v _624_/X (sky130_fd_sc_hd__or4bb_4)
                                                         _095_ (net)
                      0.113467    0.000184    7.740601 v _628_/A1 (sky130_fd_sc_hd__a21oi_4)
     3    0.013662    0.145644    0.181166    7.921767 ^ _628_/Y (sky130_fd_sc_hd__a21oi_4)
                                                         _099_ (net)
                      0.145644    0.000130    7.921897 ^ fanout29/A (sky130_fd_sc_hd__clkbuf_4)
    10    0.041194    0.131962    0.236083    8.157980 ^ fanout29/X (sky130_fd_sc_hd__clkbuf_4)
                                                         net29 (net)
                      0.131962    0.000556    8.158536 ^ _665_/S (sky130_fd_sc_hd__mux2_1)
     3    0.008358    0.083249    0.370177    8.528713 v _665_/X (sky130_fd_sc_hd__mux2_1)
                                                         _136_ (net)
                      0.083249    0.000033    8.528746 v _669_/A2 (sky130_fd_sc_hd__a21o_1)
     1    0.003271    0.035164    0.188768    8.717514 v _669_/X (sky130_fd_sc_hd__a21o_1)
                                                         _140_ (net)
                      0.035164    0.000036    8.717549 v _671_/A2 (sky130_fd_sc_hd__o211a_1)
     1    0.002843    0.038596    0.195217    8.912766 v _671_/X (sky130_fd_sc_hd__o211a_1)
                                                         _142_ (net)
                      0.038596    0.000028    8.912794 v _672_/B2 (sky130_fd_sc_hd__o221a_1)
     1    0.003522    0.049543    0.203397    9.116192 v _672_/X (sky130_fd_sc_hd__o221a_1)
                                                         _143_ (net)
                      0.049543    0.000045    9.116237 v _675_/A2 (sky130_fd_sc_hd__o21a_1)
     1    0.002320    0.033607    0.160544    9.276780 v _675_/X (sky130_fd_sc_hd__o21a_1)
                                                         _146_ (net)
                      0.033607    0.000008    9.276789 v _679_/A1 (sky130_fd_sc_hd__o21a_1)
     1    0.006995    0.054418    0.195509    9.472298 v _679_/X (sky130_fd_sc_hd__o21a_1)
                                                         _150_ (net)
                      0.054418    0.000208    9.472506 v _700_/A (sky130_fd_sc_hd__or3_1)
     1    0.004278    0.073355    0.377287    9.849792 v _700_/X (sky130_fd_sc_hd__or3_1)
                                                         net21 (net)
                      0.073355    0.000073    9.849865 v output21/A (sky130_fd_sc_hd__buf_2)
     1    0.034336    0.089504    0.193145   10.043011 v output21/X (sky130_fd_sc_hd__buf_2)
                                                         op_out[0] (net)
                      0.089504    0.000391   10.043401 v op_out[0] (out)
                                             10.043401   data arrival time

                      0.000000   20.000000   20.000000   clock __VIRTUAL_CLK__ (rise edge)
                                  0.000000   20.000000   clock network delay (ideal)
                                 -0.250000   19.750002   clock uncertainty
                                  0.000000   19.750002   clock reconvergence pessimism
                                  0.000000   19.750002   output external delay
                                             19.750002   data required time
---------------------------------------------------------------------------------------------
                                             19.750002   data required time
                                            -10.043401   data arrival time
---------------------------------------------------------------------------------------------
                                              9.706600   slack (MET)


Startpoint: op_b[0] (input port clocked by __VIRTUAL_CLK__)
Endpoint: op_out[1] (output port clocked by __VIRTUAL_CLK__)
Path Group: __VIRTUAL_CLK__
Path Type: max

Fanout         Cap        Slew       Delay        Time   Description
---------------------------------------------------------------------------------------------
                      0.000000    0.000000    0.000000   clock __VIRTUAL_CLK__ (rise edge)
                                  0.000000    0.000000   clock network delay (ideal)
                                  0.000000    0.000000 ^ input external delay
     1    0.002931    0.020294    0.010755    0.010755 ^ op_b[0] (in)
                                                         op_b[0] (net)
                      0.020294    0.000000    0.010755 ^ input13/A (sky130_fd_sc_hd__clkbuf_2)
     4    0.023336    0.131848    0.158591    0.169345 ^ input13/X (sky130_fd_sc_hd__clkbuf_2)
                                                         net13 (net)
                      0.131848    0.000389    0.169734 ^ fanout66/A (sky130_fd_sc_hd__buf_2)
    10    0.046535    0.227775    0.268817    0.438552 ^ fanout66/X (sky130_fd_sc_hd__buf_2)
                                                         net66 (net)
                      0.227775    0.000119    0.438671 ^ fanout65/A (sky130_fd_sc_hd__buf_2)
    10    0.039536    0.195099    0.272403    0.711074 ^ fanout65/X (sky130_fd_sc_hd__buf_2)
                                                         net65 (net)
                      0.195101    0.001024    0.712098 ^ _458_/A (sky130_fd_sc_hd__inv_2)
     4    0.012878    0.060923    0.081208    0.793306 v _458_/Y (sky130_fd_sc_hd__inv_2)
                                                         _188_ (net)
                      0.060923    0.000069    0.793375 v fanout35/A (sky130_fd_sc_hd__clkbuf_4)
    10    0.040232    0.090131    0.198969    0.992344 v fanout35/X (sky130_fd_sc_hd__clkbuf_4)
                                                         net35 (net)
                      0.090136    0.000770    0.993114 v _472_/A1 (sky130_fd_sc_hd__o41ai_4)
     5    0.015655    0.359234    0.454823    1.447937 ^ _472_/Y (sky130_fd_sc_hd__o41ai_4)
                                                         _338_ (net)
                      0.359234    0.000120    1.448057 ^ _481_/A2 (sky130_fd_sc_hd__a211o_1)
     4    0.012207    0.115858    0.239275    1.687332 ^ _481_/X (sky130_fd_sc_hd__a211o_1)
                                                         _410_ (net)
                      0.115858    0.000162    1.687494 ^ _484_/A2 (sky130_fd_sc_hd__a21o_1)
     4    0.012705    0.117398    0.184629    1.872123 ^ _484_/X (sky130_fd_sc_hd__a21o_1)
                                                         _413_ (net)
                      0.117398    0.000078    1.872200 ^ _493_/A1 (sky130_fd_sc_hd__a211oi_1)
     3    0.008058    0.086205    0.112005    1.984205 v _493_/Y (sky130_fd_sc_hd__a211oi_1)
                                                         _422_ (net)
                      0.086205    0.000092    1.984298 v _503_/D (sky130_fd_sc_hd__or4_1)
     3    0.007986    0.117507    0.453538    2.437836 v _503_/X (sky130_fd_sc_hd__or4_1)
                                                         _432_ (net)
                      0.117507    0.000065    2.437901 v _507_/A3 (sky130_fd_sc_hd__a31o_1)
     2    0.005913    0.050782    0.256186    2.694087 v _507_/X (sky130_fd_sc_hd__a31o_1)
                                                         _436_ (net)
                      0.050782    0.000062    2.694149 v _509_/A2 (sky130_fd_sc_hd__a211o_1)
     3    0.014540    0.099214    0.349043    3.043192 v _509_/X (sky130_fd_sc_hd__a211o_1)
                                                         _438_ (net)
                      0.099214    0.000133    3.043325 v _515_/A2 (sky130_fd_sc_hd__a21oi_4)
     8    0.037012    0.288664    0.305955    3.349280 ^ _515_/Y (sky130_fd_sc_hd__a21oi_4)
                                                         _444_ (net)
                      0.288666    0.000675    3.349954 ^ _524_/S (sky130_fd_sc_hd__mux2_1)
     2    0.007945    0.081059    0.389538    3.739493 v _524_/X (sky130_fd_sc_hd__mux2_1)
                                                         _453_ (net)
                      0.081059    0.000095    3.739588 v _539_/A2 (sky130_fd_sc_hd__a221o_1)
     3    0.009639    0.085262    0.396040    4.135628 v _539_/X (sky130_fd_sc_hd__a221o_1)
                                                         _010_ (net)
                      0.085262    0.000064    4.135692 v _544_/A3 (sky130_fd_sc_hd__a311o_1)
     5    0.015535    0.112674    0.428354    4.564046 v _544_/X (sky130_fd_sc_hd__a311o_1)
                                                         _015_ (net)
                      0.112674    0.000240    4.564286 v _571_/A1 (sky130_fd_sc_hd__a21o_1)
     4    0.011242    0.067363    0.215124    4.779411 v _571_/X (sky130_fd_sc_hd__a21o_1)
                                                         _042_ (net)
                      0.067363    0.000139    4.779550 v _574_/B (sky130_fd_sc_hd__and3_1)
     3    0.007123    0.055664    0.190077    4.969627 v _574_/X (sky130_fd_sc_hd__and3_1)
                                                         _045_ (net)
                      0.055664    0.000069    4.969697 v _585_/A (sky130_fd_sc_hd__or4_1)
     1    0.002466    0.079154    0.509340    5.479036 v _585_/X (sky130_fd_sc_hd__or4_1)
                                                         _056_ (net)
                      0.079154    0.000029    5.479066 v _586_/C (sky130_fd_sc_hd__or4b_1)
     1    0.008831    0.119770    0.526297    6.005363 v _586_/X (sky130_fd_sc_hd__or4b_1)
                                                         _057_ (net)
                      0.119770    0.000096    6.005459 v _590_/A2 (sky130_fd_sc_hd__a311oi_4)
     4    0.019377    0.346276    0.386091    6.391550 ^ _590_/Y (sky130_fd_sc_hd__a311oi_4)
                                                         _061_ (net)
                      0.346276    0.000345    6.391895 ^ max_cap30/A (sky130_fd_sc_hd__buf_6)
     5    0.025980    0.065220    0.180997    6.572892 ^ max_cap30/X (sky130_fd_sc_hd__buf_6)
                                                         net30 (net)
                      0.065221    0.000399    6.573291 ^ _601_/S (sky130_fd_sc_hd__mux2_2)
     4    0.017758    0.085492    0.382159    6.955451 v _601_/X (sky130_fd_sc_hd__mux2_2)
                                                         _072_ (net)
                      0.085492    0.000097    6.955547 v _604_/B (sky130_fd_sc_hd__xnor2_2)
     4    0.011955    0.081483    0.167424    7.122972 v _604_/Y (sky130_fd_sc_hd__xnor2_2)
                                                         _075_ (net)
                      0.081483    0.000064    7.123036 v _608_/A1 (sky130_fd_sc_hd__a211oi_2)
     4    0.013245    0.295141    0.300636    7.423672 ^ _608_/Y (sky130_fd_sc_hd__a211oi_2)
                                                         _079_ (net)
                      0.295141    0.000164    7.423836 ^ _627_/A2 (sky130_fd_sc_hd__o31a_1)
     4    0.020705    0.219999    0.304778    7.728613 ^ _627_/X (sky130_fd_sc_hd__o31a_1)
                                                         _098_ (net)
                      0.219999    0.000153    7.728766 ^ _628_/A2 (sky130_fd_sc_hd__a21oi_4)
     3    0.012803    0.063355    0.098339    7.827106 v _628_/Y (sky130_fd_sc_hd__a21oi_4)
                                                         _099_ (net)
                      0.063355    0.000121    7.827226 v fanout29/A (sky130_fd_sc_hd__clkbuf_4)
    10    0.038722    0.087389    0.197817    8.025043 v fanout29/X (sky130_fd_sc_hd__clkbuf_4)
                                                         net29 (net)
                      0.087391    0.000557    8.025600 v _717_/A2 (sky130_fd_sc_hd__a22o_1)
     1    0.003763    0.044888    0.245617    8.271216 v _717_/X (sky130_fd_sc_hd__a22o_1)
                                                         _187_ (net)
                      0.044888    0.000065    8.271281 v _718_/B (sky130_fd_sc_hd__or2_1)
     1    0.002038    0.043750    0.195239    8.466521 v _718_/X (sky130_fd_sc_hd__or2_1)
                                                         net22 (net)
                      0.043750    0.000019    8.466539 v output22/A (sky130_fd_sc_hd__buf_2)
     1    0.034428    0.089748    0.180071    8.646611 v output22/X (sky130_fd_sc_hd__buf_2)
                                                         op_out[1] (net)
                      0.089749    0.000395    8.647006 v op_out[1] (out)
                                              8.647006   data arrival time

                      0.000000   20.000000   20.000000   clock __VIRTUAL_CLK__ (rise edge)
                                  0.000000   20.000000   clock network delay (ideal)
                                 -0.250000   19.750002   clock uncertainty
                                  0.000000   19.750002   clock reconvergence pessimism
                                  0.000000   19.750002   output external delay
                                             19.750002   data required time
---------------------------------------------------------------------------------------------
                                             19.750002   data required time
                                             -8.647006   data arrival time
---------------------------------------------------------------------------------------------
                                             11.102995   slack (MET)


Startpoint: op_b[0] (input port clocked by __VIRTUAL_CLK__)
Endpoint: op_out[2] (output port clocked by __VIRTUAL_CLK__)
Path Group: __VIRTUAL_CLK__
Path Type: max

Fanout         Cap        Slew       Delay        Time   Description
---------------------------------------------------------------------------------------------
                      0.000000    0.000000    0.000000   clock __VIRTUAL_CLK__ (rise edge)
                                  0.000000    0.000000   clock network delay (ideal)
                                  0.000000    0.000000 ^ input external delay
     1    0.002931    0.020294    0.010755    0.010755 ^ op_b[0] (in)
                                                         op_b[0] (net)
                      0.020294    0.000000    0.010755 ^ input13/A (sky130_fd_sc_hd__clkbuf_2)
     4    0.023336    0.131848    0.158591    0.169345 ^ input13/X (sky130_fd_sc_hd__clkbuf_2)
                                                         net13 (net)
                      0.131848    0.000389    0.169734 ^ fanout66/A (sky130_fd_sc_hd__buf_2)
    10    0.046535    0.227775    0.268817    0.438552 ^ fanout66/X (sky130_fd_sc_hd__buf_2)
                                                         net66 (net)
                      0.227775    0.000119    0.438671 ^ fanout65/A (sky130_fd_sc_hd__buf_2)
    10    0.039536    0.195099    0.272403    0.711074 ^ fanout65/X (sky130_fd_sc_hd__buf_2)
                                                         net65 (net)
                      0.195101    0.001024    0.712098 ^ _458_/A (sky130_fd_sc_hd__inv_2)
     4    0.012878    0.060923    0.081208    0.793306 v _458_/Y (sky130_fd_sc_hd__inv_2)
                                                         _188_ (net)
                      0.060923    0.000069    0.793375 v fanout35/A (sky130_fd_sc_hd__clkbuf_4)
    10    0.040232    0.090131    0.198969    0.992344 v fanout35/X (sky130_fd_sc_hd__clkbuf_4)
                                                         net35 (net)
                      0.090136    0.000770    0.993114 v _472_/A1 (sky130_fd_sc_hd__o41ai_4)
     5    0.015655    0.359234    0.454823    1.447937 ^ _472_/Y (sky130_fd_sc_hd__o41ai_4)
                                                         _338_ (net)
                      0.359234    0.000120    1.448057 ^ _481_/A2 (sky130_fd_sc_hd__a211o_1)
     4    0.012207    0.115858    0.239275    1.687332 ^ _481_/X (sky130_fd_sc_hd__a211o_1)
                                                         _410_ (net)
                      0.115858    0.000162    1.687494 ^ _484_/A2 (sky130_fd_sc_hd__a21o_1)
     4    0.012705    0.117398    0.184629    1.872123 ^ _484_/X (sky130_fd_sc_hd__a21o_1)
                                                         _413_ (net)
                      0.117398    0.000078    1.872200 ^ _493_/A1 (sky130_fd_sc_hd__a211oi_1)
     3    0.008058    0.086205    0.112005    1.984205 v _493_/Y (sky130_fd_sc_hd__a211oi_1)
                                                         _422_ (net)
                      0.086205    0.000092    1.984298 v _503_/D (sky130_fd_sc_hd__or4_1)
     3    0.007986    0.117507    0.453538    2.437836 v _503_/X (sky130_fd_sc_hd__or4_1)
                                                         _432_ (net)
                      0.117507    0.000065    2.437901 v _507_/A3 (sky130_fd_sc_hd__a31o_1)
     2    0.005913    0.050782    0.256186    2.694087 v _507_/X (sky130_fd_sc_hd__a31o_1)
                                                         _436_ (net)
                      0.050782    0.000062    2.694149 v _509_/A2 (sky130_fd_sc_hd__a211o_1)
     3    0.014540    0.099214    0.349043    3.043192 v _509_/X (sky130_fd_sc_hd__a211o_1)
                                                         _438_ (net)
                      0.099214    0.000133    3.043325 v _515_/A2 (sky130_fd_sc_hd__a21oi_4)
     8    0.037012    0.288664    0.305955    3.349280 ^ _515_/Y (sky130_fd_sc_hd__a21oi_4)
                                                         _444_ (net)
                      0.288666    0.000675    3.349954 ^ _524_/S (sky130_fd_sc_hd__mux2_1)
     2    0.007945    0.081059    0.389538    3.739493 v _524_/X (sky130_fd_sc_hd__mux2_1)
                                                         _453_ (net)
                      0.081059    0.000095    3.739588 v _539_/A2 (sky130_fd_sc_hd__a221o_1)
     3    0.009639    0.085262    0.396040    4.135628 v _539_/X (sky130_fd_sc_hd__a221o_1)
                                                         _010_ (net)
                      0.085262    0.000064    4.135692 v _544_/A3 (sky130_fd_sc_hd__a311o_1)
     5    0.015535    0.112674    0.428354    4.564046 v _544_/X (sky130_fd_sc_hd__a311o_1)
                                                         _015_ (net)
                      0.112674    0.000240    4.564286 v _571_/A1 (sky130_fd_sc_hd__a21o_1)
     4    0.011242    0.067363    0.215124    4.779411 v _571_/X (sky130_fd_sc_hd__a21o_1)
                                                         _042_ (net)
                      0.067363    0.000139    4.779550 v _574_/B (sky130_fd_sc_hd__and3_1)
     3    0.007123    0.055664    0.190077    4.969627 v _574_/X (sky130_fd_sc_hd__and3_1)
                                                         _045_ (net)
                      0.055664    0.000069    4.969697 v _585_/A (sky130_fd_sc_hd__or4_1)
     1    0.002466    0.079154    0.509340    5.479036 v _585_/X (sky130_fd_sc_hd__or4_1)
                                                         _056_ (net)
                      0.079154    0.000029    5.479066 v _586_/C (sky130_fd_sc_hd__or4b_1)
     1    0.008831    0.119770    0.526297    6.005363 v _586_/X (sky130_fd_sc_hd__or4b_1)
                                                         _057_ (net)
                      0.119770    0.000096    6.005459 v _590_/A2 (sky130_fd_sc_hd__a311oi_4)
     4    0.019377    0.346276    0.386091    6.391550 ^ _590_/Y (sky130_fd_sc_hd__a311oi_4)
                                                         _061_ (net)
                      0.346276    0.000345    6.391895 ^ max_cap30/A (sky130_fd_sc_hd__buf_6)
     5    0.025980    0.065220    0.180997    6.572892 ^ max_cap30/X (sky130_fd_sc_hd__buf_6)
                                                         net30 (net)
                      0.065222    0.000501    6.573393 ^ _740_/A2 (sky130_fd_sc_hd__a211o_1)
     1    0.004517    0.053721    0.128143    6.701536 ^ _740_/X (sky130_fd_sc_hd__a211o_1)
                                                         _212_ (net)
                      0.053721    0.000074    6.701611 ^ _741_/B1 (sky130_fd_sc_hd__a21o_1)
     1    0.002125    0.032935    0.074282    6.775892 ^ _741_/X (sky130_fd_sc_hd__a21o_1)
                                                         net23 (net)
                      0.032935    0.000019    6.775912 ^ output23/A (sky130_fd_sc_hd__buf_2)
     1    0.034298    0.170290    0.193642    6.969554 ^ output23/X (sky130_fd_sc_hd__buf_2)
                                                         op_out[2] (net)
                      0.170290    0.000379    6.969934 ^ op_out[2] (out)
                                              6.969934   data arrival time

                      0.000000   20.000000   20.000000   clock __VIRTUAL_CLK__ (rise edge)
                                  0.000000   20.000000   clock network delay (ideal)
                                 -0.250000   19.750002   clock uncertainty
                                  0.000000   19.750002   clock reconvergence pessimism
                                  0.000000   19.750002   output external delay
                                             19.750002   data required time
---------------------------------------------------------------------------------------------
                                             19.750002   data required time
                                             -6.969934   data arrival time
---------------------------------------------------------------------------------------------
                                             12.780068   slack (MET)


Startpoint: op_b[0] (input port clocked by __VIRTUAL_CLK__)
Endpoint: op_out[3] (output port clocked by __VIRTUAL_CLK__)
Path Group: __VIRTUAL_CLK__
Path Type: max

Fanout         Cap        Slew       Delay        Time   Description
---------------------------------------------------------------------------------------------
                      0.000000    0.000000    0.000000   clock __VIRTUAL_CLK__ (rise edge)
                                  0.000000    0.000000   clock network delay (ideal)
                                  0.000000    0.000000 ^ input external delay
     1    0.002931    0.020294    0.010755    0.010755 ^ op_b[0] (in)
                                                         op_b[0] (net)
                      0.020294    0.000000    0.010755 ^ input13/A (sky130_fd_sc_hd__clkbuf_2)
     4    0.023336    0.131848    0.158591    0.169345 ^ input13/X (sky130_fd_sc_hd__clkbuf_2)
                                                         net13 (net)
                      0.131848    0.000389    0.169734 ^ fanout66/A (sky130_fd_sc_hd__buf_2)
    10    0.046535    0.227775    0.268817    0.438552 ^ fanout66/X (sky130_fd_sc_hd__buf_2)
                                                         net66 (net)
                      0.227775    0.000119    0.438671 ^ fanout65/A (sky130_fd_sc_hd__buf_2)
    10    0.039536    0.195099    0.272403    0.711074 ^ fanout65/X (sky130_fd_sc_hd__buf_2)
                                                         net65 (net)
                      0.195101    0.001024    0.712098 ^ _458_/A (sky130_fd_sc_hd__inv_2)
     4    0.012878    0.060923    0.081208    0.793306 v _458_/Y (sky130_fd_sc_hd__inv_2)
                                                         _188_ (net)
                      0.060923    0.000069    0.793375 v fanout35/A (sky130_fd_sc_hd__clkbuf_4)
    10    0.040232    0.090131    0.198969    0.992344 v fanout35/X (sky130_fd_sc_hd__clkbuf_4)
                                                         net35 (net)
                      0.090136    0.000770    0.993114 v _472_/A1 (sky130_fd_sc_hd__o41ai_4)
     5    0.015655    0.359234    0.454823    1.447937 ^ _472_/Y (sky130_fd_sc_hd__o41ai_4)
                                                         _338_ (net)
                      0.359234    0.000120    1.448057 ^ _481_/A2 (sky130_fd_sc_hd__a211o_1)
     4    0.012207    0.115858    0.239275    1.687332 ^ _481_/X (sky130_fd_sc_hd__a211o_1)
                                                         _410_ (net)
                      0.115858    0.000162    1.687494 ^ _484_/A2 (sky130_fd_sc_hd__a21o_1)
     4    0.012705    0.117398    0.184629    1.872123 ^ _484_/X (sky130_fd_sc_hd__a21o_1)
                                                         _413_ (net)
                      0.117398    0.000078    1.872200 ^ _493_/A1 (sky130_fd_sc_hd__a211oi_1)
     3    0.008058    0.086205    0.112005    1.984205 v _493_/Y (sky130_fd_sc_hd__a211oi_1)
                                                         _422_ (net)
                      0.086205    0.000092    1.984298 v _503_/D (sky130_fd_sc_hd__or4_1)
     3    0.007986    0.117507    0.453538    2.437836 v _503_/X (sky130_fd_sc_hd__or4_1)
                                                         _432_ (net)
                      0.117507    0.000065    2.437901 v _507_/A3 (sky130_fd_sc_hd__a31o_1)
     2    0.005913    0.050782    0.256186    2.694087 v _507_/X (sky130_fd_sc_hd__a31o_1)
                                                         _436_ (net)
                      0.050782    0.000062    2.694149 v _509_/A2 (sky130_fd_sc_hd__a211o_1)
     3    0.014540    0.099214    0.349043    3.043192 v _509_/X (sky130_fd_sc_hd__a211o_1)
                                                         _438_ (net)
                      0.099214    0.000133    3.043325 v _515_/A2 (sky130_fd_sc_hd__a21oi_4)
     8    0.037012    0.288664    0.305955    3.349280 ^ _515_/Y (sky130_fd_sc_hd__a21oi_4)
                                                         _444_ (net)
                      0.288666    0.000675    3.349954 ^ _524_/S (sky130_fd_sc_hd__mux2_1)
     2    0.007945    0.081059    0.389538    3.739493 v _524_/X (sky130_fd_sc_hd__mux2_1)
                                                         _453_ (net)
                      0.081059    0.000095    3.739588 v _539_/A2 (sky130_fd_sc_hd__a221o_1)
     3    0.009639    0.085262    0.396040    4.135628 v _539_/X (sky130_fd_sc_hd__a221o_1)
                                                         _010_ (net)
                      0.085262    0.000058    4.135686 v _543_/A3 (sky130_fd_sc_hd__a311oi_2)
     4    0.012298    0.324809    0.378538    4.514225 ^ _543_/Y (sky130_fd_sc_hd__a311oi_2)
                                                         _014_ (net)
                      0.324809    0.000201    4.514426 ^ _548_/A (sky130_fd_sc_hd__nor2_1)
     2    0.017254    0.127253    0.176715    4.691141 v _548_/Y (sky130_fd_sc_hd__nor2_1)
                                                         _019_ (net)
                      0.127253    0.000552    4.691692 v _769_/A2 (sky130_fd_sc_hd__a211o_1)
     1    0.002113    0.043477    0.307803    4.999495 v _769_/X (sky130_fd_sc_hd__a211o_1)
                                                         _243_ (net)
                      0.043477    0.000022    4.999517 v _770_/A_N (sky130_fd_sc_hd__nand2b_1)
     1    0.001960    0.036544    0.128655    5.128172 v _770_/Y (sky130_fd_sc_hd__nand2b_1)
                                                         net24 (net)
                      0.036544    0.000017    5.128190 v output24/A (sky130_fd_sc_hd__buf_2)
     1    0.034394    0.089726    0.176903    5.305092 v output24/X (sky130_fd_sc_hd__buf_2)
                                                         op_out[3] (net)
                      0.089727    0.000395    5.305488 v op_out[3] (out)
                                              5.305488   data arrival time

                      0.000000   20.000000   20.000000   clock __VIRTUAL_CLK__ (rise edge)
                                  0.000000   20.000000   clock network delay (ideal)
                                 -0.250000   19.750002   clock uncertainty
                                  0.000000   19.750002   clock reconvergence pessimism
                                  0.000000   19.750002   output external delay
                                             19.750002   data required time
---------------------------------------------------------------------------------------------
                                             19.750002   data required time
                                             -5.305488   data arrival time
---------------------------------------------------------------------------------------------
                                             14.444513   slack (MET)


Startpoint: op_b[0] (input port clocked by __VIRTUAL_CLK__)
Endpoint: op_out[5] (output port clocked by __VIRTUAL_CLK__)
Path Group: __VIRTUAL_CLK__
Path Type: max

Fanout         Cap        Slew       Delay        Time   Description
---------------------------------------------------------------------------------------------
                      0.000000    0.000000    0.000000   clock __VIRTUAL_CLK__ (rise edge)
                                  0.000000    0.000000   clock network delay (ideal)
                                  0.000000    0.000000 ^ input external delay
     1    0.002931    0.020294    0.010755    0.010755 ^ op_b[0] (in)
                                                         op_b[0] (net)
                      0.020294    0.000000    0.010755 ^ input13/A (sky130_fd_sc_hd__clkbuf_2)
     4    0.023336    0.131848    0.158591    0.169345 ^ input13/X (sky130_fd_sc_hd__clkbuf_2)
                                                         net13 (net)
                      0.131848    0.000389    0.169734 ^ fanout66/A (sky130_fd_sc_hd__buf_2)
    10    0.046535    0.227775    0.268817    0.438552 ^ fanout66/X (sky130_fd_sc_hd__buf_2)
                                                         net66 (net)
                      0.227775    0.000119    0.438671 ^ fanout65/A (sky130_fd_sc_hd__buf_2)
    10    0.039536    0.195099    0.272403    0.711074 ^ fanout65/X (sky130_fd_sc_hd__buf_2)
                                                         net65 (net)
                      0.195101    0.001024    0.712098 ^ _458_/A (sky130_fd_sc_hd__inv_2)
     4    0.012878    0.060923    0.081208    0.793306 v _458_/Y (sky130_fd_sc_hd__inv_2)
                                                         _188_ (net)
                      0.060923    0.000069    0.793375 v fanout35/A (sky130_fd_sc_hd__clkbuf_4)
    10    0.040232    0.090131    0.198969    0.992344 v fanout35/X (sky130_fd_sc_hd__clkbuf_4)
                                                         net35 (net)
                      0.090131    0.000271    0.992615 v _536_/A (sky130_fd_sc_hd__nor2_1)
     4    0.015059    0.278474    0.263950    1.256565 ^ _536_/Y (sky130_fd_sc_hd__nor2_1)
                                                         _007_ (net)
                      0.278474    0.000131    1.256696 ^ _780_/C (sky130_fd_sc_hd__and3_1)
     2    0.010805    0.119969    0.254099    1.510795 ^ _780_/X (sky130_fd_sc_hd__and3_1)
                                                         _254_ (net)
                      0.119969    0.000108    1.510903 ^ _781_/B1 (sky130_fd_sc_hd__a21oi_2)
     2    0.012303    0.065859    0.067107    1.578010 v _781_/Y (sky130_fd_sc_hd__a21oi_2)
                                                         _255_ (net)
                      0.065859    0.000036    1.578046 v _805_/A3 (sky130_fd_sc_hd__a31oi_2)
     2    0.008412    0.179046    0.222879    1.800925 ^ _805_/Y (sky130_fd_sc_hd__a31oi_2)
                                                         _280_ (net)
                      0.179046    0.000107    1.801032 ^ _813_/A (sky130_fd_sc_hd__xnor2_1)
     2    0.006054    0.177939    0.162005    1.963037 ^ _813_/Y (sky130_fd_sc_hd__xnor2_1)
                                                         _289_ (net)
                      0.177939    0.000082    1.963119 ^ _814_/B (sky130_fd_sc_hd__or2_1)
     1    0.002487    0.040074    0.122177    2.085296 ^ _814_/X (sky130_fd_sc_hd__or2_1)
                                                         _290_ (net)
                      0.040074    0.000009    2.085305 ^ _816_/A (sky130_fd_sc_hd__nand2_1)
     2    0.006390    0.055747    0.061146    2.146451 v _816_/Y (sky130_fd_sc_hd__nand2_1)
                                                         _292_ (net)
                      0.055747    0.000119    2.146570 v _817_/C (sky130_fd_sc_hd__and3_1)
     1    0.003745    0.041071    0.183627    2.330197 v _817_/X (sky130_fd_sc_hd__and3_1)
                                                         _293_ (net)
                      0.041071    0.000050    2.330248 v _819_/A (sky130_fd_sc_hd__nor2_1)
     2    0.007977    0.165048    0.158781    2.489029 ^ _819_/Y (sky130_fd_sc_hd__nor2_1)
                                                         _296_ (net)
                      0.165048    0.000034    2.489064 ^ _820_/B (sky130_fd_sc_hd__xnor2_1)
     2    0.005322    0.163728    0.154698    2.643761 ^ _820_/Y (sky130_fd_sc_hd__xnor2_1)
                                                         _297_ (net)
                      0.163728    0.000069    2.643831 ^ _821_/B (sky130_fd_sc_hd__or2_1)
     3    0.015253    0.149650    0.201805    2.845636 ^ _821_/X (sky130_fd_sc_hd__or2_1)
                                                         _298_ (net)
                      0.149650    0.000050    2.845685 ^ _824_/A (sky130_fd_sc_hd__nand2_1)
     3    0.008184    0.079503    0.104822    2.950507 v _824_/Y (sky130_fd_sc_hd__nand2_1)
                                                         _301_ (net)
                      0.079503    0.000059    2.950566 v _827_/A2 (sky130_fd_sc_hd__o21a_1)
     1    0.002533    0.033513    0.173994    3.124560 v _827_/X (sky130_fd_sc_hd__o21a_1)
                                                         _304_ (net)
                      0.033513    0.000022    3.124582 v _840_/B2 (sky130_fd_sc_hd__a221o_1)
     1    0.005778    0.067085    0.328538    3.453120 v _840_/X (sky130_fd_sc_hd__a221o_1)
                                                         _319_ (net)
                      0.067085    0.000103    3.453224 v _842_/B (sky130_fd_sc_hd__or3_1)
     1    0.005153    0.077824    0.365003    3.818227 v _842_/X (sky130_fd_sc_hd__or3_1)
                                                         net26 (net)
                      0.077824    0.000118    3.818345 v output26/A (sky130_fd_sc_hd__buf_2)
     1    0.034341    0.089519    0.195187    4.013532 v output26/X (sky130_fd_sc_hd__buf_2)
                                                         op_out[5] (net)
                      0.089520    0.000391    4.013924 v op_out[5] (out)
                                              4.013924   data arrival time

                      0.000000   20.000000   20.000000   clock __VIRTUAL_CLK__ (rise edge)
                                  0.000000   20.000000   clock network delay (ideal)
                                 -0.250000   19.750002   clock uncertainty
                                  0.000000   19.750002   clock reconvergence pessimism
                                  0.000000   19.750002   output external delay
                                             19.750002   data required time
---------------------------------------------------------------------------------------------
                                             19.750002   data required time
                                             -4.013924   data arrival time
---------------------------------------------------------------------------------------------
                                             15.736077   slack (MET)


Startpoint: op_b[0] (input port clocked by __VIRTUAL_CLK__)
Endpoint: op_out[7] (output port clocked by __VIRTUAL_CLK__)
Path Group: __VIRTUAL_CLK__
Path Type: max

Fanout         Cap        Slew       Delay        Time   Description
---------------------------------------------------------------------------------------------
                      0.000000    0.000000    0.000000   clock __VIRTUAL_CLK__ (rise edge)
                                  0.000000    0.000000   clock network delay (ideal)
                                  0.000000    0.000000 ^ input external delay
     1    0.002931    0.020294    0.010755    0.010755 ^ op_b[0] (in)
                                                         op_b[0] (net)
                      0.020294    0.000000    0.010755 ^ input13/A (sky130_fd_sc_hd__clkbuf_2)
     4    0.023336    0.131848    0.158591    0.169345 ^ input13/X (sky130_fd_sc_hd__clkbuf_2)
                                                         net13 (net)
                      0.131848    0.000389    0.169734 ^ fanout66/A (sky130_fd_sc_hd__buf_2)
    10    0.046535    0.227775    0.268817    0.438552 ^ fanout66/X (sky130_fd_sc_hd__buf_2)
                                                         net66 (net)
                      0.227775    0.000119    0.438671 ^ fanout65/A (sky130_fd_sc_hd__buf_2)
    10    0.039536    0.195099    0.272403    0.711074 ^ fanout65/X (sky130_fd_sc_hd__buf_2)
                                                         net65 (net)
                      0.195101    0.001024    0.712098 ^ _458_/A (sky130_fd_sc_hd__inv_2)
     4    0.012878    0.060923    0.081208    0.793306 v _458_/Y (sky130_fd_sc_hd__inv_2)
                                                         _188_ (net)
                      0.060923    0.000069    0.793375 v fanout35/A (sky130_fd_sc_hd__clkbuf_4)
    10    0.040232    0.090131    0.198969    0.992344 v fanout35/X (sky130_fd_sc_hd__clkbuf_4)
                                                         net35 (net)
                      0.090131    0.000271    0.992615 v _536_/A (sky130_fd_sc_hd__nor2_1)
     4    0.015059    0.278474    0.263950    1.256565 ^ _536_/Y (sky130_fd_sc_hd__nor2_1)
                                                         _007_ (net)
                      0.278474    0.000131    1.256696 ^ _780_/C (sky130_fd_sc_hd__and3_1)
     2    0.010805    0.119969    0.254099    1.510795 ^ _780_/X (sky130_fd_sc_hd__and3_1)
                                                         _254_ (net)
                      0.119969    0.000108    1.510903 ^ _781_/B1 (sky130_fd_sc_hd__a21oi_2)
     2    0.012303    0.065859    0.067107    1.578010 v _781_/Y (sky130_fd_sc_hd__a21oi_2)
                                                         _255_ (net)
                      0.065859    0.000036    1.578046 v _805_/A3 (sky130_fd_sc_hd__a31oi_2)
     2    0.008412    0.179046    0.222879    1.800925 ^ _805_/Y (sky130_fd_sc_hd__a31oi_2)
                                                         _280_ (net)
                      0.179046    0.000107    1.801032 ^ _813_/A (sky130_fd_sc_hd__xnor2_1)
     2    0.006054    0.177939    0.162005    1.963037 ^ _813_/Y (sky130_fd_sc_hd__xnor2_1)
                                                         _289_ (net)
                      0.177939    0.000082    1.963119 ^ _814_/B (sky130_fd_sc_hd__or2_1)
     1    0.002487    0.040074    0.122177    2.085296 ^ _814_/X (sky130_fd_sc_hd__or2_1)
                                                         _290_ (net)
                      0.040074    0.000009    2.085305 ^ _816_/A (sky130_fd_sc_hd__nand2_1)
     2    0.006390    0.055747    0.061146    2.146451 v _816_/Y (sky130_fd_sc_hd__nand2_1)
                                                         _292_ (net)
                      0.055747    0.000119    2.146570 v _817_/C (sky130_fd_sc_hd__and3_1)
     1    0.003745    0.041071    0.183627    2.330197 v _817_/X (sky130_fd_sc_hd__and3_1)
                                                         _293_ (net)
                      0.041071    0.000050    2.330248 v _819_/A (sky130_fd_sc_hd__nor2_1)
     2    0.007977    0.165048    0.158781    2.489029 ^ _819_/Y (sky130_fd_sc_hd__nor2_1)
                                                         _296_ (net)
                      0.165048    0.000034    2.489064 ^ _820_/B (sky130_fd_sc_hd__xnor2_1)
     2    0.005322    0.163728    0.154698    2.643761 ^ _820_/Y (sky130_fd_sc_hd__xnor2_1)
                                                         _297_ (net)
                      0.163728    0.000069    2.643831 ^ _821_/B (sky130_fd_sc_hd__or2_1)
     3    0.015253    0.149650    0.201805    2.845636 ^ _821_/X (sky130_fd_sc_hd__or2_1)
                                                         _298_ (net)
                      0.149650    0.000050    2.845685 ^ _824_/A (sky130_fd_sc_hd__nand2_1)
     3    0.008184    0.079503    0.104822    2.950507 v _824_/Y (sky130_fd_sc_hd__nand2_1)
                                                         _301_ (net)
                      0.079503    0.000024    2.950531 v _826_/B (sky130_fd_sc_hd__nor2_1)
     3    0.010097    0.195684    0.184260    3.134791 ^ _826_/Y (sky130_fd_sc_hd__nor2_1)
                                                         _303_ (net)
                      0.195684    0.000150    3.134941 ^ _892_/A2 (sky130_fd_sc_hd__o21ai_1)
     2    0.005233    0.087367    0.099649    3.234589 v _892_/Y (sky130_fd_sc_hd__o21ai_1)
                                                         _374_ (net)
                      0.087367    0.000057    3.234646 v _917_/A (sky130_fd_sc_hd__or2_1)
     1    0.003317    0.050958    0.239693    3.474339 v _917_/X (sky130_fd_sc_hd__or2_1)
                                                         _401_ (net)
                      0.050958    0.000040    3.474379 v _923_/A2 (sky130_fd_sc_hd__a311o_1)
     1    0.002722    0.052433    0.303906    3.778285 v _923_/X (sky130_fd_sc_hd__a311o_1)
                                                         net28 (net)
                      0.052433    0.000032    3.778317 v output28/A (sky130_fd_sc_hd__buf_2)
     1    0.033907    0.088463    0.183025    3.961342 v output28/X (sky130_fd_sc_hd__buf_2)
                                                         op_out[7] (net)
                      0.088463    0.000165    3.961507 v op_out[7] (out)
                                              3.961507   data arrival time

                      0.000000   20.000000   20.000000   clock __VIRTUAL_CLK__ (rise edge)
                                  0.000000   20.000000   clock network delay (ideal)
                                 -0.250000   19.750002   clock uncertainty
                                  0.000000   19.750002   clock reconvergence pessimism
                                  0.000000   19.750002   output external delay
                                             19.750002   data required time
---------------------------------------------------------------------------------------------
                                             19.750002   data required time
                                             -3.961507   data arrival time
---------------------------------------------------------------------------------------------
                                             15.788494   slack (MET)


Startpoint: op_b[0] (input port clocked by __VIRTUAL_CLK__)
Endpoint: op_out[4] (output port clocked by __VIRTUAL_CLK__)
Path Group: __VIRTUAL_CLK__
Path Type: max

Fanout         Cap        Slew       Delay        Time   Description
---------------------------------------------------------------------------------------------
                      0.000000    0.000000    0.000000   clock __VIRTUAL_CLK__ (rise edge)
                                  0.000000    0.000000   clock network delay (ideal)
                                  0.000000    0.000000 ^ input external delay
     1    0.002931    0.020294    0.010755    0.010755 ^ op_b[0] (in)
                                                         op_b[0] (net)
                      0.020294    0.000000    0.010755 ^ input13/A (sky130_fd_sc_hd__clkbuf_2)
     4    0.023336    0.131848    0.158591    0.169345 ^ input13/X (sky130_fd_sc_hd__clkbuf_2)
                                                         net13 (net)
                      0.131848    0.000389    0.169734 ^ fanout66/A (sky130_fd_sc_hd__buf_2)
    10    0.046535    0.227775    0.268817    0.438552 ^ fanout66/X (sky130_fd_sc_hd__buf_2)
                                                         net66 (net)
                      0.227775    0.000119    0.438671 ^ fanout65/A (sky130_fd_sc_hd__buf_2)
    10    0.039536    0.195099    0.272403    0.711074 ^ fanout65/X (sky130_fd_sc_hd__buf_2)
                                                         net65 (net)
                      0.195101    0.001024    0.712098 ^ _458_/A (sky130_fd_sc_hd__inv_2)
     4    0.012878    0.060923    0.081208    0.793306 v _458_/Y (sky130_fd_sc_hd__inv_2)
                                                         _188_ (net)
                      0.060923    0.000069    0.793375 v fanout35/A (sky130_fd_sc_hd__clkbuf_4)
    10    0.040232    0.090131    0.198969    0.992344 v fanout35/X (sky130_fd_sc_hd__clkbuf_4)
                                                         net35 (net)
                      0.090136    0.000770    0.993114 v _472_/A1 (sky130_fd_sc_hd__o41ai_4)
     5    0.015655    0.359234    0.454823    1.447937 ^ _472_/Y (sky130_fd_sc_hd__o41ai_4)
                                                         _338_ (net)
                      0.359234    0.000120    1.448057 ^ _481_/A2 (sky130_fd_sc_hd__a211o_1)
     4    0.012207    0.115858    0.239275    1.687332 ^ _481_/X (sky130_fd_sc_hd__a211o_1)
                                                         _410_ (net)
                      0.115858    0.000162    1.687494 ^ _484_/A2 (sky130_fd_sc_hd__a21o_1)
     4    0.012705    0.117398    0.184629    1.872123 ^ _484_/X (sky130_fd_sc_hd__a21o_1)
                                                         _413_ (net)
                      0.117398    0.000078    1.872200 ^ _493_/A1 (sky130_fd_sc_hd__a211oi_1)
     3    0.008058    0.086205    0.112005    1.984205 v _493_/Y (sky130_fd_sc_hd__a211oi_1)
                                                         _422_ (net)
                      0.086205    0.000092    1.984298 v _503_/D (sky130_fd_sc_hd__or4_1)
     3    0.007986    0.117507    0.453538    2.437836 v _503_/X (sky130_fd_sc_hd__or4_1)
                                                         _432_ (net)
                      0.117507    0.000065    2.437901 v _507_/A3 (sky130_fd_sc_hd__a31o_1)
     2    0.005913    0.050782    0.256186    2.694087 v _507_/X (sky130_fd_sc_hd__a31o_1)
                                                         _436_ (net)
                      0.050782    0.000062    2.694149 v _509_/A2 (sky130_fd_sc_hd__a211o_1)
     3    0.014540    0.099214    0.349043    3.043192 v _509_/X (sky130_fd_sc_hd__a211o_1)
                                                         _438_ (net)
                      0.099214    0.000133    3.043325 v _515_/A2 (sky130_fd_sc_hd__a21oi_4)
     8    0.037012    0.288664    0.305955    3.349280 ^ _515_/Y (sky130_fd_sc_hd__a21oi_4)
                                                         _444_ (net)
                      0.288667    0.000787    3.350066 ^ _797_/A2 (sky130_fd_sc_hd__a211oi_1)
     1    0.004077    0.085175    0.131996    3.482062 v _797_/Y (sky130_fd_sc_hd__a211oi_1)
                                                         _272_ (net)
                      0.085175    0.000062    3.482125 v _798_/B1 (sky130_fd_sc_hd__o31ai_1)
     1    0.004557    0.235665    0.090396    3.572521 ^ _798_/Y (sky130_fd_sc_hd__o31ai_1)
                                                         net25 (net)
                      0.235665    0.000089    3.572610 ^ output25/A (sky130_fd_sc_hd__buf_2)
     1    0.034339    0.171018    0.257672    3.830282 ^ output25/X (sky130_fd_sc_hd__buf_2)
                                                         op_out[4] (net)
                      0.171018    0.000391    3.830673 ^ op_out[4] (out)
                                              3.830673   data arrival time

                      0.000000   20.000000   20.000000   clock __VIRTUAL_CLK__ (rise edge)
                                  0.000000   20.000000   clock network delay (ideal)
                                 -0.250000   19.750002   clock uncertainty
                                  0.000000   19.750002   clock reconvergence pessimism
                                  0.000000   19.750002   output external delay
                                             19.750002   data required time
---------------------------------------------------------------------------------------------
                                             19.750002   data required time
                                             -3.830673   data arrival time
---------------------------------------------------------------------------------------------
                                             15.919329   slack (MET)


Startpoint: op_b[0] (input port clocked by __VIRTUAL_CLK__)
Endpoint: op_out[6] (output port clocked by __VIRTUAL_CLK__)
Path Group: __VIRTUAL_CLK__
Path Type: max

Fanout         Cap        Slew       Delay        Time   Description
---------------------------------------------------------------------------------------------
                      0.000000    0.000000    0.000000   clock __VIRTUAL_CLK__ (rise edge)
                                  0.000000    0.000000   clock network delay (ideal)
                                  0.000000    0.000000 ^ input external delay
     1    0.002931    0.020294    0.010755    0.010755 ^ op_b[0] (in)
                                                         op_b[0] (net)
                      0.020294    0.000000    0.010755 ^ input13/A (sky130_fd_sc_hd__clkbuf_2)
     4    0.023336    0.131848    0.158591    0.169345 ^ input13/X (sky130_fd_sc_hd__clkbuf_2)
                                                         net13 (net)
                      0.131848    0.000389    0.169734 ^ fanout66/A (sky130_fd_sc_hd__buf_2)
    10    0.046535    0.227775    0.268817    0.438552 ^ fanout66/X (sky130_fd_sc_hd__buf_2)
                                                         net66 (net)
                      0.227775    0.000119    0.438671 ^ fanout65/A (sky130_fd_sc_hd__buf_2)
    10    0.039536    0.195099    0.272403    0.711074 ^ fanout65/X (sky130_fd_sc_hd__buf_2)
                                                         net65 (net)
                      0.195101    0.001024    0.712098 ^ _458_/A (sky130_fd_sc_hd__inv_2)
     4    0.012878    0.060923    0.081208    0.793306 v _458_/Y (sky130_fd_sc_hd__inv_2)
                                                         _188_ (net)
                      0.060923    0.000069    0.793375 v fanout35/A (sky130_fd_sc_hd__clkbuf_4)
    10    0.040232    0.090131    0.198969    0.992344 v fanout35/X (sky130_fd_sc_hd__clkbuf_4)
                                                         net35 (net)
                      0.090131    0.000271    0.992615 v _536_/A (sky130_fd_sc_hd__nor2_1)
     4    0.015059    0.278474    0.263950    1.256565 ^ _536_/Y (sky130_fd_sc_hd__nor2_1)
                                                         _007_ (net)
                      0.278474    0.000131    1.256696 ^ _780_/C (sky130_fd_sc_hd__and3_1)
     2    0.010805    0.119969    0.254099    1.510795 ^ _780_/X (sky130_fd_sc_hd__and3_1)
                                                         _254_ (net)
                      0.119969    0.000108    1.510903 ^ _781_/B1 (sky130_fd_sc_hd__a21oi_2)
     2    0.012303    0.065859    0.067107    1.578010 v _781_/Y (sky130_fd_sc_hd__a21oi_2)
                                                         _255_ (net)
                      0.065859    0.000036    1.578046 v _805_/A3 (sky130_fd_sc_hd__a31oi_2)
     2    0.008412    0.179046    0.222879    1.800925 ^ _805_/Y (sky130_fd_sc_hd__a31oi_2)
                                                         _280_ (net)
                      0.179046    0.000107    1.801032 ^ _813_/A (sky130_fd_sc_hd__xnor2_1)
     2    0.006054    0.177939    0.162005    1.963037 ^ _813_/Y (sky130_fd_sc_hd__xnor2_1)
                                                         _289_ (net)
                      0.177939    0.000082    1.963119 ^ _814_/B (sky130_fd_sc_hd__or2_1)
     1    0.002487    0.040074    0.122177    2.085296 ^ _814_/X (sky130_fd_sc_hd__or2_1)
                                                         _290_ (net)
                      0.040074    0.000009    2.085305 ^ _816_/A (sky130_fd_sc_hd__nand2_1)
     2    0.006390    0.055747    0.061146    2.146451 v _816_/Y (sky130_fd_sc_hd__nand2_1)
                                                         _292_ (net)
                      0.055747    0.000119    2.146570 v _817_/C (sky130_fd_sc_hd__and3_1)
     1    0.003745    0.041071    0.183627    2.330197 v _817_/X (sky130_fd_sc_hd__and3_1)
                                                         _293_ (net)
                      0.041071    0.000050    2.330248 v _819_/A (sky130_fd_sc_hd__nor2_1)
     2    0.007977    0.165048    0.158781    2.489029 ^ _819_/Y (sky130_fd_sc_hd__nor2_1)
                                                         _296_ (net)
                      0.165048    0.000034    2.489064 ^ _820_/B (sky130_fd_sc_hd__xnor2_1)
     2    0.004939    0.060090    0.097843    2.586907 v _820_/Y (sky130_fd_sc_hd__xnor2_1)
                                                         _297_ (net)
                      0.060090    0.000064    2.586971 v _821_/B (sky130_fd_sc_hd__or2_1)
     3    0.014428    0.098501    0.267795    2.854765 v _821_/X (sky130_fd_sc_hd__or2_1)
                                                         _298_ (net)
                      0.098501    0.000047    2.854813 v _824_/A (sky130_fd_sc_hd__nand2_1)
     3    0.008987    0.094986    0.116361    2.971174 ^ _824_/Y (sky130_fd_sc_hd__nand2_1)
                                                         _301_ (net)
                      0.094986    0.000026    2.971200 ^ _826_/B (sky130_fd_sc_hd__nor2_1)
     3    0.009516    0.060920    0.075610    3.046811 v _826_/Y (sky130_fd_sc_hd__nor2_1)
                                                         _303_ (net)
                      0.060920    0.000105    3.046916 v _878_/A (sky130_fd_sc_hd__or2_1)
     1    0.002949    0.048654    0.226993    3.273909 v _878_/X (sky130_fd_sc_hd__or2_1)
                                                         _359_ (net)
                      0.048654    0.000031    3.273940 v _885_/A2 (sky130_fd_sc_hd__a31o_1)
     1    0.002563    0.035586    0.197907    3.471847 v _885_/X (sky130_fd_sc_hd__a31o_1)
                                                         net27 (net)
                      0.035586    0.000028    3.471875 v output27/A (sky130_fd_sc_hd__buf_2)
     1    0.034259    0.089376    0.176355    3.648231 v output27/X (sky130_fd_sc_hd__buf_2)
                                                         op_out[6] (net)
                      0.089376    0.000249    3.648480 v op_out[6] (out)
                                              3.648480   data arrival time

                      0.000000   20.000000   20.000000   clock __VIRTUAL_CLK__ (rise edge)
                                  0.000000   20.000000   clock network delay (ideal)
                                 -0.250000   19.750002   clock uncertainty
                                  0.000000   19.750002   clock reconvergence pessimism
                                  0.000000   19.750002   output external delay
                                             19.750002   data required time
---------------------------------------------------------------------------------------------
                                             19.750002   data required time
                                             -3.648480   data arrival time
---------------------------------------------------------------------------------------------
                                             16.101521   slack (MET)



