Reading timing models for corner nom_ss_100C_1v60…
Reading cell library for the 'nom_ss_100C_1v60' corner at '/home/letienthanh/.volare/volare/sky130/versions/0fe599b2afb6708d281543108caf8310912f54af/sky130A/libs.ref/sky130_fd_sc_hd/lib/sky130_fd_sc_hd__ss_100C_1v60.lib'…
Reading top-level netlist at '/home/letienthanh/8bitalu/runs/RUN_2026-08-05_15-55-13/06-yosys-synthesis/alu8bit.nl.v'…
Linking design 'alu8bit' from netlist…
Reading design constraints file at '/home/letienthanh/8bitalu/constraints/alu.sdc'…
[INFO] No information on clock propagation in input SDC file-- unpropagating all clocks.
%OL_CREATE_REPORT min.rpt

===========================================================================
report_checks -path_delay min (Hold)
============================================================================
======================= nom_ss_100C_1v60 Corner ===================================

Startpoint: op_a[6] (input port clocked by virtual_clk)
Endpoint: op_out[7] (output port clocked by virtual_clk)
Path Group: virtual_clk
Path Type: min

Fanout         Cap        Slew       Delay        Time   Description
---------------------------------------------------------------------------------------------
                      0.000000    0.000000    0.000000   clock virtual_clk (rise edge)
                                  0.000000    0.000000   clock network delay (ideal)
                                  2.000000    2.000000 ^ input external delay
    16    0.052642    0.000000    0.000000    2.000000 ^ op_a[6] (in)
                                                         op_a[6] (net)
                      0.000000    0.000000    2.000000 ^ _922_/A1 (sky130_fd_sc_hd__a211o_2)
     1    0.002427    0.044037    0.202912    2.202912 ^ _922_/X (sky130_fd_sc_hd__a211o_2)
                                                         _407_ (net)
                      0.044037    0.000000    2.202912 ^ _923_/B1 (sky130_fd_sc_hd__a311o_2)
     1    0.000000    0.030994    0.135603    2.338515 ^ _923_/X (sky130_fd_sc_hd__a311o_2)
                                                         op_out[7] (net)
                      0.030994    0.000000    2.338515 ^ op_out[7] (out)
                                              2.338515   data arrival time

                      0.000000    0.000000    0.000000   clock virtual_clk (rise edge)
                                  0.000000    0.000000   clock network delay (ideal)
                                  0.000000    0.000000   clock reconvergence pessimism
                                 -2.000000   -2.000000   output external delay
                                             -2.000000   data required time
---------------------------------------------------------------------------------------------
                                             -2.000000   data required time
                                             -2.338515   data arrival time
---------------------------------------------------------------------------------------------
                                              4.338514   slack (MET)


Startpoint: op_a[6] (input port clocked by virtual_clk)
Endpoint: op_out[5] (output port clocked by virtual_clk)
Path Group: virtual_clk
Path Type: min

Fanout         Cap        Slew       Delay        Time   Description
---------------------------------------------------------------------------------------------
                      0.000000    0.000000    0.000000   clock virtual_clk (rise edge)
                                  0.000000    0.000000   clock network delay (ideal)
                                  2.000000    2.000000 ^ input external delay
    16    0.052642    0.000000    0.000000    2.000000 ^ op_a[6] (in)
                                                         op_a[6] (net)
                      0.000000    0.000000    2.000000 ^ _839_/B2 (sky130_fd_sc_hd__a32o_2)
     1    0.001567    0.064234    0.182288    2.182288 ^ _839_/X (sky130_fd_sc_hd__a32o_2)
                                                         _318_ (net)
                      0.064234    0.000000    2.182288 ^ _842_/A (sky130_fd_sc_hd__or3_2)
     1    0.000000    0.028833    0.156774    2.339063 ^ _842_/X (sky130_fd_sc_hd__or3_2)
                                                         op_out[5] (net)
                      0.028833    0.000000    2.339063 ^ op_out[5] (out)
                                              2.339063   data arrival time

                      0.000000    0.000000    0.000000   clock virtual_clk (rise edge)
                                  0.000000    0.000000   clock network delay (ideal)
                                  0.000000    0.000000   clock reconvergence pessimism
                                 -2.000000   -2.000000   output external delay
                                             -2.000000   data required time
---------------------------------------------------------------------------------------------
                                             -2.000000   data required time
                                             -2.339063   data arrival time
---------------------------------------------------------------------------------------------
                                              4.339063   slack (MET)


Startpoint: op_a[3] (input port clocked by virtual_clk)
Endpoint: op_out[4] (output port clocked by virtual_clk)
Path Group: virtual_clk
Path Type: min

Fanout         Cap        Slew       Delay        Time   Description
---------------------------------------------------------------------------------------------
                      0.000000    0.000000    0.000000   clock virtual_clk (rise edge)
                                  0.000000    0.000000   clock network delay (ideal)
                                  2.000000    2.000000 ^ input external delay
    15    0.049019    0.000000    0.000000    2.000000 ^ op_a[3] (in)
                                                         op_a[3] (net)
                      0.000000    0.000000    2.000000 ^ _795_/B2 (sky130_fd_sc_hd__a32o_2)
     1    0.004608    0.090791    0.213621    2.213621 ^ _795_/X (sky130_fd_sc_hd__a32o_2)
                                                         _270_ (net)
                      0.090791    0.000000    2.213621 ^ _797_/B1 (sky130_fd_sc_hd__a211oi_2)
     1    0.004312    0.040068    0.084677    2.298298 v _797_/Y (sky130_fd_sc_hd__a211oi_2)
                                                         _272_ (net)
                      0.040068    0.000000    2.298298 v _798_/B1 (sky130_fd_sc_hd__o31ai_2)
     1    0.000000    0.042669    0.053239    2.351537 ^ _798_/Y (sky130_fd_sc_hd__o31ai_2)
                                                         op_out[4] (net)
                      0.042669    0.000000    2.351537 ^ op_out[4] (out)
                                              2.351537   data arrival time

                      0.000000    0.000000    0.000000   clock virtual_clk (rise edge)
                                  0.000000    0.000000   clock network delay (ideal)
                                  0.000000    0.000000   clock reconvergence pessimism
                                 -2.000000   -2.000000   output external delay
                                             -2.000000   data required time
---------------------------------------------------------------------------------------------
                                             -2.000000   data required time
                                             -2.351537   data arrival time
---------------------------------------------------------------------------------------------
                                              4.351537   slack (MET)


Startpoint: inst[3] (input port clocked by virtual_clk)
Endpoint: op_out[6] (output port clocked by virtual_clk)
Path Group: virtual_clk
Path Type: min

Fanout         Cap        Slew       Delay        Time   Description
---------------------------------------------------------------------------------------------
                      0.000000    0.000000    0.000000   clock virtual_clk (rise edge)
                                  0.000000    0.000000   clock network delay (ideal)
                                  2.000000    2.000000 ^ input external delay
    11    0.023702    0.000000    0.000000    2.000000 ^ inst[3] (in)
                                                         inst[3] (net)
                      0.000000    0.000000    2.000000 ^ _694_/B (sky130_fd_sc_hd__nor3_2)
     8    0.017408    0.094395    0.085098    2.085098 v _694_/Y (sky130_fd_sc_hd__nor3_2)
                                                         _165_ (net)
                      0.094395    0.000000    2.085098 v _885_/A1 (sky130_fd_sc_hd__a31o_2)
     1    0.000000    0.041768    0.348438    2.433537 v _885_/X (sky130_fd_sc_hd__a31o_2)
                                                         op_out[6] (net)
                      0.041768    0.000000    2.433537 v op_out[6] (out)
                                              2.433537   data arrival time

                      0.000000    0.000000    0.000000   clock virtual_clk (rise edge)
                                  0.000000    0.000000   clock network delay (ideal)
                                  0.000000    0.000000   clock reconvergence pessimism
                                 -2.000000   -2.000000   output external delay
                                             -2.000000   data required time
---------------------------------------------------------------------------------------------
                                             -2.000000   data required time
                                             -2.433537   data arrival time
---------------------------------------------------------------------------------------------
                                              4.433537   slack (MET)


Startpoint: op_a[3] (input port clocked by virtual_clk)
Endpoint: op_out[2] (output port clocked by virtual_clk)
Path Group: virtual_clk
Path Type: min

Fanout         Cap        Slew       Delay        Time   Description
---------------------------------------------------------------------------------------------
                      0.000000    0.000000    0.000000   clock virtual_clk (rise edge)
                                  0.000000    0.000000   clock network delay (ideal)
                                  2.000000    2.000000 ^ input external delay
    15    0.049019    0.000000    0.000000    2.000000 ^ op_a[3] (in)
                                                         op_a[3] (net)
                      0.000000    0.000000    2.000000 ^ _738_/B2 (sky130_fd_sc_hd__a32o_2)
     1    0.002524    0.072680    0.192254    2.192254 ^ _738_/X (sky130_fd_sc_hd__a32o_2)
                                                         _209_ (net)
                      0.072680    0.000000    2.192254 ^ _740_/B1 (sky130_fd_sc_hd__a211o_2)
     1    0.002547    0.044806    0.161868    2.354121 ^ _740_/X (sky130_fd_sc_hd__a211o_2)
                                                         _212_ (net)
                      0.044806    0.000000    2.354121 ^ _741_/B1 (sky130_fd_sc_hd__a21o_2)
     1    0.000000    0.026047    0.111473    2.465594 ^ _741_/X (sky130_fd_sc_hd__a21o_2)
                                                         op_out[2] (net)
                      0.026047    0.000000    2.465594 ^ op_out[2] (out)
                                              2.465594   data arrival time

                      0.000000    0.000000    0.000000   clock virtual_clk (rise edge)
                                  0.000000    0.000000   clock network delay (ideal)
                                  0.000000    0.000000   clock reconvergence pessimism
                                 -2.000000   -2.000000   output external delay
                                             -2.000000   data required time
---------------------------------------------------------------------------------------------
                                             -2.000000   data required time
                                             -2.465594   data arrival time
---------------------------------------------------------------------------------------------
                                              4.465594   slack (MET)


Startpoint: op_a[0] (input port clocked by virtual_clk)
Endpoint: op_out[1] (output port clocked by virtual_clk)
Path Group: virtual_clk
Path Type: min

Fanout         Cap        Slew       Delay        Time   Description
---------------------------------------------------------------------------------------------
                      0.000000    0.000000    0.000000   clock virtual_clk (rise edge)
                                  0.000000    0.000000   clock network delay (ideal)
                                  2.000000    2.000000 ^ input external delay
    21    0.059697    0.000000    0.000000    2.000000 ^ op_a[0] (in)
                                                         op_a[0] (net)
                      0.000000    0.000000    2.000000 ^ _709_/B2 (sky130_fd_sc_hd__a32o_2)
     1    0.001395    0.062368    0.180081    2.180081 ^ _709_/X (sky130_fd_sc_hd__a32o_2)
                                                         _179_ (net)
                      0.062368    0.000000    2.180081 ^ _710_/C (sky130_fd_sc_hd__or3_2)
     1    0.001488    0.040006    0.164047    2.344128 ^ _710_/X (sky130_fd_sc_hd__or3_2)
                                                         _180_ (net)
                      0.040006    0.000000    2.344128 ^ _718_/A (sky130_fd_sc_hd__or2_2)
     1    0.000000    0.028666    0.136345    2.480473 ^ _718_/X (sky130_fd_sc_hd__or2_2)
                                                         op_out[1] (net)
                      0.028666    0.000000    2.480473 ^ op_out[1] (out)
                                              2.480473   data arrival time

                      0.000000    0.000000    0.000000   clock virtual_clk (rise edge)
                                  0.000000    0.000000   clock network delay (ideal)
                                  0.000000    0.000000   clock reconvergence pessimism
                                 -2.000000   -2.000000   output external delay
                                             -2.000000   data required time
---------------------------------------------------------------------------------------------
                                             -2.000000   data required time
                                             -2.480473   data arrival time
---------------------------------------------------------------------------------------------
                                              4.480473   slack (MET)


Startpoint: op_a[2] (input port clocked by virtual_clk)
Endpoint: op_out[3] (output port clocked by virtual_clk)
Path Group: virtual_clk
Path Type: min

Fanout         Cap        Slew       Delay        Time   Description
---------------------------------------------------------------------------------------------
                      0.000000    0.000000    0.000000   clock virtual_clk (rise edge)
                                  0.000000    0.000000   clock network delay (ideal)
                                  2.000000    2.000000 ^ input external delay
    22    0.065108    0.000000    0.000000    2.000000 ^ op_a[2] (in)
                                                         op_a[2] (net)
                      0.000000    0.000000    2.000000 ^ _767_/B2 (sky130_fd_sc_hd__a32o_2)
     1    0.002524    0.072680    0.192254    2.192254 ^ _767_/X (sky130_fd_sc_hd__a32o_2)
                                                         _240_ (net)
                      0.072680    0.000000    2.192254 ^ _769_/B1 (sky130_fd_sc_hd__a211o_2)
     1    0.001259    0.036022    0.151963    2.344217 ^ _769_/X (sky130_fd_sc_hd__a211o_2)
                                                         _243_ (net)
                      0.036022    0.000000    2.344217 ^ _770_/A_N (sky130_fd_sc_hd__nand2b_2)
     1    0.000000    0.036682    0.140140    2.484357 ^ _770_/Y (sky130_fd_sc_hd__nand2b_2)
                                                         op_out[3] (net)
                      0.036682    0.000000    2.484357 ^ op_out[3] (out)
                                              2.484357   data arrival time

                      0.000000    0.000000    0.000000   clock virtual_clk (rise edge)
                                  0.000000    0.000000   clock network delay (ideal)
                                  0.000000    0.000000   clock reconvergence pessimism
                                 -2.000000   -2.000000   output external delay
                                             -2.000000   data required time
---------------------------------------------------------------------------------------------
                                             -2.000000   data required time
                                             -2.484357   data arrival time
---------------------------------------------------------------------------------------------
                                              4.484357   slack (MET)


Startpoint: op_a[1] (input port clocked by virtual_clk)
Endpoint: op_out[0] (output port clocked by virtual_clk)
Path Group: virtual_clk
Path Type: min

Fanout         Cap        Slew       Delay        Time   Description
---------------------------------------------------------------------------------------------
                      0.000000    0.000000    0.000000   clock virtual_clk (rise edge)
                                  0.000000    0.000000   clock network delay (ideal)
                                  2.000000    2.000000 ^ input external delay
    21    0.067400    0.000000    0.000000    2.000000 ^ op_a[1] (in)
                                                         op_a[1] (net)
                      0.000000    0.000000    2.000000 ^ _698_/B2 (sky130_fd_sc_hd__a32o_2)
     1    0.002427    0.071837    0.191259    2.191259 ^ _698_/X (sky130_fd_sc_hd__a32o_2)
                                                         _169_ (net)
                      0.071837    0.000000    2.191259 ^ _699_/B1 (sky130_fd_sc_hd__a311o_2)
     1    0.001395    0.044010    0.163488    2.354747 ^ _699_/X (sky130_fd_sc_hd__a311o_2)
                                                         _170_ (net)
                      0.044010    0.000000    2.354747 ^ _700_/C (sky130_fd_sc_hd__or3_2)
     1    0.000000    0.028816    0.141499    2.496246 ^ _700_/X (sky130_fd_sc_hd__or3_2)
                                                         op_out[0] (net)
                      0.028816    0.000000    2.496246 ^ op_out[0] (out)
                                              2.496246   data arrival time

                      0.000000    0.000000    0.000000   clock virtual_clk (rise edge)
                                  0.000000    0.000000   clock network delay (ideal)
                                  0.000000    0.000000   clock reconvergence pessimism
                                 -2.000000   -2.000000   output external delay
                                             -2.000000   data required time
---------------------------------------------------------------------------------------------
                                             -2.000000   data required time
                                             -2.496246   data arrival time
---------------------------------------------------------------------------------------------
                                              4.496246   slack (MET)



%OL_END_REPORT
%OL_CREATE_REPORT max.rpt

===========================================================================
report_checks -path_delay max (Setup)
============================================================================
======================= nom_ss_100C_1v60 Corner ===================================

Startpoint: op_b[5] (input port clocked by virtual_clk)
Endpoint: op_out[0] (output port clocked by virtual_clk)
Path Group: virtual_clk
Path Type: max

Fanout         Cap        Slew       Delay        Time   Description
---------------------------------------------------------------------------------------------
                      0.000000    0.000000    0.000000   clock virtual_clk (rise edge)
                                  0.000000    0.000000   clock network delay (ideal)
                                  2.000000    2.000000 v input external delay
    18    0.064423    0.000000    0.000000    2.000000 v op_b[5] (in)
                                                         op_b[5] (net)
                      0.000000    0.000000    2.000000 v _469_/A (sky130_fd_sc_hd__or4_2)
     6    0.018391    0.338255    1.741342    3.741342 v _469_/X (sky130_fd_sc_hd__or4_2)
                                                         _306_ (net)
                      0.338255    0.000000    3.741342 v _472_/A3 (sky130_fd_sc_hd__o41ai_2)
     5    0.015391    0.769855    0.857752    4.599094 ^ _472_/Y (sky130_fd_sc_hd__o41ai_2)
                                                         _338_ (net)
                      0.769855    0.000000    4.599094 ^ _481_/A1 (sky130_fd_sc_hd__a211o_2)
     4    0.011169    0.119415    0.552047    5.151141 ^ _481_/X (sky130_fd_sc_hd__a211o_2)
                                                         _410_ (net)
                      0.119415    0.000000    5.151141 ^ _482_/C (sky130_fd_sc_hd__and3_2)
     2    0.007144    0.116397    0.412463    5.563603 ^ _482_/X (sky130_fd_sc_hd__and3_2)
                                                         _411_ (net)
                      0.116397    0.000000    5.563603 ^ _493_/C1 (sky130_fd_sc_hd__a211oi_2)
     3    0.007645    0.131847    0.095157    5.658760 v _493_/Y (sky130_fd_sc_hd__a211oi_2)
                                                         _422_ (net)
                      0.131847    0.000000    5.658760 v _503_/D (sky130_fd_sc_hd__or4_2)
     3    0.008765    0.269274    1.404725    7.063485 v _503_/X (sky130_fd_sc_hd__or4_2)
                                                         _432_ (net)
                      0.269274    0.000000    7.063485 v _507_/A3 (sky130_fd_sc_hd__a31o_2)
     2    0.006528    0.083083    0.551779    7.615264 v _507_/X (sky130_fd_sc_hd__a31o_2)
                                                         _436_ (net)
                      0.083083    0.000000    7.615264 v _509_/A2 (sky130_fd_sc_hd__a211o_2)
     3    0.008920    0.116726    0.662581    8.277845 v _509_/X (sky130_fd_sc_hd__a211o_2)
                                                         _438_ (net)
                      0.116726    0.000000    8.277845 v _515_/A1 (sky130_fd_sc_hd__a21oi_2)
     8    0.027907    0.572257    0.543843    8.821689 ^ _515_/Y (sky130_fd_sc_hd__a21oi_2)
                                                         _444_ (net)
                      0.572257    0.000000    8.821689 ^ _517_/S (sky130_fd_sc_hd__mux2_1)
     3    0.016585    0.236751    1.006476    9.828164 v _517_/X (sky130_fd_sc_hd__mux2_1)
                                                         _446_ (net)
                      0.236751    0.000000    9.828164 v _519_/B (sky130_fd_sc_hd__xnor2_2)
     3    0.015988    0.394728    0.423801   10.251966 ^ _519_/Y (sky130_fd_sc_hd__xnor2_2)
                                                         _448_ (net)
                      0.394728    0.000000   10.251966 ^ _543_/A1 (sky130_fd_sc_hd__a311oi_2)
     4    0.008438    0.240556    0.355636   10.607602 v _543_/Y (sky130_fd_sc_hd__a311oi_2)
                                                         _014_ (net)
                      0.240556    0.000000   10.607602 v _572_/A (sky130_fd_sc_hd__or3_2)
     4    0.012556    0.229054    1.268839   11.876442 v _572_/X (sky130_fd_sc_hd__or3_2)
                                                         _043_ (net)
                      0.229054    0.000000   11.876442 v _574_/C (sky130_fd_sc_hd__and3_2)
     3    0.007800    0.097399    0.542972   12.419414 v _574_/X (sky130_fd_sc_hd__and3_2)
                                                         _045_ (net)
                      0.097399    0.000000   12.419414 v _585_/A (sky130_fd_sc_hd__or4_2)
     1    0.001350    0.197167    1.516213   13.935626 v _585_/X (sky130_fd_sc_hd__or4_2)
                                                         _056_ (net)
                      0.197167    0.000000   13.935626 v _586_/C (sky130_fd_sc_hd__or4b_2)
     1    0.004402    0.233928    1.507777   15.443403 v _586_/X (sky130_fd_sc_hd__or4b_2)
                                                         _057_ (net)
                      0.233928    0.000000   15.443403 v _590_/A1 (sky130_fd_sc_hd__a311oi_2)
     8    0.025614    0.887221    0.844837   16.288240 ^ _590_/Y (sky130_fd_sc_hd__a311oi_2)
                                                         _061_ (net)
                      0.887221    0.000000   16.288240 ^ _619_/S (sky130_fd_sc_hd__mux2_1)
     5    0.022495    0.281785    1.110479   17.398720 v _619_/X (sky130_fd_sc_hd__mux2_1)
                                                         _090_ (net)
                      0.281785    0.000000   17.398720 v _623_/B1 (sky130_fd_sc_hd__o22a_2)
     2    0.003713    0.077638    0.474662   17.873381 v _623_/X (sky130_fd_sc_hd__o22a_2)
                                                         _094_ (net)
                      0.077638    0.000000   17.873381 v _624_/B (sky130_fd_sc_hd__or4bb_2)
     4    0.011206    0.273947    1.527276   19.400658 v _624_/X (sky130_fd_sc_hd__or4bb_2)
                                                         _095_ (net)
                      0.273947    0.000000   19.400658 v _628_/A1 (sky130_fd_sc_hd__a21oi_2)
    12    0.035679    0.717863    0.719057   20.119715 ^ _628_/Y (sky130_fd_sc_hd__a21oi_2)
                                                         _099_ (net)
                      0.717863    0.000000   20.119715 ^ _665_/S (sky130_fd_sc_hd__mux2_1)
     3    0.008744    0.170509    0.957066   21.076780 v _665_/X (sky130_fd_sc_hd__mux2_1)
                                                         _136_ (net)
                      0.170509    0.000000   21.076780 v _669_/A2 (sky130_fd_sc_hd__a21o_2)
     1    0.002203    0.055150    0.409255   21.486034 v _669_/X (sky130_fd_sc_hd__a21o_2)
                                                         _140_ (net)
                      0.055150    0.000000   21.486034 v _671_/A2 (sky130_fd_sc_hd__o211a_2)
     1    0.002251    0.067741    0.429287   21.915321 v _671_/X (sky130_fd_sc_hd__o211a_2)
                                                         _142_ (net)
                      0.067741    0.000000   21.915321 v _672_/B2 (sky130_fd_sc_hd__o221a_2)
     1    0.002285    0.076895    0.422725   22.338047 v _672_/X (sky130_fd_sc_hd__o221a_2)
                                                         _143_ (net)
                      0.076895    0.000000   22.338047 v _675_/A2 (sky130_fd_sc_hd__o21a_2)
     1    0.002254    0.056957    0.350134   22.688181 v _675_/X (sky130_fd_sc_hd__o21a_2)
                                                         _146_ (net)
                      0.056957    0.000000   22.688181 v _679_/A1 (sky130_fd_sc_hd__o21a_2)
     1    0.001413    0.051386    0.361306   23.049486 v _679_/X (sky130_fd_sc_hd__o21a_2)
                                                         _150_ (net)
                      0.051386    0.000000   23.049486 v _700_/A (sky130_fd_sc_hd__or3_2)
     1    0.000000    0.130565    1.021819   24.071306 v _700_/X (sky130_fd_sc_hd__or3_2)
                                                         op_out[0] (net)
                      0.130565    0.000000   24.071306 v op_out[0] (out)
                                             24.071306   data arrival time

                      0.000000   20.000000   20.000000   clock virtual_clk (rise edge)
                                  0.000000   20.000000   clock network delay (ideal)
                                  0.000000   20.000000   clock reconvergence pessimism
                                 -2.000000   18.000000   output external delay
                                             18.000000   data required time
---------------------------------------------------------------------------------------------
                                             18.000000   data required time
                                            -24.071306   data arrival time
---------------------------------------------------------------------------------------------
                                             -6.071305   slack (VIOLATED)


Startpoint: op_b[5] (input port clocked by virtual_clk)
Endpoint: op_out[1] (output port clocked by virtual_clk)
Path Group: virtual_clk
Path Type: max

Fanout         Cap        Slew       Delay        Time   Description
---------------------------------------------------------------------------------------------
                      0.000000    0.000000    0.000000   clock virtual_clk (rise edge)
                                  0.000000    0.000000   clock network delay (ideal)
                                  2.000000    2.000000 v input external delay
    18    0.064423    0.000000    0.000000    2.000000 v op_b[5] (in)
                                                         op_b[5] (net)
                      0.000000    0.000000    2.000000 v _469_/A (sky130_fd_sc_hd__or4_2)
     6    0.018391    0.338255    1.741342    3.741342 v _469_/X (sky130_fd_sc_hd__or4_2)
                                                         _306_ (net)
                      0.338255    0.000000    3.741342 v _472_/A3 (sky130_fd_sc_hd__o41ai_2)
     5    0.015391    0.769855    0.857752    4.599094 ^ _472_/Y (sky130_fd_sc_hd__o41ai_2)
                                                         _338_ (net)
                      0.769855    0.000000    4.599094 ^ _481_/A1 (sky130_fd_sc_hd__a211o_2)
     4    0.011169    0.119415    0.552047    5.151141 ^ _481_/X (sky130_fd_sc_hd__a211o_2)
                                                         _410_ (net)
                      0.119415    0.000000    5.151141 ^ _482_/C (sky130_fd_sc_hd__and3_2)
     2    0.007144    0.116397    0.412463    5.563603 ^ _482_/X (sky130_fd_sc_hd__and3_2)
                                                         _411_ (net)
                      0.116397    0.000000    5.563603 ^ _493_/C1 (sky130_fd_sc_hd__a211oi_2)
     3    0.007645    0.131847    0.095157    5.658760 v _493_/Y (sky130_fd_sc_hd__a211oi_2)
                                                         _422_ (net)
                      0.131847    0.000000    5.658760 v _503_/D (sky130_fd_sc_hd__or4_2)
     3    0.008765    0.269274    1.404725    7.063485 v _503_/X (sky130_fd_sc_hd__or4_2)
                                                         _432_ (net)
                      0.269274    0.000000    7.063485 v _507_/A3 (sky130_fd_sc_hd__a31o_2)
     2    0.006528    0.083083    0.551779    7.615264 v _507_/X (sky130_fd_sc_hd__a31o_2)
                                                         _436_ (net)
                      0.083083    0.000000    7.615264 v _509_/A2 (sky130_fd_sc_hd__a211o_2)
     3    0.008920    0.116726    0.662581    8.277845 v _509_/X (sky130_fd_sc_hd__a211o_2)
                                                         _438_ (net)
                      0.116726    0.000000    8.277845 v _515_/A1 (sky130_fd_sc_hd__a21oi_2)
     8    0.027907    0.572257    0.543843    8.821689 ^ _515_/Y (sky130_fd_sc_hd__a21oi_2)
                                                         _444_ (net)
                      0.572257    0.000000    8.821689 ^ _517_/S (sky130_fd_sc_hd__mux2_1)
     3    0.016585    0.236751    1.006476    9.828164 v _517_/X (sky130_fd_sc_hd__mux2_1)
                                                         _446_ (net)
                      0.236751    0.000000    9.828164 v _519_/B (sky130_fd_sc_hd__xnor2_2)
     3    0.015988    0.394728    0.423801   10.251966 ^ _519_/Y (sky130_fd_sc_hd__xnor2_2)
                                                         _448_ (net)
                      0.394728    0.000000   10.251966 ^ _543_/A1 (sky130_fd_sc_hd__a311oi_2)
     4    0.008438    0.240556    0.355636   10.607602 v _543_/Y (sky130_fd_sc_hd__a311oi_2)
                                                         _014_ (net)
                      0.240556    0.000000   10.607602 v _572_/A (sky130_fd_sc_hd__or3_2)
     4    0.012556    0.229054    1.268839   11.876442 v _572_/X (sky130_fd_sc_hd__or3_2)
                                                         _043_ (net)
                      0.229054    0.000000   11.876442 v _574_/C (sky130_fd_sc_hd__and3_2)
     3    0.007800    0.097399    0.542972   12.419414 v _574_/X (sky130_fd_sc_hd__and3_2)
                                                         _045_ (net)
                      0.097399    0.000000   12.419414 v _585_/A (sky130_fd_sc_hd__or4_2)
     1    0.001350    0.197167    1.516213   13.935626 v _585_/X (sky130_fd_sc_hd__or4_2)
                                                         _056_ (net)
                      0.197167    0.000000   13.935626 v _586_/C (sky130_fd_sc_hd__or4b_2)
     1    0.004402    0.233928    1.507777   15.443403 v _586_/X (sky130_fd_sc_hd__or4b_2)
                                                         _057_ (net)
                      0.233928    0.000000   15.443403 v _590_/A1 (sky130_fd_sc_hd__a311oi_2)
     8    0.025614    0.887221    0.844837   16.288240 ^ _590_/Y (sky130_fd_sc_hd__a311oi_2)
                                                         _061_ (net)
                      0.887221    0.000000   16.288240 ^ _619_/S (sky130_fd_sc_hd__mux2_1)
     5    0.022495    0.281785    1.110479   17.398720 v _619_/X (sky130_fd_sc_hd__mux2_1)
                                                         _090_ (net)
                      0.281785    0.000000   17.398720 v _623_/B1 (sky130_fd_sc_hd__o22a_2)
     2    0.003713    0.077638    0.474662   17.873381 v _623_/X (sky130_fd_sc_hd__o22a_2)
                                                         _094_ (net)
                      0.077638    0.000000   17.873381 v _624_/B (sky130_fd_sc_hd__or4bb_2)
     4    0.011206    0.273947    1.527276   19.400658 v _624_/X (sky130_fd_sc_hd__or4bb_2)
                                                         _095_ (net)
                      0.273947    0.000000   19.400658 v _628_/A1 (sky130_fd_sc_hd__a21oi_2)
    12    0.035679    0.717863    0.719057   20.119715 ^ _628_/Y (sky130_fd_sc_hd__a21oi_2)
                                                         _099_ (net)
                      0.717863    0.000000   20.119715 ^ _717_/A2 (sky130_fd_sc_hd__a22o_2)
     1    0.001417    0.057295    0.494573   20.614288 ^ _717_/X (sky130_fd_sc_hd__a22o_2)
                                                         _187_ (net)
                      0.057295    0.000000   20.614288 ^ _718_/B (sky130_fd_sc_hd__or2_2)
     1    0.000000    0.028924    0.141707   20.755995 ^ _718_/X (sky130_fd_sc_hd__or2_2)
                                                         op_out[1] (net)
                      0.028924    0.000000   20.755995 ^ op_out[1] (out)
                                             20.755995   data arrival time

                      0.000000   20.000000   20.000000   clock virtual_clk (rise edge)
                                  0.000000   20.000000   clock network delay (ideal)
                                  0.000000   20.000000   clock reconvergence pessimism
                                 -2.000000   18.000000   output external delay
                                             18.000000   data required time
---------------------------------------------------------------------------------------------
                                             18.000000   data required time
                                            -20.755995   data arrival time
---------------------------------------------------------------------------------------------
                                             -2.755995   slack (VIOLATED)


Startpoint: op_b[5] (input port clocked by virtual_clk)
Endpoint: op_out[2] (output port clocked by virtual_clk)
Path Group: virtual_clk
Path Type: max

Fanout         Cap        Slew       Delay        Time   Description
---------------------------------------------------------------------------------------------
                      0.000000    0.000000    0.000000   clock virtual_clk (rise edge)
                                  0.000000    0.000000   clock network delay (ideal)
                                  2.000000    2.000000 v input external delay
    18    0.064423    0.000000    0.000000    2.000000 v op_b[5] (in)
                                                         op_b[5] (net)
                      0.000000    0.000000    2.000000 v _469_/A (sky130_fd_sc_hd__or4_2)
     6    0.018391    0.338255    1.741342    3.741342 v _469_/X (sky130_fd_sc_hd__or4_2)
                                                         _306_ (net)
                      0.338255    0.000000    3.741342 v _472_/A3 (sky130_fd_sc_hd__o41ai_2)
     5    0.015391    0.769855    0.857752    4.599094 ^ _472_/Y (sky130_fd_sc_hd__o41ai_2)
                                                         _338_ (net)
                      0.769855    0.000000    4.599094 ^ _481_/A1 (sky130_fd_sc_hd__a211o_2)
     4    0.011169    0.119415    0.552047    5.151141 ^ _481_/X (sky130_fd_sc_hd__a211o_2)
                                                         _410_ (net)
                      0.119415    0.000000    5.151141 ^ _482_/C (sky130_fd_sc_hd__and3_2)
     2    0.007144    0.116397    0.412463    5.563603 ^ _482_/X (sky130_fd_sc_hd__and3_2)
                                                         _411_ (net)
                      0.116397    0.000000    5.563603 ^ _493_/C1 (sky130_fd_sc_hd__a211oi_2)
     3    0.007645    0.131847    0.095157    5.658760 v _493_/Y (sky130_fd_sc_hd__a211oi_2)
                                                         _422_ (net)
                      0.131847    0.000000    5.658760 v _503_/D (sky130_fd_sc_hd__or4_2)
     3    0.008765    0.269274    1.404725    7.063485 v _503_/X (sky130_fd_sc_hd__or4_2)
                                                         _432_ (net)
                      0.269274    0.000000    7.063485 v _507_/A3 (sky130_fd_sc_hd__a31o_2)
     2    0.006528    0.083083    0.551779    7.615264 v _507_/X (sky130_fd_sc_hd__a31o_2)
                                                         _436_ (net)
                      0.083083    0.000000    7.615264 v _509_/A2 (sky130_fd_sc_hd__a211o_2)
     3    0.008920    0.116726    0.662581    8.277845 v _509_/X (sky130_fd_sc_hd__a211o_2)
                                                         _438_ (net)
                      0.116726    0.000000    8.277845 v _515_/A1 (sky130_fd_sc_hd__a21oi_2)
     8    0.027907    0.572257    0.543843    8.821689 ^ _515_/Y (sky130_fd_sc_hd__a21oi_2)
                                                         _444_ (net)
                      0.572257    0.000000    8.821689 ^ _517_/S (sky130_fd_sc_hd__mux2_1)
     3    0.016585    0.236751    1.006476    9.828164 v _517_/X (sky130_fd_sc_hd__mux2_1)
                                                         _446_ (net)
                      0.236751    0.000000    9.828164 v _519_/B (sky130_fd_sc_hd__xnor2_2)
     3    0.015988    0.394728    0.423801   10.251966 ^ _519_/Y (sky130_fd_sc_hd__xnor2_2)
                                                         _448_ (net)
                      0.394728    0.000000   10.251966 ^ _543_/A1 (sky130_fd_sc_hd__a311oi_2)
     4    0.008438    0.240556    0.355636   10.607602 v _543_/Y (sky130_fd_sc_hd__a311oi_2)
                                                         _014_ (net)
                      0.240556    0.000000   10.607602 v _572_/A (sky130_fd_sc_hd__or3_2)
     4    0.012556    0.229054    1.268839   11.876442 v _572_/X (sky130_fd_sc_hd__or3_2)
                                                         _043_ (net)
                      0.229054    0.000000   11.876442 v _574_/C (sky130_fd_sc_hd__and3_2)
     3    0.007800    0.097399    0.542972   12.419414 v _574_/X (sky130_fd_sc_hd__and3_2)
                                                         _045_ (net)
                      0.097399    0.000000   12.419414 v _585_/A (sky130_fd_sc_hd__or4_2)
     1    0.001350    0.197167    1.516213   13.935626 v _585_/X (sky130_fd_sc_hd__or4_2)
                                                         _056_ (net)
                      0.197167    0.000000   13.935626 v _586_/C (sky130_fd_sc_hd__or4b_2)
     1    0.004402    0.233928    1.507777   15.443403 v _586_/X (sky130_fd_sc_hd__or4b_2)
                                                         _057_ (net)
                      0.233928    0.000000   15.443403 v _590_/A1 (sky130_fd_sc_hd__a311oi_2)
     8    0.025614    0.887221    0.844837   16.288240 ^ _590_/Y (sky130_fd_sc_hd__a311oi_2)
                                                         _061_ (net)
                      0.887221    0.000000   16.288240 ^ _740_/A2 (sky130_fd_sc_hd__a211o_2)
     1    0.002547    0.062442    0.504844   16.793085 ^ _740_/X (sky130_fd_sc_hd__a211o_2)
                                                         _212_ (net)
                      0.062442    0.000000   16.793085 ^ _741_/B1 (sky130_fd_sc_hd__a21o_2)
     1    0.000000    0.033322    0.119615   16.912699 ^ _741_/X (sky130_fd_sc_hd__a21o_2)
                                                         op_out[2] (net)
                      0.033322    0.000000   16.912699 ^ op_out[2] (out)
                                             16.912699   data arrival time

                      0.000000   20.000000   20.000000   clock virtual_clk (rise edge)
                                  0.000000   20.000000   clock network delay (ideal)
                                  0.000000   20.000000   clock reconvergence pessimism
                                 -2.000000   18.000000   output external delay
                                             18.000000   data required time
---------------------------------------------------------------------------------------------
                                             18.000000   data required time
                                            -16.912699   data arrival time
---------------------------------------------------------------------------------------------
                                              1.087301   slack (MET)


Startpoint: op_b[5] (input port clocked by virtual_clk)
Endpoint: op_out[3] (output port clocked by virtual_clk)
Path Group: virtual_clk
Path Type: max

Fanout         Cap        Slew       Delay        Time   Description
---------------------------------------------------------------------------------------------
                      0.000000    0.000000    0.000000   clock virtual_clk (rise edge)
                                  0.000000    0.000000   clock network delay (ideal)
                                  2.000000    2.000000 v input external delay
    18    0.064423    0.000000    0.000000    2.000000 v op_b[5] (in)
                                                         op_b[5] (net)
                      0.000000    0.000000    2.000000 v _469_/A (sky130_fd_sc_hd__or4_2)
     6    0.018391    0.338255    1.741342    3.741342 v _469_/X (sky130_fd_sc_hd__or4_2)
                                                         _306_ (net)
                      0.338255    0.000000    3.741342 v _472_/A3 (sky130_fd_sc_hd__o41ai_2)
     5    0.015391    0.769855    0.857752    4.599094 ^ _472_/Y (sky130_fd_sc_hd__o41ai_2)
                                                         _338_ (net)
                      0.769855    0.000000    4.599094 ^ _481_/A1 (sky130_fd_sc_hd__a211o_2)
     4    0.011169    0.119415    0.552047    5.151141 ^ _481_/X (sky130_fd_sc_hd__a211o_2)
                                                         _410_ (net)
                      0.119415    0.000000    5.151141 ^ _482_/C (sky130_fd_sc_hd__and3_2)
     2    0.007144    0.116397    0.412463    5.563603 ^ _482_/X (sky130_fd_sc_hd__and3_2)
                                                         _411_ (net)
                      0.116397    0.000000    5.563603 ^ _493_/C1 (sky130_fd_sc_hd__a211oi_2)
     3    0.007645    0.131847    0.095157    5.658760 v _493_/Y (sky130_fd_sc_hd__a211oi_2)
                                                         _422_ (net)
                      0.131847    0.000000    5.658760 v _503_/D (sky130_fd_sc_hd__or4_2)
     3    0.008765    0.269274    1.404725    7.063485 v _503_/X (sky130_fd_sc_hd__or4_2)
                                                         _432_ (net)
                      0.269274    0.000000    7.063485 v _507_/A3 (sky130_fd_sc_hd__a31o_2)
     2    0.006528    0.083083    0.551779    7.615264 v _507_/X (sky130_fd_sc_hd__a31o_2)
                                                         _436_ (net)
                      0.083083    0.000000    7.615264 v _509_/A2 (sky130_fd_sc_hd__a211o_2)
     3    0.008920    0.116726    0.662581    8.277845 v _509_/X (sky130_fd_sc_hd__a211o_2)
                                                         _438_ (net)
                      0.116726    0.000000    8.277845 v _515_/A1 (sky130_fd_sc_hd__a21oi_2)
     8    0.027907    0.572257    0.543843    8.821689 ^ _515_/Y (sky130_fd_sc_hd__a21oi_2)
                                                         _444_ (net)
                      0.572257    0.000000    8.821689 ^ _524_/S (sky130_fd_sc_hd__mux2_1)
     2    0.004505    0.133437    0.878107    9.699796 v _524_/X (sky130_fd_sc_hd__mux2_1)
                                                         _453_ (net)
                      0.133437    0.000000    9.699796 v _539_/A2 (sky130_fd_sc_hd__a221o_2)
     3    0.010689    0.134942    0.797597   10.497393 v _539_/X (sky130_fd_sc_hd__a221o_2)
                                                         _010_ (net)
                      0.134942    0.000000   10.497393 v _543_/A3 (sky130_fd_sc_hd__a311oi_2)
     4    0.009249    0.459391    0.576320   11.073713 ^ _543_/Y (sky130_fd_sc_hd__a311oi_2)
                                                         _014_ (net)
                      0.459391    0.000000   11.073713 ^ _548_/A (sky130_fd_sc_hd__nor2_2)
     2    0.006621    0.106822    0.208630   11.282343 v _548_/Y (sky130_fd_sc_hd__nor2_2)
                                                         _019_ (net)
                      0.106822    0.000000   11.282343 v _769_/A2 (sky130_fd_sc_hd__a211o_2)
     1    0.001204    0.070662    0.601988   11.884331 v _769_/X (sky130_fd_sc_hd__a211o_2)
                                                         _243_ (net)
                      0.070662    0.000000   11.884331 v _770_/A_N (sky130_fd_sc_hd__nand2b_2)
     1    0.000000    0.057452    0.310196   12.194527 v _770_/Y (sky130_fd_sc_hd__nand2b_2)
                                                         op_out[3] (net)
                      0.057452    0.000000   12.194527 v op_out[3] (out)
                                             12.194527   data arrival time

                      0.000000   20.000000   20.000000   clock virtual_clk (rise edge)
                                  0.000000   20.000000   clock network delay (ideal)
                                  0.000000   20.000000   clock reconvergence pessimism
                                 -2.000000   18.000000   output external delay
                                             18.000000   data required time
---------------------------------------------------------------------------------------------
                                             18.000000   data required time
                                            -12.194527   data arrival time
---------------------------------------------------------------------------------------------
                                              5.805474   slack (MET)


Startpoint: op_b[5] (input port clocked by virtual_clk)
Endpoint: op_out[4] (output port clocked by virtual_clk)
Path Group: virtual_clk
Path Type: max

Fanout         Cap        Slew       Delay        Time   Description
---------------------------------------------------------------------------------------------
                      0.000000    0.000000    0.000000   clock virtual_clk (rise edge)
                                  0.000000    0.000000   clock network delay (ideal)
                                  2.000000    2.000000 v input external delay
    18    0.064423    0.000000    0.000000    2.000000 v op_b[5] (in)
                                                         op_b[5] (net)
                      0.000000    0.000000    2.000000 v _469_/A (sky130_fd_sc_hd__or4_2)
     6    0.018391    0.338255    1.741342    3.741342 v _469_/X (sky130_fd_sc_hd__or4_2)
                                                         _306_ (net)
                      0.338255    0.000000    3.741342 v _472_/A3 (sky130_fd_sc_hd__o41ai_2)
     5    0.015391    0.769855    0.857752    4.599094 ^ _472_/Y (sky130_fd_sc_hd__o41ai_2)
                                                         _338_ (net)
                      0.769855    0.000000    4.599094 ^ _481_/A1 (sky130_fd_sc_hd__a211o_2)
     4    0.011169    0.119415    0.552047    5.151141 ^ _481_/X (sky130_fd_sc_hd__a211o_2)
                                                         _410_ (net)
                      0.119415    0.000000    5.151141 ^ _482_/C (sky130_fd_sc_hd__and3_2)
     2    0.007144    0.116397    0.412463    5.563603 ^ _482_/X (sky130_fd_sc_hd__and3_2)
                                                         _411_ (net)
                      0.116397    0.000000    5.563603 ^ _493_/C1 (sky130_fd_sc_hd__a211oi_2)
     3    0.007645    0.131847    0.095157    5.658760 v _493_/Y (sky130_fd_sc_hd__a211oi_2)
                                                         _422_ (net)
                      0.131847    0.000000    5.658760 v _503_/D (sky130_fd_sc_hd__or4_2)
     3    0.008765    0.269274    1.404725    7.063485 v _503_/X (sky130_fd_sc_hd__or4_2)
                                                         _432_ (net)
                      0.269274    0.000000    7.063485 v _507_/A3 (sky130_fd_sc_hd__a31o_2)
     2    0.006528    0.083083    0.551779    7.615264 v _507_/X (sky130_fd_sc_hd__a31o_2)
                                                         _436_ (net)
                      0.083083    0.000000    7.615264 v _509_/A2 (sky130_fd_sc_hd__a211o_2)
     3    0.008920    0.116726    0.662581    8.277845 v _509_/X (sky130_fd_sc_hd__a211o_2)
                                                         _438_ (net)
                      0.116726    0.000000    8.277845 v _515_/A1 (sky130_fd_sc_hd__a21oi_2)
     8    0.027907    0.572257    0.543843    8.821689 ^ _515_/Y (sky130_fd_sc_hd__a21oi_2)
                                                         _444_ (net)
                      0.572257    0.000000    8.821689 ^ _797_/A2 (sky130_fd_sc_hd__a211oi_2)
     1    0.004312    0.141057    0.307257    9.128946 v _797_/Y (sky130_fd_sc_hd__a211oi_2)
                                                         _272_ (net)
                      0.141057    0.000000    9.128946 v _798_/B1 (sky130_fd_sc_hd__o31ai_2)
     1    0.000000    0.188521    0.093165    9.222112 ^ _798_/Y (sky130_fd_sc_hd__o31ai_2)
                                                         op_out[4] (net)
                      0.188521    0.000000    9.222112 ^ op_out[4] (out)
                                              9.222112   data arrival time

                      0.000000   20.000000   20.000000   clock virtual_clk (rise edge)
                                  0.000000   20.000000   clock network delay (ideal)
                                  0.000000   20.000000   clock reconvergence pessimism
                                 -2.000000   18.000000   output external delay
                                             18.000000   data required time
---------------------------------------------------------------------------------------------
                                             18.000000   data required time
                                             -9.222112   data arrival time
---------------------------------------------------------------------------------------------
                                              8.777889   slack (MET)


Startpoint: op_a[5] (input port clocked by virtual_clk)
Endpoint: op_out[7] (output port clocked by virtual_clk)
Path Group: virtual_clk
Path Type: max

Fanout         Cap        Slew       Delay        Time   Description
---------------------------------------------------------------------------------------------
                      0.000000    0.000000    0.000000   clock virtual_clk (rise edge)
                                  0.000000    0.000000   clock network delay (ideal)
                                  2.000000    2.000000 v input external delay
    14    0.039018    0.000000    0.000000    2.000000 v op_a[5] (in)
                                                         op_a[5] (net)
                      0.000000    0.000000    2.000000 v _488_/B (sky130_fd_sc_hd__and2_2)
     4    0.008359    0.098094    0.394720    2.394720 v _488_/X (sky130_fd_sc_hd__and2_2)
                                                         _417_ (net)
                      0.098094    0.000000    2.394720 v _861_/C (sky130_fd_sc_hd__and3_2)
     2    0.002611    0.071622    0.439258    2.833977 v _861_/X (sky130_fd_sc_hd__and3_2)
                                                         _341_ (net)
                      0.071622    0.000000    2.833977 v _863_/A (sky130_fd_sc_hd__or2_2)
     1    0.008022    0.142797    0.705999    3.539976 v _863_/X (sky130_fd_sc_hd__or2_2)
                                                         _343_ (net)
                      0.142797    0.000000    3.539976 v _864_/B (sky130_fd_sc_hd__xor2_2)
     2    0.006430    0.105691    0.300191    3.840168 v _864_/X (sky130_fd_sc_hd__xor2_2)
                                                         _344_ (net)
                      0.105691    0.000000    3.840168 v _866_/B1 (sky130_fd_sc_hd__o21a_2)
     2    0.005465    0.074629    0.240236    4.080404 v _866_/X (sky130_fd_sc_hd__o21a_2)
                                                         _346_ (net)
                      0.074629    0.000000    4.080404 v _867_/B (sky130_fd_sc_hd__or2_2)
     2    0.012322    0.164883    0.698635    4.779038 v _867_/X (sky130_fd_sc_hd__or2_2)
                                                         _347_ (net)
                      0.164883    0.000000    4.779038 v _869_/B (sky130_fd_sc_hd__xor2_2)
     2    0.005589    0.114949    0.304877    5.083915 v _869_/X (sky130_fd_sc_hd__xor2_2)
                                                         _350_ (net)
                      0.114949    0.000000    5.083915 v _870_/C (sky130_fd_sc_hd__and3_2)
     2    0.006146    0.091334    0.477272    5.561187 v _870_/X (sky130_fd_sc_hd__and3_2)
                                                         _351_ (net)
                      0.091334    0.000000    5.561187 v _873_/B (sky130_fd_sc_hd__or3_2)
     3    0.007135    0.197484    1.105268    6.666455 v _873_/X (sky130_fd_sc_hd__or3_2)
                                                         _354_ (net)
                      0.197484    0.000000    6.666455 v _875_/C (sky130_fd_sc_hd__and3_2)
     1    0.008219    0.099457    0.529651    7.196106 v _875_/X (sky130_fd_sc_hd__and3_2)
                                                         _356_ (net)
                      0.099457    0.000000    7.196106 v _893_/B (sky130_fd_sc_hd__xnor2_2)
     1    0.008431    0.130709    0.271646    7.467752 v _893_/Y (sky130_fd_sc_hd__xnor2_2)
                                                         _375_ (net)
                      0.130709    0.000000    7.467752 v _916_/A (sky130_fd_sc_hd__xnor2_2)
     2    0.005521    0.109528    0.268515    7.736267 v _916_/Y (sky130_fd_sc_hd__xnor2_2)
                                                         _400_ (net)
                      0.109528    0.000000    7.736267 v _917_/B (sky130_fd_sc_hd__or2_2)
     1    0.002240    0.108014    0.621409    8.357676 v _917_/X (sky130_fd_sc_hd__or2_2)
                                                         _401_ (net)
                      0.108014    0.000000    8.357676 v _923_/A2 (sky130_fd_sc_hd__a311o_2)
     1    0.000000    0.069281    0.645706    9.003382 v _923_/X (sky130_fd_sc_hd__a311o_2)
                                                         op_out[7] (net)
                      0.069281    0.000000    9.003382 v op_out[7] (out)
                                              9.003382   data arrival time

                      0.000000   20.000000   20.000000   clock virtual_clk (rise edge)
                                  0.000000   20.000000   clock network delay (ideal)
                                  0.000000   20.000000   clock reconvergence pessimism
                                 -2.000000   18.000000   output external delay
                                             18.000000   data required time
---------------------------------------------------------------------------------------------
                                             18.000000   data required time
                                             -9.003382   data arrival time
---------------------------------------------------------------------------------------------
                                              8.996619   slack (MET)


Startpoint: inst[0] (input port clocked by virtual_clk)
Endpoint: op_out[5] (output port clocked by virtual_clk)
Path Group: virtual_clk
Path Type: max

Fanout         Cap        Slew       Delay        Time   Description
---------------------------------------------------------------------------------------------
                      0.000000    0.000000    0.000000   clock virtual_clk (rise edge)
                                  0.000000    0.000000   clock network delay (ideal)
                                  2.000000    2.000000 v input external delay
     7    0.015559    0.000000    0.000000    2.000000 v inst[0] (in)
                                                         inst[0] (net)
                      0.000000    0.000000    2.000000 v _689_/A (sky130_fd_sc_hd__or4b_2)
     7    0.019981    0.340460    1.758032    3.758032 v _689_/X (sky130_fd_sc_hd__or4b_2)
                                                         _160_ (net)
                      0.340460    0.000000    3.758032 v _719_/B1 (sky130_fd_sc_hd__o21a_2)
     1    0.008219    0.086988    0.365492    4.123524 v _719_/X (sky130_fd_sc_hd__o21a_2)
                                                         _189_ (net)
                      0.086988    0.000000    4.123524 v _720_/B (sky130_fd_sc_hd__xnor2_2)
     2    0.005521    0.106355    0.246736    4.370259 v _720_/Y (sky130_fd_sc_hd__xnor2_2)
                                                         _190_ (net)
                      0.106355    0.000000    4.370259 v _721_/B (sky130_fd_sc_hd__or2_2)
     1    0.004330    0.124416    0.645569    5.015829 v _721_/X (sky130_fd_sc_hd__or2_2)
                                                         _191_ (net)
                      0.124416    0.000000    5.015829 v _723_/A (sky130_fd_sc_hd__nand2_2)
     2    0.007196    0.092224    0.128479    5.144308 ^ _723_/Y (sky130_fd_sc_hd__nand2_2)
                                                         _193_ (net)
                      0.092224    0.000000    5.144308 ^ _724_/B1 (sky130_fd_sc_hd__a21o_2)
     3    0.006353    0.081279    0.178916    5.323224 ^ _724_/X (sky130_fd_sc_hd__a21o_2)
                                                         _194_ (net)
                      0.081279    0.000000    5.323224 ^ _748_/A2 (sky130_fd_sc_hd__a21o_2)
     3    0.008008    0.092840    0.272085    5.595309 ^ _748_/X (sky130_fd_sc_hd__a21o_2)
                                                         _219_ (net)
                      0.092840    0.000000    5.595309 ^ _775_/A2 (sky130_fd_sc_hd__a21oi_2)
     2    0.006299    0.089596    0.130755    5.726064 v _775_/Y (sky130_fd_sc_hd__a21oi_2)
                                                         _248_ (net)
                      0.089596    0.000000    5.726064 v _828_/B1 (sky130_fd_sc_hd__a21o_2)
     2    0.005699    0.074154    0.363323    6.089387 v _828_/X (sky130_fd_sc_hd__a21o_2)
                                                         _305_ (net)
                      0.074154    0.000000    6.089387 v _835_/A (sky130_fd_sc_hd__or2_2)
     1    0.001397    0.101700    0.637138    6.726525 v _835_/X (sky130_fd_sc_hd__or2_2)
                                                         _313_ (net)
                      0.101700    0.000000    6.726525 v _836_/C (sky130_fd_sc_hd__and3b_2)
     1    0.002214    0.069514    0.437714    7.164239 v _836_/X (sky130_fd_sc_hd__and3b_2)
                                                         _314_ (net)
                      0.069514    0.000000    7.164239 v _841_/B1 (sky130_fd_sc_hd__a31o_2)
     1    0.001248    0.054248    0.370468    7.534707 v _841_/X (sky130_fd_sc_hd__a31o_2)
                                                         _320_ (net)
                      0.054248    0.000000    7.534707 v _842_/C (sky130_fd_sc_hd__or3_2)
     1    0.000000    0.130880    0.894390    8.429098 v _842_/X (sky130_fd_sc_hd__or3_2)
                                                         op_out[5] (net)
                      0.130880    0.000000    8.429098 v op_out[5] (out)
                                              8.429098   data arrival time

                      0.000000   20.000000   20.000000   clock virtual_clk (rise edge)
                                  0.000000   20.000000   clock network delay (ideal)
                                  0.000000   20.000000   clock reconvergence pessimism
                                 -2.000000   18.000000   output external delay
                                             18.000000   data required time
---------------------------------------------------------------------------------------------
                                             18.000000   data required time
                                             -8.429098   data arrival time
---------------------------------------------------------------------------------------------
                                              9.570903   slack (MET)


Startpoint: op_a[5] (input port clocked by virtual_clk)
Endpoint: op_out[6] (output port clocked by virtual_clk)
Path Group: virtual_clk
Path Type: max

Fanout         Cap        Slew       Delay        Time   Description
---------------------------------------------------------------------------------------------
                      0.000000    0.000000    0.000000   clock virtual_clk (rise edge)
                                  0.000000    0.000000   clock network delay (ideal)
                                  2.000000    2.000000 v input external delay
    14    0.039018    0.000000    0.000000    2.000000 v op_a[5] (in)
                                                         op_a[5] (net)
                      0.000000    0.000000    2.000000 v _488_/B (sky130_fd_sc_hd__and2_2)
     4    0.008359    0.098094    0.394720    2.394720 v _488_/X (sky130_fd_sc_hd__and2_2)
                                                         _417_ (net)
                      0.098094    0.000000    2.394720 v _861_/C (sky130_fd_sc_hd__and3_2)
     2    0.002611    0.071622    0.439258    2.833977 v _861_/X (sky130_fd_sc_hd__and3_2)
                                                         _341_ (net)
                      0.071622    0.000000    2.833977 v _863_/A (sky130_fd_sc_hd__or2_2)
     1    0.008022    0.142797    0.705999    3.539976 v _863_/X (sky130_fd_sc_hd__or2_2)
                                                         _343_ (net)
                      0.142797    0.000000    3.539976 v _864_/B (sky130_fd_sc_hd__xor2_2)
     2    0.006430    0.105691    0.300191    3.840168 v _864_/X (sky130_fd_sc_hd__xor2_2)
                                                         _344_ (net)
                      0.105691    0.000000    3.840168 v _866_/B1 (sky130_fd_sc_hd__o21a_2)
     2    0.005465    0.074629    0.240236    4.080404 v _866_/X (sky130_fd_sc_hd__o21a_2)
                                                         _346_ (net)
                      0.074629    0.000000    4.080404 v _867_/B (sky130_fd_sc_hd__or2_2)
     2    0.012322    0.164883    0.698635    4.779038 v _867_/X (sky130_fd_sc_hd__or2_2)
                                                         _347_ (net)
                      0.164883    0.000000    4.779038 v _869_/B (sky130_fd_sc_hd__xor2_2)
     2    0.005589    0.114949    0.304877    5.083915 v _869_/X (sky130_fd_sc_hd__xor2_2)
                                                         _350_ (net)
                      0.114949    0.000000    5.083915 v _870_/C (sky130_fd_sc_hd__and3_2)
     2    0.006146    0.091334    0.477272    5.561187 v _870_/X (sky130_fd_sc_hd__and3_2)
                                                         _351_ (net)
                      0.091334    0.000000    5.561187 v _873_/B (sky130_fd_sc_hd__or3_2)
     3    0.007135    0.197484    1.105268    6.666455 v _873_/X (sky130_fd_sc_hd__or3_2)
                                                         _354_ (net)
                      0.197484    0.000000    6.666455 v _874_/B (sky130_fd_sc_hd__nand2_2)
     1    0.008492    0.110191    0.185765    6.852220 ^ _874_/Y (sky130_fd_sc_hd__nand2_2)
                                                         _355_ (net)
                      0.110191    0.000000    6.852220 ^ _876_/B (sky130_fd_sc_hd__xnor2_2)
     2    0.012489    0.164687    0.186821    7.039041 v _876_/Y (sky130_fd_sc_hd__xnor2_2)
                                                         _357_ (net)
                      0.164687    0.000000    7.039041 v _877_/B (sky130_fd_sc_hd__xnor2_2)
     2    0.005521    0.106702    0.281618    7.320659 v _877_/Y (sky130_fd_sc_hd__xnor2_2)
                                                         _358_ (net)
                      0.106702    0.000000    7.320659 v _878_/B (sky130_fd_sc_hd__or2_2)
     1    0.002291    0.108363    0.620902    7.941561 v _878_/X (sky130_fd_sc_hd__or2_2)
                                                         _359_ (net)
                      0.108363    0.000000    7.941561 v _885_/A2 (sky130_fd_sc_hd__a31o_2)
     1    0.000000    0.045939    0.401470    8.343031 v _885_/X (sky130_fd_sc_hd__a31o_2)
                                                         op_out[6] (net)
                      0.045939    0.000000    8.343031 v op_out[6] (out)
                                              8.343031   data arrival time

                      0.000000   20.000000   20.000000   clock virtual_clk (rise edge)
                                  0.000000   20.000000   clock network delay (ideal)
                                  0.000000   20.000000   clock reconvergence pessimism
                                 -2.000000   18.000000   output external delay
                                             18.000000   data required time
---------------------------------------------------------------------------------------------
                                             18.000000   data required time
                                             -8.343031   data arrival time
---------------------------------------------------------------------------------------------
                                              9.656970   slack (MET)



%OL_END_REPORT
%OL_CREATE_REPORT checks.rpt

===========================================================================
report_checks -unconstrained
===========================================================================
======================= nom_ss_100C_1v60 Corner ===================================

Startpoint: op_b[5] (input port clocked by virtual_clk)
Endpoint: op_out[0] (output port clocked by virtual_clk)
Path Group: virtual_clk
Path Type: max

Fanout         Cap        Slew       Delay        Time   Description
---------------------------------------------------------------------------------------------
                      0.000000    0.000000    0.000000   clock virtual_clk (rise edge)
                                  0.000000    0.000000   clock network delay (ideal)
                                  2.000000    2.000000 v input external delay
    18    0.064423    0.000000    0.000000    2.000000 v op_b[5] (in)
                                                         op_b[5] (net)
                      0.000000    0.000000    2.000000 v _469_/A (sky130_fd_sc_hd__or4_2)
     6    0.018391    0.338255    1.741342    3.741342 v _469_/X (sky130_fd_sc_hd__or4_2)
                                                         _306_ (net)
                      0.338255    0.000000    3.741342 v _472_/A3 (sky130_fd_sc_hd__o41ai_2)
     5    0.015391    0.769855    0.857752    4.599094 ^ _472_/Y (sky130_fd_sc_hd__o41ai_2)
                                                         _338_ (net)
                      0.769855    0.000000    4.599094 ^ _481_/A1 (sky130_fd_sc_hd__a211o_2)
     4    0.011169    0.119415    0.552047    5.151141 ^ _481_/X (sky130_fd_sc_hd__a211o_2)
                                                         _410_ (net)
                      0.119415    0.000000    5.151141 ^ _482_/C (sky130_fd_sc_hd__and3_2)
     2    0.007144    0.116397    0.412463    5.563603 ^ _482_/X (sky130_fd_sc_hd__and3_2)
                                                         _411_ (net)
                      0.116397    0.000000    5.563603 ^ _493_/C1 (sky130_fd_sc_hd__a211oi_2)
     3    0.007645    0.131847    0.095157    5.658760 v _493_/Y (sky130_fd_sc_hd__a211oi_2)
                                                         _422_ (net)
                      0.131847    0.000000    5.658760 v _503_/D (sky130_fd_sc_hd__or4_2)
     3    0.008765    0.269274    1.404725    7.063485 v _503_/X (sky130_fd_sc_hd__or4_2)
                                                         _432_ (net)
                      0.269274    0.000000    7.063485 v _507_/A3 (sky130_fd_sc_hd__a31o_2)
     2    0.006528    0.083083    0.551779    7.615264 v _507_/X (sky130_fd_sc_hd__a31o_2)
                                                         _436_ (net)
                      0.083083    0.000000    7.615264 v _509_/A2 (sky130_fd_sc_hd__a211o_2)
     3    0.008920    0.116726    0.662581    8.277845 v _509_/X (sky130_fd_sc_hd__a211o_2)
                                                         _438_ (net)
                      0.116726    0.000000    8.277845 v _515_/A1 (sky130_fd_sc_hd__a21oi_2)
     8    0.027907    0.572257    0.543843    8.821689 ^ _515_/Y (sky130_fd_sc_hd__a21oi_2)
                                                         _444_ (net)
                      0.572257    0.000000    8.821689 ^ _517_/S (sky130_fd_sc_hd__mux2_1)
     3    0.016585    0.236751    1.006476    9.828164 v _517_/X (sky130_fd_sc_hd__mux2_1)
                                                         _446_ (net)
                      0.236751    0.000000    9.828164 v _519_/B (sky130_fd_sc_hd__xnor2_2)
     3    0.015988    0.394728    0.423801   10.251966 ^ _519_/Y (sky130_fd_sc_hd__xnor2_2)
                                                         _448_ (net)
                      0.394728    0.000000   10.251966 ^ _543_/A1 (sky130_fd_sc_hd__a311oi_2)
     4    0.008438    0.240556    0.355636   10.607602 v _543_/Y (sky130_fd_sc_hd__a311oi_2)
                                                         _014_ (net)
                      0.240556    0.000000   10.607602 v _572_/A (sky130_fd_sc_hd__or3_2)
     4    0.012556    0.229054    1.268839   11.876442 v _572_/X (sky130_fd_sc_hd__or3_2)
                                                         _043_ (net)
                      0.229054    0.000000   11.876442 v _574_/C (sky130_fd_sc_hd__and3_2)
     3    0.007800    0.097399    0.542972   12.419414 v _574_/X (sky130_fd_sc_hd__and3_2)
                                                         _045_ (net)
                      0.097399    0.000000   12.419414 v _585_/A (sky130_fd_sc_hd__or4_2)
     1    0.001350    0.197167    1.516213   13.935626 v _585_/X (sky130_fd_sc_hd__or4_2)
                                                         _056_ (net)
                      0.197167    0.000000   13.935626 v _586_/C (sky130_fd_sc_hd__or4b_2)
     1    0.004402    0.233928    1.507777   15.443403 v _586_/X (sky130_fd_sc_hd__or4b_2)
                                                         _057_ (net)
                      0.233928    0.000000   15.443403 v _590_/A1 (sky130_fd_sc_hd__a311oi_2)
     8    0.025614    0.887221    0.844837   16.288240 ^ _590_/Y (sky130_fd_sc_hd__a311oi_2)
                                                         _061_ (net)
                      0.887221    0.000000   16.288240 ^ _619_/S (sky130_fd_sc_hd__mux2_1)
     5    0.022495    0.281785    1.110479   17.398720 v _619_/X (sky130_fd_sc_hd__mux2_1)
                                                         _090_ (net)
                      0.281785    0.000000   17.398720 v _623_/B1 (sky130_fd_sc_hd__o22a_2)
     2    0.003713    0.077638    0.474662   17.873381 v _623_/X (sky130_fd_sc_hd__o22a_2)
                                                         _094_ (net)
                      0.077638    0.000000   17.873381 v _624_/B (sky130_fd_sc_hd__or4bb_2)
     4    0.011206    0.273947    1.527276   19.400658 v _624_/X (sky130_fd_sc_hd__or4bb_2)
                                                         _095_ (net)
                      0.273947    0.000000   19.400658 v _628_/A1 (sky130_fd_sc_hd__a21oi_2)
    12    0.035679    0.717863    0.719057   20.119715 ^ _628_/Y (sky130_fd_sc_hd__a21oi_2)
                                                         _099_ (net)
                      0.717863    0.000000   20.119715 ^ _665_/S (sky130_fd_sc_hd__mux2_1)
     3    0.008744    0.170509    0.957066   21.076780 v _665_/X (sky130_fd_sc_hd__mux2_1)
                                                         _136_ (net)
                      0.170509    0.000000   21.076780 v _669_/A2 (sky130_fd_sc_hd__a21o_2)
     1    0.002203    0.055150    0.409255   21.486034 v _669_/X (sky130_fd_sc_hd__a21o_2)
                                                         _140_ (net)
                      0.055150    0.000000   21.486034 v _671_/A2 (sky130_fd_sc_hd__o211a_2)
     1    0.002251    0.067741    0.429287   21.915321 v _671_/X (sky130_fd_sc_hd__o211a_2)
                                                         _142_ (net)
                      0.067741    0.000000   21.915321 v _672_/B2 (sky130_fd_sc_hd__o221a_2)
     1    0.002285    0.076895    0.422725   22.338047 v _672_/X (sky130_fd_sc_hd__o221a_2)
                                                         _143_ (net)
                      0.076895    0.000000   22.338047 v _675_/A2 (sky130_fd_sc_hd__o21a_2)
     1    0.002254    0.056957    0.350134   22.688181 v _675_/X (sky130_fd_sc_hd__o21a_2)
                                                         _146_ (net)
                      0.056957    0.000000   22.688181 v _679_/A1 (sky130_fd_sc_hd__o21a_2)
     1    0.001413    0.051386    0.361306   23.049486 v _679_/X (sky130_fd_sc_hd__o21a_2)
                                                         _150_ (net)
                      0.051386    0.000000   23.049486 v _700_/A (sky130_fd_sc_hd__or3_2)
     1    0.000000    0.130565    1.021819   24.071306 v _700_/X (sky130_fd_sc_hd__or3_2)
                                                         op_out[0] (net)
                      0.130565    0.000000   24.071306 v op_out[0] (out)
                                             24.071306   data arrival time

                      0.000000   20.000000   20.000000   clock virtual_clk (rise edge)
                                  0.000000   20.000000   clock network delay (ideal)
                                  0.000000   20.000000   clock reconvergence pessimism
                                 -2.000000   18.000000   output external delay
                                             18.000000   data required time
---------------------------------------------------------------------------------------------
                                             18.000000   data required time
                                            -24.071306   data arrival time
---------------------------------------------------------------------------------------------
                                             -6.071305   slack (VIOLATED)




===========================================================================
report_checks --slack_max -0.01
============================================================================
======================= nom_ss_100C_1v60 Corner ===================================

Startpoint: op_b[5] (input port clocked by virtual_clk)
Endpoint: op_out[0] (output port clocked by virtual_clk)
Path Group: virtual_clk
Path Type: max

Fanout         Cap        Slew       Delay        Time   Description
---------------------------------------------------------------------------------------------
                      0.000000    0.000000    0.000000   clock virtual_clk (rise edge)
                                  0.000000    0.000000   clock network delay (ideal)
                                  2.000000    2.000000 v input external delay
    18    0.064423    0.000000    0.000000    2.000000 v op_b[5] (in)
                                                         op_b[5] (net)
                      0.000000    0.000000    2.000000 v _469_/A (sky130_fd_sc_hd__or4_2)
     6    0.018391    0.338255    1.741342    3.741342 v _469_/X (sky130_fd_sc_hd__or4_2)
                                                         _306_ (net)
                      0.338255    0.000000    3.741342 v _472_/A3 (sky130_fd_sc_hd__o41ai_2)
     5    0.015391    0.769855    0.857752    4.599094 ^ _472_/Y (sky130_fd_sc_hd__o41ai_2)
                                                         _338_ (net)
                      0.769855    0.000000    4.599094 ^ _481_/A1 (sky130_fd_sc_hd__a211o_2)
     4    0.011169    0.119415    0.552047    5.151141 ^ _481_/X (sky130_fd_sc_hd__a211o_2)
                                                         _410_ (net)
                      0.119415    0.000000    5.151141 ^ _482_/C (sky130_fd_sc_hd__and3_2)
     2    0.007144    0.116397    0.412463    5.563603 ^ _482_/X (sky130_fd_sc_hd__and3_2)
                                                         _411_ (net)
                      0.116397    0.000000    5.563603 ^ _493_/C1 (sky130_fd_sc_hd__a211oi_2)
     3    0.007645    0.131847    0.095157    5.658760 v _493_/Y (sky130_fd_sc_hd__a211oi_2)
                                                         _422_ (net)
                      0.131847    0.000000    5.658760 v _503_/D (sky130_fd_sc_hd__or4_2)
     3    0.008765    0.269274    1.404725    7.063485 v _503_/X (sky130_fd_sc_hd__or4_2)
                                                         _432_ (net)
                      0.269274    0.000000    7.063485 v _507_/A3 (sky130_fd_sc_hd__a31o_2)
     2    0.006528    0.083083    0.551779    7.615264 v _507_/X (sky130_fd_sc_hd__a31o_2)
                                                         _436_ (net)
                      0.083083    0.000000    7.615264 v _509_/A2 (sky130_fd_sc_hd__a211o_2)
     3    0.008920    0.116726    0.662581    8.277845 v _509_/X (sky130_fd_sc_hd__a211o_2)
                                                         _438_ (net)
                      0.116726    0.000000    8.277845 v _515_/A1 (sky130_fd_sc_hd__a21oi_2)
     8    0.027907    0.572257    0.543843    8.821689 ^ _515_/Y (sky130_fd_sc_hd__a21oi_2)
                                                         _444_ (net)
                      0.572257    0.000000    8.821689 ^ _517_/S (sky130_fd_sc_hd__mux2_1)
     3    0.016585    0.236751    1.006476    9.828164 v _517_/X (sky130_fd_sc_hd__mux2_1)
                                                         _446_ (net)
                      0.236751    0.000000    9.828164 v _519_/B (sky130_fd_sc_hd__xnor2_2)
     3    0.015988    0.394728    0.423801   10.251966 ^ _519_/Y (sky130_fd_sc_hd__xnor2_2)
                                                         _448_ (net)
                      0.394728    0.000000   10.251966 ^ _543_/A1 (sky130_fd_sc_hd__a311oi_2)
     4    0.008438    0.240556    0.355636   10.607602 v _543_/Y (sky130_fd_sc_hd__a311oi_2)
                                                         _014_ (net)
                      0.240556    0.000000   10.607602 v _572_/A (sky130_fd_sc_hd__or3_2)
     4    0.012556    0.229054    1.268839   11.876442 v _572_/X (sky130_fd_sc_hd__or3_2)
                                                         _043_ (net)
                      0.229054    0.000000   11.876442 v _574_/C (sky130_fd_sc_hd__and3_2)
     3    0.007800    0.097399    0.542972   12.419414 v _574_/X (sky130_fd_sc_hd__and3_2)
                                                         _045_ (net)
                      0.097399    0.000000   12.419414 v _585_/A (sky130_fd_sc_hd__or4_2)
     1    0.001350    0.197167    1.516213   13.935626 v _585_/X (sky130_fd_sc_hd__or4_2)
                                                         _056_ (net)
                      0.197167    0.000000   13.935626 v _586_/C (sky130_fd_sc_hd__or4b_2)
     1    0.004402    0.233928    1.507777   15.443403 v _586_/X (sky130_fd_sc_hd__or4b_2)
                                                         _057_ (net)
                      0.233928    0.000000   15.443403 v _590_/A1 (sky130_fd_sc_hd__a311oi_2)
     8    0.025614    0.887221    0.844837   16.288240 ^ _590_/Y (sky130_fd_sc_hd__a311oi_2)
                                                         _061_ (net)
                      0.887221    0.000000   16.288240 ^ _619_/S (sky130_fd_sc_hd__mux2_1)
     5    0.022495    0.281785    1.110479   17.398720 v _619_/X (sky130_fd_sc_hd__mux2_1)
                                                         _090_ (net)
                      0.281785    0.000000   17.398720 v _623_/B1 (sky130_fd_sc_hd__o22a_2)
     2    0.003713    0.077638    0.474662   17.873381 v _623_/X (sky130_fd_sc_hd__o22a_2)
                                                         _094_ (net)
                      0.077638    0.000000   17.873381 v _624_/B (sky130_fd_sc_hd__or4bb_2)
     4    0.011206    0.273947    1.527276   19.400658 v _624_/X (sky130_fd_sc_hd__or4bb_2)
                                                         _095_ (net)
                      0.273947    0.000000   19.400658 v _628_/A1 (sky130_fd_sc_hd__a21oi_2)
    12    0.035679    0.717863    0.719057   20.119715 ^ _628_/Y (sky130_fd_sc_hd__a21oi_2)
                                                         _099_ (net)
                      0.717863    0.000000   20.119715 ^ _665_/S (sky130_fd_sc_hd__mux2_1)
     3    0.008744    0.170509    0.957066   21.076780 v _665_/X (sky130_fd_sc_hd__mux2_1)
                                                         _136_ (net)
                      0.170509    0.000000   21.076780 v _669_/A2 (sky130_fd_sc_hd__a21o_2)
     1    0.002203    0.055150    0.409255   21.486034 v _669_/X (sky130_fd_sc_hd__a21o_2)
                                                         _140_ (net)
                      0.055150    0.000000   21.486034 v _671_/A2 (sky130_fd_sc_hd__o211a_2)
     1    0.002251    0.067741    0.429287   21.915321 v _671_/X (sky130_fd_sc_hd__o211a_2)
                                                         _142_ (net)
                      0.067741    0.000000   21.915321 v _672_/B2 (sky130_fd_sc_hd__o221a_2)
     1    0.002285    0.076895    0.422725   22.338047 v _672_/X (sky130_fd_sc_hd__o221a_2)
                                                         _143_ (net)
                      0.076895    0.000000   22.338047 v _675_/A2 (sky130_fd_sc_hd__o21a_2)
     1    0.002254    0.056957    0.350134   22.688181 v _675_/X (sky130_fd_sc_hd__o21a_2)
                                                         _146_ (net)
                      0.056957    0.000000   22.688181 v _679_/A1 (sky130_fd_sc_hd__o21a_2)
     1    0.001413    0.051386    0.361306   23.049486 v _679_/X (sky130_fd_sc_hd__o21a_2)
                                                         _150_ (net)
                      0.051386    0.000000   23.049486 v _700_/A (sky130_fd_sc_hd__or3_2)
     1    0.000000    0.130565    1.021819   24.071306 v _700_/X (sky130_fd_sc_hd__or3_2)
                                                         op_out[0] (net)
                      0.130565    0.000000   24.071306 v op_out[0] (out)
                                             24.071306   data arrival time

                      0.000000   20.000000   20.000000   clock virtual_clk (rise edge)
                                  0.000000   20.000000   clock network delay (ideal)
                                  0.000000   20.000000   clock reconvergence pessimism
                                 -2.000000   18.000000   output external delay
                                             18.000000   data required time
---------------------------------------------------------------------------------------------
                                             18.000000   data required time
                                            -24.071306   data arrival time
---------------------------------------------------------------------------------------------
                                             -6.071305   slack (VIOLATED)




===========================================================================
 report_check_types -max_slew -max_cap -max_fanout -violators
============================================================================
======================= nom_ss_100C_1v60 Corner ===================================

max fanout

Pin                                   Limit Fanout  Slack
---------------------------------------------------------
op_b[1]                                  16     27    -11 (VIOLATED)
op_b[2]                                  16     23     -7 (VIOLATED)
op_b[4]                                  16     23     -7 (VIOLATED)
op_a[2]                                  16     22     -6 (VIOLATED)
op_b[0]                                  16     22     -6 (VIOLATED)
op_b[3]                                  16     22     -6 (VIOLATED)
op_a[0]                                  16     21     -5 (VIOLATED)
op_a[1]                                  16     21     -5 (VIOLATED)
op_a[4]                                  16     19     -3 (VIOLATED)
op_b[5]                                  16     18     -2 (VIOLATED)
op_b[6]                                  16     17        (VIOLATED)



===========================================================================
report_parasitic_annotation -report_unannotated
============================================================================
Found 486 unannotated drivers.
 inst[0]
 inst[1]
 inst[2]
 inst[3]
 op_a[0]
 op_a[1]
 op_a[2]
 op_a[3]
 op_a[4]
 op_a[5]
 op_a[6]
 op_a[7]
 op_b[0]
 op_b[1]
 op_b[2]
 op_b[3]
 op_b[4]
 op_b[5]
 op_b[6]
 op_b[7]
 _458_/Y
 _459_/Y
 _460_/Y
 _461_/Y
 _462_/Y
 _463_/Y
 _464_/Y
 _465_/Y
 _466_/Y
 _467_/Y
 _468_/X
 _469_/X
 _470_/X
 _471_/Y
 _472_/Y
 _473_/X
 _474_/X
 _475_/Y
 _476_/X
 _477_/Y
 _478_/Y
 _479_/Y
 _480_/Y
 _481_/X
 _482_/X
 _483_/Y
 _484_/X
 _485_/X
 _486_/Y
 _487_/Y
 _488_/X
 _489_/X
 _490_/Y
 _491_/Y
 _492_/X
 _493_/Y
 _494_/X
 _495_/X
 _496_/X
 _497_/X
 _498_/Y
 _499_/X
 _500_/Y
 _501_/Y
 _502_/Y
 _503_/X
 _504_/Y
 _505_/Y
 _506_/X
 _507_/X
 _508_/Y
 _509_/X
 _510_/X
 _511_/X
 _512_/X
 _513_/X
 _514_/X
 _515_/Y
 _516_/Y
 _517_/X
 _518_/Y
 _519_/Y
 _520_/Y
 _521_/Y
 _522_/X
 _523_/X
 _524_/X
 _525_/Y
 _526_/Y
 _527_/X
 _528_/Y
 _529_/X
 _530_/X
 _531_/Y
 _532_/X
 _533_/Y
 _534_/X
 _535_/Y
 _536_/Y
 _537_/Y
 _538_/Y
 _539_/X
 _540_/Y
 _541_/X
 _542_/Y
 _543_/Y
 _544_/X
 _545_/X
 _546_/Y
 _547_/X
 _548_/Y
 _549_/X
 _550_/X
 _551_/Y
 _552_/Y
 _553_/X
 _554_/X
 _555_/X
 _556_/Y
 _557_/Y
 _558_/X
 _559_/Y
 _560_/Y
 _561_/Y
 _562_/Y
 _563_/X
 _564_/Y
 _565_/X
 _566_/X
 _567_/X
 _568_/Y
 _569_/Y
 _570_/Y
 _571_/X
 _572_/X
 _573_/Y
 _574_/X
 _575_/Y
 _576_/X
 _577_/Y
 _578_/Y
 _579_/X
 _580_/X
 _581_/X
 _582_/Y
 _583_/X
 _584_/Y
 _585_/X
 _586_/X
 _587_/X
 _588_/X
 _589_/X
 _590_/Y
 _591_/X
 _592_/X
 _593_/X
 _594_/Y
 _595_/X
 _596_/Y
 _597_/Y
 _598_/X
 _599_/Y
 _600_/Y
 _601_/X
 _602_/Y
 _603_/X
 _604_/Y
 _605_/X
 _606_/Y
 _607_/X
 _608_/Y
 _609_/Y
 _610_/X
 _611_/Y
 _612_/Y
 _613_/X
 _614_/Y
 _615_/X
 _616_/X
 _617_/X
 _618_/Y
 _619_/X
 _620_/Y
 _621_/Y
 _622_/Y
 _623_/X
 _624_/X
 _625_/Y
 _626_/X
 _627_/X
 _628_/Y
 _629_/Y
 _630_/X
 _631_/X
 _632_/Y
 _633_/X
 _634_/X
 _635_/Y
 _636_/X
 _637_/X
 _638_/X
 _639_/X
 _640_/X
 _641_/X
 _642_/Y
 _643_/Y
 _644_/Y
 _645_/X
 _646_/X
 _647_/Y
 _648_/Y
 _649_/X
 _650_/Y
 _651_/X
 _652_/X
 _653_/X
 _654_/X
 _655_/X
 _656_/Y
 _657_/X
 _658_/Y
 _659_/X
 _660_/X
 _661_/X
 _662_/Y
 _663_/Y
 _664_/Y
 _665_/X
 _666_/X
 _667_/Y
 _668_/X
 _669_/X
 _670_/Y
 _671_/X
 _672_/X
 _673_/Y
 _674_/Y
 _675_/X
 _676_/Y
 _677_/X
 _678_/Y
 _679_/X
 _680_/X
 _681_/X
 _682_/X
 _683_/X
 _684_/X
 _685_/X
 _686_/X
 _687_/Y
 _688_/X
 _689_/X
 _690_/X
 _691_/Y
 _692_/X
 _693_/Y
 _694_/Y
 _695_/X
 _696_/X
 _697_/X
 _698_/X
 _699_/X
 _700_/X
 _701_/X
 _702_/Y
 _703_/X
 _704_/X
 _705_/X
 _706_/X
 _707_/Y
 _708_/X
 _709_/X
 _710_/X
 _711_/Y
 _712_/Y
 _713_/Y
 _714_/Y
 _715_/X
 _716_/Y
 _717_/X
 _718_/X
 _719_/X
 _720_/Y
 _721_/X
 _722_/Y
 _723_/Y
 _724_/X
 _725_/Y
 _726_/X
 _727_/Y
 _728_/X
 _729_/X
 _730_/X
 _731_/Y
 _732_/X
 _733_/Y
 _734_/Y
 _735_/Y
 _736_/X
 _737_/X
 _738_/X
 _739_/X
 _740_/X
 _741_/X
 _742_/X
 _743_/Y
 _744_/X
 _745_/Y
 _746_/Y
 _747_/X
 _748_/X
 _749_/X
 _750_/Y
 _751_/Y
 _752_/Y
 _753_/X
 _754_/Y
 _755_/Y
 _756_/Y
 _757_/X
 _758_/Y
 _759_/X
 _760_/Y
 _761_/Y
 _762_/X
 _763_/Y
 _764_/X
 _765_/Y
 _766_/X
 _767_/X
 _768_/X
 _769_/X
 _770_/Y
 _771_/Y
 _772_/X
 _773_/Y
 _774_/X
 _775_/Y
 _776_/X
 _777_/Y
 _778_/X
 _779_/X
 _780_/X
 _781_/Y
 _782_/Y
 _783_/Y
 _784_/Y
 _785_/Y
 _786_/Y
 _787_/Y
 _788_/X
 _789_/X
 _790_/X
 _791_/Y
 _792_/Y
 _793_/X
 _794_/X
 _795_/X
 _796_/X
 _797_/Y
 _798_/Y
 _799_/Y
 _800_/X
 _801_/Y
 _802_/X
 _803_/Y
 _804_/Y
 _805_/Y
 _806_/Y
 _807_/X
 _808_/Y
 _809_/X
 _810_/Y
 _811_/Y
 _812_/X
 _813_/Y
 _814_/X
 _815_/Y
 _816_/Y
 _817_/X
 _818_/Y
 _819_/Y
 _820_/Y
 _821_/X
 _822_/Y
 _823_/Y
 _824_/Y
 _825_/Y
 _826_/Y
 _827_/X
 _828_/X
 _829_/X
 _830_/Y
 _831_/X
 _832_/Y
 _833_/X
 _834_/Y
 _835_/X
 _836_/X
 _837_/Y
 _838_/X
 _839_/X
 _840_/X
 _841_/X
 _842_/X
 _843_/X
 _844_/X
 _845_/Y
 _846_/X
 _847_/Y
 _848_/X
 _849_/Y
 _850_/X
 _851_/X
 _852_/Y
 _853_/X
 _854_/Y
 _855_/Y
 _856_/X
 _857_/Y
 _858_/Y
 _859_/Y
 _860_/Y
 _861_/X
 _862_/Y
 _863_/X
 _864_/X
 _865_/Y
 _866_/X
 _867_/X
 _868_/Y
 _869_/X
 _870_/X
 _871_/Y
 _872_/Y
 _873_/X
 _874_/Y
 _875_/X
 _876_/Y
 _877_/Y
 _878_/X
 _879_/Y
 _880_/Y
 _881_/X
 _882_/X
 _883_/X
 _884_/X
 _885_/X
 _886_/Y
 _887_/Y
 _888_/X
 _889_/Y
 _890_/Y
 _891_/Y
 _892_/Y
 _893_/Y
 _894_/X
 _895_/Y
 _896_/X
 _897_/Y
 _898_/X
 _899_/X
 _900_/X
 _901_/X
 _902_/X
 _903_/Y
 _904_/Y
 _905_/Y
 _906_/Y
 _907_/X
 _908_/Y
 _909_/Y
 _910_/Y
 _911_/X
 _912_/Y
 _913_/Y
 _914_/Y
 _915_/Y
 _916_/Y
 _917_/X
 _918_/Y
 _919_/Y
 _920_/X
 _921_/X
 _922_/X
 _923_/X
Found 0 partially unannotated drivers.

===========================================================================
max slew violation count 0
%OL_METRIC_I design__max_slew_violation__count__corner:nom_ss_100C_1v60 0
max fanout violation count 11
%OL_METRIC_I design__max_fanout_violation__count__corner:nom_ss_100C_1v60 11
max cap violation count 0
%OL_METRIC_I design__max_cap_violation__count__corner:nom_ss_100C_1v60 0
============================================================================

===========================================================================
check_setup -verbose -unconstrained_endpoints -multiple_clock -no_clock -no_input_delay -loops -generated_clocks
===========================================================================
%OL_END_REPORT
%OL_CREATE_REPORT power.rpt

===========================================================================
 report_power
============================================================================
======================= nom_ss_100C_1v60 Corner ===================================

Group                    Internal    Switching      Leakage        Total
                            Power        Power        Power        Power (Watts)
------------------------------------------------------------------------
Sequential           0.000000e+00 0.000000e+00 0.000000e+00 0.000000e+00   0.0%
Combinational        6.563235e-05 4.282554e-05 2.400286e-06 1.108582e-04 100.0%
Clock                0.000000e+00 0.000000e+00 0.000000e+00 0.000000e+00   0.0%
Macro                0.000000e+00 0.000000e+00 0.000000e+00 0.000000e+00   0.0%
Pad                  0.000000e+00 0.000000e+00 0.000000e+00 0.000000e+00   0.0%
------------------------------------------------------------------------
Total                6.563235e-05 4.282554e-05 2.400286e-06 1.108582e-04 100.0%
                            59.2%        38.6%         2.2%
%OL_METRIC_F power__internal__total 6.563234637724236e-5
%OL_METRIC_F power__switching__total 4.282554073142819e-5
%OL_METRIC_F power__leakage__total 2.4002856662264094e-6
%OL_METRIC_F power__total 0.00011085817095590755

%OL_END_REPORT
%OL_CREATE_REPORT skew.min.rpt

===========================================================================
Clock Skew (Hold)
============================================================================
%OL_METRIC_F clock__skew__worst_hold__corner:nom_ss_100C_1v60 0.0
======================= nom_ss_100C_1v60 Corner ===================================

Clock virtual_clk
No launch/capture paths found.

%OL_END_REPORT
%OL_CREATE_REPORT skew.max.rpt

===========================================================================
Clock Skew (Setup)
============================================================================
%OL_METRIC_F clock__skew__worst_setup__corner:nom_ss_100C_1v60 0.0
======================= nom_ss_100C_1v60 Corner ===================================

Clock virtual_clk
No launch/capture paths found.

%OL_END_REPORT
%OL_CREATE_REPORT ws.min.rpt

===========================================================================
Worst Slack (Hold)
============================================================================
%OL_METRIC_F timing__hold__ws__corner:nom_ss_100C_1v60 4.338514559298623
nom_ss_100C_1v60: 4.338514559298623
%OL_END_REPORT
%OL_CREATE_REPORT ws.max.rpt

===========================================================================
Worst Slack (Setup)
============================================================================
%OL_METRIC_F timing__setup__ws__corner:nom_ss_100C_1v60 -6.071305408040835
nom_ss_100C_1v60: -6.071305408040835
%OL_END_REPORT
%OL_CREATE_REPORT tns.min.rpt

===========================================================================
Total Negative Slack (Hold)
============================================================================
%OL_METRIC_F timing__hold__tns__corner:nom_ss_100C_1v60 0.0
nom_ss_100C_1v60: 0.0
%OL_END_REPORT
%OL_CREATE_REPORT tns.max.rpt

===========================================================================
Total Negative Slack (Setup)
============================================================================
%OL_METRIC_F timing__setup__tns__corner:nom_ss_100C_1v60 -8.827300029676262
nom_ss_100C_1v60: -8.827300029676262
%OL_END_REPORT
%OL_CREATE_REPORT wns.min.rpt

===========================================================================
Worst Negative Slack (Hold)
============================================================================
%OL_METRIC_F timing__hold__wns__corner:nom_ss_100C_1v60 0
nom_ss_100C_1v60: 0
%OL_END_REPORT
%OL_CREATE_REPORT wns.max.rpt

===========================================================================
Worst Negative Slack (Setup)
============================================================================
%OL_METRIC_F timing__setup__wns__corner:nom_ss_100C_1v60 -6.071305408040835
nom_ss_100C_1v60: -6.071305408040835
%OL_END_REPORT
%OL_CREATE_REPORT violator_list.rpt

===========================================================================
Violator List
============================================================================
[setup in-out] op_b[5] -> op_out[0] : -6.071305
[setup in-out] op_b[5] -> op_out[1] : -2.755995
%OL_METRIC_I timing__hold_vio__count__corner:nom_ss_100C_1v60 0
%OL_METRIC_F timing__hold_r2r__ws__corner:nom_ss_100C_1v60 inf
%OL_METRIC_I timing__hold_r2r_vio__count__corner:nom_ss_100C_1v60 0
%OL_METRIC_I timing__setup_vio__count__corner:nom_ss_100C_1v60 2
%OL_METRIC_F timing__setup_r2r__ws__corner:nom_ss_100C_1v60 inf
%OL_METRIC_I timing__setup_r2r_vio__count__corner:nom_ss_100C_1v60 0
%OL_END_REPORT
%OL_CREATE_REPORT unpropagated.rpt
virtual_clk
%OL_END_REPORT
%OL_CREATE_REPORT clock.rpt
Clock: virtual_clk
Sources: 
Generated: no
Virtual: yes
Propagated: no
Period: 20.000000

===========================================================================
report_clock_properties
============================================================================
Clock                   Period          Waveform
----------------------------------------------------
virtual_clk          20.000000    0.000000 10.000000

===========================================================================
report_clock_latency
============================================================================
Clock virtual_clk


===========================================================================
report_clock_min_period
============================================================================
virtual_clk period_min = 0.00 fmax = inf
%OL_END_REPORT
Writing SDF files for all corners…
