
===========================================================================
report_checks -unconstrained
===========================================================================
======================= nom_tt_025C_1v80 Corner ===================================

Startpoint: op_b[4] (input port clocked by __VIRTUAL_CLK__)
Endpoint: op_out[0] (output port clocked by __VIRTUAL_CLK__)
Path Group: __VIRTUAL_CLK__
Path Type: max

Fanout         Cap        Slew       Delay        Time   Description
---------------------------------------------------------------------------------------------
                      0.000000    0.000000    0.000000   clock __VIRTUAL_CLK__ (rise edge)
                                  0.000000    0.000000   clock network delay (ideal)
                                  4.000000    4.000000 v input external delay
    23    0.101047    0.221385    0.163351    4.163351 v op_b[4] (in)
                                                         op_b[4] (net)
                      0.221401    0.000000    4.163351 v _469_/B (sky130_fd_sc_hd__or4_2)
     6    0.020030    0.163419    0.788565    4.951916 v _469_/X (sky130_fd_sc_hd__or4_2)
                                                         _306_ (net)
                      0.163419    0.000043    4.951959 v _472_/A3 (sky130_fd_sc_hd__o41ai_2)
     5    0.016587    0.509852    0.519909    5.471868 ^ _472_/Y (sky130_fd_sc_hd__o41ai_2)
                                                         _338_ (net)
                      0.509852    0.000022    5.471890 ^ _481_/A1 (sky130_fd_sc_hd__a211o_2)
     4    0.012521    0.074551    0.254047    5.725937 ^ _481_/X (sky130_fd_sc_hd__a211o_2)
                                                         _410_ (net)
                      0.074551    0.000059    5.725996 ^ _484_/A2 (sky130_fd_sc_hd__a21o_2)
     4    0.014313    0.085176    0.163954    5.889950 ^ _484_/X (sky130_fd_sc_hd__a21o_2)
                                                         _413_ (net)
                      0.085176    0.000014    5.889964 ^ _493_/A1 (sky130_fd_sc_hd__a211oi_2)
     3    0.008997    0.068053    0.085306    5.975270 v _493_/Y (sky130_fd_sc_hd__a211oi_2)
                                                         _422_ (net)
                      0.068053    0.000057    5.975327 v _503_/D (sky130_fd_sc_hd__or4_2)
     3    0.009233    0.128753    0.583029    6.558356 v _503_/X (sky130_fd_sc_hd__or4_2)
                                                         _432_ (net)
                      0.128753    0.000019    6.558375 v _507_/A3 (sky130_fd_sc_hd__a31o_2)
     2    0.006792    0.048315    0.287101    6.845476 v _507_/X (sky130_fd_sc_hd__a31o_2)
                                                         _436_ (net)
                      0.048315    0.000006    6.845482 v _509_/A2 (sky130_fd_sc_hd__a211o_2)
     3    0.009383    0.065167    0.351668    7.197150 v _509_/X (sky130_fd_sc_hd__a211o_2)
                                                         _438_ (net)
                      0.065167    0.000027    7.197177 v _515_/A1 (sky130_fd_sc_hd__a21oi_2)
     8    0.035771    0.439222    0.389875    7.587052 ^ _515_/Y (sky130_fd_sc_hd__a21oi_2)
                                                         _444_ (net)
                      0.439222    0.000314    7.587366 ^ _524_/S (sky130_fd_sc_hd__mux2_1)
     2    0.006119    0.071315    0.388236    7.975602 v _524_/X (sky130_fd_sc_hd__mux2_1)
                                                         _453_ (net)
                      0.071315    0.000028    7.975630 v _539_/A2 (sky130_fd_sc_hd__a221o_2)
     3    0.011012    0.078332    0.423414    8.399044 v _539_/X (sky130_fd_sc_hd__a221o_2)
                                                         _010_ (net)
                      0.078332    0.000019    8.399063 v _544_/A3 (sky130_fd_sc_hd__a311o_2)
     5    0.014758    0.084823    0.439319    8.838382 v _544_/X (sky130_fd_sc_hd__a311o_2)
                                                         _015_ (net)
                      0.084823    0.000027    8.838408 v _571_/A1 (sky130_fd_sc_hd__a21o_2)
     4    0.013716    0.059075    0.232228    9.070637 v _571_/X (sky130_fd_sc_hd__a21o_2)
                                                         _042_ (net)
                      0.059075    0.000071    9.070708 v _574_/B (sky130_fd_sc_hd__and3_2)
     3    0.008240    0.050488    0.214019    9.284727 v _574_/X (sky130_fd_sc_hd__and3_2)
                                                         _045_ (net)
                      0.050488    0.000020    9.284747 v _585_/A (sky130_fd_sc_hd__or4_2)
     1    0.002282    0.095979    0.647129    9.931877 v _585_/X (sky130_fd_sc_hd__or4_2)
                                                         _056_ (net)
                      0.095979    0.000008    9.931885 v _586_/C (sky130_fd_sc_hd__or4b_2)
     1    0.004669    0.109379    0.629934   10.561819 v _586_/X (sky130_fd_sc_hd__or4b_2)
                                                         _057_ (net)
                      0.109379    0.000008   10.561828 v _590_/A1 (sky130_fd_sc_hd__a311oi_2)
     8    0.035911    0.693794    0.610160   11.171988 ^ _590_/Y (sky130_fd_sc_hd__a311oi_2)
                                                         _061_ (net)
                      0.693794    0.000233   11.172220 ^ _619_/S (sky130_fd_sc_hd__mux2_1)
     5    0.024960    0.149814    0.497296   11.669516 v _619_/X (sky130_fd_sc_hd__mux2_1)
                                                         _090_ (net)
                      0.149814    0.000140   11.669656 v _623_/B1 (sky130_fd_sc_hd__o22a_2)
     2    0.004124    0.041860    0.239407   11.909062 v _623_/X (sky130_fd_sc_hd__o22a_2)
                                                         _094_ (net)
                      0.041860    0.000004   11.909066 v _624_/B (sky130_fd_sc_hd__or4bb_2)
     4    0.012531    0.132293    0.660159   12.569225 v _624_/X (sky130_fd_sc_hd__or4bb_2)
                                                         _095_ (net)
                      0.132293    0.000036   12.569262 v _628_/A1 (sky130_fd_sc_hd__a21oi_2)
    12    0.043882    0.536680    0.483778   13.053040 ^ _628_/Y (sky130_fd_sc_hd__a21oi_2)
                                                         _099_ (net)
                      0.536680    0.000245   13.053285 ^ _665_/S (sky130_fd_sc_hd__mux2_1)
     3    0.009163    0.088593    0.415304   13.468589 v _665_/X (sky130_fd_sc_hd__mux2_1)
                                                         _136_ (net)
                      0.088593    0.000008   13.468597 v _669_/A2 (sky130_fd_sc_hd__a21o_2)
     1    0.002844    0.033465    0.219766   13.688364 v _669_/X (sky130_fd_sc_hd__a21o_2)
                                                         _140_ (net)
                      0.033465    0.000009   13.688373 v _671_/A2 (sky130_fd_sc_hd__o211a_2)
     1    0.002846    0.041362    0.226536   13.914908 v _671_/X (sky130_fd_sc_hd__o211a_2)
                                                         _142_ (net)
                      0.041362    0.000008   13.914917 v _672_/B2 (sky130_fd_sc_hd__o221a_2)
     1    0.002892    0.042601    0.218847   14.133764 v _672_/X (sky130_fd_sc_hd__o221a_2)
                                                         _143_ (net)
                      0.042601    0.000011   14.133775 v _675_/A2 (sky130_fd_sc_hd__o21a_2)
     1    0.002616    0.033509    0.183919   14.317693 v _675_/X (sky130_fd_sc_hd__o21a_2)
                                                         _146_ (net)
                      0.033509    0.000004   14.317698 v _679_/A1 (sky130_fd_sc_hd__o21a_2)
     1    0.005070    0.039523    0.206326   14.524023 v _679_/X (sky130_fd_sc_hd__o21a_2)
                                                         _150_ (net)
                      0.039523    0.000052   14.524076 v _700_/A (sky130_fd_sc_hd__or3_2)
     1    0.035187    0.171451    0.600116   15.124192 v _700_/X (sky130_fd_sc_hd__or3_2)
                                                         op_out[0] (net)
                      0.171451    0.000377   15.124569 v op_out[0] (out)
                                             15.124569   data arrival time

                      0.000000   20.000000   20.000000   clock __VIRTUAL_CLK__ (rise edge)
                                  0.000000   20.000000   clock network delay (ideal)
                                 -0.250000   19.750002   clock uncertainty
                                  0.000000   19.750002   clock reconvergence pessimism
                                 -4.000000   15.750001   output external delay
                                             15.750001   data required time
---------------------------------------------------------------------------------------------
                                             15.750001   data required time
                                            -15.124569   data arrival time
---------------------------------------------------------------------------------------------
                                              0.625432   slack (MET)




===========================================================================
report_checks --slack_max -0.01
============================================================================
======================= nom_tt_025C_1v80 Corner ===================================

No paths found.


===========================================================================
 report_check_types -max_slew -max_cap -max_fanout -violators
============================================================================
======================= nom_tt_025C_1v80 Corner ===================================

max fanout

Pin                                   Limit Fanout  Slack
---------------------------------------------------------
op_b[1]                                  10     27    -17 (VIOLATED)
op_b[2]                                  10     23    -13 (VIOLATED)
op_b[4]                                  10     23    -13 (VIOLATED)
op_a[2]                                  10     22    -12 (VIOLATED)
op_b[0]                                  10     22    -12 (VIOLATED)
op_b[3]                                  10     22    -12 (VIOLATED)
op_a[0]                                  10     21    -11 (VIOLATED)
op_a[1]                                  10     21    -11 (VIOLATED)
op_a[4]                                  10     19     -9 (VIOLATED)
op_b[5]                                  10     18     -8 (VIOLATED)
op_b[6]                                  10     17     -7 (VIOLATED)
op_a[6]                                  10     16     -6 (VIOLATED)
op_b[7]                                  10     16     -6 (VIOLATED)
op_a[3]                                  10     15     -5 (VIOLATED)
op_a[5]                                  10     14     -4 (VIOLATED)
_458_/Y                                  10     13     -3 (VIOLATED)
_463_/Y                                  10     12     -2 (VIOLATED)
_628_/Y                                  10     12     -2 (VIOLATED)
inst[3]                                  10     11        (VIOLATED)



===========================================================================
report_parasitic_annotation -report_unannotated
============================================================================
Found 0 unannotated drivers.
Found 0 partially unannotated drivers.

===========================================================================
max slew violation count 0
Writing metric design__max_slew_violation__count__corner:nom_tt_025C_1v80: 0
max fanout violation count 19
Writing metric design__max_fanout_violation__count__corner:nom_tt_025C_1v80: 19
max cap violation count 0
Writing metric design__max_cap_violation__count__corner:nom_tt_025C_1v80: 0
============================================================================

===========================================================================
check_setup -verbose -unconstrained_endpoints -multiple_clock -no_clock -no_input_delay -loops -generated_clocks
===========================================================================
