Reading OpenROAD database at '/home/letienthanh/8bitalu/runs/RUN_2026-08-05_11-42-16/27-openroad-globalplacement/alu8bit.odb'…
Reading library file at '/home/letienthanh/.volare/volare/sky130/versions/0fe599b2afb6708d281543108caf8310912f54af/sky130A/libs.ref/sky130_fd_sc_hd/lib/sky130_fd_sc_hd__tt_025C_1v80.lib'…
Reading design constraints file at '/nix/store/ss2cw3sxbrwwx9jl0rrppbw4kgcmgi2n-python3-3.11.9-env/lib/python3.11/site-packages/openlane/scripts/base.sdc'…
[WARNING STA-0366] port '__VIRTUAL_CLK__' not found.
[INFO] Using clock __VIRTUAL_CLK__…
[INFO] Setting output delay to: 4
[INFO] Setting input delay to: 4
[WARNING STA-0366] port '__VIRTUAL_CLK__' not found.
[INFO] Setting load to: 0.033442
[INFO] Setting clock uncertainty to: 0.25
[INFO] Setting clock transition to: 0.1499999999999999944488848768742172978818416595458984375
[WARNING STA-0419] transition time can not be specified for virtual clocks.
[INFO] Setting timing derate to: 5%
[WARNING STA-0450] virtual clock __VIRTUAL_CLK__ can not be propagated.
[INFO] Setting RC values…
[WARNING GRT-0097] No global routing found for nets.
%OL_CREATE_REPORT min.rpt

===========================================================================
report_checks -path_delay min (Hold)
============================================================================
======================= nom_tt_025C_1v80 Corner ===================================

Startpoint: inst[2] (input port clocked by __VIRTUAL_CLK__)
Endpoint: op_out[6] (output port clocked by __VIRTUAL_CLK__)
Path Group: __VIRTUAL_CLK__
Path Type: min

Fanout         Cap        Slew       Delay        Time   Description
---------------------------------------------------------------------------------------------
                      0.000000    0.000000    0.000000   clock __VIRTUAL_CLK__ (rise edge)
                                  0.000000    0.000000   clock network delay (ideal)
                                  4.000000    4.000000 ^ input external delay
     8    0.021900    0.104135    0.071468    4.071468 ^ inst[2] (in)
                                                         inst[2] (net)
                      0.104135    0.000000    4.071468 ^ _694_/A (sky130_fd_sc_hd__nor3_2)
     8    0.023036    0.062404    0.095231    4.166699 v _694_/Y (sky130_fd_sc_hd__nor3_2)
                                                         _165_ (net)
                      0.062404    0.000231    4.166931 v _885_/A1 (sky130_fd_sc_hd__a31o_2)
     1    0.034577    0.101985    0.283598    4.450528 v _885_/X (sky130_fd_sc_hd__a31o_2)
                                                         op_out[6] (net)
                      0.101985    0.000175    4.450704 v op_out[6] (out)
                                              4.450704   data arrival time

                      0.000000    0.000000    0.000000   clock __VIRTUAL_CLK__ (rise edge)
                                  0.000000    0.000000   clock network delay (ideal)
                                  0.250000    0.250000   clock uncertainty
                                  0.000000    0.250000   clock reconvergence pessimism
                                 -4.000000   -3.750000   output external delay
                                             -3.750000   data required time
---------------------------------------------------------------------------------------------
                                             -3.750000   data required time
                                             -4.450704   data arrival time
---------------------------------------------------------------------------------------------
                                              8.200704   slack (MET)


Startpoint: inst[2] (input port clocked by __VIRTUAL_CLK__)
Endpoint: op_out[0] (output port clocked by __VIRTUAL_CLK__)
Path Group: __VIRTUAL_CLK__
Path Type: min

Fanout         Cap        Slew       Delay        Time   Description
---------------------------------------------------------------------------------------------
                      0.000000    0.000000    0.000000   clock __VIRTUAL_CLK__ (rise edge)
                                  0.000000    0.000000   clock network delay (ideal)
                                  4.000000    4.000000 v input external delay
     8    0.020402    0.046898    0.032829    4.032829 v inst[2] (in)
                                                         inst[2] (net)
                      0.046899    0.000000    4.032829 v _459_/A (sky130_fd_sc_hd__inv_2)
     4    0.010692    0.056151    0.066521    4.099350 ^ _459_/Y (sky130_fd_sc_hd__inv_2)
                                                         _199_ (net)
                      0.056151    0.000008    4.099358 ^ _685_/B1 (sky130_fd_sc_hd__o2111a_2)
     1    0.001909    0.036697    0.181731    4.281089 ^ _685_/X (sky130_fd_sc_hd__o2111a_2)
                                                         _156_ (net)
                      0.036697    0.000002    4.281091 ^ _700_/B (sky130_fd_sc_hd__or3_2)
     1    0.035187    0.177376    0.208796    4.489887 ^ _700_/X (sky130_fd_sc_hd__or3_2)
                                                         op_out[0] (net)
                      0.177376    0.000377    4.490264 ^ op_out[0] (out)
                                              4.490264   data arrival time

                      0.000000    0.000000    0.000000   clock __VIRTUAL_CLK__ (rise edge)
                                  0.000000    0.000000   clock network delay (ideal)
                                  0.250000    0.250000   clock uncertainty
                                  0.000000    0.250000   clock reconvergence pessimism
                                 -4.000000   -3.750000   output external delay
                                             -3.750000   data required time
---------------------------------------------------------------------------------------------
                                             -3.750000   data required time
                                             -4.490264   data arrival time
---------------------------------------------------------------------------------------------
                                              8.240264   slack (MET)


Startpoint: op_a[3] (input port clocked by __VIRTUAL_CLK__)
Endpoint: op_out[4] (output port clocked by __VIRTUAL_CLK__)
Path Group: __VIRTUAL_CLK__
Path Type: min

Fanout         Cap        Slew       Delay        Time   Description
---------------------------------------------------------------------------------------------
                      0.000000    0.000000    0.000000   clock __VIRTUAL_CLK__ (rise edge)
                                  0.000000    0.000000   clock network delay (ideal)
                                  4.000000    4.000000 v input external delay
    15    0.062094    0.137582    0.100449    4.100450 v op_a[3] (in)
                                                         op_a[3] (net)
                      0.137623    0.000000    4.100450 v _745_/A (sky130_fd_sc_hd__nand2_2)
     3    0.011431    0.078269    0.118800    4.219249 ^ _745_/Y (sky130_fd_sc_hd__nand2_2)
                                                         _216_ (net)
                      0.078269    0.000026    4.219275 ^ _774_/A (sky130_fd_sc_hd__and3_2)
     1    0.004822    0.052989    0.175679    4.394955 ^ _774_/X (sky130_fd_sc_hd__and3_2)
                                                         _247_ (net)
                      0.052989    0.000005    4.394959 ^ _798_/A2 (sky130_fd_sc_hd__o31ai_2)
     1    0.035756    0.145007    0.150654    4.545613 v _798_/Y (sky130_fd_sc_hd__o31ai_2)
                                                         op_out[4] (net)
                      0.145007    0.000529    4.546143 v op_out[4] (out)
                                              4.546143   data arrival time

                      0.000000    0.000000    0.000000   clock __VIRTUAL_CLK__ (rise edge)
                                  0.000000    0.000000   clock network delay (ideal)
                                  0.250000    0.250000   clock uncertainty
                                  0.000000    0.250000   clock reconvergence pessimism
                                 -4.000000   -3.750000   output external delay
                                             -3.750000   data required time
---------------------------------------------------------------------------------------------
                                             -3.750000   data required time
                                             -4.546143   data arrival time
---------------------------------------------------------------------------------------------
                                              8.296143   slack (MET)


Startpoint: op_a[6] (input port clocked by __VIRTUAL_CLK__)
Endpoint: op_out[5] (output port clocked by __VIRTUAL_CLK__)
Path Group: __VIRTUAL_CLK__
Path Type: min

Fanout         Cap        Slew       Delay        Time   Description
---------------------------------------------------------------------------------------------
                      0.000000    0.000000    0.000000   clock __VIRTUAL_CLK__ (rise edge)
                                  0.000000    0.000000   clock network delay (ideal)
                                  4.000000    4.000000 ^ input external delay
    16    0.064904    0.295569    0.204214    4.204214 ^ op_a[6] (in)
                                                         op_a[6] (net)
                      0.295575    0.000000    4.204214 ^ _839_/B2 (sky130_fd_sc_hd__a32o_2)
     1    0.001826    0.038142    0.162643    4.366857 ^ _839_/X (sky130_fd_sc_hd__a32o_2)
                                                         _318_ (net)
                      0.038142    0.000002    4.366859 ^ _842_/A (sky130_fd_sc_hd__or3_2)
     1    0.036131    0.181475    0.214202    4.581061 ^ _842_/X (sky130_fd_sc_hd__or3_2)
                                                         op_out[5] (net)
                      0.181529    0.000637    4.581698 ^ op_out[5] (out)
                                              4.581698   data arrival time

                      0.000000    0.000000    0.000000   clock __VIRTUAL_CLK__ (rise edge)
                                  0.000000    0.000000   clock network delay (ideal)
                                  0.250000    0.250000   clock uncertainty
                                  0.000000    0.250000   clock reconvergence pessimism
                                 -4.000000   -3.750000   output external delay
                                             -3.750000   data required time
---------------------------------------------------------------------------------------------
                                             -3.750000   data required time
                                             -4.581698   data arrival time
---------------------------------------------------------------------------------------------
                                              8.331698   slack (MET)


Startpoint: inst[2] (input port clocked by __VIRTUAL_CLK__)
Endpoint: op_out[7] (output port clocked by __VIRTUAL_CLK__)
Path Group: __VIRTUAL_CLK__
Path Type: min

Fanout         Cap        Slew       Delay        Time   Description
---------------------------------------------------------------------------------------------
                      0.000000    0.000000    0.000000   clock __VIRTUAL_CLK__ (rise edge)
                                  0.000000    0.000000   clock network delay (ideal)
                                  4.000000    4.000000 ^ input external delay
     8    0.021900    0.104135    0.071468    4.071468 ^ inst[2] (in)
                                                         inst[2] (net)
                      0.104135    0.000000    4.071468 ^ _694_/A (sky130_fd_sc_hd__nor3_2)
     8    0.023036    0.062404    0.095231    4.166699 v _694_/Y (sky130_fd_sc_hd__nor3_2)
                                                         _165_ (net)
                      0.062404    0.000234    4.166933 v _923_/A1 (sky130_fd_sc_hd__a311o_2)
     1    0.034717    0.126148    0.416336    4.583269 v _923_/X (sky130_fd_sc_hd__a311o_2)
                                                         op_out[7] (net)
                      0.126148    0.000202    4.583471 v op_out[7] (out)
                                              4.583471   data arrival time

                      0.000000    0.000000    0.000000   clock __VIRTUAL_CLK__ (rise edge)
                                  0.000000    0.000000   clock network delay (ideal)
                                  0.250000    0.250000   clock uncertainty
                                  0.000000    0.250000   clock reconvergence pessimism
                                 -4.000000   -3.750000   output external delay
                                             -3.750000   data required time
---------------------------------------------------------------------------------------------
                                             -3.750000   data required time
                                             -4.583471   data arrival time
---------------------------------------------------------------------------------------------
                                              8.333471   slack (MET)


Startpoint: op_a[1] (input port clocked by __VIRTUAL_CLK__)
Endpoint: op_out[2] (output port clocked by __VIRTUAL_CLK__)
Path Group: __VIRTUAL_CLK__
Path Type: min

Fanout         Cap        Slew       Delay        Time   Description
---------------------------------------------------------------------------------------------
                      0.000000    0.000000    0.000000   clock __VIRTUAL_CLK__ (rise edge)
                                  0.000000    0.000000   clock network delay (ideal)
                                  4.000000    4.000000 v input external delay
    21    0.082274    0.181287    0.133558    4.133558 v op_a[1] (in)
                                                         op_a[1] (net)
                      0.181361    0.000000    4.133558 v _713_/A (sky130_fd_sc_hd__nand2_2)
     2    0.007365    0.060198    0.116848    4.250406 ^ _713_/Y (sky130_fd_sc_hd__nand2_2)
                                                         _183_ (net)
                      0.060198    0.000010    4.250416 ^ _724_/A1 (sky130_fd_sc_hd__a21o_2)
     3    0.007391    0.045992    0.129190    4.379606 ^ _724_/X (sky130_fd_sc_hd__a21o_2)
                                                         _194_ (net)
                      0.045992    0.000012    4.379618 ^ _741_/A1 (sky130_fd_sc_hd__a21o_2)
     1    0.034725    0.175021    0.220153    4.599771 ^ _741_/X (sky130_fd_sc_hd__a21o_2)
                                                         op_out[2] (net)
                      0.175021    0.000291    4.600062 ^ op_out[2] (out)
                                              4.600062   data arrival time

                      0.000000    0.000000    0.000000   clock __VIRTUAL_CLK__ (rise edge)
                                  0.000000    0.000000   clock network delay (ideal)
                                  0.250000    0.250000   clock uncertainty
                                  0.000000    0.250000   clock reconvergence pessimism
                                 -4.000000   -3.750000   output external delay
                                             -3.750000   data required time
---------------------------------------------------------------------------------------------
                                             -3.750000   data required time
                                             -4.600062   data arrival time
---------------------------------------------------------------------------------------------
                                              8.350062   slack (MET)


Startpoint: inst[2] (input port clocked by __VIRTUAL_CLK__)
Endpoint: op_out[3] (output port clocked by __VIRTUAL_CLK__)
Path Group: __VIRTUAL_CLK__
Path Type: min

Fanout         Cap        Slew       Delay        Time   Description
---------------------------------------------------------------------------------------------
                      0.000000    0.000000    0.000000   clock __VIRTUAL_CLK__ (rise edge)
                                  0.000000    0.000000   clock network delay (ideal)
                                  4.000000    4.000000 ^ input external delay
     8    0.021900    0.104135    0.071511    4.071511 ^ inst[2] (in)
                                                         inst[2] (net)
                      0.104136    0.000000    4.071511 ^ _690_/A (sky130_fd_sc_hd__or4b_2)
     8    0.037840    0.220213    0.267649    4.339159 ^ _690_/X (sky130_fd_sc_hd__or4b_2)
                                                         _161_ (net)
                      0.220213    0.000134    4.339293 ^ _749_/A (sky130_fd_sc_hd__or3b_2)
     1    0.005092    0.043584    0.168737    4.508030 ^ _749_/X (sky130_fd_sc_hd__or3b_2)
                                                         _221_ (net)
                      0.043584    0.000008    4.508038 ^ _770_/B (sky130_fd_sc_hd__nand2b_2)
     1    0.034672    0.144911    0.141498    4.649536 v _770_/Y (sky130_fd_sc_hd__nand2b_2)
                                                         op_out[3] (net)
                      0.144911    0.000278    4.649815 v op_out[3] (out)
                                              4.649815   data arrival time

                      0.000000    0.000000    0.000000   clock __VIRTUAL_CLK__ (rise edge)
                                  0.000000    0.000000   clock network delay (ideal)
                                  0.250000    0.250000   clock uncertainty
                                  0.000000    0.250000   clock reconvergence pessimism
                                 -4.000000   -3.750000   output external delay
                                             -3.750000   data required time
---------------------------------------------------------------------------------------------
                                             -3.750000   data required time
                                             -4.649815   data arrival time
---------------------------------------------------------------------------------------------
                                              8.399815   slack (MET)


Startpoint: op_a[0] (input port clocked by __VIRTUAL_CLK__)
Endpoint: op_out[1] (output port clocked by __VIRTUAL_CLK__)
Path Group: __VIRTUAL_CLK__
Path Type: min

Fanout         Cap        Slew       Delay        Time   Description
---------------------------------------------------------------------------------------------
                      0.000000    0.000000    0.000000   clock __VIRTUAL_CLK__ (rise edge)
                                  0.000000    0.000000   clock network delay (ideal)
                                  4.000000    4.000000 ^ input external delay
    21    0.077950    0.353804    0.245092    4.245092 ^ op_a[0] (in)
                                                         op_a[0] (net)
                      0.353826    0.000000    4.245092 ^ _709_/B2 (sky130_fd_sc_hd__a32o_2)
     1    0.001711    0.038120    0.168225    4.413317 ^ _709_/X (sky130_fd_sc_hd__a32o_2)
                                                         _179_ (net)
                      0.038120    0.000002    4.413319 ^ _710_/C (sky130_fd_sc_hd__or3_2)
     1    0.005352    0.038995    0.104100    4.517419 ^ _710_/X (sky130_fd_sc_hd__or3_2)
                                                         _180_ (net)
                      0.038995    0.000055    4.517474 ^ _718_/A (sky130_fd_sc_hd__or2_2)
     1    0.034652    0.181776    0.207441    4.724915 ^ _718_/X (sky130_fd_sc_hd__or2_2)
                                                         op_out[1] (net)
                      0.181776    0.000277    4.725192 ^ op_out[1] (out)
                                              4.725192   data arrival time

                      0.000000    0.000000    0.000000   clock __VIRTUAL_CLK__ (rise edge)
                                  0.000000    0.000000   clock network delay (ideal)
                                  0.250000    0.250000   clock uncertainty
                                  0.000000    0.250000   clock reconvergence pessimism
                                 -4.000000   -3.750000   output external delay
                                             -3.750000   data required time
---------------------------------------------------------------------------------------------
                                             -3.750000   data required time
                                             -4.725192   data arrival time
---------------------------------------------------------------------------------------------
                                              8.475192   slack (MET)



%OL_END_REPORT
%OL_CREATE_REPORT max.rpt

===========================================================================
report_checks -path_delay max (Setup)
============================================================================
======================= nom_tt_025C_1v80 Corner ===================================

Startpoint: op_b[4] (input port clocked by __VIRTUAL_CLK__)
Endpoint: op_out[0] (output port clocked by __VIRTUAL_CLK__)
Path Group: __VIRTUAL_CLK__
Path Type: max

Fanout         Cap        Slew       Delay        Time   Description
---------------------------------------------------------------------------------------------
                      0.000000    0.000000    0.000000   clock __VIRTUAL_CLK__ (rise edge)
                                  0.000000    0.000000   clock network delay (ideal)
                                  4.000000    4.000000 v input external delay
    23    0.101047    0.221385    0.163351    4.163351 v op_b[4] (in)
                                                         op_b[4] (net)
                      0.221401    0.000000    4.163351 v _469_/B (sky130_fd_sc_hd__or4_2)
     6    0.020030    0.163419    0.788565    4.951916 v _469_/X (sky130_fd_sc_hd__or4_2)
                                                         _306_ (net)
                      0.163419    0.000043    4.951959 v _472_/A3 (sky130_fd_sc_hd__o41ai_2)
     5    0.016587    0.509852    0.519909    5.471868 ^ _472_/Y (sky130_fd_sc_hd__o41ai_2)
                                                         _338_ (net)
                      0.509852    0.000022    5.471890 ^ _481_/A1 (sky130_fd_sc_hd__a211o_2)
     4    0.012521    0.074551    0.254047    5.725937 ^ _481_/X (sky130_fd_sc_hd__a211o_2)
                                                         _410_ (net)
                      0.074551    0.000059    5.725996 ^ _484_/A2 (sky130_fd_sc_hd__a21o_2)
     4    0.014313    0.085176    0.163954    5.889950 ^ _484_/X (sky130_fd_sc_hd__a21o_2)
                                                         _413_ (net)
                      0.085176    0.000014    5.889964 ^ _493_/A1 (sky130_fd_sc_hd__a211oi_2)
     3    0.008997    0.068053    0.085306    5.975270 v _493_/Y (sky130_fd_sc_hd__a211oi_2)
                                                         _422_ (net)
                      0.068053    0.000057    5.975327 v _503_/D (sky130_fd_sc_hd__or4_2)
     3    0.009233    0.128753    0.583029    6.558356 v _503_/X (sky130_fd_sc_hd__or4_2)
                                                         _432_ (net)
                      0.128753    0.000019    6.558375 v _507_/A3 (sky130_fd_sc_hd__a31o_2)
     2    0.006792    0.048315    0.287101    6.845476 v _507_/X (sky130_fd_sc_hd__a31o_2)
                                                         _436_ (net)
                      0.048315    0.000006    6.845482 v _509_/A2 (sky130_fd_sc_hd__a211o_2)
     3    0.009383    0.065167    0.351668    7.197150 v _509_/X (sky130_fd_sc_hd__a211o_2)
                                                         _438_ (net)
                      0.065167    0.000027    7.197177 v _515_/A1 (sky130_fd_sc_hd__a21oi_2)
     8    0.035771    0.439222    0.389875    7.587052 ^ _515_/Y (sky130_fd_sc_hd__a21oi_2)
                                                         _444_ (net)
                      0.439222    0.000314    7.587366 ^ _524_/S (sky130_fd_sc_hd__mux2_1)
     2    0.006119    0.071315    0.388236    7.975602 v _524_/X (sky130_fd_sc_hd__mux2_1)
                                                         _453_ (net)
                      0.071315    0.000028    7.975630 v _539_/A2 (sky130_fd_sc_hd__a221o_2)
     3    0.011012    0.078332    0.423414    8.399044 v _539_/X (sky130_fd_sc_hd__a221o_2)
                                                         _010_ (net)
                      0.078332    0.000019    8.399063 v _544_/A3 (sky130_fd_sc_hd__a311o_2)
     5    0.014758    0.084823    0.439319    8.838382 v _544_/X (sky130_fd_sc_hd__a311o_2)
                                                         _015_ (net)
                      0.084823    0.000027    8.838408 v _571_/A1 (sky130_fd_sc_hd__a21o_2)
     4    0.013716    0.059075    0.232228    9.070637 v _571_/X (sky130_fd_sc_hd__a21o_2)
                                                         _042_ (net)
                      0.059075    0.000071    9.070708 v _574_/B (sky130_fd_sc_hd__and3_2)
     3    0.008240    0.050488    0.214019    9.284727 v _574_/X (sky130_fd_sc_hd__and3_2)
                                                         _045_ (net)
                      0.050488    0.000020    9.284747 v _585_/A (sky130_fd_sc_hd__or4_2)
     1    0.002282    0.095979    0.647129    9.931877 v _585_/X (sky130_fd_sc_hd__or4_2)
                                                         _056_ (net)
                      0.095979    0.000008    9.931885 v _586_/C (sky130_fd_sc_hd__or4b_2)
     1    0.004669    0.109379    0.629934   10.561819 v _586_/X (sky130_fd_sc_hd__or4b_2)
                                                         _057_ (net)
                      0.109379    0.000008   10.561828 v _590_/A1 (sky130_fd_sc_hd__a311oi_2)
     8    0.035911    0.693794    0.610160   11.171988 ^ _590_/Y (sky130_fd_sc_hd__a311oi_2)
                                                         _061_ (net)
                      0.693794    0.000233   11.172220 ^ _619_/S (sky130_fd_sc_hd__mux2_1)
     5    0.024960    0.149814    0.497296   11.669516 v _619_/X (sky130_fd_sc_hd__mux2_1)
                                                         _090_ (net)
                      0.149814    0.000140   11.669656 v _623_/B1 (sky130_fd_sc_hd__o22a_2)
     2    0.004124    0.041860    0.239407   11.909062 v _623_/X (sky130_fd_sc_hd__o22a_2)
                                                         _094_ (net)
                      0.041860    0.000004   11.909066 v _624_/B (sky130_fd_sc_hd__or4bb_2)
     4    0.012531    0.132293    0.660159   12.569225 v _624_/X (sky130_fd_sc_hd__or4bb_2)
                                                         _095_ (net)
                      0.132293    0.000036   12.569262 v _628_/A1 (sky130_fd_sc_hd__a21oi_2)
    12    0.043882    0.536680    0.483778   13.053040 ^ _628_/Y (sky130_fd_sc_hd__a21oi_2)
                                                         _099_ (net)
                      0.536680    0.000245   13.053285 ^ _665_/S (sky130_fd_sc_hd__mux2_1)
     3    0.009163    0.088593    0.415304   13.468589 v _665_/X (sky130_fd_sc_hd__mux2_1)
                                                         _136_ (net)
                      0.088593    0.000008   13.468597 v _669_/A2 (sky130_fd_sc_hd__a21o_2)
     1    0.002844    0.033465    0.219766   13.688364 v _669_/X (sky130_fd_sc_hd__a21o_2)
                                                         _140_ (net)
                      0.033465    0.000009   13.688373 v _671_/A2 (sky130_fd_sc_hd__o211a_2)
     1    0.002846    0.041362    0.226536   13.914908 v _671_/X (sky130_fd_sc_hd__o211a_2)
                                                         _142_ (net)
                      0.041362    0.000008   13.914917 v _672_/B2 (sky130_fd_sc_hd__o221a_2)
     1    0.002892    0.042601    0.218847   14.133764 v _672_/X (sky130_fd_sc_hd__o221a_2)
                                                         _143_ (net)
                      0.042601    0.000011   14.133775 v _675_/A2 (sky130_fd_sc_hd__o21a_2)
     1    0.002616    0.033509    0.183919   14.317693 v _675_/X (sky130_fd_sc_hd__o21a_2)
                                                         _146_ (net)
                      0.033509    0.000004   14.317698 v _679_/A1 (sky130_fd_sc_hd__o21a_2)
     1    0.005070    0.039523    0.206326   14.524023 v _679_/X (sky130_fd_sc_hd__o21a_2)
                                                         _150_ (net)
                      0.039523    0.000052   14.524076 v _700_/A (sky130_fd_sc_hd__or3_2)
     1    0.035187    0.171451    0.600116   15.124192 v _700_/X (sky130_fd_sc_hd__or3_2)
                                                         op_out[0] (net)
                      0.171451    0.000377   15.124569 v op_out[0] (out)
                                             15.124569   data arrival time

                      0.000000   20.000000   20.000000   clock __VIRTUAL_CLK__ (rise edge)
                                  0.000000   20.000000   clock network delay (ideal)
                                 -0.250000   19.750002   clock uncertainty
                                  0.000000   19.750002   clock reconvergence pessimism
                                 -4.000000   15.750001   output external delay
                                             15.750001   data required time
---------------------------------------------------------------------------------------------
                                             15.750001   data required time
                                            -15.124569   data arrival time
---------------------------------------------------------------------------------------------
                                              0.625432   slack (MET)


Startpoint: op_b[4] (input port clocked by __VIRTUAL_CLK__)
Endpoint: op_out[1] (output port clocked by __VIRTUAL_CLK__)
Path Group: __VIRTUAL_CLK__
Path Type: max

Fanout         Cap        Slew       Delay        Time   Description
---------------------------------------------------------------------------------------------
                      0.000000    0.000000    0.000000   clock __VIRTUAL_CLK__ (rise edge)
                                  0.000000    0.000000   clock network delay (ideal)
                                  4.000000    4.000000 v input external delay
    23    0.101047    0.221385    0.163351    4.163351 v op_b[4] (in)
                                                         op_b[4] (net)
                      0.221401    0.000000    4.163351 v _469_/B (sky130_fd_sc_hd__or4_2)
     6    0.020030    0.163419    0.788565    4.951916 v _469_/X (sky130_fd_sc_hd__or4_2)
                                                         _306_ (net)
                      0.163419    0.000043    4.951959 v _472_/A3 (sky130_fd_sc_hd__o41ai_2)
     5    0.016587    0.509852    0.519909    5.471868 ^ _472_/Y (sky130_fd_sc_hd__o41ai_2)
                                                         _338_ (net)
                      0.509852    0.000022    5.471890 ^ _481_/A1 (sky130_fd_sc_hd__a211o_2)
     4    0.012521    0.074551    0.254047    5.725937 ^ _481_/X (sky130_fd_sc_hd__a211o_2)
                                                         _410_ (net)
                      0.074551    0.000059    5.725996 ^ _484_/A2 (sky130_fd_sc_hd__a21o_2)
     4    0.014313    0.085176    0.163954    5.889950 ^ _484_/X (sky130_fd_sc_hd__a21o_2)
                                                         _413_ (net)
                      0.085176    0.000014    5.889964 ^ _493_/A1 (sky130_fd_sc_hd__a211oi_2)
     3    0.008997    0.068053    0.085306    5.975270 v _493_/Y (sky130_fd_sc_hd__a211oi_2)
                                                         _422_ (net)
                      0.068053    0.000057    5.975327 v _503_/D (sky130_fd_sc_hd__or4_2)
     3    0.009233    0.128753    0.583029    6.558356 v _503_/X (sky130_fd_sc_hd__or4_2)
                                                         _432_ (net)
                      0.128753    0.000019    6.558375 v _507_/A3 (sky130_fd_sc_hd__a31o_2)
     2    0.006792    0.048315    0.287101    6.845476 v _507_/X (sky130_fd_sc_hd__a31o_2)
                                                         _436_ (net)
                      0.048315    0.000006    6.845482 v _509_/A2 (sky130_fd_sc_hd__a211o_2)
     3    0.009383    0.065167    0.351668    7.197150 v _509_/X (sky130_fd_sc_hd__a211o_2)
                                                         _438_ (net)
                      0.065167    0.000027    7.197177 v _515_/A1 (sky130_fd_sc_hd__a21oi_2)
     8    0.035771    0.439222    0.389875    7.587052 ^ _515_/Y (sky130_fd_sc_hd__a21oi_2)
                                                         _444_ (net)
                      0.439222    0.000314    7.587366 ^ _524_/S (sky130_fd_sc_hd__mux2_1)
     2    0.006119    0.071315    0.388236    7.975602 v _524_/X (sky130_fd_sc_hd__mux2_1)
                                                         _453_ (net)
                      0.071315    0.000028    7.975630 v _539_/A2 (sky130_fd_sc_hd__a221o_2)
     3    0.011012    0.078332    0.423414    8.399044 v _539_/X (sky130_fd_sc_hd__a221o_2)
                                                         _010_ (net)
                      0.078332    0.000019    8.399063 v _544_/A3 (sky130_fd_sc_hd__a311o_2)
     5    0.014758    0.084823    0.439319    8.838382 v _544_/X (sky130_fd_sc_hd__a311o_2)
                                                         _015_ (net)
                      0.084823    0.000027    8.838408 v _571_/A1 (sky130_fd_sc_hd__a21o_2)
     4    0.013716    0.059075    0.232228    9.070637 v _571_/X (sky130_fd_sc_hd__a21o_2)
                                                         _042_ (net)
                      0.059075    0.000071    9.070708 v _574_/B (sky130_fd_sc_hd__and3_2)
     3    0.008240    0.050488    0.214019    9.284727 v _574_/X (sky130_fd_sc_hd__and3_2)
                                                         _045_ (net)
                      0.050488    0.000020    9.284747 v _585_/A (sky130_fd_sc_hd__or4_2)
     1    0.002282    0.095979    0.647129    9.931877 v _585_/X (sky130_fd_sc_hd__or4_2)
                                                         _056_ (net)
                      0.095979    0.000008    9.931885 v _586_/C (sky130_fd_sc_hd__or4b_2)
     1    0.004669    0.109379    0.629934   10.561819 v _586_/X (sky130_fd_sc_hd__or4b_2)
                                                         _057_ (net)
                      0.109379    0.000008   10.561828 v _590_/A1 (sky130_fd_sc_hd__a311oi_2)
     8    0.035911    0.693794    0.610160   11.171988 ^ _590_/Y (sky130_fd_sc_hd__a311oi_2)
                                                         _061_ (net)
                      0.693794    0.000233   11.172220 ^ _619_/S (sky130_fd_sc_hd__mux2_1)
     5    0.024960    0.149814    0.497296   11.669516 v _619_/X (sky130_fd_sc_hd__mux2_1)
                                                         _090_ (net)
                      0.149814    0.000140   11.669656 v _623_/B1 (sky130_fd_sc_hd__o22a_2)
     2    0.004124    0.041860    0.239407   11.909062 v _623_/X (sky130_fd_sc_hd__o22a_2)
                                                         _094_ (net)
                      0.041860    0.000004   11.909066 v _624_/B (sky130_fd_sc_hd__or4bb_2)
     4    0.012531    0.132293    0.660159   12.569225 v _624_/X (sky130_fd_sc_hd__or4bb_2)
                                                         _095_ (net)
                      0.132293    0.000036   12.569262 v _628_/A1 (sky130_fd_sc_hd__a21oi_2)
    12    0.043882    0.536680    0.483778   13.053040 ^ _628_/Y (sky130_fd_sc_hd__a21oi_2)
                                                         _099_ (net)
                      0.536680    0.000266   13.053306 ^ _717_/A2 (sky130_fd_sc_hd__a22o_2)
     1    0.002451    0.036935    0.234206   13.287512 ^ _717_/X (sky130_fd_sc_hd__a22o_2)
                                                         _187_ (net)
                      0.036935    0.000012   13.287523 ^ _718_/B (sky130_fd_sc_hd__or2_2)
     1    0.034652    0.181847    0.205534   13.493057 ^ _718_/X (sky130_fd_sc_hd__or2_2)
                                                         op_out[1] (net)
                      0.181847    0.000277   13.493335 ^ op_out[1] (out)
                                             13.493335   data arrival time

                      0.000000   20.000000   20.000000   clock __VIRTUAL_CLK__ (rise edge)
                                  0.000000   20.000000   clock network delay (ideal)
                                 -0.250000   19.750002   clock uncertainty
                                  0.000000   19.750002   clock reconvergence pessimism
                                 -4.000000   15.750001   output external delay
                                             15.750001   data required time
---------------------------------------------------------------------------------------------
                                             15.750001   data required time
                                            -13.493335   data arrival time
---------------------------------------------------------------------------------------------
                                              2.256666   slack (MET)


Startpoint: op_b[4] (input port clocked by __VIRTUAL_CLK__)
Endpoint: op_out[2] (output port clocked by __VIRTUAL_CLK__)
Path Group: __VIRTUAL_CLK__
Path Type: max

Fanout         Cap        Slew       Delay        Time   Description
---------------------------------------------------------------------------------------------
                      0.000000    0.000000    0.000000   clock __VIRTUAL_CLK__ (rise edge)
                                  0.000000    0.000000   clock network delay (ideal)
                                  4.000000    4.000000 v input external delay
    23    0.101047    0.221385    0.163351    4.163351 v op_b[4] (in)
                                                         op_b[4] (net)
                      0.221401    0.000000    4.163351 v _469_/B (sky130_fd_sc_hd__or4_2)
     6    0.020030    0.163419    0.788565    4.951916 v _469_/X (sky130_fd_sc_hd__or4_2)
                                                         _306_ (net)
                      0.163419    0.000043    4.951959 v _472_/A3 (sky130_fd_sc_hd__o41ai_2)
     5    0.016587    0.509852    0.519909    5.471868 ^ _472_/Y (sky130_fd_sc_hd__o41ai_2)
                                                         _338_ (net)
                      0.509852    0.000022    5.471890 ^ _481_/A1 (sky130_fd_sc_hd__a211o_2)
     4    0.012521    0.074551    0.254047    5.725937 ^ _481_/X (sky130_fd_sc_hd__a211o_2)
                                                         _410_ (net)
                      0.074551    0.000059    5.725996 ^ _484_/A2 (sky130_fd_sc_hd__a21o_2)
     4    0.014313    0.085176    0.163954    5.889950 ^ _484_/X (sky130_fd_sc_hd__a21o_2)
                                                         _413_ (net)
                      0.085176    0.000014    5.889964 ^ _493_/A1 (sky130_fd_sc_hd__a211oi_2)
     3    0.008997    0.068053    0.085306    5.975270 v _493_/Y (sky130_fd_sc_hd__a211oi_2)
                                                         _422_ (net)
                      0.068053    0.000057    5.975327 v _503_/D (sky130_fd_sc_hd__or4_2)
     3    0.009233    0.128753    0.583029    6.558356 v _503_/X (sky130_fd_sc_hd__or4_2)
                                                         _432_ (net)
                      0.128753    0.000019    6.558375 v _507_/A3 (sky130_fd_sc_hd__a31o_2)
     2    0.006792    0.048315    0.287101    6.845476 v _507_/X (sky130_fd_sc_hd__a31o_2)
                                                         _436_ (net)
                      0.048315    0.000006    6.845482 v _509_/A2 (sky130_fd_sc_hd__a211o_2)
     3    0.009383    0.065167    0.351668    7.197150 v _509_/X (sky130_fd_sc_hd__a211o_2)
                                                         _438_ (net)
                      0.065167    0.000027    7.197177 v _515_/A1 (sky130_fd_sc_hd__a21oi_2)
     8    0.035771    0.439222    0.389875    7.587052 ^ _515_/Y (sky130_fd_sc_hd__a21oi_2)
                                                         _444_ (net)
                      0.439222    0.000314    7.587366 ^ _524_/S (sky130_fd_sc_hd__mux2_1)
     2    0.006119    0.071315    0.388236    7.975602 v _524_/X (sky130_fd_sc_hd__mux2_1)
                                                         _453_ (net)
                      0.071315    0.000028    7.975630 v _539_/A2 (sky130_fd_sc_hd__a221o_2)
     3    0.011012    0.078332    0.423414    8.399044 v _539_/X (sky130_fd_sc_hd__a221o_2)
                                                         _010_ (net)
                      0.078332    0.000019    8.399063 v _544_/A3 (sky130_fd_sc_hd__a311o_2)
     5    0.014758    0.084823    0.439319    8.838382 v _544_/X (sky130_fd_sc_hd__a311o_2)
                                                         _015_ (net)
                      0.084823    0.000027    8.838408 v _571_/A1 (sky130_fd_sc_hd__a21o_2)
     4    0.013716    0.059075    0.232228    9.070637 v _571_/X (sky130_fd_sc_hd__a21o_2)
                                                         _042_ (net)
                      0.059075    0.000071    9.070708 v _574_/B (sky130_fd_sc_hd__and3_2)
     3    0.008240    0.050488    0.214019    9.284727 v _574_/X (sky130_fd_sc_hd__and3_2)
                                                         _045_ (net)
                      0.050488    0.000020    9.284747 v _585_/A (sky130_fd_sc_hd__or4_2)
     1    0.002282    0.095979    0.647129    9.931877 v _585_/X (sky130_fd_sc_hd__or4_2)
                                                         _056_ (net)
                      0.095979    0.000008    9.931885 v _586_/C (sky130_fd_sc_hd__or4b_2)
     1    0.004669    0.109379    0.629934   10.561819 v _586_/X (sky130_fd_sc_hd__or4b_2)
                                                         _057_ (net)
                      0.109379    0.000008   10.561828 v _590_/A1 (sky130_fd_sc_hd__a311oi_2)
     8    0.035911    0.693794    0.610160   11.171988 ^ _590_/Y (sky130_fd_sc_hd__a311oi_2)
                                                         _061_ (net)
                      0.693794    0.000421   11.172408 ^ _740_/A2 (sky130_fd_sc_hd__a211o_2)
     1    0.003724    0.042177    0.238085   11.410493 ^ _740_/X (sky130_fd_sc_hd__a211o_2)
                                                         _212_ (net)
                      0.042177    0.000025   11.410519 ^ _741_/B1 (sky130_fd_sc_hd__a21o_2)
     1    0.034725    0.177145    0.187586   11.598104 ^ _741_/X (sky130_fd_sc_hd__a21o_2)
                                                         op_out[2] (net)
                      0.177145    0.000290   11.598394 ^ op_out[2] (out)
                                             11.598394   data arrival time

                      0.000000   20.000000   20.000000   clock __VIRTUAL_CLK__ (rise edge)
                                  0.000000   20.000000   clock network delay (ideal)
                                 -0.250000   19.750002   clock uncertainty
                                  0.000000   19.750002   clock reconvergence pessimism
                                 -4.000000   15.750001   output external delay
                                             15.750001   data required time
---------------------------------------------------------------------------------------------
                                             15.750001   data required time
                                            -11.598394   data arrival time
---------------------------------------------------------------------------------------------
                                              4.151606   slack (MET)


Startpoint: op_b[4] (input port clocked by __VIRTUAL_CLK__)
Endpoint: op_out[3] (output port clocked by __VIRTUAL_CLK__)
Path Group: __VIRTUAL_CLK__
Path Type: max

Fanout         Cap        Slew       Delay        Time   Description
---------------------------------------------------------------------------------------------
                      0.000000    0.000000    0.000000   clock __VIRTUAL_CLK__ (rise edge)
                                  0.000000    0.000000   clock network delay (ideal)
                                  4.000000    4.000000 v input external delay
    23    0.101047    0.221385    0.163351    4.163351 v op_b[4] (in)
                                                         op_b[4] (net)
                      0.221401    0.000000    4.163351 v _469_/B (sky130_fd_sc_hd__or4_2)
     6    0.020030    0.163419    0.788565    4.951916 v _469_/X (sky130_fd_sc_hd__or4_2)
                                                         _306_ (net)
                      0.163419    0.000043    4.951959 v _472_/A3 (sky130_fd_sc_hd__o41ai_2)
     5    0.016587    0.509852    0.519909    5.471868 ^ _472_/Y (sky130_fd_sc_hd__o41ai_2)
                                                         _338_ (net)
                      0.509852    0.000022    5.471890 ^ _481_/A1 (sky130_fd_sc_hd__a211o_2)
     4    0.012521    0.074551    0.254047    5.725937 ^ _481_/X (sky130_fd_sc_hd__a211o_2)
                                                         _410_ (net)
                      0.074551    0.000059    5.725996 ^ _484_/A2 (sky130_fd_sc_hd__a21o_2)
     4    0.014313    0.085176    0.163954    5.889950 ^ _484_/X (sky130_fd_sc_hd__a21o_2)
                                                         _413_ (net)
                      0.085176    0.000014    5.889964 ^ _493_/A1 (sky130_fd_sc_hd__a211oi_2)
     3    0.008997    0.068053    0.085306    5.975270 v _493_/Y (sky130_fd_sc_hd__a211oi_2)
                                                         _422_ (net)
                      0.068053    0.000057    5.975327 v _503_/D (sky130_fd_sc_hd__or4_2)
     3    0.009233    0.128753    0.583029    6.558356 v _503_/X (sky130_fd_sc_hd__or4_2)
                                                         _432_ (net)
                      0.128753    0.000019    6.558375 v _507_/A3 (sky130_fd_sc_hd__a31o_2)
     2    0.006792    0.048315    0.287101    6.845476 v _507_/X (sky130_fd_sc_hd__a31o_2)
                                                         _436_ (net)
                      0.048315    0.000006    6.845482 v _509_/A2 (sky130_fd_sc_hd__a211o_2)
     3    0.009383    0.065167    0.351668    7.197150 v _509_/X (sky130_fd_sc_hd__a211o_2)
                                                         _438_ (net)
                      0.065167    0.000027    7.197177 v _515_/A1 (sky130_fd_sc_hd__a21oi_2)
     8    0.035771    0.439222    0.389875    7.587052 ^ _515_/Y (sky130_fd_sc_hd__a21oi_2)
                                                         _444_ (net)
                      0.439222    0.000314    7.587366 ^ _524_/S (sky130_fd_sc_hd__mux2_1)
     2    0.006119    0.071315    0.388236    7.975602 v _524_/X (sky130_fd_sc_hd__mux2_1)
                                                         _453_ (net)
                      0.071315    0.000028    7.975630 v _539_/A2 (sky130_fd_sc_hd__a221o_2)
     3    0.011012    0.078332    0.423414    8.399044 v _539_/X (sky130_fd_sc_hd__a221o_2)
                                                         _010_ (net)
                      0.078332    0.000017    8.399061 v _543_/A3 (sky130_fd_sc_hd__a311oi_2)
     4    0.012169    0.333379    0.374349    8.773411 ^ _543_/Y (sky130_fd_sc_hd__a311oi_2)
                                                         _014_ (net)
                      0.333379    0.000053    8.773464 ^ _548_/A (sky130_fd_sc_hd__nor2_2)
     2    0.012265    0.086100    0.110370    8.883835 v _548_/Y (sky130_fd_sc_hd__nor2_2)
                                                         _019_ (net)
                      0.086100    0.000153    8.883987 v _769_/A2 (sky130_fd_sc_hd__a211o_2)
     1    0.002123    0.043960    0.331147    9.215134 v _769_/X (sky130_fd_sc_hd__a211o_2)
                                                         _243_ (net)
                      0.043960    0.000008    9.215142 v _770_/A_N (sky130_fd_sc_hd__nand2b_2)
     1    0.034672    0.148986    0.268646    9.483788 v _770_/Y (sky130_fd_sc_hd__nand2b_2)
                                                         op_out[3] (net)
                      0.148986    0.000279    9.484067 v op_out[3] (out)
                                              9.484067   data arrival time

                      0.000000   20.000000   20.000000   clock __VIRTUAL_CLK__ (rise edge)
                                  0.000000   20.000000   clock network delay (ideal)
                                 -0.250000   19.750002   clock uncertainty
                                  0.000000   19.750002   clock reconvergence pessimism
                                 -4.000000   15.750001   output external delay
                                             15.750001   data required time
---------------------------------------------------------------------------------------------
                                             15.750001   data required time
                                             -9.484067   data arrival time
---------------------------------------------------------------------------------------------
                                              6.265934   slack (MET)


Startpoint: op_b[4] (input port clocked by __VIRTUAL_CLK__)
Endpoint: op_out[4] (output port clocked by __VIRTUAL_CLK__)
Path Group: __VIRTUAL_CLK__
Path Type: max

Fanout         Cap        Slew       Delay        Time   Description
---------------------------------------------------------------------------------------------
                      0.000000    0.000000    0.000000   clock __VIRTUAL_CLK__ (rise edge)
                                  0.000000    0.000000   clock network delay (ideal)
                                  4.000000    4.000000 v input external delay
    23    0.101047    0.221385    0.163351    4.163351 v op_b[4] (in)
                                                         op_b[4] (net)
                      0.221401    0.000000    4.163351 v _469_/B (sky130_fd_sc_hd__or4_2)
     6    0.020030    0.163419    0.788565    4.951916 v _469_/X (sky130_fd_sc_hd__or4_2)
                                                         _306_ (net)
                      0.163419    0.000043    4.951959 v _472_/A3 (sky130_fd_sc_hd__o41ai_2)
     5    0.016587    0.509852    0.519909    5.471868 ^ _472_/Y (sky130_fd_sc_hd__o41ai_2)
                                                         _338_ (net)
                      0.509852    0.000022    5.471890 ^ _481_/A1 (sky130_fd_sc_hd__a211o_2)
     4    0.012521    0.074551    0.254047    5.725937 ^ _481_/X (sky130_fd_sc_hd__a211o_2)
                                                         _410_ (net)
                      0.074551    0.000059    5.725996 ^ _484_/A2 (sky130_fd_sc_hd__a21o_2)
     4    0.014313    0.085176    0.163954    5.889950 ^ _484_/X (sky130_fd_sc_hd__a21o_2)
                                                         _413_ (net)
                      0.085176    0.000014    5.889964 ^ _493_/A1 (sky130_fd_sc_hd__a211oi_2)
     3    0.008997    0.068053    0.085306    5.975270 v _493_/Y (sky130_fd_sc_hd__a211oi_2)
                                                         _422_ (net)
                      0.068053    0.000057    5.975327 v _503_/D (sky130_fd_sc_hd__or4_2)
     3    0.009233    0.128753    0.583029    6.558356 v _503_/X (sky130_fd_sc_hd__or4_2)
                                                         _432_ (net)
                      0.128753    0.000019    6.558375 v _507_/A3 (sky130_fd_sc_hd__a31o_2)
     2    0.006792    0.048315    0.287101    6.845476 v _507_/X (sky130_fd_sc_hd__a31o_2)
                                                         _436_ (net)
                      0.048315    0.000006    6.845482 v _509_/A2 (sky130_fd_sc_hd__a211o_2)
     3    0.009383    0.065167    0.351668    7.197150 v _509_/X (sky130_fd_sc_hd__a211o_2)
                                                         _438_ (net)
                      0.065167    0.000027    7.197177 v _515_/A1 (sky130_fd_sc_hd__a21oi_2)
     8    0.035771    0.439222    0.389875    7.587052 ^ _515_/Y (sky130_fd_sc_hd__a21oi_2)
                                                         _444_ (net)
                      0.439222    0.000420    7.587472 ^ _797_/A2 (sky130_fd_sc_hd__a211oi_2)
     1    0.004839    0.094578    0.138413    7.725885 v _797_/Y (sky130_fd_sc_hd__a211oi_2)
                                                         _272_ (net)
                      0.094578    0.000017    7.725902 v _798_/B1 (sky130_fd_sc_hd__o31ai_2)
     1    0.035756    0.700105    0.199626    7.925528 ^ _798_/Y (sky130_fd_sc_hd__o31ai_2)
                                                         op_out[4] (net)
                      0.700105    0.000529    7.926057 ^ op_out[4] (out)
                                              7.926057   data arrival time

                      0.000000   20.000000   20.000000   clock __VIRTUAL_CLK__ (rise edge)
                                  0.000000   20.000000   clock network delay (ideal)
                                 -0.250000   19.750002   clock uncertainty
                                  0.000000   19.750002   clock reconvergence pessimism
                                 -4.000000   15.750001   output external delay
                                             15.750001   data required time
---------------------------------------------------------------------------------------------
                                             15.750001   data required time
                                             -7.926057   data arrival time
---------------------------------------------------------------------------------------------
                                              7.823944   slack (MET)


Startpoint: op_b[0] (input port clocked by __VIRTUAL_CLK__)
Endpoint: op_out[7] (output port clocked by __VIRTUAL_CLK__)
Path Group: __VIRTUAL_CLK__
Path Type: max

Fanout         Cap        Slew       Delay        Time   Description
---------------------------------------------------------------------------------------------
                      0.000000    0.000000    0.000000   clock __VIRTUAL_CLK__ (rise edge)
                                  0.000000    0.000000   clock network delay (ideal)
                                  4.000000    4.000000 v input external delay
    22    0.089615    0.197163    0.143672    4.143672 v op_b[0] (in)
                                                         op_b[0] (net)
                      0.197178    0.000000    4.143672 v _488_/A (sky130_fd_sc_hd__and2_2)
     4    0.011612    0.056454    0.260285    4.403957 v _488_/X (sky130_fd_sc_hd__and2_2)
                                                         _417_ (net)
                      0.056454    0.000040    4.403996 v _861_/C (sky130_fd_sc_hd__and3_2)
     2    0.003016    0.038798    0.207143    4.611140 v _861_/X (sky130_fd_sc_hd__and3_2)
                                                         _341_ (net)
                      0.038798    0.000002    4.611142 v _863_/A (sky130_fd_sc_hd__or2_2)
     1    0.008129    0.071856    0.310272    4.921414 v _863_/X (sky130_fd_sc_hd__or2_2)
                                                         _343_ (net)
                      0.071856    0.000011    4.921425 v _864_/B (sky130_fd_sc_hd__xor2_2)
     2    0.007145    0.055666    0.158053    5.079478 v _864_/X (sky130_fd_sc_hd__xor2_2)
                                                         _344_ (net)
                      0.055666    0.000021    5.079500 v _866_/B1 (sky130_fd_sc_hd__o21a_2)
     2    0.006410    0.042252    0.125363    5.204863 v _866_/X (sky130_fd_sc_hd__o21a_2)
                                                         _346_ (net)
                      0.042252    0.000012    5.204875 v _867_/B (sky130_fd_sc_hd__or2_2)
     2    0.012736    0.082468    0.310834    5.515708 v _867_/X (sky130_fd_sc_hd__or2_2)
                                                         _347_ (net)
                      0.082468    0.000038    5.515746 v _869_/B (sky130_fd_sc_hd__xor2_2)
     2    0.006269    0.068677    0.159402    5.675148 v _869_/X (sky130_fd_sc_hd__xor2_2)
                                                         _350_ (net)
                      0.068677    0.000024    5.675172 v _870_/C (sky130_fd_sc_hd__and3_2)
     2    0.006745    0.047088    0.227273    5.902445 v _870_/X (sky130_fd_sc_hd__and3_2)
                                                         _351_ (net)
                      0.047088    0.000023    5.902468 v _873_/B (sky130_fd_sc_hd__or3_2)
     3    0.008055    0.093356    0.472903    6.375371 v _873_/X (sky130_fd_sc_hd__or3_2)
                                                         _354_ (net)
                      0.093356    0.000024    6.375395 v _875_/C (sky130_fd_sc_hd__and3_2)
     1    0.008190    0.052200    0.243349    6.618744 v _875_/X (sky130_fd_sc_hd__and3_2)
                                                         _356_ (net)
                      0.052200    0.000004    6.618748 v _893_/B (sky130_fd_sc_hd__xnor2_2)
     1    0.008458    0.065727    0.142225    6.760973 v _893_/Y (sky130_fd_sc_hd__xnor2_2)
                                                         _375_ (net)
                      0.065727    0.000006    6.760979 v _916_/A (sky130_fd_sc_hd__xnor2_2)
     2    0.006937    0.063180    0.147996    6.908975 v _916_/Y (sky130_fd_sc_hd__xnor2_2)
                                                         _400_ (net)
                      0.063180    0.000055    6.909029 v _917_/B (sky130_fd_sc_hd__or2_2)
     1    0.002475    0.053500    0.270730    7.179759 v _917_/X (sky130_fd_sc_hd__or2_2)
                                                         _401_ (net)
                      0.053500    0.000004    7.179763 v _923_/A2 (sky130_fd_sc_hd__a311o_2)
     1    0.034717    0.131881    0.462921    7.642684 v _923_/X (sky130_fd_sc_hd__a311o_2)
                                                         op_out[7] (net)
                      0.131881    0.000203    7.642887 v op_out[7] (out)
                                              7.642887   data arrival time

                      0.000000   20.000000   20.000000   clock __VIRTUAL_CLK__ (rise edge)
                                  0.000000   20.000000   clock network delay (ideal)
                                 -0.250000   19.750002   clock uncertainty
                                  0.000000   19.750002   clock reconvergence pessimism
                                 -4.000000   15.750001   output external delay
                                             15.750001   data required time
---------------------------------------------------------------------------------------------
                                             15.750001   data required time
                                             -7.642887   data arrival time
---------------------------------------------------------------------------------------------
                                              8.107115   slack (MET)


Startpoint: op_b[0] (input port clocked by __VIRTUAL_CLK__)
Endpoint: op_out[5] (output port clocked by __VIRTUAL_CLK__)
Path Group: __VIRTUAL_CLK__
Path Type: max

Fanout         Cap        Slew       Delay        Time   Description
---------------------------------------------------------------------------------------------
                      0.000000    0.000000    0.000000   clock __VIRTUAL_CLK__ (rise edge)
                                  0.000000    0.000000   clock network delay (ideal)
                                  4.000000    4.000000 ^ input external delay
    22    0.094554    0.427971    0.295899    4.295899 ^ op_b[0] (in)
                                                         op_b[0] (net)
                      0.427995    0.000000    4.295899 ^ _458_/A (sky130_fd_sc_hd__inv_2)
    13    0.048525    0.167980    0.216403    4.512302 v _458_/Y (sky130_fd_sc_hd__inv_2)
                                                         _188_ (net)
                      0.167980    0.000175    4.512477 v _536_/A (sky130_fd_sc_hd__nor2_2)
     4    0.014525    0.178859    0.227564    4.740042 ^ _536_/Y (sky130_fd_sc_hd__nor2_2)
                                                         _007_ (net)
                      0.178859    0.000140    4.740182 ^ _780_/C (sky130_fd_sc_hd__and3_2)
     2    0.010221    0.083576    0.232742    4.972924 ^ _780_/X (sky130_fd_sc_hd__and3_2)
                                                         _254_ (net)
                      0.083576    0.000030    4.972954 ^ _781_/B1 (sky130_fd_sc_hd__a21oi_2)
     2    0.014601    0.068558    0.061540    5.034493 v _781_/Y (sky130_fd_sc_hd__a21oi_2)
                                                         _255_ (net)
                      0.068558    0.000016    5.034509 v _805_/A3 (sky130_fd_sc_hd__a31oi_2)
     2    0.011865    0.224470    0.254158    5.288668 ^ _805_/Y (sky130_fd_sc_hd__a31oi_2)
                                                         _280_ (net)
                      0.224470    0.000046    5.288714 ^ _813_/A (sky130_fd_sc_hd__xnor2_2)
     2    0.006184    0.065893    0.107281    5.395995 v _813_/Y (sky130_fd_sc_hd__xnor2_2)
                                                         _289_ (net)
                      0.065893    0.000022    5.396018 v _814_/B (sky130_fd_sc_hd__or2_2)
     1    0.004440    0.061244    0.283850    5.679868 v _814_/X (sky130_fd_sc_hd__or2_2)
                                                         _290_ (net)
                      0.061244    0.000004    5.679872 v _816_/A (sky130_fd_sc_hd__nand2_2)
     2    0.007775    0.059278    0.072040    5.751912 ^ _816_/Y (sky130_fd_sc_hd__nand2_2)
                                                         _292_ (net)
                      0.059278    0.000063    5.751974 ^ _817_/C (sky130_fd_sc_hd__and3_2)
     1    0.004693    0.052668    0.180292    5.932266 ^ _817_/X (sky130_fd_sc_hd__and3_2)
                                                         _293_ (net)
                      0.052668    0.000002    5.932268 ^ _819_/A (sky130_fd_sc_hd__nor2_2)
     2    0.010613    0.047958    0.051100    5.983367 v _819_/Y (sky130_fd_sc_hd__nor2_2)
                                                         _296_ (net)
                      0.047958    0.000011    5.983378 v _820_/B (sky130_fd_sc_hd__xnor2_2)
     2    0.007025    0.149088    0.145048    6.128426 ^ _820_/Y (sky130_fd_sc_hd__xnor2_2)
                                                         _297_ (net)
                      0.149088    0.000036    6.128462 ^ _821_/B (sky130_fd_sc_hd__or2_2)
     3    0.018779    0.106963    0.188938    6.317400 ^ _821_/X (sky130_fd_sc_hd__or2_2)
                                                         _298_ (net)
                      0.106963    0.000003    6.317403 ^ _824_/A (sky130_fd_sc_hd__nand2_2)
     3    0.011690    0.062556    0.082410    6.399813 v _824_/Y (sky130_fd_sc_hd__nand2_2)
                                                         _301_ (net)
                      0.062556    0.000036    6.399848 v _827_/A2 (sky130_fd_sc_hd__o21a_2)
     1    0.002505    0.033117    0.190990    6.590839 v _827_/X (sky130_fd_sc_hd__o21a_2)
                                                         _304_ (net)
                      0.033117    0.000004    6.590843 v _840_/B2 (sky130_fd_sc_hd__a221o_2)
     1    0.004156    0.057571    0.351714    6.942556 v _840_/X (sky130_fd_sc_hd__a221o_2)
                                                         _319_ (net)
                      0.057571    0.000032    6.942589 v _842_/B (sky130_fd_sc_hd__or3_2)
     1    0.036131    0.166545    0.584159    7.526748 v _842_/X (sky130_fd_sc_hd__or3_2)
                                                         op_out[5] (net)
                      0.166545    0.000637    7.527385 v op_out[5] (out)
                                              7.527385   data arrival time

                      0.000000   20.000000   20.000000   clock __VIRTUAL_CLK__ (rise edge)
                                  0.000000   20.000000   clock network delay (ideal)
                                 -0.250000   19.750002   clock uncertainty
                                  0.000000   19.750002   clock reconvergence pessimism
                                 -4.000000   15.750001   output external delay
                                             15.750001   data required time
---------------------------------------------------------------------------------------------
                                             15.750001   data required time
                                             -7.527385   data arrival time
---------------------------------------------------------------------------------------------
                                              8.222615   slack (MET)


Startpoint: op_b[0] (input port clocked by __VIRTUAL_CLK__)
Endpoint: op_out[6] (output port clocked by __VIRTUAL_CLK__)
Path Group: __VIRTUAL_CLK__
Path Type: max

Fanout         Cap        Slew       Delay        Time   Description
---------------------------------------------------------------------------------------------
                      0.000000    0.000000    0.000000   clock __VIRTUAL_CLK__ (rise edge)
                                  0.000000    0.000000   clock network delay (ideal)
                                  4.000000    4.000000 v input external delay
    22    0.089615    0.197163    0.143672    4.143672 v op_b[0] (in)
                                                         op_b[0] (net)
                      0.197178    0.000000    4.143672 v _488_/A (sky130_fd_sc_hd__and2_2)
     4    0.011612    0.056454    0.260285    4.403957 v _488_/X (sky130_fd_sc_hd__and2_2)
                                                         _417_ (net)
                      0.056454    0.000040    4.403996 v _861_/C (sky130_fd_sc_hd__and3_2)
     2    0.003016    0.038798    0.207143    4.611140 v _861_/X (sky130_fd_sc_hd__and3_2)
                                                         _341_ (net)
                      0.038798    0.000002    4.611142 v _863_/A (sky130_fd_sc_hd__or2_2)
     1    0.008129    0.071856    0.310272    4.921414 v _863_/X (sky130_fd_sc_hd__or2_2)
                                                         _343_ (net)
                      0.071856    0.000011    4.921425 v _864_/B (sky130_fd_sc_hd__xor2_2)
     2    0.007145    0.055666    0.158053    5.079478 v _864_/X (sky130_fd_sc_hd__xor2_2)
                                                         _344_ (net)
                      0.055666    0.000021    5.079500 v _866_/B1 (sky130_fd_sc_hd__o21a_2)
     2    0.006410    0.042252    0.125363    5.204863 v _866_/X (sky130_fd_sc_hd__o21a_2)
                                                         _346_ (net)
                      0.042252    0.000012    5.204875 v _867_/B (sky130_fd_sc_hd__or2_2)
     2    0.012736    0.082468    0.310834    5.515708 v _867_/X (sky130_fd_sc_hd__or2_2)
                                                         _347_ (net)
                      0.082468    0.000038    5.515746 v _869_/B (sky130_fd_sc_hd__xor2_2)
     2    0.006269    0.068677    0.159402    5.675148 v _869_/X (sky130_fd_sc_hd__xor2_2)
                                                         _350_ (net)
                      0.068677    0.000024    5.675172 v _870_/C (sky130_fd_sc_hd__and3_2)
     2    0.006745    0.047088    0.227273    5.902445 v _870_/X (sky130_fd_sc_hd__and3_2)
                                                         _351_ (net)
                      0.047088    0.000023    5.902468 v _873_/B (sky130_fd_sc_hd__or3_2)
     3    0.008055    0.093356    0.472903    6.375371 v _873_/X (sky130_fd_sc_hd__or3_2)
                                                         _354_ (net)
                      0.093356    0.000026    6.375396 v _874_/B (sky130_fd_sc_hd__nand2_2)
     1    0.008884    0.066722    0.100171    6.475567 ^ _874_/Y (sky130_fd_sc_hd__nand2_2)
                                                         _355_ (net)
                      0.066722    0.000024    6.475591 ^ _876_/B (sky130_fd_sc_hd__xnor2_2)
     2    0.013572    0.082994    0.090951    6.566542 v _876_/Y (sky130_fd_sc_hd__xnor2_2)
                                                         _357_ (net)
                      0.082994    0.000096    6.566638 v _877_/B (sky130_fd_sc_hd__xnor2_2)
     2    0.005817    0.057897    0.146283    6.712921 v _877_/Y (sky130_fd_sc_hd__xnor2_2)
                                                         _358_ (net)
                      0.057897    0.000007    6.712928 v _878_/B (sky130_fd_sc_hd__or2_2)
     1    0.002302    0.052731    0.267607    6.980535 v _878_/X (sky130_fd_sc_hd__or2_2)
                                                         _359_ (net)
                      0.052731    0.000000    6.980536 v _885_/A2 (sky130_fd_sc_hd__a31o_2)
     1    0.034577    0.105524    0.313034    7.293569 v _885_/X (sky130_fd_sc_hd__a31o_2)
                                                         op_out[6] (net)
                      0.105524    0.000175    7.293745 v op_out[6] (out)
                                              7.293745   data arrival time

                      0.000000   20.000000   20.000000   clock __VIRTUAL_CLK__ (rise edge)
                                  0.000000   20.000000   clock network delay (ideal)
                                 -0.250000   19.750002   clock uncertainty
                                  0.000000   19.750002   clock reconvergence pessimism
                                 -4.000000   15.750001   output external delay
                                             15.750001   data required time
---------------------------------------------------------------------------------------------
                                             15.750001   data required time
                                             -7.293745   data arrival time
---------------------------------------------------------------------------------------------
                                              8.456256   slack (MET)



%OL_END_REPORT
%OL_CREATE_REPORT checks.rpt

===========================================================================
report_checks -unconstrained
===========================================================================
======================= nom_tt_025C_1v80 Corner ===================================

Startpoint: op_b[4] (input port clocked by __VIRTUAL_CLK__)
Endpoint: op_out[0] (output port clocked by __VIRTUAL_CLK__)
Path Group: __VIRTUAL_CLK__
Path Type: max

Fanout         Cap        Slew       Delay        Time   Description
---------------------------------------------------------------------------------------------
                      0.000000    0.000000    0.000000   clock __VIRTUAL_CLK__ (rise edge)
                                  0.000000    0.000000   clock network delay (ideal)
                                  4.000000    4.000000 v input external delay
    23    0.101047    0.221385    0.163351    4.163351 v op_b[4] (in)
                                                         op_b[4] (net)
                      0.221401    0.000000    4.163351 v _469_/B (sky130_fd_sc_hd__or4_2)
     6    0.020030    0.163419    0.788565    4.951916 v _469_/X (sky130_fd_sc_hd__or4_2)
                                                         _306_ (net)
                      0.163419    0.000043    4.951959 v _472_/A3 (sky130_fd_sc_hd__o41ai_2)
     5    0.016587    0.509852    0.519909    5.471868 ^ _472_/Y (sky130_fd_sc_hd__o41ai_2)
                                                         _338_ (net)
                      0.509852    0.000022    5.471890 ^ _481_/A1 (sky130_fd_sc_hd__a211o_2)
     4    0.012521    0.074551    0.254047    5.725937 ^ _481_/X (sky130_fd_sc_hd__a211o_2)
                                                         _410_ (net)
                      0.074551    0.000059    5.725996 ^ _484_/A2 (sky130_fd_sc_hd__a21o_2)
     4    0.014313    0.085176    0.163954    5.889950 ^ _484_/X (sky130_fd_sc_hd__a21o_2)
                                                         _413_ (net)
                      0.085176    0.000014    5.889964 ^ _493_/A1 (sky130_fd_sc_hd__a211oi_2)
     3    0.008997    0.068053    0.085306    5.975270 v _493_/Y (sky130_fd_sc_hd__a211oi_2)
                                                         _422_ (net)
                      0.068053    0.000057    5.975327 v _503_/D (sky130_fd_sc_hd__or4_2)
     3    0.009233    0.128753    0.583029    6.558356 v _503_/X (sky130_fd_sc_hd__or4_2)
                                                         _432_ (net)
                      0.128753    0.000019    6.558375 v _507_/A3 (sky130_fd_sc_hd__a31o_2)
     2    0.006792    0.048315    0.287101    6.845476 v _507_/X (sky130_fd_sc_hd__a31o_2)
                                                         _436_ (net)
                      0.048315    0.000006    6.845482 v _509_/A2 (sky130_fd_sc_hd__a211o_2)
     3    0.009383    0.065167    0.351668    7.197150 v _509_/X (sky130_fd_sc_hd__a211o_2)
                                                         _438_ (net)
                      0.065167    0.000027    7.197177 v _515_/A1 (sky130_fd_sc_hd__a21oi_2)
     8    0.035771    0.439222    0.389875    7.587052 ^ _515_/Y (sky130_fd_sc_hd__a21oi_2)
                                                         _444_ (net)
                      0.439222    0.000314    7.587366 ^ _524_/S (sky130_fd_sc_hd__mux2_1)
     2    0.006119    0.071315    0.388236    7.975602 v _524_/X (sky130_fd_sc_hd__mux2_1)
                                                         _453_ (net)
                      0.071315    0.000028    7.975630 v _539_/A2 (sky130_fd_sc_hd__a221o_2)
     3    0.011012    0.078332    0.423414    8.399044 v _539_/X (sky130_fd_sc_hd__a221o_2)
                                                         _010_ (net)
                      0.078332    0.000019    8.399063 v _544_/A3 (sky130_fd_sc_hd__a311o_2)
     5    0.014758    0.084823    0.439319    8.838382 v _544_/X (sky130_fd_sc_hd__a311o_2)
                                                         _015_ (net)
                      0.084823    0.000027    8.838408 v _571_/A1 (sky130_fd_sc_hd__a21o_2)
     4    0.013716    0.059075    0.232228    9.070637 v _571_/X (sky130_fd_sc_hd__a21o_2)
                                                         _042_ (net)
                      0.059075    0.000071    9.070708 v _574_/B (sky130_fd_sc_hd__and3_2)
     3    0.008240    0.050488    0.214019    9.284727 v _574_/X (sky130_fd_sc_hd__and3_2)
                                                         _045_ (net)
                      0.050488    0.000020    9.284747 v _585_/A (sky130_fd_sc_hd__or4_2)
     1    0.002282    0.095979    0.647129    9.931877 v _585_/X (sky130_fd_sc_hd__or4_2)
                                                         _056_ (net)
                      0.095979    0.000008    9.931885 v _586_/C (sky130_fd_sc_hd__or4b_2)
     1    0.004669    0.109379    0.629934   10.561819 v _586_/X (sky130_fd_sc_hd__or4b_2)
                                                         _057_ (net)
                      0.109379    0.000008   10.561828 v _590_/A1 (sky130_fd_sc_hd__a311oi_2)
     8    0.035911    0.693794    0.610160   11.171988 ^ _590_/Y (sky130_fd_sc_hd__a311oi_2)
                                                         _061_ (net)
                      0.693794    0.000233   11.172220 ^ _619_/S (sky130_fd_sc_hd__mux2_1)
     5    0.024960    0.149814    0.497296   11.669516 v _619_/X (sky130_fd_sc_hd__mux2_1)
                                                         _090_ (net)
                      0.149814    0.000140   11.669656 v _623_/B1 (sky130_fd_sc_hd__o22a_2)
     2    0.004124    0.041860    0.239407   11.909062 v _623_/X (sky130_fd_sc_hd__o22a_2)
                                                         _094_ (net)
                      0.041860    0.000004   11.909066 v _624_/B (sky130_fd_sc_hd__or4bb_2)
     4    0.012531    0.132293    0.660159   12.569225 v _624_/X (sky130_fd_sc_hd__or4bb_2)
                                                         _095_ (net)
                      0.132293    0.000036   12.569262 v _628_/A1 (sky130_fd_sc_hd__a21oi_2)
    12    0.043882    0.536680    0.483778   13.053040 ^ _628_/Y (sky130_fd_sc_hd__a21oi_2)
                                                         _099_ (net)
                      0.536680    0.000245   13.053285 ^ _665_/S (sky130_fd_sc_hd__mux2_1)
     3    0.009163    0.088593    0.415304   13.468589 v _665_/X (sky130_fd_sc_hd__mux2_1)
                                                         _136_ (net)
                      0.088593    0.000008   13.468597 v _669_/A2 (sky130_fd_sc_hd__a21o_2)
     1    0.002844    0.033465    0.219766   13.688364 v _669_/X (sky130_fd_sc_hd__a21o_2)
                                                         _140_ (net)
                      0.033465    0.000009   13.688373 v _671_/A2 (sky130_fd_sc_hd__o211a_2)
     1    0.002846    0.041362    0.226536   13.914908 v _671_/X (sky130_fd_sc_hd__o211a_2)
                                                         _142_ (net)
                      0.041362    0.000008   13.914917 v _672_/B2 (sky130_fd_sc_hd__o221a_2)
     1    0.002892    0.042601    0.218847   14.133764 v _672_/X (sky130_fd_sc_hd__o221a_2)
                                                         _143_ (net)
                      0.042601    0.000011   14.133775 v _675_/A2 (sky130_fd_sc_hd__o21a_2)
     1    0.002616    0.033509    0.183919   14.317693 v _675_/X (sky130_fd_sc_hd__o21a_2)
                                                         _146_ (net)
                      0.033509    0.000004   14.317698 v _679_/A1 (sky130_fd_sc_hd__o21a_2)
     1    0.005070    0.039523    0.206326   14.524023 v _679_/X (sky130_fd_sc_hd__o21a_2)
                                                         _150_ (net)
                      0.039523    0.000052   14.524076 v _700_/A (sky130_fd_sc_hd__or3_2)
     1    0.035187    0.171451    0.600116   15.124192 v _700_/X (sky130_fd_sc_hd__or3_2)
                                                         op_out[0] (net)
                      0.171451    0.000377   15.124569 v op_out[0] (out)
                                             15.124569   data arrival time

                      0.000000   20.000000   20.000000   clock __VIRTUAL_CLK__ (rise edge)
                                  0.000000   20.000000   clock network delay (ideal)
                                 -0.250000   19.750002   clock uncertainty
                                  0.000000   19.750002   clock reconvergence pessimism
                                 -4.000000   15.750001   output external delay
                                             15.750001   data required time
---------------------------------------------------------------------------------------------
                                             15.750001   data required time
                                            -15.124569   data arrival time
---------------------------------------------------------------------------------------------
                                              0.625432   slack (MET)




===========================================================================
report_checks --slack_max -0.01
============================================================================
======================= nom_tt_025C_1v80 Corner ===================================

No paths found.


===========================================================================
 report_check_types -max_slew -max_cap -max_fanout -violators
============================================================================
======================= nom_tt_025C_1v80 Corner ===================================

max fanout

Pin                                   Limit Fanout  Slack
---------------------------------------------------------
op_b[1]                                  10     27    -17 (VIOLATED)
op_b[2]                                  10     23    -13 (VIOLATED)
op_b[4]                                  10     23    -13 (VIOLATED)
op_a[2]                                  10     22    -12 (VIOLATED)
op_b[0]                                  10     22    -12 (VIOLATED)
op_b[3]                                  10     22    -12 (VIOLATED)
op_a[0]                                  10     21    -11 (VIOLATED)
op_a[1]                                  10     21    -11 (VIOLATED)
op_a[4]                                  10     19     -9 (VIOLATED)
op_b[5]                                  10     18     -8 (VIOLATED)
op_b[6]                                  10     17     -7 (VIOLATED)
op_a[6]                                  10     16     -6 (VIOLATED)
op_b[7]                                  10     16     -6 (VIOLATED)
op_a[3]                                  10     15     -5 (VIOLATED)
op_a[5]                                  10     14     -4 (VIOLATED)
_458_/Y                                  10     13     -3 (VIOLATED)
_463_/Y                                  10     12     -2 (VIOLATED)
_628_/Y                                  10     12     -2 (VIOLATED)
inst[3]                                  10     11        (VIOLATED)



===========================================================================
report_parasitic_annotation -report_unannotated
============================================================================
Found 0 unannotated drivers.
Found 0 partially unannotated drivers.

===========================================================================
max slew violation count 0
Writing metric design__max_slew_violation__count__corner:nom_tt_025C_1v80: 0
max fanout violation count 19
Writing metric design__max_fanout_violation__count__corner:nom_tt_025C_1v80: 19
max cap violation count 0
Writing metric design__max_cap_violation__count__corner:nom_tt_025C_1v80: 0
============================================================================

===========================================================================
check_setup -verbose -unconstrained_endpoints -multiple_clock -no_clock -no_input_delay -loops -generated_clocks
===========================================================================
%OL_END_REPORT
%OL_CREATE_REPORT power.rpt

===========================================================================
 report_power
============================================================================
======================= nom_tt_025C_1v80 Corner ===================================

Group                    Internal    Switching      Leakage        Total
                            Power        Power        Power        Power (Watts)
------------------------------------------------------------------------
Sequential           0.000000e+00 0.000000e+00 0.000000e+00 0.000000e+00   0.0%
Combinational        7.959686e-05 6.764001e-05 1.782256e-09 1.472386e-04 100.0%
Clock                0.000000e+00 0.000000e+00 2.851233e-10 2.851233e-10   0.0%
Macro                0.000000e+00 0.000000e+00 0.000000e+00 0.000000e+00   0.0%
Pad                  0.000000e+00 0.000000e+00 0.000000e+00 0.000000e+00   0.0%
------------------------------------------------------------------------
Total                7.959686e-05 6.764001e-05 2.067382e-09 1.472389e-04 100.0%
                            54.1%        45.9%         0.0%
Writing metric power__internal__total: 7.959685899550095e-5
Writing metric power__switching__total: 6.76400086376816e-5
Writing metric power__leakage__total: 2.0673824874251068e-9
Writing metric power__total: 0.00014723892672918737

%OL_END_REPORT
%OL_CREATE_REPORT skew.min.rpt

===========================================================================
Clock Skew (Hold)
============================================================================
Writing metric clock__skew__worst_hold__corner:nom_tt_025C_1v80: 0.0
======================= nom_tt_025C_1v80 Corner ===================================

Clock __VIRTUAL_CLK__
No launch/capture paths found.

%OL_END_REPORT
%OL_CREATE_REPORT skew.max.rpt

===========================================================================
Clock Skew (Setup)
============================================================================
Writing metric clock__skew__worst_setup__corner:nom_tt_025C_1v80: 0.0
======================= nom_tt_025C_1v80 Corner ===================================

Clock __VIRTUAL_CLK__
No launch/capture paths found.

%OL_END_REPORT
%OL_CREATE_REPORT ws.min.rpt

===========================================================================
Worst Slack (Hold)
============================================================================
Writing metric timing__hold__ws__corner:nom_tt_025C_1v80: 8.200703459532757
nom_tt_025C_1v80: 8.200703459532757
%OL_END_REPORT
%OL_CREATE_REPORT ws.max.rpt

===========================================================================
Worst Slack (Setup)
============================================================================
Writing metric timing__setup__ws__corner:nom_tt_025C_1v80: 0.6254321682023457
nom_tt_025C_1v80: 0.6254321682023457
%OL_END_REPORT
%OL_CREATE_REPORT tns.min.rpt

===========================================================================
Total Negative Slack (Hold)
============================================================================
Writing metric timing__hold__tns__corner:nom_tt_025C_1v80: 0.0
nom_tt_025C_1v80: 0.0
%OL_END_REPORT
%OL_CREATE_REPORT tns.max.rpt

===========================================================================
Total Negative Slack (Setup)
============================================================================
Writing metric timing__setup__tns__corner:nom_tt_025C_1v80: 0.0
nom_tt_025C_1v80: 0.0
%OL_END_REPORT
%OL_CREATE_REPORT wns.min.rpt

===========================================================================
Worst Negative Slack (Hold)
============================================================================
Writing metric timing__hold__wns__corner:nom_tt_025C_1v80: 0
nom_tt_025C_1v80: 0
%OL_END_REPORT
%OL_CREATE_REPORT wns.max.rpt

===========================================================================
Worst Negative Slack (Setup)
============================================================================
Writing metric timing__setup__wns__corner:nom_tt_025C_1v80: 0.0
nom_tt_025C_1v80: 0.0
%OL_END_REPORT
%OL_CREATE_REPORT violator_list.rpt

===========================================================================
Violator List
============================================================================
Writing metric timing__hold_vio__count__corner:nom_tt_025C_1v80: 0
Writing metric timing__hold_r2r__ws__corner:nom_tt_025C_1v80: 1e30
Writing metric timing__hold_r2r_vio__count__corner:nom_tt_025C_1v80: 0
Writing metric timing__setup_vio__count__corner:nom_tt_025C_1v80: 0
Writing metric timing__setup_r2r__ws__corner:nom_tt_025C_1v80: 1e30
Writing metric timing__setup_r2r_vio__count__corner:nom_tt_025C_1v80: 0
%OL_END_REPORT
%OL_CREATE_REPORT unpropagated.rpt
__VIRTUAL_CLK__
%OL_END_REPORT
%OL_CREATE_REPORT clock.rpt
Clock: __VIRTUAL_CLK__
Sources: 
Generated: no
Virtual: yes
Propagated: no
Period: 20.000000

===========================================================================
report_clock_properties
============================================================================
Clock                   Period          Waveform
----------------------------------------------------
__VIRTUAL_CLK__      20.000000    0.000000 10.000000

===========================================================================
report_clock_latency
============================================================================
Clock __VIRTUAL_CLK__


===========================================================================
report_clock_min_period
============================================================================
__VIRTUAL_CLK__ period_min = 0.00 fmax = inf
%OL_END_REPORT
