Reading OpenROAD database at '/home/letienthanh/8bitalu/runs/RUN_2026-08-05_15-55-13/40-openroad-repairantennas/1-diodeinsertion/alu8bit.odb'…
Reading library file at '/home/letienthanh/.volare/volare/sky130/versions/0fe599b2afb6708d281543108caf8310912f54af/sky130A/libs.ref/sky130_fd_sc_hd/lib/sky130_fd_sc_hd__tt_025C_1v80.lib'…
Reading design constraints file at '/home/letienthanh/8bitalu/constraints/alu.sdc'…
[INFO] No information on clock propagation in input SDC file-- propagating all clocks.
[WARNING STA-0450] virtual clock virtual_clk can not be propagated.
[INFO ORD-0030] Using 16 thread(s).
[INFO DRT-0149] Reading tech and libs.
[WARNING DRT-0349] LEF58_ENCLOSURE with no CUTCLASS is not supported. Skipping for layer mcon
[WARNING DRT-0349] LEF58_ENCLOSURE with no CUTCLASS is not supported. Skipping for layer mcon
[WARNING DRT-0349] LEF58_ENCLOSURE with no CUTCLASS is not supported. Skipping for layer via
[WARNING DRT-0349] LEF58_ENCLOSURE with no CUTCLASS is not supported. Skipping for layer via
[WARNING DRT-0349] LEF58_ENCLOSURE with no CUTCLASS is not supported. Skipping for layer via2
[WARNING DRT-0349] LEF58_ENCLOSURE with no CUTCLASS is not supported. Skipping for layer via2
[WARNING DRT-0349] LEF58_ENCLOSURE with no CUTCLASS is not supported. Skipping for layer via3
[WARNING DRT-0349] LEF58_ENCLOSURE with no CUTCLASS is not supported. Skipping for layer via3
[WARNING DRT-0349] LEF58_ENCLOSURE with no CUTCLASS is not supported. Skipping for layer via4
[WARNING DRT-0349] LEF58_ENCLOSURE with no CUTCLASS is not supported. Skipping for layer via4

Units:                1000
Number of layers:     13
Number of macros:     441
Number of vias:       28
Number of viarulegen: 25

[INFO DRT-0150] Reading design.

Design:                   alu8bit
Die area:                 ( 0 0 ) ( 115540 126260 )
Number of track patterns: 12
Number of DEF vias:       0
Number of components:     756
Number of terminals:      30
Number of snets:          2
Number of nets:           560

[INFO DRT-0167] List of default vias:
  Layer via
    default via: M1M2_PR
  Layer via2
    default via: M2M3_PR
  Layer via3
    default via: M3M4_PR
  Layer via4
    default via: M4M5_PR
[INFO DRT-0162] Library cell analysis.
[INFO DRT-0163] Instance analysis.
[INFO DRT-0164] Number of unique instances = 204.
[INFO DRT-0168] Init region query.
[INFO DRT-0024]   Complete FR_MASTERSLICE.
[INFO DRT-0024]   Complete licon.
[INFO DRT-0024]   Complete li1.
[INFO DRT-0024]   Complete mcon.
[INFO DRT-0024]   Complete met1.
[INFO DRT-0024]   Complete via.
[INFO DRT-0024]   Complete met2.
[INFO DRT-0024]   Complete via2.
[INFO DRT-0024]   Complete met3.
[INFO DRT-0024]   Complete via3.
[INFO DRT-0024]   Complete met4.
[INFO DRT-0024]   Complete via4.
[INFO DRT-0024]   Complete met5.
[INFO DRT-0033] FR_MASTERSLICE shape region query size = 0.
[INFO DRT-0033] licon shape region query size = 0.
[INFO DRT-0033] li1 shape region query size = 16300.
[INFO DRT-0033] mcon shape region query size = 0.
[INFO DRT-0033] met1 shape region query size = 1599.
[INFO DRT-0033] via shape region query size = 195.
[INFO DRT-0033] met2 shape region query size = 135.
[INFO DRT-0033] via2 shape region query size = 156.
[INFO DRT-0033] met3 shape region query size = 127.
[INFO DRT-0033] via3 shape region query size = 156.
[INFO DRT-0033] met4 shape region query size = 43.
[INFO DRT-0033] via4 shape region query size = 0.
[INFO DRT-0033] met5 shape region query size = 0.
[INFO DRT-0165] Start pin access.
[INFO DRT-0078]   Complete 769 pins.
[INFO DRT-0079]   Complete 100 unique inst patterns.
[INFO DRT-0081]   Complete 198 unique inst patterns.
[INFO DRT-0084]   Complete 321 groups.
#scanned instances     = 756
#unique  instances     = 204
#stdCellGenAp          = 5689
#stdCellValidPlanarAp  = 0
#stdCellValidViaAp     = 4482
#stdCellPinNoAp        = 0
#stdCellPinCnt         = 1917
#instTermValidViaApCnt = 0
#macroGenAp            = 0
#macroValidPlanarAp    = 0
#macroValidViaAp       = 0
#macroNoAp             = 0
[INFO DRT-0166] Complete pin access.
[INFO DRT-0267] cpu time = 00:00:20, elapsed time = 00:00:01, memory = 145.06 (MB), peak = 143.64 (MB)

[INFO DRT-0157] Number of guides:     3854

[INFO DRT-0169] Post process guides.
[INFO DRT-0176] GCELLGRID X 0 DO 16 STEP 6900 ;
[INFO DRT-0177] GCELLGRID Y 0 DO 18 STEP 6900 ;
[INFO DRT-0028]   Complete FR_MASTERSLICE.
[INFO DRT-0028]   Complete licon.
[INFO DRT-0028]   Complete li1.
[INFO DRT-0028]   Complete mcon.
[INFO DRT-0028]   Complete met1.
[INFO DRT-0028]   Complete via.
[INFO DRT-0028]   Complete met2.
[INFO DRT-0028]   Complete via2.
[INFO DRT-0028]   Complete met3.
[INFO DRT-0028]   Complete via3.
[INFO DRT-0028]   Complete met4.
[INFO DRT-0028]   Complete via4.
[INFO DRT-0028]   Complete met5.
[INFO DRT-0178] Init guide query.
[INFO DRT-0035]   Complete FR_MASTERSLICE (guide).
[INFO DRT-0035]   Complete licon (guide).
[INFO DRT-0035]   Complete li1 (guide).
[INFO DRT-0035]   Complete mcon (guide).
[INFO DRT-0035]   Complete met1 (guide).
[INFO DRT-0035]   Complete via (guide).
[INFO DRT-0035]   Complete met2 (guide).
[INFO DRT-0035]   Complete via2 (guide).
[INFO DRT-0035]   Complete met3 (guide).
[INFO DRT-0035]   Complete via3 (guide).
[INFO DRT-0035]   Complete met4 (guide).
[INFO DRT-0035]   Complete via4 (guide).
[INFO DRT-0035]   Complete met5 (guide).
[INFO DRT-0036] FR_MASTERSLICE guide region query size = 0.
[INFO DRT-0036] licon guide region query size = 0.
[INFO DRT-0036] li1 guide region query size = 1416.
[INFO DRT-0036] mcon guide region query size = 0.
[INFO DRT-0036] met1 guide region query size = 1040.
[INFO DRT-0036] via guide region query size = 0.
[INFO DRT-0036] met2 guide region query size = 541.
[INFO DRT-0036] via2 guide region query size = 0.
[INFO DRT-0036] met3 guide region query size = 24.
[INFO DRT-0036] via3 guide region query size = 0.
[INFO DRT-0036] met4 guide region query size = 1.
[INFO DRT-0036] via4 guide region query size = 0.
[INFO DRT-0036] met5 guide region query size = 0.
[INFO DRT-0179] Init gr pin query.
[INFO DRT-0245] skipped writing guide updates to database.
[INFO DRT-0185] Post process initialize RPin region query.
[INFO DRT-0181] Start track assignment.
[INFO DRT-0184] Done with 1958 vertical wires in 1 frboxes and 1064 horizontal wires in 1 frboxes.
[INFO DRT-0186] Done with 172 vertical wires in 1 frboxes and 340 horizontal wires in 1 frboxes.
[INFO DRT-0182] Complete track assignment.
[INFO DRT-0267] cpu time = 00:00:01, elapsed time = 00:00:00, memory = 156.22 (MB), peak = 154.77 (MB)
[INFO DRT-0187] Start routing data preparation.
[INFO DRT-0267] cpu time = 00:00:00, elapsed time = 00:00:00, memory = 156.68 (MB), peak = 155.39 (MB)
[INFO DRT-0194] Start detail routing.
[INFO DRT-0195] Start 0th optimization iteration.
    Completing 10% with 0 violations.
    elapsed time = 00:00:00, memory = 176.88 (MB).
    Completing 20% with 0 violations.
    elapsed time = 00:00:00, memory = 174.77 (MB).
    Completing 30% with 0 violations.
    elapsed time = 00:00:00, memory = 170.30 (MB).
    Completing 40% with 0 violations.
    elapsed time = 00:00:00, memory = 162.05 (MB).
    Completing 50% with 28 violations.
    elapsed time = 00:00:00, memory = 195.12 (MB).
    Completing 60% with 28 violations.
    elapsed time = 00:00:01, memory = 180.68 (MB).
    Completing 70% with 91 violations.
    elapsed time = 00:00:02, memory = 209.27 (MB).
    Completing 80% with 91 violations.
    elapsed time = 00:00:02, memory = 209.27 (MB).
    Completing 90% with 130 violations.
    elapsed time = 00:00:05, memory = 209.27 (MB).
    Completing 100% with 190 violations.
    elapsed time = 00:00:05, memory = 209.27 (MB).
[INFO DRT-0199]   Number of violations = 211.
Viol/Layer         li1   met1   met2   met3
Metal Spacing       13     40     17      7
Recheck              0     14      7      0
Short                0    108      5      0
[INFO DRT-0267] cpu time = 00:00:18, elapsed time = 00:00:05, memory = 558.81 (MB), peak = 557.46 (MB)
Total wire length = 12445 um.
Total wire length on LAYER li1 = 0 um.
Total wire length on LAYER met1 = 6105 um.
Total wire length on LAYER met2 = 5936 um.
Total wire length on LAYER met3 = 362 um.
Total wire length on LAYER met4 = 41 um.
Total wire length on LAYER met5 = 0 um.
Total number of vias = 3817.
Up-via summary (total 3817):

-----------------------
 FR_MASTERSLICE       0
            li1    1919
           met1    1852
           met2      44
           met3       2
           met4       0
-----------------------
                   3817


[INFO DRT-0195] Start 1st optimization iteration.
    Completing 10% with 211 violations.
    elapsed time = 00:00:00, memory = 579.78 (MB).
    Completing 20% with 211 violations.
    elapsed time = 00:00:00, memory = 581.11 (MB).
    Completing 30% with 211 violations.
    elapsed time = 00:00:00, memory = 588.95 (MB).
    Completing 40% with 211 violations.
    elapsed time = 00:00:00, memory = 588.95 (MB).
    Completing 50% with 187 violations.
    elapsed time = 00:00:00, memory = 615.23 (MB).
    Completing 60% with 187 violations.
    elapsed time = 00:00:01, memory = 615.23 (MB).
    Completing 70% with 155 violations.
    elapsed time = 00:00:01, memory = 638.92 (MB).
    Completing 80% with 155 violations.
    elapsed time = 00:00:01, memory = 645.68 (MB).
    Completing 90% with 107 violations.
    elapsed time = 00:00:04, memory = 645.68 (MB).
    Completing 100% with 93 violations.
    elapsed time = 00:00:04, memory = 645.68 (MB).
[INFO DRT-0199]   Number of violations = 93.
Viol/Layer        mcon   met1   met2   met3
Cut Spacing          1      0      0      0
Metal Spacing        0     30      8      1
Short                0     53      0      0
[INFO DRT-0267] cpu time = 00:00:17, elapsed time = 00:00:04, memory = 645.71 (MB), peak = 676.46 (MB)
Total wire length = 12307 um.
Total wire length on LAYER li1 = 0 um.
Total wire length on LAYER met1 = 6000 um.
Total wire length on LAYER met2 = 5892 um.
Total wire length on LAYER met3 = 372 um.
Total wire length on LAYER met4 = 41 um.
Total wire length on LAYER met5 = 0 um.
Total number of vias = 3798.
Up-via summary (total 3798):

-----------------------
 FR_MASTERSLICE       0
            li1    1917
           met1    1833
           met2      46
           met3       2
           met4       0
-----------------------
                   3798


[INFO DRT-0195] Start 2nd optimization iteration.
    Completing 10% with 93 violations.
    elapsed time = 00:00:00, memory = 645.71 (MB).
    Completing 20% with 93 violations.
    elapsed time = 00:00:00, memory = 662.17 (MB).
    Completing 30% with 93 violations.
    elapsed time = 00:00:02, memory = 671.20 (MB).
    Completing 40% with 103 violations.
    elapsed time = 00:00:02, memory = 671.20 (MB).
    Completing 50% with 103 violations.
    elapsed time = 00:00:02, memory = 671.20 (MB).
    Completing 60% with 103 violations.
    elapsed time = 00:00:03, memory = 687.57 (MB).
    Completing 70% with 100 violations.
    elapsed time = 00:00:03, memory = 687.57 (MB).
    Completing 80% with 100 violations.
    elapsed time = 00:00:06, memory = 687.57 (MB).
    Completing 90% with 119 violations.
    elapsed time = 00:00:06, memory = 687.57 (MB).
    Completing 100% with 103 violations.
    elapsed time = 00:00:07, memory = 687.57 (MB).
[INFO DRT-0199]   Number of violations = 103.
Viol/Layer        met1   met2
Metal Spacing       23      9
Short               71      0
[INFO DRT-0267] cpu time = 00:00:19, elapsed time = 00:00:07, memory = 690.59 (MB), peak = 689.00 (MB)
Total wire length = 12326 um.
Total wire length on LAYER li1 = 0 um.
Total wire length on LAYER met1 = 5982 um.
Total wire length on LAYER met2 = 5929 um.
Total wire length on LAYER met3 = 373 um.
Total wire length on LAYER met4 = 41 um.
Total wire length on LAYER met5 = 0 um.
Total number of vias = 3788.
Up-via summary (total 3788):

-----------------------
 FR_MASTERSLICE       0
            li1    1917
           met1    1830
           met2      39
           met3       2
           met4       0
-----------------------
                   3788


[INFO DRT-0195] Start 3rd optimization iteration.
    Completing 10% with 103 violations.
    elapsed time = 00:00:00, memory = 690.59 (MB).
    Completing 20% with 103 violations.
    elapsed time = 00:00:00, memory = 714.49 (MB).
    Completing 30% with 103 violations.
    elapsed time = 00:00:00, memory = 717.38 (MB).
    Completing 40% with 103 violations.
    elapsed time = 00:00:00, memory = 717.40 (MB).
    Completing 50% with 88 violations.
    elapsed time = 00:00:00, memory = 717.40 (MB).
    Completing 60% with 88 violations.
    elapsed time = 00:00:01, memory = 723.17 (MB).
    Completing 70% with 52 violations.
    elapsed time = 00:00:01, memory = 723.17 (MB).
    Completing 80% with 52 violations.
    elapsed time = 00:00:01, memory = 723.17 (MB).
    Completing 90% with 47 violations.
    elapsed time = 00:00:02, memory = 775.94 (MB).
    Completing 100% with 0 violations.
    elapsed time = 00:00:02, memory = 775.94 (MB).
[INFO DRT-0199]   Number of violations = 0.
[INFO DRT-0267] cpu time = 00:00:12, elapsed time = 00:00:02, memory = 775.94 (MB), peak = 781.62 (MB)
Total wire length = 12294 um.
Total wire length on LAYER li1 = 0 um.
Total wire length on LAYER met1 = 5729 um.
Total wire length on LAYER met2 = 5953 um.
Total wire length on LAYER met3 = 537 um.
Total wire length on LAYER met4 = 74 um.
Total wire length on LAYER met5 = 0 um.
Total number of vias = 3854.
Up-via summary (total 3854):

-----------------------
 FR_MASTERSLICE       0
            li1    1917
           met1    1856
           met2      76
           met3       5
           met4       0
-----------------------
                   3854


[INFO DRT-0198] Complete detail routing.
Total wire length = 12294 um.
Total wire length on LAYER li1 = 0 um.
Total wire length on LAYER met1 = 5729 um.
Total wire length on LAYER met2 = 5953 um.
Total wire length on LAYER met3 = 537 um.
Total wire length on LAYER met4 = 74 um.
Total wire length on LAYER met5 = 0 um.
Total number of vias = 3854.
Up-via summary (total 3854):

-----------------------
 FR_MASTERSLICE       0
            li1    1917
           met1    1856
           met2      76
           met3       5
           met4       0
-----------------------
                   3854


[INFO DRT-0267] cpu time = 00:01:08, elapsed time = 00:00:20, memory = 775.94 (MB), peak = 781.62 (MB)

[INFO DRT-0180] Post processing.
Setting global connections for newly added cells…
[INFO] Setting global connections...
Updating metrics…
Cell type report:                       Count       Area
  Fill cell                                76     285.27
  Tap cell                                140     175.17
  Timing Repair Buffer                     73     581.81
  Inverter                                 19      76.32
  Multi-Input combinational cell          448    3355.72
  Total                                   756    4474.29
Writing OpenROAD database to '/home/letienthanh/8bitalu/runs/RUN_2026-08-05_15-55-13/42-openroad-detailedrouting/alu8bit.odb'…
Writing netlist to '/home/letienthanh/8bitalu/runs/RUN_2026-08-05_15-55-13/42-openroad-detailedrouting/alu8bit.nl.v'…
Writing powered netlist to '/home/letienthanh/8bitalu/runs/RUN_2026-08-05_15-55-13/42-openroad-detailedrouting/alu8bit.pnl.v'…
Writing layout to '/home/letienthanh/8bitalu/runs/RUN_2026-08-05_15-55-13/42-openroad-detailedrouting/alu8bit.def'…
Writing timing constraints to '/home/letienthanh/8bitalu/runs/RUN_2026-08-05_15-55-13/42-openroad-detailedrouting/alu8bit.sdc'…
