
===========================================================================
report_checks -path_delay max (Setup)
============================================================================
======================= nom_tt_025C_1v80 Corner ===================================

Startpoint: op_b[4] (input port clocked by __VIRTUAL_CLK__)
Endpoint: op_out[0] (output port clocked by __VIRTUAL_CLK__)
Path Group: __VIRTUAL_CLK__
Path Type: max

Fanout         Cap        Slew       Delay        Time   Description
---------------------------------------------------------------------------------------------
                      0.000000    0.000000    0.000000   clock __VIRTUAL_CLK__ (rise edge)
                                  0.000000    0.000000   clock network delay (ideal)
                                  4.000000    4.000000 v input external delay
     1    0.002697    0.008393    0.004238    4.004239 v op_b[4] (in)
                                                         op_b[4] (net)
                      0.008393    0.000000    4.004239 v input17/A (sky130_fd_sc_hd__clkbuf_2)
     5    0.021379    0.086758    0.137344    4.141582 v input17/X (sky130_fd_sc_hd__clkbuf_2)
                                                         net17 (net)
                      0.086758    0.000419    4.142001 v fanout54/A (sky130_fd_sc_hd__buf_2)
    10    0.031589    0.083537    0.194268    4.336269 v fanout54/X (sky130_fd_sc_hd__buf_2)
                                                         net54 (net)
                      0.083537    0.000063    4.336332 v _469_/B (sky130_fd_sc_hd__or4_4)
     6    0.022142    0.115327    0.574295    4.910627 v _469_/X (sky130_fd_sc_hd__or4_4)
                                                         _306_ (net)
                      0.115327    0.000092    4.910719 v _472_/A3 (sky130_fd_sc_hd__o41ai_4)
     5    0.015692    0.369089    0.404115    5.314835 ^ _472_/Y (sky130_fd_sc_hd__o41ai_4)
                                                         _338_ (net)
                      0.369089    0.000090    5.314925 ^ _481_/A1 (sky130_fd_sc_hd__a211o_1)
     4    0.010486    0.101844    0.231055    5.545980 ^ _481_/X (sky130_fd_sc_hd__a211o_1)
                                                         _410_ (net)
                      0.101844    0.000044    5.546024 ^ _484_/A2 (sky130_fd_sc_hd__a21o_1)
     4    0.011246    0.107692    0.171917    5.717940 ^ _484_/X (sky130_fd_sc_hd__a21o_1)
                                                         _413_ (net)
                      0.107692    0.000011    5.717952 ^ _493_/A1 (sky130_fd_sc_hd__a211oi_1)
     3    0.007183    0.080596    0.104138    5.822089 v _493_/Y (sky130_fd_sc_hd__a211oi_1)
                                                         _422_ (net)
                      0.080596    0.000031    5.822120 v _503_/D (sky130_fd_sc_hd__or4_1)
     3    0.007372    0.116399    0.446276    6.268396 v _503_/X (sky130_fd_sc_hd__or4_1)
                                                         _432_ (net)
                      0.116399    0.000015    6.268410 v _507_/A3 (sky130_fd_sc_hd__a31o_1)
     2    0.005319    0.049785    0.252742    6.521152 v _507_/X (sky130_fd_sc_hd__a31o_1)
                                                         _436_ (net)
                      0.049785    0.000018    6.521171 v _509_/A2 (sky130_fd_sc_hd__a211o_1)
     3    0.013559    0.097464    0.344452    6.865623 v _509_/X (sky130_fd_sc_hd__a211o_1)
                                                         _438_ (net)
                      0.097464    0.000029    6.865652 v _515_/A1 (sky130_fd_sc_hd__a21oi_4)
     8    0.031799    0.255970    0.262517    7.128169 ^ _515_/Y (sky130_fd_sc_hd__a21oi_4)
                                                         _444_ (net)
                      0.255970    0.000141    7.128310 ^ _524_/S (sky130_fd_sc_hd__mux2_1)
     2    0.006113    0.071263    0.373073    7.501383 v _524_/X (sky130_fd_sc_hd__mux2_1)
                                                         _453_ (net)
                      0.071263    0.000032    7.501415 v _539_/A2 (sky130_fd_sc_hd__a221o_1)
     3    0.009490    0.087740    0.391564    7.892979 v _539_/X (sky130_fd_sc_hd__a221o_1)
                                                         _010_ (net)
                      0.087740    0.000010    7.892989 v _544_/A3 (sky130_fd_sc_hd__a311o_1)
     5    0.013467    0.102872    0.419607    8.312596 v _544_/X (sky130_fd_sc_hd__a311o_1)
                                                         _015_ (net)
                      0.102872    0.000055    8.312652 v _571_/A1 (sky130_fd_sc_hd__a21o_1)
     4    0.009958    0.062264    0.206557    8.519209 v _571_/X (sky130_fd_sc_hd__a21o_1)
                                                         _042_ (net)
                      0.062264    0.000035    8.519243 v _574_/B (sky130_fd_sc_hd__and3_1)
     3    0.006617    0.054862    0.185350    8.704593 v _574_/X (sky130_fd_sc_hd__and3_1)
                                                         _045_ (net)
                      0.054862    0.000015    8.704608 v _585_/A (sky130_fd_sc_hd__or4_1)
     1    0.002083    0.078062    0.504051    9.208659 v _585_/X (sky130_fd_sc_hd__or4_1)
                                                         _056_ (net)
                      0.078062    0.000007    9.208666 v _586_/C (sky130_fd_sc_hd__or4b_1)
     1    0.008574    0.122574    0.523655    9.732321 v _586_/X (sky130_fd_sc_hd__or4b_1)
                                                         _057_ (net)
                      0.122574    0.000017    9.732338 v _590_/A1 (sky130_fd_sc_hd__a311oi_4)
     4    0.014732    0.303338    0.303047   10.035385 ^ _590_/Y (sky130_fd_sc_hd__a311oi_4)
                                                         _061_ (net)
                      0.303338    0.000095   10.035480 ^ max_cap30/A (sky130_fd_sc_hd__clkbuf_2)
     5    0.020904    0.121201    0.232032   10.267512 ^ max_cap30/X (sky130_fd_sc_hd__clkbuf_2)
                                                         net30 (net)
                      0.121201    0.000007   10.267520 ^ _619_/S (sky130_fd_sc_hd__mux2_2)
     5    0.018049    0.085651    0.399296   10.666816 v _619_/X (sky130_fd_sc_hd__mux2_2)
                                                         _090_ (net)
                      0.085651    0.000107   10.666923 v _623_/B1 (sky130_fd_sc_hd__o22a_1)
     2    0.004185    0.051449    0.195839   10.862761 v _623_/X (sky130_fd_sc_hd__o22a_1)
                                                         _094_ (net)
                      0.051449    0.000003   10.862764 v _624_/B (sky130_fd_sc_hd__or4bb_2)
     4    0.011077    0.129666    0.653144   11.515908 v _624_/X (sky130_fd_sc_hd__or4bb_2)
                                                         _095_ (net)
                      0.129666    0.000026   11.515934 v _628_/A1 (sky130_fd_sc_hd__a21oi_1)
     3    0.009927    0.244213    0.251680   11.767613 ^ _628_/Y (sky130_fd_sc_hd__a21oi_1)
                                                         _099_ (net)
                      0.244213    0.000033   11.767647 ^ fanout29/A (sky130_fd_sc_hd__buf_2)
    10    0.034387    0.171183    0.260342   12.027988 ^ fanout29/X (sky130_fd_sc_hd__buf_2)
                                                         net29 (net)
                      0.171183    0.000198   12.028187 ^ _665_/S (sky130_fd_sc_hd__mux2_1)
     3    0.007350    0.079726    0.369137   12.397324 v _665_/X (sky130_fd_sc_hd__mux2_1)
                                                         _136_ (net)
                      0.079726    0.000000   12.397325 v _669_/A2 (sky130_fd_sc_hd__a21o_1)
     1    0.002726    0.033828    0.184019   12.581344 v _669_/X (sky130_fd_sc_hd__a21o_1)
                                                         _140_ (net)
                      0.033828    0.000007   12.581350 v _671_/A2 (sky130_fd_sc_hd__o211a_1)
     1    0.002661    0.039057    0.193452   12.774803 v _671_/X (sky130_fd_sc_hd__o211a_1)
                                                         _142_ (net)
                      0.039057    0.000005   12.774808 v _672_/B2 (sky130_fd_sc_hd__o221a_1)
     1    0.003028    0.046616    0.199853   12.974662 v _672_/X (sky130_fd_sc_hd__o221a_1)
                                                         _143_ (net)
                      0.046616    0.000012   12.974674 v _675_/A2 (sky130_fd_sc_hd__o21a_1)
     1    0.002304    0.033528    0.159385   13.134060 v _675_/X (sky130_fd_sc_hd__o21a_1)
                                                         _146_ (net)
                      0.033528    0.000000   13.134061 v _679_/A1 (sky130_fd_sc_hd__o21a_1)
     1    0.004461    0.042590    0.183046   13.317106 v _679_/X (sky130_fd_sc_hd__o21a_1)
                                                         _150_ (net)
                      0.042590    0.000038   13.317144 v _700_/A (sky130_fd_sc_hd__or3_1)
     1    0.003135    0.066965    0.364203   13.681347 v _700_/X (sky130_fd_sc_hd__or3_1)
                                                         net21 (net)
                      0.066965    0.000019   13.681366 v output21/A (sky130_fd_sc_hd__buf_2)
     1    0.034420    0.089593    0.190536   13.871902 v output21/X (sky130_fd_sc_hd__buf_2)
                                                         op_out[0] (net)
                      0.089593    0.000215   13.872117 v op_out[0] (out)
                                             13.872117   data arrival time

                      0.000000   20.000000   20.000000   clock __VIRTUAL_CLK__ (rise edge)
                                  0.000000   20.000000   clock network delay (ideal)
                                 -0.250000   19.750002   clock uncertainty
                                  0.000000   19.750002   clock reconvergence pessimism
                                 -4.000000   15.750001   output external delay
                                             15.750001   data required time
---------------------------------------------------------------------------------------------
                                             15.750001   data required time
                                            -13.872117   data arrival time
---------------------------------------------------------------------------------------------
                                              1.877884   slack (MET)


Startpoint: op_b[4] (input port clocked by __VIRTUAL_CLK__)
Endpoint: op_out[1] (output port clocked by __VIRTUAL_CLK__)
Path Group: __VIRTUAL_CLK__
Path Type: max

Fanout         Cap        Slew       Delay        Time   Description
---------------------------------------------------------------------------------------------
                      0.000000    0.000000    0.000000   clock __VIRTUAL_CLK__ (rise edge)
                                  0.000000    0.000000   clock network delay (ideal)
                                  4.000000    4.000000 v input external delay
     1    0.002697    0.008393    0.004238    4.004239 v op_b[4] (in)
                                                         op_b[4] (net)
                      0.008393    0.000000    4.004239 v input17/A (sky130_fd_sc_hd__clkbuf_2)
     5    0.021379    0.086758    0.137344    4.141582 v input17/X (sky130_fd_sc_hd__clkbuf_2)
                                                         net17 (net)
                      0.086758    0.000419    4.142001 v fanout54/A (sky130_fd_sc_hd__buf_2)
    10    0.031589    0.083537    0.194268    4.336269 v fanout54/X (sky130_fd_sc_hd__buf_2)
                                                         net54 (net)
                      0.083537    0.000063    4.336332 v _469_/B (sky130_fd_sc_hd__or4_4)
     6    0.022142    0.115327    0.574295    4.910627 v _469_/X (sky130_fd_sc_hd__or4_4)
                                                         _306_ (net)
                      0.115327    0.000092    4.910719 v _472_/A3 (sky130_fd_sc_hd__o41ai_4)
     5    0.015692    0.369089    0.404115    5.314835 ^ _472_/Y (sky130_fd_sc_hd__o41ai_4)
                                                         _338_ (net)
                      0.369089    0.000090    5.314925 ^ _481_/A1 (sky130_fd_sc_hd__a211o_1)
     4    0.010486    0.101844    0.231055    5.545980 ^ _481_/X (sky130_fd_sc_hd__a211o_1)
                                                         _410_ (net)
                      0.101844    0.000044    5.546024 ^ _484_/A2 (sky130_fd_sc_hd__a21o_1)
     4    0.011246    0.107692    0.171917    5.717940 ^ _484_/X (sky130_fd_sc_hd__a21o_1)
                                                         _413_ (net)
                      0.107692    0.000011    5.717952 ^ _493_/A1 (sky130_fd_sc_hd__a211oi_1)
     3    0.007183    0.080596    0.104138    5.822089 v _493_/Y (sky130_fd_sc_hd__a211oi_1)
                                                         _422_ (net)
                      0.080596    0.000031    5.822120 v _503_/D (sky130_fd_sc_hd__or4_1)
     3    0.007372    0.116399    0.446276    6.268396 v _503_/X (sky130_fd_sc_hd__or4_1)
                                                         _432_ (net)
                      0.116399    0.000015    6.268410 v _507_/A3 (sky130_fd_sc_hd__a31o_1)
     2    0.005319    0.049785    0.252742    6.521152 v _507_/X (sky130_fd_sc_hd__a31o_1)
                                                         _436_ (net)
                      0.049785    0.000018    6.521171 v _509_/A2 (sky130_fd_sc_hd__a211o_1)
     3    0.013559    0.097464    0.344452    6.865623 v _509_/X (sky130_fd_sc_hd__a211o_1)
                                                         _438_ (net)
                      0.097464    0.000029    6.865652 v _515_/A1 (sky130_fd_sc_hd__a21oi_4)
     8    0.031799    0.255970    0.262517    7.128169 ^ _515_/Y (sky130_fd_sc_hd__a21oi_4)
                                                         _444_ (net)
                      0.255970    0.000141    7.128310 ^ _524_/S (sky130_fd_sc_hd__mux2_1)
     2    0.006113    0.071263    0.373073    7.501383 v _524_/X (sky130_fd_sc_hd__mux2_1)
                                                         _453_ (net)
                      0.071263    0.000032    7.501415 v _539_/A2 (sky130_fd_sc_hd__a221o_1)
     3    0.009490    0.087740    0.391564    7.892979 v _539_/X (sky130_fd_sc_hd__a221o_1)
                                                         _010_ (net)
                      0.087740    0.000010    7.892989 v _544_/A3 (sky130_fd_sc_hd__a311o_1)
     5    0.013467    0.102872    0.419607    8.312596 v _544_/X (sky130_fd_sc_hd__a311o_1)
                                                         _015_ (net)
                      0.102872    0.000055    8.312652 v _571_/A1 (sky130_fd_sc_hd__a21o_1)
     4    0.009958    0.062264    0.206557    8.519209 v _571_/X (sky130_fd_sc_hd__a21o_1)
                                                         _042_ (net)
                      0.062264    0.000035    8.519243 v _574_/B (sky130_fd_sc_hd__and3_1)
     3    0.006617    0.054862    0.185350    8.704593 v _574_/X (sky130_fd_sc_hd__and3_1)
                                                         _045_ (net)
                      0.054862    0.000015    8.704608 v _585_/A (sky130_fd_sc_hd__or4_1)
     1    0.002083    0.078062    0.504051    9.208659 v _585_/X (sky130_fd_sc_hd__or4_1)
                                                         _056_ (net)
                      0.078062    0.000007    9.208666 v _586_/C (sky130_fd_sc_hd__or4b_1)
     1    0.008574    0.122574    0.523655    9.732321 v _586_/X (sky130_fd_sc_hd__or4b_1)
                                                         _057_ (net)
                      0.122574    0.000017    9.732338 v _590_/A1 (sky130_fd_sc_hd__a311oi_4)
     4    0.014732    0.303338    0.303047   10.035385 ^ _590_/Y (sky130_fd_sc_hd__a311oi_4)
                                                         _061_ (net)
                      0.303338    0.000095   10.035480 ^ max_cap30/A (sky130_fd_sc_hd__clkbuf_2)
     5    0.020904    0.121201    0.232032   10.267512 ^ max_cap30/X (sky130_fd_sc_hd__clkbuf_2)
                                                         net30 (net)
                      0.121201    0.000007   10.267520 ^ _619_/S (sky130_fd_sc_hd__mux2_2)
     5    0.018049    0.085651    0.399296   10.666816 v _619_/X (sky130_fd_sc_hd__mux2_2)
                                                         _090_ (net)
                      0.085651    0.000107   10.666923 v _623_/B1 (sky130_fd_sc_hd__o22a_1)
     2    0.004185    0.051449    0.195839   10.862761 v _623_/X (sky130_fd_sc_hd__o22a_1)
                                                         _094_ (net)
                      0.051449    0.000003   10.862764 v _624_/B (sky130_fd_sc_hd__or4bb_2)
     4    0.011077    0.129666    0.653144   11.515908 v _624_/X (sky130_fd_sc_hd__or4bb_2)
                                                         _095_ (net)
                      0.129666    0.000026   11.515934 v _628_/A1 (sky130_fd_sc_hd__a21oi_1)
     3    0.009927    0.244213    0.251680   11.767613 ^ _628_/Y (sky130_fd_sc_hd__a21oi_1)
                                                         _099_ (net)
                      0.244213    0.000033   11.767647 ^ fanout29/A (sky130_fd_sc_hd__buf_2)
    10    0.034387    0.171183    0.260342   12.027988 ^ fanout29/X (sky130_fd_sc_hd__buf_2)
                                                         net29 (net)
                      0.171183    0.000214   12.028203 ^ _717_/A2 (sky130_fd_sc_hd__a22o_1)
     1    0.002894    0.046741    0.162453   12.190656 ^ _717_/X (sky130_fd_sc_hd__a22o_1)
                                                         _187_ (net)
                      0.046741    0.000017   12.190673 ^ _718_/B (sky130_fd_sc_hd__or2_1)
     1    0.002057    0.034696    0.083283   12.273955 ^ _718_/X (sky130_fd_sc_hd__or2_1)
                                                         net22 (net)
                      0.034696    0.000004   12.273959 ^ output22/A (sky130_fd_sc_hd__buf_2)
     1    0.034420    0.170829    0.194835   12.468795 ^ output22/X (sky130_fd_sc_hd__buf_2)
                                                         op_out[1] (net)
                      0.170829    0.000215   12.469009 ^ op_out[1] (out)
                                             12.469009   data arrival time

                      0.000000   20.000000   20.000000   clock __VIRTUAL_CLK__ (rise edge)
                                  0.000000   20.000000   clock network delay (ideal)
                                 -0.250000   19.750002   clock uncertainty
                                  0.000000   19.750002   clock reconvergence pessimism
                                 -4.000000   15.750001   output external delay
                                             15.750001   data required time
---------------------------------------------------------------------------------------------
                                             15.750001   data required time
                                            -12.469009   data arrival time
---------------------------------------------------------------------------------------------
                                              3.280992   slack (MET)


Startpoint: op_b[4] (input port clocked by __VIRTUAL_CLK__)
Endpoint: op_out[2] (output port clocked by __VIRTUAL_CLK__)
Path Group: __VIRTUAL_CLK__
Path Type: max

Fanout         Cap        Slew       Delay        Time   Description
---------------------------------------------------------------------------------------------
                      0.000000    0.000000    0.000000   clock __VIRTUAL_CLK__ (rise edge)
                                  0.000000    0.000000   clock network delay (ideal)
                                  4.000000    4.000000 v input external delay
     1    0.002697    0.008393    0.004238    4.004239 v op_b[4] (in)
                                                         op_b[4] (net)
                      0.008393    0.000000    4.004239 v input17/A (sky130_fd_sc_hd__clkbuf_2)
     5    0.021379    0.086758    0.137344    4.141582 v input17/X (sky130_fd_sc_hd__clkbuf_2)
                                                         net17 (net)
                      0.086758    0.000419    4.142001 v fanout54/A (sky130_fd_sc_hd__buf_2)
    10    0.031589    0.083537    0.194268    4.336269 v fanout54/X (sky130_fd_sc_hd__buf_2)
                                                         net54 (net)
                      0.083537    0.000063    4.336332 v _469_/B (sky130_fd_sc_hd__or4_4)
     6    0.022142    0.115327    0.574295    4.910627 v _469_/X (sky130_fd_sc_hd__or4_4)
                                                         _306_ (net)
                      0.115327    0.000092    4.910719 v _472_/A3 (sky130_fd_sc_hd__o41ai_4)
     5    0.015692    0.369089    0.404115    5.314835 ^ _472_/Y (sky130_fd_sc_hd__o41ai_4)
                                                         _338_ (net)
                      0.369089    0.000090    5.314925 ^ _481_/A1 (sky130_fd_sc_hd__a211o_1)
     4    0.010486    0.101844    0.231055    5.545980 ^ _481_/X (sky130_fd_sc_hd__a211o_1)
                                                         _410_ (net)
                      0.101844    0.000044    5.546024 ^ _484_/A2 (sky130_fd_sc_hd__a21o_1)
     4    0.011246    0.107692    0.171917    5.717940 ^ _484_/X (sky130_fd_sc_hd__a21o_1)
                                                         _413_ (net)
                      0.107692    0.000011    5.717952 ^ _493_/A1 (sky130_fd_sc_hd__a211oi_1)
     3    0.007183    0.080596    0.104138    5.822089 v _493_/Y (sky130_fd_sc_hd__a211oi_1)
                                                         _422_ (net)
                      0.080596    0.000031    5.822120 v _503_/D (sky130_fd_sc_hd__or4_1)
     3    0.007372    0.116399    0.446276    6.268396 v _503_/X (sky130_fd_sc_hd__or4_1)
                                                         _432_ (net)
                      0.116399    0.000015    6.268410 v _507_/A3 (sky130_fd_sc_hd__a31o_1)
     2    0.005319    0.049785    0.252742    6.521152 v _507_/X (sky130_fd_sc_hd__a31o_1)
                                                         _436_ (net)
                      0.049785    0.000018    6.521171 v _509_/A2 (sky130_fd_sc_hd__a211o_1)
     3    0.013559    0.097464    0.344452    6.865623 v _509_/X (sky130_fd_sc_hd__a211o_1)
                                                         _438_ (net)
                      0.097464    0.000029    6.865652 v _515_/A1 (sky130_fd_sc_hd__a21oi_4)
     8    0.031799    0.255970    0.262517    7.128169 ^ _515_/Y (sky130_fd_sc_hd__a21oi_4)
                                                         _444_ (net)
                      0.255970    0.000141    7.128310 ^ _524_/S (sky130_fd_sc_hd__mux2_1)
     2    0.006113    0.071263    0.373073    7.501383 v _524_/X (sky130_fd_sc_hd__mux2_1)
                                                         _453_ (net)
                      0.071263    0.000032    7.501415 v _539_/A2 (sky130_fd_sc_hd__a221o_1)
     3    0.009490    0.087740    0.391564    7.892979 v _539_/X (sky130_fd_sc_hd__a221o_1)
                                                         _010_ (net)
                      0.087740    0.000010    7.892989 v _544_/A3 (sky130_fd_sc_hd__a311o_1)
     5    0.013467    0.102872    0.419607    8.312596 v _544_/X (sky130_fd_sc_hd__a311o_1)
                                                         _015_ (net)
                      0.102872    0.000055    8.312652 v _571_/A1 (sky130_fd_sc_hd__a21o_1)
     4    0.009958    0.062264    0.206557    8.519209 v _571_/X (sky130_fd_sc_hd__a21o_1)
                                                         _042_ (net)
                      0.062264    0.000035    8.519243 v _574_/B (sky130_fd_sc_hd__and3_1)
     3    0.006617    0.054862    0.185350    8.704593 v _574_/X (sky130_fd_sc_hd__and3_1)
                                                         _045_ (net)
                      0.054862    0.000015    8.704608 v _585_/A (sky130_fd_sc_hd__or4_1)
     1    0.002083    0.078062    0.504051    9.208659 v _585_/X (sky130_fd_sc_hd__or4_1)
                                                         _056_ (net)
                      0.078062    0.000007    9.208666 v _586_/C (sky130_fd_sc_hd__or4b_1)
     1    0.008574    0.122574    0.523655    9.732321 v _586_/X (sky130_fd_sc_hd__or4b_1)
                                                         _057_ (net)
                      0.122574    0.000017    9.732338 v _590_/A1 (sky130_fd_sc_hd__a311oi_4)
     4    0.014732    0.303338    0.303047   10.035385 ^ _590_/Y (sky130_fd_sc_hd__a311oi_4)
                                                         _061_ (net)
                      0.303338    0.000095   10.035480 ^ max_cap30/A (sky130_fd_sc_hd__clkbuf_2)
     5    0.020904    0.121201    0.232032   10.267512 ^ max_cap30/X (sky130_fd_sc_hd__clkbuf_2)
                                                         net30 (net)
                      0.121201    0.000169   10.267681 ^ _740_/A2 (sky130_fd_sc_hd__a211o_1)
     1    0.003892    0.048627    0.140838   10.408519 ^ _740_/X (sky130_fd_sc_hd__a211o_1)
                                                         _212_ (net)
                      0.048627    0.000028   10.408547 ^ _741_/B1 (sky130_fd_sc_hd__a21o_1)
     1    0.002107    0.033791    0.072436   10.480984 ^ _741_/X (sky130_fd_sc_hd__a21o_1)
                                                         net23 (net)
                      0.033791    0.000004   10.480987 ^ output23/A (sky130_fd_sc_hd__buf_2)
     1    0.034371    0.170607    0.194333   10.675320 ^ output23/X (sky130_fd_sc_hd__buf_2)
                                                         op_out[2] (net)
                      0.170607    0.000209   10.675529 ^ op_out[2] (out)
                                             10.675529   data arrival time

                      0.000000   20.000000   20.000000   clock __VIRTUAL_CLK__ (rise edge)
                                  0.000000   20.000000   clock network delay (ideal)
                                 -0.250000   19.750002   clock uncertainty
                                  0.000000   19.750002   clock reconvergence pessimism
                                 -4.000000   15.750001   output external delay
                                             15.750001   data required time
---------------------------------------------------------------------------------------------
                                             15.750001   data required time
                                            -10.675529   data arrival time
---------------------------------------------------------------------------------------------
                                              5.074472   slack (MET)


Startpoint: op_b[4] (input port clocked by __VIRTUAL_CLK__)
Endpoint: op_out[3] (output port clocked by __VIRTUAL_CLK__)
Path Group: __VIRTUAL_CLK__
Path Type: max

Fanout         Cap        Slew       Delay        Time   Description
---------------------------------------------------------------------------------------------
                      0.000000    0.000000    0.000000   clock __VIRTUAL_CLK__ (rise edge)
                                  0.000000    0.000000   clock network delay (ideal)
                                  4.000000    4.000000 v input external delay
     1    0.002697    0.008393    0.004238    4.004239 v op_b[4] (in)
                                                         op_b[4] (net)
                      0.008393    0.000000    4.004239 v input17/A (sky130_fd_sc_hd__clkbuf_2)
     5    0.021379    0.086758    0.137344    4.141582 v input17/X (sky130_fd_sc_hd__clkbuf_2)
                                                         net17 (net)
                      0.086758    0.000419    4.142001 v fanout54/A (sky130_fd_sc_hd__buf_2)
    10    0.031589    0.083537    0.194268    4.336269 v fanout54/X (sky130_fd_sc_hd__buf_2)
                                                         net54 (net)
                      0.083537    0.000063    4.336332 v _469_/B (sky130_fd_sc_hd__or4_4)
     6    0.022142    0.115327    0.574295    4.910627 v _469_/X (sky130_fd_sc_hd__or4_4)
                                                         _306_ (net)
                      0.115327    0.000092    4.910719 v _472_/A3 (sky130_fd_sc_hd__o41ai_4)
     5    0.015692    0.369089    0.404115    5.314835 ^ _472_/Y (sky130_fd_sc_hd__o41ai_4)
                                                         _338_ (net)
                      0.369089    0.000090    5.314925 ^ _481_/A1 (sky130_fd_sc_hd__a211o_1)
     4    0.010486    0.101844    0.231055    5.545980 ^ _481_/X (sky130_fd_sc_hd__a211o_1)
                                                         _410_ (net)
                      0.101844    0.000044    5.546024 ^ _484_/A2 (sky130_fd_sc_hd__a21o_1)
     4    0.011246    0.107692    0.171917    5.717940 ^ _484_/X (sky130_fd_sc_hd__a21o_1)
                                                         _413_ (net)
                      0.107692    0.000011    5.717952 ^ _493_/A1 (sky130_fd_sc_hd__a211oi_1)
     3    0.007183    0.080596    0.104138    5.822089 v _493_/Y (sky130_fd_sc_hd__a211oi_1)
                                                         _422_ (net)
                      0.080596    0.000031    5.822120 v _503_/D (sky130_fd_sc_hd__or4_1)
     3    0.007372    0.116399    0.446276    6.268396 v _503_/X (sky130_fd_sc_hd__or4_1)
                                                         _432_ (net)
                      0.116399    0.000015    6.268410 v _507_/A3 (sky130_fd_sc_hd__a31o_1)
     2    0.005319    0.049785    0.252742    6.521152 v _507_/X (sky130_fd_sc_hd__a31o_1)
                                                         _436_ (net)
                      0.049785    0.000018    6.521171 v _509_/A2 (sky130_fd_sc_hd__a211o_1)
     3    0.013559    0.097464    0.344452    6.865623 v _509_/X (sky130_fd_sc_hd__a211o_1)
                                                         _438_ (net)
                      0.097464    0.000029    6.865652 v _515_/A1 (sky130_fd_sc_hd__a21oi_4)
     8    0.031799    0.255970    0.262517    7.128169 ^ _515_/Y (sky130_fd_sc_hd__a21oi_4)
                                                         _444_ (net)
                      0.255970    0.000141    7.128310 ^ _524_/S (sky130_fd_sc_hd__mux2_1)
     2    0.006113    0.071263    0.373073    7.501383 v _524_/X (sky130_fd_sc_hd__mux2_1)
                                                         _453_ (net)
                      0.071263    0.000032    7.501415 v _539_/A2 (sky130_fd_sc_hd__a221o_1)
     3    0.009490    0.087740    0.391564    7.892979 v _539_/X (sky130_fd_sc_hd__a221o_1)
                                                         _010_ (net)
                      0.087740    0.000009    7.892988 v _543_/A3 (sky130_fd_sc_hd__a311oi_2)
     4    0.009969    0.297840    0.351474    8.244462 ^ _543_/Y (sky130_fd_sc_hd__a311oi_2)
                                                         _014_ (net)
                      0.297840    0.000045    8.244508 ^ _548_/A (sky130_fd_sc_hd__nor2_1)
     2    0.012107    0.105537    0.146399    8.390907 v _548_/Y (sky130_fd_sc_hd__nor2_1)
                                                         _019_ (net)
                      0.105537    0.000150    8.391057 v _769_/A2 (sky130_fd_sc_hd__a211o_1)
     1    0.001975    0.043763    0.298820    8.689877 v _769_/X (sky130_fd_sc_hd__a211o_1)
                                                         _243_ (net)
                      0.043763    0.000007    8.689884 v _770_/A_N (sky130_fd_sc_hd__nand2b_1)
     1    0.001949    0.037353    0.128701    8.818584 v _770_/Y (sky130_fd_sc_hd__nand2b_1)
                                                         net24 (net)
                      0.037353    0.000004    8.818588 v output24/A (sky130_fd_sc_hd__buf_2)
     1    0.034420    0.089691    0.177446    8.996034 v output24/X (sky130_fd_sc_hd__buf_2)
                                                         op_out[3] (net)
                      0.089691    0.000215    8.996248 v op_out[3] (out)
                                              8.996248   data arrival time

                      0.000000   20.000000   20.000000   clock __VIRTUAL_CLK__ (rise edge)
                                  0.000000   20.000000   clock network delay (ideal)
                                 -0.250000   19.750002   clock uncertainty
                                  0.000000   19.750002   clock reconvergence pessimism
                                 -4.000000   15.750001   output external delay
                                             15.750001   data required time
---------------------------------------------------------------------------------------------
                                             15.750001   data required time
                                             -8.996248   data arrival time
---------------------------------------------------------------------------------------------
                                              6.753752   slack (MET)


Startpoint: op_b[0] (input port clocked by __VIRTUAL_CLK__)
Endpoint: op_out[5] (output port clocked by __VIRTUAL_CLK__)
Path Group: __VIRTUAL_CLK__
Path Type: max

Fanout         Cap        Slew       Delay        Time   Description
---------------------------------------------------------------------------------------------
                      0.000000    0.000000    0.000000   clock __VIRTUAL_CLK__ (rise edge)
                                  0.000000    0.000000   clock network delay (ideal)
                                  4.000000    4.000000 ^ input external delay
     1    0.002937    0.020321    0.010772    4.010772 ^ op_b[0] (in)
                                                         op_b[0] (net)
                      0.020321    0.000000    4.010772 ^ input13/A (sky130_fd_sc_hd__clkbuf_2)
     4    0.017779    0.102997    0.138582    4.149355 ^ input13/X (sky130_fd_sc_hd__clkbuf_2)
                                                         net13 (net)
                      0.102997    0.000094    4.149448 ^ fanout66/A (sky130_fd_sc_hd__buf_2)
    10    0.034533    0.171755    0.220199    4.369648 ^ fanout66/X (sky130_fd_sc_hd__buf_2)
                                                         net66 (net)
                      0.171755    0.000015    4.369663 ^ fanout65/A (sky130_fd_sc_hd__buf_2)
    10    0.031551    0.157955    0.231257    4.600920 ^ fanout65/X (sky130_fd_sc_hd__buf_2)
                                                         net65 (net)
                      0.157955    0.000361    4.601281 ^ _458_/A (sky130_fd_sc_hd__inv_2)
     4    0.010902    0.051708    0.068349    4.669630 v _458_/Y (sky130_fd_sc_hd__inv_2)
                                                         _188_ (net)
                      0.051708    0.000014    4.669644 v fanout35/A (sky130_fd_sc_hd__clkbuf_4)
    10    0.033128    0.077370    0.184127    4.853771 v fanout35/X (sky130_fd_sc_hd__clkbuf_4)
                                                         net35 (net)
                      0.077370    0.000031    4.853802 v _536_/A (sky130_fd_sc_hd__nor2_1)
     4    0.011986    0.227561    0.221605    5.075407 ^ _536_/Y (sky130_fd_sc_hd__nor2_1)
                                                         _007_ (net)
                      0.227561    0.000111    5.075518 ^ _780_/C (sky130_fd_sc_hd__and3_1)
     2    0.010227    0.117782    0.240067    5.315585 ^ _780_/X (sky130_fd_sc_hd__and3_1)
                                                         _254_ (net)
                      0.117782    0.000031    5.315616 ^ _781_/B1 (sky130_fd_sc_hd__a21oi_2)
     2    0.010913    0.060314    0.063444    5.379060 v _781_/Y (sky130_fd_sc_hd__a21oi_2)
                                                         _255_ (net)
                      0.060314    0.000008    5.379068 v _805_/A3 (sky130_fd_sc_hd__a31oi_2)
     2    0.007613    0.174549    0.213598    5.592666 ^ _805_/Y (sky130_fd_sc_hd__a31oi_2)
                                                         _280_ (net)
                      0.174549    0.000032    5.592698 ^ _813_/A (sky130_fd_sc_hd__xnor2_1)
     2    0.005224    0.167587    0.154701    5.747399 ^ _813_/Y (sky130_fd_sc_hd__xnor2_1)
                                                         _289_ (net)
                      0.167587    0.000026    5.747425 ^ _814_/B (sky130_fd_sc_hd__or2_1)
     1    0.002441    0.039491    0.119815    5.867240 ^ _814_/X (sky130_fd_sc_hd__or2_1)
                                                         _290_ (net)
                      0.039491    0.000000    5.867241 ^ _816_/A (sky130_fd_sc_hd__nand2_1)
     2    0.005540    0.050265    0.056594    5.923835 v _816_/Y (sky130_fd_sc_hd__nand2_1)
                                                         _292_ (net)
                      0.050265    0.000048    5.923883 v _817_/C (sky130_fd_sc_hd__and3_1)
     1    0.003059    0.039181    0.177259    6.101142 v _817_/X (sky130_fd_sc_hd__and3_1)
                                                         _293_ (net)
                      0.039181    0.000010    6.101152 v _819_/A (sky130_fd_sc_hd__nor2_1)
     2    0.007581    0.158442    0.153214    6.254366 ^ _819_/Y (sky130_fd_sc_hd__nor2_1)
                                                         _296_ (net)
                      0.158442    0.000006    6.254372 ^ _820_/B (sky130_fd_sc_hd__xnor2_1)
     2    0.004926    0.161555    0.150417    6.404790 ^ _820_/Y (sky130_fd_sc_hd__xnor2_1)
                                                         _297_ (net)
                      0.161555    0.000026    6.404816 ^ _821_/B (sky130_fd_sc_hd__or2_1)
     3    0.012889    0.131380    0.186425    6.591240 ^ _821_/X (sky130_fd_sc_hd__or2_1)
                                                         _298_ (net)
                      0.131380    0.000005    6.591245 ^ _824_/A (sky130_fd_sc_hd__nand2_1)
     3    0.007518    0.073280    0.096246    6.687491 v _824_/Y (sky130_fd_sc_hd__nand2_1)
                                                         _301_ (net)
                      0.073280    0.000016    6.687507 v _827_/A2 (sky130_fd_sc_hd__o21a_1)
     1    0.002430    0.034181    0.170789    6.858295 v _827_/X (sky130_fd_sc_hd__o21a_1)
                                                         _304_ (net)
                      0.034181    0.000004    6.858299 v _840_/B2 (sky130_fd_sc_hd__a221o_1)
     1    0.003776    0.057236    0.315562    7.173861 v _840_/X (sky130_fd_sc_hd__a221o_1)
                                                         _319_ (net)
                      0.057236    0.000025    7.173887 v _842_/B (sky130_fd_sc_hd__or3_1)
     1    0.003594    0.070442    0.349805    7.523691 v _842_/X (sky130_fd_sc_hd__or3_1)
                                                         net26 (net)
                      0.070442    0.000035    7.523726 v output26/A (sky130_fd_sc_hd__buf_2)
     1    0.034420    0.089596    0.192118    7.715844 v output26/X (sky130_fd_sc_hd__buf_2)
                                                         op_out[5] (net)
                      0.089596    0.000215    7.716059 v op_out[5] (out)
                                              7.716059   data arrival time

                      0.000000   20.000000   20.000000   clock __VIRTUAL_CLK__ (rise edge)
                                  0.000000   20.000000   clock network delay (ideal)
                                 -0.250000   19.750002   clock uncertainty
                                  0.000000   19.750002   clock reconvergence pessimism
                                 -4.000000   15.750001   output external delay
                                             15.750001   data required time
---------------------------------------------------------------------------------------------
                                             15.750001   data required time
                                             -7.716059   data arrival time
---------------------------------------------------------------------------------------------
                                              8.033941   slack (MET)


Startpoint: op_b[0] (input port clocked by __VIRTUAL_CLK__)
Endpoint: op_out[7] (output port clocked by __VIRTUAL_CLK__)
Path Group: __VIRTUAL_CLK__
Path Type: max

Fanout         Cap        Slew       Delay        Time   Description
---------------------------------------------------------------------------------------------
                      0.000000    0.000000    0.000000   clock __VIRTUAL_CLK__ (rise edge)
                                  0.000000    0.000000   clock network delay (ideal)
                                  4.000000    4.000000 ^ input external delay
     1    0.002937    0.020321    0.010772    4.010772 ^ op_b[0] (in)
                                                         op_b[0] (net)
                      0.020321    0.000000    4.010772 ^ input13/A (sky130_fd_sc_hd__clkbuf_2)
     4    0.017779    0.102997    0.138582    4.149355 ^ input13/X (sky130_fd_sc_hd__clkbuf_2)
                                                         net13 (net)
                      0.102997    0.000094    4.149448 ^ fanout66/A (sky130_fd_sc_hd__buf_2)
    10    0.034533    0.171755    0.220199    4.369648 ^ fanout66/X (sky130_fd_sc_hd__buf_2)
                                                         net66 (net)
                      0.171755    0.000015    4.369663 ^ fanout65/A (sky130_fd_sc_hd__buf_2)
    10    0.031551    0.157955    0.231257    4.600920 ^ fanout65/X (sky130_fd_sc_hd__buf_2)
                                                         net65 (net)
                      0.157955    0.000361    4.601281 ^ _458_/A (sky130_fd_sc_hd__inv_2)
     4    0.010902    0.051708    0.068349    4.669630 v _458_/Y (sky130_fd_sc_hd__inv_2)
                                                         _188_ (net)
                      0.051708    0.000014    4.669644 v fanout35/A (sky130_fd_sc_hd__clkbuf_4)
    10    0.033128    0.077370    0.184127    4.853771 v fanout35/X (sky130_fd_sc_hd__clkbuf_4)
                                                         net35 (net)
                      0.077370    0.000031    4.853802 v _536_/A (sky130_fd_sc_hd__nor2_1)
     4    0.011986    0.227561    0.221605    5.075407 ^ _536_/Y (sky130_fd_sc_hd__nor2_1)
                                                         _007_ (net)
                      0.227561    0.000111    5.075518 ^ _780_/C (sky130_fd_sc_hd__and3_1)
     2    0.010227    0.117782    0.240067    5.315585 ^ _780_/X (sky130_fd_sc_hd__and3_1)
                                                         _254_ (net)
                      0.117782    0.000031    5.315616 ^ _781_/B1 (sky130_fd_sc_hd__a21oi_2)
     2    0.010913    0.060314    0.063444    5.379060 v _781_/Y (sky130_fd_sc_hd__a21oi_2)
                                                         _255_ (net)
                      0.060314    0.000008    5.379068 v _805_/A3 (sky130_fd_sc_hd__a31oi_2)
     2    0.007613    0.174549    0.213598    5.592666 ^ _805_/Y (sky130_fd_sc_hd__a31oi_2)
                                                         _280_ (net)
                      0.174549    0.000032    5.592698 ^ _813_/A (sky130_fd_sc_hd__xnor2_1)
     2    0.005224    0.167587    0.154701    5.747399 ^ _813_/Y (sky130_fd_sc_hd__xnor2_1)
                                                         _289_ (net)
                      0.167587    0.000026    5.747425 ^ _814_/B (sky130_fd_sc_hd__or2_1)
     1    0.002441    0.039491    0.119815    5.867240 ^ _814_/X (sky130_fd_sc_hd__or2_1)
                                                         _290_ (net)
                      0.039491    0.000000    5.867241 ^ _816_/A (sky130_fd_sc_hd__nand2_1)
     2    0.005540    0.050265    0.056594    5.923835 v _816_/Y (sky130_fd_sc_hd__nand2_1)
                                                         _292_ (net)
                      0.050265    0.000048    5.923883 v _817_/C (sky130_fd_sc_hd__and3_1)
     1    0.003059    0.039181    0.177259    6.101142 v _817_/X (sky130_fd_sc_hd__and3_1)
                                                         _293_ (net)
                      0.039181    0.000010    6.101152 v _819_/A (sky130_fd_sc_hd__nor2_1)
     2    0.007581    0.158442    0.153214    6.254366 ^ _819_/Y (sky130_fd_sc_hd__nor2_1)
                                                         _296_ (net)
                      0.158442    0.000006    6.254372 ^ _820_/B (sky130_fd_sc_hd__xnor2_1)
     2    0.004926    0.161555    0.150417    6.404790 ^ _820_/Y (sky130_fd_sc_hd__xnor2_1)
                                                         _297_ (net)
                      0.161555    0.000026    6.404816 ^ _821_/B (sky130_fd_sc_hd__or2_1)
     3    0.012889    0.131380    0.186425    6.591240 ^ _821_/X (sky130_fd_sc_hd__or2_1)
                                                         _298_ (net)
                      0.131380    0.000005    6.591245 ^ _824_/A (sky130_fd_sc_hd__nand2_1)
     3    0.007518    0.073280    0.096246    6.687491 v _824_/Y (sky130_fd_sc_hd__nand2_1)
                                                         _301_ (net)
                      0.073280    0.000003    6.687494 v _826_/B (sky130_fd_sc_hd__nor2_1)
     3    0.008015    0.165575    0.156396    6.843890 ^ _826_/Y (sky130_fd_sc_hd__nor2_1)
                                                         _303_ (net)
                      0.165575    0.000028    6.843918 ^ _892_/A2 (sky130_fd_sc_hd__o21ai_1)
     2    0.004467    0.083782    0.088930    6.932848 v _892_/Y (sky130_fd_sc_hd__o21ai_1)
                                                         _374_ (net)
                      0.083782    0.000012    6.932859 v _917_/A (sky130_fd_sc_hd__or2_1)
     1    0.002865    0.049583    0.234811    7.167671 v _917_/X (sky130_fd_sc_hd__or2_1)
                                                         _401_ (net)
                      0.049583    0.000008    7.167679 v _923_/A2 (sky130_fd_sc_hd__a311o_1)
     1    0.002298    0.051212    0.299642    7.467321 v _923_/X (sky130_fd_sc_hd__a311o_1)
                                                         net28 (net)
                      0.051212    0.000007    7.467328 v output28/A (sky130_fd_sc_hd__buf_2)
     1    0.034001    0.088632    0.182740    7.650068 v output28/X (sky130_fd_sc_hd__buf_2)
                                                         op_out[7] (net)
                      0.088632    0.000084    7.650153 v op_out[7] (out)
                                              7.650153   data arrival time

                      0.000000   20.000000   20.000000   clock __VIRTUAL_CLK__ (rise edge)
                                  0.000000   20.000000   clock network delay (ideal)
                                 -0.250000   19.750002   clock uncertainty
                                  0.000000   19.750002   clock reconvergence pessimism
                                 -4.000000   15.750001   output external delay
                                             15.750001   data required time
---------------------------------------------------------------------------------------------
                                             15.750001   data required time
                                             -7.650153   data arrival time
---------------------------------------------------------------------------------------------
                                              8.099848   slack (MET)


Startpoint: op_b[4] (input port clocked by __VIRTUAL_CLK__)
Endpoint: op_out[4] (output port clocked by __VIRTUAL_CLK__)
Path Group: __VIRTUAL_CLK__
Path Type: max

Fanout         Cap        Slew       Delay        Time   Description
---------------------------------------------------------------------------------------------
                      0.000000    0.000000    0.000000   clock __VIRTUAL_CLK__ (rise edge)
                                  0.000000    0.000000   clock network delay (ideal)
                                  4.000000    4.000000 v input external delay
     1    0.002697    0.008393    0.004238    4.004239 v op_b[4] (in)
                                                         op_b[4] (net)
                      0.008393    0.000000    4.004239 v input17/A (sky130_fd_sc_hd__clkbuf_2)
     5    0.021379    0.086758    0.137344    4.141582 v input17/X (sky130_fd_sc_hd__clkbuf_2)
                                                         net17 (net)
                      0.086758    0.000419    4.142001 v fanout54/A (sky130_fd_sc_hd__buf_2)
    10    0.031589    0.083537    0.194268    4.336269 v fanout54/X (sky130_fd_sc_hd__buf_2)
                                                         net54 (net)
                      0.083537    0.000063    4.336332 v _469_/B (sky130_fd_sc_hd__or4_4)
     6    0.022142    0.115327    0.574295    4.910627 v _469_/X (sky130_fd_sc_hd__or4_4)
                                                         _306_ (net)
                      0.115327    0.000092    4.910719 v _472_/A3 (sky130_fd_sc_hd__o41ai_4)
     5    0.015692    0.369089    0.404115    5.314835 ^ _472_/Y (sky130_fd_sc_hd__o41ai_4)
                                                         _338_ (net)
                      0.369089    0.000090    5.314925 ^ _481_/A1 (sky130_fd_sc_hd__a211o_1)
     4    0.010486    0.101844    0.231055    5.545980 ^ _481_/X (sky130_fd_sc_hd__a211o_1)
                                                         _410_ (net)
                      0.101844    0.000044    5.546024 ^ _484_/A2 (sky130_fd_sc_hd__a21o_1)
     4    0.011246    0.107692    0.171917    5.717940 ^ _484_/X (sky130_fd_sc_hd__a21o_1)
                                                         _413_ (net)
                      0.107692    0.000011    5.717952 ^ _493_/A1 (sky130_fd_sc_hd__a211oi_1)
     3    0.007183    0.080596    0.104138    5.822089 v _493_/Y (sky130_fd_sc_hd__a211oi_1)
                                                         _422_ (net)
                      0.080596    0.000031    5.822120 v _503_/D (sky130_fd_sc_hd__or4_1)
     3    0.007372    0.116399    0.446276    6.268396 v _503_/X (sky130_fd_sc_hd__or4_1)
                                                         _432_ (net)
                      0.116399    0.000015    6.268410 v _507_/A3 (sky130_fd_sc_hd__a31o_1)
     2    0.005319    0.049785    0.252742    6.521152 v _507_/X (sky130_fd_sc_hd__a31o_1)
                                                         _436_ (net)
                      0.049785    0.000018    6.521171 v _509_/A2 (sky130_fd_sc_hd__a211o_1)
     3    0.013559    0.097464    0.344452    6.865623 v _509_/X (sky130_fd_sc_hd__a211o_1)
                                                         _438_ (net)
                      0.097464    0.000029    6.865652 v _515_/A1 (sky130_fd_sc_hd__a21oi_4)
     8    0.031799    0.255970    0.262517    7.128169 ^ _515_/Y (sky130_fd_sc_hd__a21oi_4)
                                                         _444_ (net)
                      0.255970    0.000103    7.128272 ^ _797_/A2 (sky130_fd_sc_hd__a211oi_1)
     1    0.003332    0.076461    0.119484    7.247756 v _797_/Y (sky130_fd_sc_hd__a211oi_1)
                                                         _272_ (net)
                      0.076461    0.000017    7.247773 v _798_/B1 (sky130_fd_sc_hd__o31ai_1)
     1    0.003405    0.208847    0.078446    7.326220 ^ _798_/Y (sky130_fd_sc_hd__o31ai_1)
                                                         net25 (net)
                      0.208847    0.000026    7.326246 ^ output25/A (sky130_fd_sc_hd__buf_2)
     1    0.034420    0.171319    0.250809    7.577055 ^ output25/X (sky130_fd_sc_hd__buf_2)
                                                         op_out[4] (net)
                      0.171319    0.000215    7.577270 ^ op_out[4] (out)
                                              7.577270   data arrival time

                      0.000000   20.000000   20.000000   clock __VIRTUAL_CLK__ (rise edge)
                                  0.000000   20.000000   clock network delay (ideal)
                                 -0.250000   19.750002   clock uncertainty
                                  0.000000   19.750002   clock reconvergence pessimism
                                 -4.000000   15.750001   output external delay
                                             15.750001   data required time
---------------------------------------------------------------------------------------------
                                             15.750001   data required time
                                             -7.577270   data arrival time
---------------------------------------------------------------------------------------------
                                              8.172731   slack (MET)


Startpoint: op_b[0] (input port clocked by __VIRTUAL_CLK__)
Endpoint: op_out[6] (output port clocked by __VIRTUAL_CLK__)
Path Group: __VIRTUAL_CLK__
Path Type: max

Fanout         Cap        Slew       Delay        Time   Description
---------------------------------------------------------------------------------------------
                      0.000000    0.000000    0.000000   clock __VIRTUAL_CLK__ (rise edge)
                                  0.000000    0.000000   clock network delay (ideal)
                                  4.000000    4.000000 ^ input external delay
     1    0.002937    0.020321    0.010772    4.010772 ^ op_b[0] (in)
                                                         op_b[0] (net)
                      0.020321    0.000000    4.010772 ^ input13/A (sky130_fd_sc_hd__clkbuf_2)
     4    0.017779    0.102997    0.138582    4.149355 ^ input13/X (sky130_fd_sc_hd__clkbuf_2)
                                                         net13 (net)
                      0.102997    0.000094    4.149448 ^ fanout66/A (sky130_fd_sc_hd__buf_2)
    10    0.034533    0.171755    0.220199    4.369648 ^ fanout66/X (sky130_fd_sc_hd__buf_2)
                                                         net66 (net)
                      0.171755    0.000015    4.369663 ^ fanout65/A (sky130_fd_sc_hd__buf_2)
    10    0.031551    0.157955    0.231257    4.600920 ^ fanout65/X (sky130_fd_sc_hd__buf_2)
                                                         net65 (net)
                      0.157955    0.000361    4.601281 ^ _458_/A (sky130_fd_sc_hd__inv_2)
     4    0.010902    0.051708    0.068349    4.669630 v _458_/Y (sky130_fd_sc_hd__inv_2)
                                                         _188_ (net)
                      0.051708    0.000014    4.669644 v fanout35/A (sky130_fd_sc_hd__clkbuf_4)
    10    0.033128    0.077370    0.184127    4.853771 v fanout35/X (sky130_fd_sc_hd__clkbuf_4)
                                                         net35 (net)
                      0.077370    0.000031    4.853802 v _536_/A (sky130_fd_sc_hd__nor2_1)
     4    0.011986    0.227561    0.221605    5.075407 ^ _536_/Y (sky130_fd_sc_hd__nor2_1)
                                                         _007_ (net)
                      0.227561    0.000111    5.075518 ^ _780_/C (sky130_fd_sc_hd__and3_1)
     2    0.010227    0.117782    0.240067    5.315585 ^ _780_/X (sky130_fd_sc_hd__and3_1)
                                                         _254_ (net)
                      0.117782    0.000031    5.315616 ^ _781_/B1 (sky130_fd_sc_hd__a21oi_2)
     2    0.010913    0.060314    0.063444    5.379060 v _781_/Y (sky130_fd_sc_hd__a21oi_2)
                                                         _255_ (net)
                      0.060314    0.000008    5.379068 v _805_/A3 (sky130_fd_sc_hd__a31oi_2)
     2    0.007613    0.174549    0.213598    5.592666 ^ _805_/Y (sky130_fd_sc_hd__a31oi_2)
                                                         _280_ (net)
                      0.174549    0.000032    5.592698 ^ _813_/A (sky130_fd_sc_hd__xnor2_1)
     2    0.005224    0.167587    0.154701    5.747399 ^ _813_/Y (sky130_fd_sc_hd__xnor2_1)
                                                         _289_ (net)
                      0.167587    0.000026    5.747425 ^ _814_/B (sky130_fd_sc_hd__or2_1)
     1    0.002441    0.039491    0.119815    5.867240 ^ _814_/X (sky130_fd_sc_hd__or2_1)
                                                         _290_ (net)
                      0.039491    0.000000    5.867241 ^ _816_/A (sky130_fd_sc_hd__nand2_1)
     2    0.005540    0.050265    0.056594    5.923835 v _816_/Y (sky130_fd_sc_hd__nand2_1)
                                                         _292_ (net)
                      0.050265    0.000048    5.923883 v _817_/C (sky130_fd_sc_hd__and3_1)
     1    0.003059    0.039181    0.177259    6.101142 v _817_/X (sky130_fd_sc_hd__and3_1)
                                                         _293_ (net)
                      0.039181    0.000010    6.101152 v _819_/A (sky130_fd_sc_hd__nor2_1)
     2    0.007581    0.158442    0.153214    6.254366 ^ _819_/Y (sky130_fd_sc_hd__nor2_1)
                                                         _296_ (net)
                      0.158442    0.000006    6.254372 ^ _820_/B (sky130_fd_sc_hd__xnor2_1)
     2    0.004543    0.057073    0.093807    6.348179 v _820_/Y (sky130_fd_sc_hd__xnor2_1)
                                                         _297_ (net)
                      0.057073    0.000024    6.348203 v _821_/B (sky130_fd_sc_hd__or2_1)
     3    0.012064    0.091351    0.256585    6.604788 v _821_/X (sky130_fd_sc_hd__or2_1)
                                                         _298_ (net)
                      0.091351    0.000005    6.604793 v _824_/A (sky130_fd_sc_hd__nand2_1)
     3    0.008321    0.092361    0.108944    6.713737 ^ _824_/Y (sky130_fd_sc_hd__nand2_1)
                                                         _301_ (net)
                      0.092361    0.000003    6.713740 ^ _826_/B (sky130_fd_sc_hd__nor2_1)
     3    0.007434    0.052144    0.067529    6.781269 v _826_/Y (sky130_fd_sc_hd__nor2_1)
                                                         _303_ (net)
                      0.052144    0.000033    6.781301 v _878_/A (sky130_fd_sc_hd__or2_1)
     1    0.002722    0.048651    0.221964    7.003265 v _878_/X (sky130_fd_sc_hd__or2_1)
                                                         _359_ (net)
                      0.048651    0.000008    7.003273 v _885_/A2 (sky130_fd_sc_hd__a31o_1)
     1    0.002221    0.035178    0.195555    7.198828 v _885_/X (sky130_fd_sc_hd__a31o_1)
                                                         net27 (net)
                      0.035178    0.000007    7.198834 v output27/A (sky130_fd_sc_hd__buf_2)
     1    0.034210    0.089218    0.176183    7.375018 v output27/X (sky130_fd_sc_hd__buf_2)
                                                         op_out[6] (net)
                      0.089218    0.000133    7.375151 v op_out[6] (out)
                                              7.375151   data arrival time

                      0.000000   20.000000   20.000000   clock __VIRTUAL_CLK__ (rise edge)
                                  0.000000   20.000000   clock network delay (ideal)
                                 -0.250000   19.750002   clock uncertainty
                                  0.000000   19.750002   clock reconvergence pessimism
                                 -4.000000   15.750001   output external delay
                                             15.750001   data required time
---------------------------------------------------------------------------------------------
                                             15.750001   data required time
                                             -7.375151   data arrival time
---------------------------------------------------------------------------------------------
                                              8.374850   slack (MET)



