
===========================================================================
report_checks -path_delay max (Setup)
============================================================================
======================= nom_tt_025C_1v80 Corner ===================================

Startpoint: op_b[0] (input port clocked by __VIRTUAL_CLK__)
Endpoint: op_out[0] (output port clocked by __VIRTUAL_CLK__)
Path Group: __VIRTUAL_CLK__
Path Type: max

Fanout         Cap        Slew       Delay        Time   Description
---------------------------------------------------------------------------------------------
                      0.000000    0.000000    0.000000   clock __VIRTUAL_CLK__ (rise edge)
                                  0.000000    0.000000   clock network delay (ideal)
                                  2.000000    2.000000 ^ input external delay
     1    0.003167    0.021318    0.011608    2.011608 ^ op_b[0] (in)
                                                         op_b[0] (net)
                      0.021318    0.000000    2.011608 ^ input13/A (sky130_fd_sc_hd__clkbuf_2)
     4    0.027370    0.152971    0.172391    2.183999 ^ input13/X (sky130_fd_sc_hd__clkbuf_2)
                                                         net13 (net)
                      0.152983    0.001113    2.185112 ^ fanout66/A (sky130_fd_sc_hd__buf_4)
    10    0.040862    0.120072    0.204530    2.389642 ^ fanout66/X (sky130_fd_sc_hd__buf_4)
                                                         net66 (net)
                      0.120084    0.001261    2.390902 ^ fanout65/A (sky130_fd_sc_hd__clkbuf_4)
    10    0.035255    0.115371    0.214616    2.605519 ^ fanout65/X (sky130_fd_sc_hd__clkbuf_4)
                                                         net65 (net)
                      0.115371    0.000427    2.605945 ^ _458_/A (sky130_fd_sc_hd__inv_2)
     4    0.014545    0.048964    0.069672    2.675617 v _458_/Y (sky130_fd_sc_hd__inv_2)
                                                         _188_ (net)
                      0.048965    0.000316    2.675933 v fanout34/A (sky130_fd_sc_hd__clkbuf_4)
    10    0.046615    0.102068    0.202625    2.878558 v fanout34/X (sky130_fd_sc_hd__clkbuf_4)
                                                         net34 (net)
                      0.102115    0.002012    2.880570 v _472_/A1 (sky130_fd_sc_hd__o41ai_4)
     5    0.017282    0.377330    0.474092    3.354661 ^ _472_/Y (sky130_fd_sc_hd__o41ai_4)
                                                         _338_ (net)
                      0.377330    0.000383    3.355044 ^ _481_/A2 (sky130_fd_sc_hd__a211o_1)
     4    0.011140    0.107254    0.235196    3.590240 ^ _481_/X (sky130_fd_sc_hd__a211o_1)
                                                         _410_ (net)
                      0.107254    0.000315    3.590555 ^ _484_/A1 (sky130_fd_sc_hd__a21o_1)
     4    0.014142    0.129230    0.187081    3.777636 ^ _484_/X (sky130_fd_sc_hd__a21o_1)
                                                         _413_ (net)
                      0.129230    0.000342    3.777978 ^ _493_/A1 (sky130_fd_sc_hd__a211oi_2)
     3    0.011198    0.079685    0.107189    3.885168 v _493_/Y (sky130_fd_sc_hd__a211oi_2)
                                                         _422_ (net)
                      0.079685    0.000393    3.885561 v _503_/D (sky130_fd_sc_hd__or4_4)
     3    0.008205    0.090894    0.433868    4.319428 v _503_/X (sky130_fd_sc_hd__or4_4)
                                                         _432_ (net)
                      0.090894    0.000164    4.319592 v _507_/A1 (sky130_fd_sc_hd__a31o_1)
     2    0.008985    0.063513    0.218653    4.538246 v _507_/X (sky130_fd_sc_hd__a31o_1)
                                                         _436_ (net)
                      0.063514    0.000267    4.538513 v _509_/A2 (sky130_fd_sc_hd__a211o_4)
     3    0.015454    0.067138    0.360673    4.899186 v _509_/X (sky130_fd_sc_hd__a211o_4)
                                                         _438_ (net)
                      0.067138    0.000290    4.899476 v _515_/A2 (sky130_fd_sc_hd__a21oi_4)
     8    0.039939    0.306725    0.306149    5.205625 ^ _515_/Y (sky130_fd_sc_hd__a21oi_4)
                                                         _444_ (net)
                      0.306729    0.000885    5.206510 ^ _524_/S (sky130_fd_sc_hd__mux2_4)
     2    0.009082    0.058321    0.346923    5.553432 v _524_/X (sky130_fd_sc_hd__mux2_4)
                                                         _453_ (net)
                      0.058321    0.000243    5.553676 v _539_/A1 (sky130_fd_sc_hd__a221o_1)
     3    0.010111    0.087307    0.357904    5.911580 v _539_/X (sky130_fd_sc_hd__a221o_1)
                                                         _010_ (net)
                      0.087307    0.000234    5.911814 v _543_/A3 (sky130_fd_sc_hd__a311oi_2)
     4    0.014634    0.360229    0.407464    6.319278 ^ _543_/Y (sky130_fd_sc_hd__a311oi_2)
                                                         _014_ (net)
                      0.360229    0.000260    6.319539 ^ _572_/A (sky130_fd_sc_hd__or3_4)
     4    0.011800    0.052800    0.215746    6.535285 ^ _572_/X (sky130_fd_sc_hd__or3_4)
                                                         _043_ (net)
                      0.052800    0.000259    6.535543 ^ _574_/B (sky130_fd_sc_hd__and3_1)
     3    0.008209    0.096941    0.183369    6.718912 ^ _574_/X (sky130_fd_sc_hd__and3_1)
                                                         _045_ (net)
                      0.096941    0.000235    6.719148 ^ rebuffer9/A (sky130_fd_sc_hd__dlygate4sd3_1)
     1    0.003133    0.055838    0.553225    7.272372 ^ rebuffer9/X (sky130_fd_sc_hd__dlygate4sd3_1)
                                                         net78 (net)
                      0.055838    0.000091    7.272463 ^ _587_/B1 (sky130_fd_sc_hd__a21o_1)
     2    0.004988    0.056577    0.092250    7.364713 ^ _587_/X (sky130_fd_sc_hd__a21o_1)
                                                         _058_ (net)
                      0.056577    0.000139    7.364851 ^ _588_/C_N (sky130_fd_sc_hd__or3b_1)
     1    0.009477    0.101856    0.391615    7.756467 v _588_/X (sky130_fd_sc_hd__or3b_1)
                                                         _059_ (net)
                      0.101856    0.000312    7.756779 v _590_/A1 (sky130_fd_sc_hd__a311oi_4)
     2    0.010794    0.267217    0.266188    8.022966 ^ _590_/Y (sky130_fd_sc_hd__a311oi_4)
                                                         _061_ (net)
                      0.267217    0.000236    8.023203 ^ rebuffer6/A (sky130_fd_sc_hd__buf_6)
     3    0.019312    0.052201    0.161441    8.184644 ^ rebuffer6/X (sky130_fd_sc_hd__buf_6)
                                                         net75 (net)
                      0.052202    0.000328    8.184971 ^ _619_/S (sky130_fd_sc_hd__mux2_4)
     5    0.022463    0.076519    0.334441    8.519412 v _619_/X (sky130_fd_sc_hd__mux2_4)
                                                         _090_ (net)
                      0.076579    0.001171    8.520583 v _620_/B (sky130_fd_sc_hd__xnor2_1)
     2    0.009358    0.243336    0.237709    8.758292 ^ _620_/Y (sky130_fd_sc_hd__xnor2_1)
                                                         _091_ (net)
                      0.243336    0.000211    8.758504 ^ _622_/D (sky130_fd_sc_hd__nand4_1)
     1    0.004106    0.104448    0.137376    8.895880 v _622_/Y (sky130_fd_sc_hd__nand4_1)
                                                         _093_ (net)
                      0.104448    0.000102    8.895982 v _627_/A2 (sky130_fd_sc_hd__o31a_1)
     4    0.018845    0.116216    0.369782    9.265763 v _627_/X (sky130_fd_sc_hd__o31a_1)
                                                         _098_ (net)
                      0.116218    0.000582    9.266345 v _628_/A2 (sky130_fd_sc_hd__a21oi_4)
     3    0.015296    0.155292    0.212409    9.478754 ^ _628_/Y (sky130_fd_sc_hd__a21oi_4)
                                                         _099_ (net)
                      0.155292    0.000314    9.479068 ^ fanout29/A (sky130_fd_sc_hd__buf_6)
    10    0.044634    0.096417    0.171326    9.650393 ^ fanout29/X (sky130_fd_sc_hd__buf_6)
                                                         net29 (net)
                      0.096599    0.002943    9.653337 ^ _665_/S (sky130_fd_sc_hd__mux2_2)
     3    0.008242    0.062859    0.359895   10.013232 v _665_/X (sky130_fd_sc_hd__mux2_2)
                                                         _136_ (net)
                      0.062859    0.000173   10.013406 v _669_/A2 (sky130_fd_sc_hd__a21o_1)
     1    0.002893    0.033440    0.178392   10.191797 v _669_/X (sky130_fd_sc_hd__a21o_1)
                                                         _140_ (net)
                      0.033440    0.000060   10.191857 v _671_/A1 (sky130_fd_sc_hd__o211a_1)
     1    0.004185    0.044914    0.219602   10.411460 v _671_/X (sky130_fd_sc_hd__o211a_1)
                                                         _142_ (net)
                      0.044914    0.000171   10.411631 v _672_/B2 (sky130_fd_sc_hd__o221a_1)
     1    0.002490    0.043221    0.197563   10.609194 v _672_/X (sky130_fd_sc_hd__o221a_1)
                                                         _143_ (net)
                      0.043221    0.000047   10.609241 v _675_/A2 (sky130_fd_sc_hd__o21a_1)
     1    0.003020    0.036017    0.162832   10.772074 v _675_/X (sky130_fd_sc_hd__o21a_1)
                                                         _146_ (net)
                      0.036018    0.000089   10.772162 v _679_/A2 (sky130_fd_sc_hd__o21a_1)
     1    0.007734    0.058086    0.184441   10.956603 v _679_/X (sky130_fd_sc_hd__o21a_1)
                                                         _150_ (net)
                      0.058087    0.000305   10.956907 v _700_/B (sky130_fd_sc_hd__or3_4)
     1    0.007834    0.071369    0.374312   11.331220 v _700_/X (sky130_fd_sc_hd__or3_4)
                                                         net21 (net)
                      0.071369    0.000261   11.331481 v output21/A (sky130_fd_sc_hd__buf_8)
     1    0.035047    0.040381    0.145836   11.477317 v output21/X (sky130_fd_sc_hd__buf_8)
                                                         op_out[0] (net)
                      0.040405    0.000907   11.478224 v op_out[0] (out)
                                             11.478224   data arrival time

                      0.000000   10.000000   10.000000   clock __VIRTUAL_CLK__ (rise edge)
                                  0.000000   10.000000   clock network delay (ideal)
                                 -0.250000    9.750000   clock uncertainty
                                  0.000000    9.750000   clock reconvergence pessimism
                                 -2.000000    7.750000   output external delay
                                              7.750000   data required time
---------------------------------------------------------------------------------------------
                                              7.750000   data required time
                                            -11.478224   data arrival time
---------------------------------------------------------------------------------------------
                                             -3.728224   slack (VIOLATED)


Startpoint: op_b[0] (input port clocked by __VIRTUAL_CLK__)
Endpoint: op_out[1] (output port clocked by __VIRTUAL_CLK__)
Path Group: __VIRTUAL_CLK__
Path Type: max

Fanout         Cap        Slew       Delay        Time   Description
---------------------------------------------------------------------------------------------
                      0.000000    0.000000    0.000000   clock __VIRTUAL_CLK__ (rise edge)
                                  0.000000    0.000000   clock network delay (ideal)
                                  2.000000    2.000000 ^ input external delay
     1    0.003167    0.021318    0.011608    2.011608 ^ op_b[0] (in)
                                                         op_b[0] (net)
                      0.021318    0.000000    2.011608 ^ input13/A (sky130_fd_sc_hd__clkbuf_2)
     4    0.027370    0.152971    0.172391    2.183999 ^ input13/X (sky130_fd_sc_hd__clkbuf_2)
                                                         net13 (net)
                      0.152983    0.001113    2.185112 ^ fanout66/A (sky130_fd_sc_hd__buf_4)
    10    0.040862    0.120072    0.204530    2.389642 ^ fanout66/X (sky130_fd_sc_hd__buf_4)
                                                         net66 (net)
                      0.120084    0.001261    2.390902 ^ fanout65/A (sky130_fd_sc_hd__clkbuf_4)
    10    0.035255    0.115371    0.214616    2.605519 ^ fanout65/X (sky130_fd_sc_hd__clkbuf_4)
                                                         net65 (net)
                      0.115371    0.000427    2.605945 ^ _458_/A (sky130_fd_sc_hd__inv_2)
     4    0.014545    0.048964    0.069672    2.675617 v _458_/Y (sky130_fd_sc_hd__inv_2)
                                                         _188_ (net)
                      0.048965    0.000316    2.675933 v fanout34/A (sky130_fd_sc_hd__clkbuf_4)
    10    0.046615    0.102068    0.202625    2.878558 v fanout34/X (sky130_fd_sc_hd__clkbuf_4)
                                                         net34 (net)
                      0.102115    0.002012    2.880570 v _472_/A1 (sky130_fd_sc_hd__o41ai_4)
     5    0.017282    0.377330    0.474092    3.354661 ^ _472_/Y (sky130_fd_sc_hd__o41ai_4)
                                                         _338_ (net)
                      0.377330    0.000383    3.355044 ^ _481_/A2 (sky130_fd_sc_hd__a211o_1)
     4    0.011140    0.107254    0.235196    3.590240 ^ _481_/X (sky130_fd_sc_hd__a211o_1)
                                                         _410_ (net)
                      0.107254    0.000315    3.590555 ^ _484_/A1 (sky130_fd_sc_hd__a21o_1)
     4    0.014142    0.129230    0.187081    3.777636 ^ _484_/X (sky130_fd_sc_hd__a21o_1)
                                                         _413_ (net)
                      0.129230    0.000342    3.777978 ^ _493_/A1 (sky130_fd_sc_hd__a211oi_2)
     3    0.011198    0.079685    0.107189    3.885168 v _493_/Y (sky130_fd_sc_hd__a211oi_2)
                                                         _422_ (net)
                      0.079685    0.000393    3.885561 v _503_/D (sky130_fd_sc_hd__or4_4)
     3    0.008205    0.090894    0.433868    4.319428 v _503_/X (sky130_fd_sc_hd__or4_4)
                                                         _432_ (net)
                      0.090894    0.000164    4.319592 v _507_/A1 (sky130_fd_sc_hd__a31o_1)
     2    0.008985    0.063513    0.218653    4.538246 v _507_/X (sky130_fd_sc_hd__a31o_1)
                                                         _436_ (net)
                      0.063514    0.000267    4.538513 v _509_/A2 (sky130_fd_sc_hd__a211o_4)
     3    0.015454    0.067138    0.360673    4.899186 v _509_/X (sky130_fd_sc_hd__a211o_4)
                                                         _438_ (net)
                      0.067138    0.000290    4.899476 v _515_/A2 (sky130_fd_sc_hd__a21oi_4)
     8    0.039939    0.306725    0.306149    5.205625 ^ _515_/Y (sky130_fd_sc_hd__a21oi_4)
                                                         _444_ (net)
                      0.306729    0.000885    5.206510 ^ _524_/S (sky130_fd_sc_hd__mux2_4)
     2    0.009082    0.058321    0.346923    5.553432 v _524_/X (sky130_fd_sc_hd__mux2_4)
                                                         _453_ (net)
                      0.058321    0.000243    5.553676 v _539_/A1 (sky130_fd_sc_hd__a221o_1)
     3    0.010111    0.087307    0.357904    5.911580 v _539_/X (sky130_fd_sc_hd__a221o_1)
                                                         _010_ (net)
                      0.087307    0.000234    5.911814 v _543_/A3 (sky130_fd_sc_hd__a311oi_2)
     4    0.014634    0.360229    0.407464    6.319278 ^ _543_/Y (sky130_fd_sc_hd__a311oi_2)
                                                         _014_ (net)
                      0.360229    0.000260    6.319539 ^ _572_/A (sky130_fd_sc_hd__or3_4)
     4    0.011800    0.052800    0.215746    6.535285 ^ _572_/X (sky130_fd_sc_hd__or3_4)
                                                         _043_ (net)
                      0.052800    0.000259    6.535543 ^ _574_/B (sky130_fd_sc_hd__and3_1)
     3    0.008209    0.096941    0.183369    6.718912 ^ _574_/X (sky130_fd_sc_hd__and3_1)
                                                         _045_ (net)
                      0.096941    0.000235    6.719148 ^ rebuffer9/A (sky130_fd_sc_hd__dlygate4sd3_1)
     1    0.003133    0.055838    0.553225    7.272372 ^ rebuffer9/X (sky130_fd_sc_hd__dlygate4sd3_1)
                                                         net78 (net)
                      0.055838    0.000091    7.272463 ^ _587_/B1 (sky130_fd_sc_hd__a21o_1)
     2    0.004988    0.056577    0.092250    7.364713 ^ _587_/X (sky130_fd_sc_hd__a21o_1)
                                                         _058_ (net)
                      0.056577    0.000139    7.364851 ^ _588_/C_N (sky130_fd_sc_hd__or3b_1)
     1    0.009477    0.101856    0.391615    7.756467 v _588_/X (sky130_fd_sc_hd__or3b_1)
                                                         _059_ (net)
                      0.101856    0.000312    7.756779 v _590_/A1 (sky130_fd_sc_hd__a311oi_4)
     2    0.010794    0.267217    0.266188    8.022966 ^ _590_/Y (sky130_fd_sc_hd__a311oi_4)
                                                         _061_ (net)
                      0.267217    0.000264    8.023231 ^ max_cap30/A (sky130_fd_sc_hd__buf_6)
     5    0.021613    0.056036    0.164640    8.187870 ^ max_cap30/X (sky130_fd_sc_hd__buf_6)
                                                         net30 (net)
                      0.056052    0.000893    8.188763 ^ _601_/S (sky130_fd_sc_hd__mux2_4)
     4    0.018297    0.071944    0.329258    8.518022 v _601_/X (sky130_fd_sc_hd__mux2_4)
                                                         _072_ (net)
                      0.071944    0.000363    8.518385 v _604_/B (sky130_fd_sc_hd__xnor2_2)
     4    0.017768    0.106283    0.179929    8.698314 v _604_/Y (sky130_fd_sc_hd__xnor2_2)
                                                         _075_ (net)
                      0.106283    0.000433    8.698746 v _608_/A2 (sky130_fd_sc_hd__a211oi_4)
     2    0.007492    0.188808    0.269258    8.968003 ^ _608_/Y (sky130_fd_sc_hd__a211oi_4)
                                                         _079_ (net)
                      0.188808    0.000266    8.968269 ^ _627_/A3 (sky130_fd_sc_hd__o31a_1)
     4    0.020552    0.218572    0.267244    9.235513 ^ _627_/X (sky130_fd_sc_hd__o31a_1)
                                                         _098_ (net)
                      0.218572    0.000637    9.236150 ^ _628_/A2 (sky130_fd_sc_hd__a21oi_4)
     3    0.014304    0.065445    0.100830    9.336980 v _628_/Y (sky130_fd_sc_hd__a21oi_4)
                                                         _099_ (net)
                      0.065445    0.000290    9.337270 v fanout29/A (sky130_fd_sc_hd__buf_6)
    10    0.042021    0.050138    0.150625    9.487895 v fanout29/X (sky130_fd_sc_hd__buf_6)
                                                         net29 (net)
                      0.050349    0.002779    9.490674 v _717_/A2 (sky130_fd_sc_hd__a22o_1)
     1    0.004718    0.048824    0.235756    9.726431 v _717_/X (sky130_fd_sc_hd__a22o_1)
                                                         _187_ (net)
                      0.048824    0.000129    9.726560 v _718_/B (sky130_fd_sc_hd__or2_1)
     1    0.003307    0.050910    0.206448    9.933007 v _718_/X (sky130_fd_sc_hd__or2_1)
                                                         net22 (net)
                      0.050910    0.000103    9.933110 v output22/A (sky130_fd_sc_hd__buf_2)
     1    0.035479    0.092225    0.184626   10.117736 v output22/X (sky130_fd_sc_hd__buf_2)
                                                         op_out[1] (net)
                      0.092237    0.001016   10.118752 v op_out[1] (out)
                                             10.118752   data arrival time

                      0.000000   10.000000   10.000000   clock __VIRTUAL_CLK__ (rise edge)
                                  0.000000   10.000000   clock network delay (ideal)
                                 -0.250000    9.750000   clock uncertainty
                                  0.000000    9.750000   clock reconvergence pessimism
                                 -2.000000    7.750000   output external delay
                                              7.750000   data required time
---------------------------------------------------------------------------------------------
                                              7.750000   data required time
                                            -10.118752   data arrival time
---------------------------------------------------------------------------------------------
                                             -2.368752   slack (VIOLATED)


Startpoint: op_b[0] (input port clocked by __VIRTUAL_CLK__)
Endpoint: op_out[2] (output port clocked by __VIRTUAL_CLK__)
Path Group: __VIRTUAL_CLK__
Path Type: max

Fanout         Cap        Slew       Delay        Time   Description
---------------------------------------------------------------------------------------------
                      0.000000    0.000000    0.000000   clock __VIRTUAL_CLK__ (rise edge)
                                  0.000000    0.000000   clock network delay (ideal)
                                  2.000000    2.000000 ^ input external delay
     1    0.003167    0.021318    0.011608    2.011608 ^ op_b[0] (in)
                                                         op_b[0] (net)
                      0.021318    0.000000    2.011608 ^ input13/A (sky130_fd_sc_hd__clkbuf_2)
     4    0.027370    0.152971    0.172391    2.183999 ^ input13/X (sky130_fd_sc_hd__clkbuf_2)
                                                         net13 (net)
                      0.152983    0.001113    2.185112 ^ fanout66/A (sky130_fd_sc_hd__buf_4)
    10    0.040862    0.120072    0.204530    2.389642 ^ fanout66/X (sky130_fd_sc_hd__buf_4)
                                                         net66 (net)
                      0.120084    0.001261    2.390902 ^ fanout65/A (sky130_fd_sc_hd__clkbuf_4)
    10    0.035255    0.115371    0.214616    2.605519 ^ fanout65/X (sky130_fd_sc_hd__clkbuf_4)
                                                         net65 (net)
                      0.115371    0.000427    2.605945 ^ _458_/A (sky130_fd_sc_hd__inv_2)
     4    0.014545    0.048964    0.069672    2.675617 v _458_/Y (sky130_fd_sc_hd__inv_2)
                                                         _188_ (net)
                      0.048965    0.000316    2.675933 v fanout34/A (sky130_fd_sc_hd__clkbuf_4)
    10    0.046615    0.102068    0.202625    2.878558 v fanout34/X (sky130_fd_sc_hd__clkbuf_4)
                                                         net34 (net)
                      0.102115    0.002012    2.880570 v _472_/A1 (sky130_fd_sc_hd__o41ai_4)
     5    0.017282    0.377330    0.474092    3.354661 ^ _472_/Y (sky130_fd_sc_hd__o41ai_4)
                                                         _338_ (net)
                      0.377330    0.000383    3.355044 ^ _481_/A2 (sky130_fd_sc_hd__a211o_1)
     4    0.011140    0.107254    0.235196    3.590240 ^ _481_/X (sky130_fd_sc_hd__a211o_1)
                                                         _410_ (net)
                      0.107254    0.000315    3.590555 ^ _484_/A1 (sky130_fd_sc_hd__a21o_1)
     4    0.014142    0.129230    0.187081    3.777636 ^ _484_/X (sky130_fd_sc_hd__a21o_1)
                                                         _413_ (net)
                      0.129230    0.000342    3.777978 ^ _493_/A1 (sky130_fd_sc_hd__a211oi_2)
     3    0.011198    0.079685    0.107189    3.885168 v _493_/Y (sky130_fd_sc_hd__a211oi_2)
                                                         _422_ (net)
                      0.079685    0.000393    3.885561 v _503_/D (sky130_fd_sc_hd__or4_4)
     3    0.008205    0.090894    0.433868    4.319428 v _503_/X (sky130_fd_sc_hd__or4_4)
                                                         _432_ (net)
                      0.090894    0.000164    4.319592 v _507_/A1 (sky130_fd_sc_hd__a31o_1)
     2    0.008985    0.063513    0.218653    4.538246 v _507_/X (sky130_fd_sc_hd__a31o_1)
                                                         _436_ (net)
                      0.063514    0.000267    4.538513 v _509_/A2 (sky130_fd_sc_hd__a211o_4)
     3    0.015454    0.067138    0.360673    4.899186 v _509_/X (sky130_fd_sc_hd__a211o_4)
                                                         _438_ (net)
                      0.067138    0.000290    4.899476 v _515_/A2 (sky130_fd_sc_hd__a21oi_4)
     8    0.039939    0.306725    0.306149    5.205625 ^ _515_/Y (sky130_fd_sc_hd__a21oi_4)
                                                         _444_ (net)
                      0.306729    0.000885    5.206510 ^ _524_/S (sky130_fd_sc_hd__mux2_4)
     2    0.009082    0.058321    0.346923    5.553432 v _524_/X (sky130_fd_sc_hd__mux2_4)
                                                         _453_ (net)
                      0.058321    0.000243    5.553676 v _539_/A1 (sky130_fd_sc_hd__a221o_1)
     3    0.010111    0.087307    0.357904    5.911580 v _539_/X (sky130_fd_sc_hd__a221o_1)
                                                         _010_ (net)
                      0.087307    0.000234    5.911814 v _543_/A3 (sky130_fd_sc_hd__a311oi_2)
     4    0.014634    0.360229    0.407464    6.319278 ^ _543_/Y (sky130_fd_sc_hd__a311oi_2)
                                                         _014_ (net)
                      0.360229    0.000260    6.319539 ^ _572_/A (sky130_fd_sc_hd__or3_4)
     4    0.011800    0.052800    0.215746    6.535285 ^ _572_/X (sky130_fd_sc_hd__or3_4)
                                                         _043_ (net)
                      0.052800    0.000259    6.535543 ^ _574_/B (sky130_fd_sc_hd__and3_1)
     3    0.008209    0.096941    0.183369    6.718912 ^ _574_/X (sky130_fd_sc_hd__and3_1)
                                                         _045_ (net)
                      0.096941    0.000235    6.719148 ^ rebuffer9/A (sky130_fd_sc_hd__dlygate4sd3_1)
     1    0.003133    0.055838    0.553225    7.272372 ^ rebuffer9/X (sky130_fd_sc_hd__dlygate4sd3_1)
                                                         net78 (net)
                      0.055838    0.000091    7.272463 ^ _587_/B1 (sky130_fd_sc_hd__a21o_1)
     2    0.004988    0.056577    0.092250    7.364713 ^ _587_/X (sky130_fd_sc_hd__a21o_1)
                                                         _058_ (net)
                      0.056577    0.000139    7.364851 ^ _588_/C_N (sky130_fd_sc_hd__or3b_1)
     1    0.009477    0.101856    0.391615    7.756467 v _588_/X (sky130_fd_sc_hd__or3b_1)
                                                         _059_ (net)
                      0.101856    0.000312    7.756779 v _590_/A1 (sky130_fd_sc_hd__a311oi_4)
     2    0.010794    0.267217    0.266188    8.022966 ^ _590_/Y (sky130_fd_sc_hd__a311oi_4)
                                                         _061_ (net)
                      0.267217    0.000264    8.023231 ^ max_cap30/A (sky130_fd_sc_hd__buf_6)
     5    0.021613    0.056036    0.164640    8.187870 ^ max_cap30/X (sky130_fd_sc_hd__buf_6)
                                                         net30 (net)
                      0.056053    0.000905    8.188775 ^ _740_/A2 (sky130_fd_sc_hd__a211o_1)
     1    0.007500    0.077702    0.144016    8.332791 ^ _740_/X (sky130_fd_sc_hd__a211o_1)
                                                         _212_ (net)
                      0.077702    0.000330    8.333121 ^ _741_/B1 (sky130_fd_sc_hd__a21o_1)
     1    0.002278    0.034114    0.081651    8.414772 ^ _741_/X (sky130_fd_sc_hd__a21o_1)
                                                         net23 (net)
                      0.034114    0.000065    8.414837 ^ output23/A (sky130_fd_sc_hd__buf_2)
     1    0.034354    0.170598    0.194003    8.608840 ^ output23/X (sky130_fd_sc_hd__buf_2)
                                                         op_out[2] (net)
                      0.170650    0.000774    8.609614 ^ op_out[2] (out)
                                              8.609614   data arrival time

                      0.000000   10.000000   10.000000   clock __VIRTUAL_CLK__ (rise edge)
                                  0.000000   10.000000   clock network delay (ideal)
                                 -0.250000    9.750000   clock uncertainty
                                  0.000000    9.750000   clock reconvergence pessimism
                                 -2.000000    7.750000   output external delay
                                              7.750000   data required time
---------------------------------------------------------------------------------------------
                                              7.750000   data required time
                                             -8.609614   data arrival time
---------------------------------------------------------------------------------------------
                                             -0.859615   slack (VIOLATED)


Startpoint: op_b[0] (input port clocked by __VIRTUAL_CLK__)
Endpoint: op_out[3] (output port clocked by __VIRTUAL_CLK__)
Path Group: __VIRTUAL_CLK__
Path Type: max

Fanout         Cap        Slew       Delay        Time   Description
---------------------------------------------------------------------------------------------
                      0.000000    0.000000    0.000000   clock __VIRTUAL_CLK__ (rise edge)
                                  0.000000    0.000000   clock network delay (ideal)
                                  2.000000    2.000000 ^ input external delay
     1    0.003167    0.021318    0.011608    2.011608 ^ op_b[0] (in)
                                                         op_b[0] (net)
                      0.021318    0.000000    2.011608 ^ input13/A (sky130_fd_sc_hd__clkbuf_2)
     4    0.027370    0.152971    0.172391    2.183999 ^ input13/X (sky130_fd_sc_hd__clkbuf_2)
                                                         net13 (net)
                      0.152983    0.001113    2.185112 ^ fanout66/A (sky130_fd_sc_hd__buf_4)
    10    0.040862    0.120072    0.204530    2.389642 ^ fanout66/X (sky130_fd_sc_hd__buf_4)
                                                         net66 (net)
                      0.120084    0.001261    2.390902 ^ fanout65/A (sky130_fd_sc_hd__clkbuf_4)
    10    0.035255    0.115371    0.214616    2.605519 ^ fanout65/X (sky130_fd_sc_hd__clkbuf_4)
                                                         net65 (net)
                      0.115371    0.000427    2.605945 ^ _458_/A (sky130_fd_sc_hd__inv_2)
     4    0.014545    0.048964    0.069672    2.675617 v _458_/Y (sky130_fd_sc_hd__inv_2)
                                                         _188_ (net)
                      0.048965    0.000316    2.675933 v fanout34/A (sky130_fd_sc_hd__clkbuf_4)
    10    0.046615    0.102068    0.202625    2.878558 v fanout34/X (sky130_fd_sc_hd__clkbuf_4)
                                                         net34 (net)
                      0.102115    0.002012    2.880570 v _472_/A1 (sky130_fd_sc_hd__o41ai_4)
     5    0.017282    0.377330    0.474092    3.354661 ^ _472_/Y (sky130_fd_sc_hd__o41ai_4)
                                                         _338_ (net)
                      0.377330    0.000383    3.355044 ^ _481_/A2 (sky130_fd_sc_hd__a211o_1)
     4    0.011140    0.107254    0.235196    3.590240 ^ _481_/X (sky130_fd_sc_hd__a211o_1)
                                                         _410_ (net)
                      0.107254    0.000315    3.590555 ^ _484_/A1 (sky130_fd_sc_hd__a21o_1)
     4    0.014142    0.129230    0.187081    3.777636 ^ _484_/X (sky130_fd_sc_hd__a21o_1)
                                                         _413_ (net)
                      0.129230    0.000342    3.777978 ^ _493_/A1 (sky130_fd_sc_hd__a211oi_2)
     3    0.011198    0.079685    0.107189    3.885168 v _493_/Y (sky130_fd_sc_hd__a211oi_2)
                                                         _422_ (net)
                      0.079685    0.000393    3.885561 v _503_/D (sky130_fd_sc_hd__or4_4)
     3    0.008205    0.090894    0.433868    4.319428 v _503_/X (sky130_fd_sc_hd__or4_4)
                                                         _432_ (net)
                      0.090894    0.000164    4.319592 v _507_/A1 (sky130_fd_sc_hd__a31o_1)
     2    0.008985    0.063513    0.218653    4.538246 v _507_/X (sky130_fd_sc_hd__a31o_1)
                                                         _436_ (net)
                      0.063514    0.000267    4.538513 v _509_/A2 (sky130_fd_sc_hd__a211o_4)
     3    0.015454    0.067138    0.360673    4.899186 v _509_/X (sky130_fd_sc_hd__a211o_4)
                                                         _438_ (net)
                      0.067138    0.000290    4.899476 v _515_/A2 (sky130_fd_sc_hd__a21oi_4)
     8    0.039939    0.306725    0.306149    5.205625 ^ _515_/Y (sky130_fd_sc_hd__a21oi_4)
                                                         _444_ (net)
                      0.306729    0.000885    5.206510 ^ _524_/S (sky130_fd_sc_hd__mux2_4)
     2    0.009082    0.058321    0.346923    5.553432 v _524_/X (sky130_fd_sc_hd__mux2_4)
                                                         _453_ (net)
                      0.058321    0.000243    5.553676 v _539_/A1 (sky130_fd_sc_hd__a221o_1)
     3    0.010111    0.087307    0.357904    5.911580 v _539_/X (sky130_fd_sc_hd__a221o_1)
                                                         _010_ (net)
                      0.087307    0.000234    5.911814 v _543_/A3 (sky130_fd_sc_hd__a311oi_2)
     4    0.014634    0.360229    0.407464    6.319278 ^ _543_/Y (sky130_fd_sc_hd__a311oi_2)
                                                         _014_ (net)
                      0.360229    0.000379    6.319657 ^ _548_/A (sky130_fd_sc_hd__nor2_1)
     2    0.010725    0.110316    0.147427    6.467084 v _548_/Y (sky130_fd_sc_hd__nor2_1)
                                                         _019_ (net)
                      0.110316    0.000456    6.467540 v _769_/A2 (sky130_fd_sc_hd__a211o_1)
     1    0.006825    0.066620    0.333239    6.800779 v _769_/X (sky130_fd_sc_hd__a211o_1)
                                                         _243_ (net)
                      0.066620    0.000284    6.801063 v _770_/A_N (sky130_fd_sc_hd__nand2b_1)
     1    0.002348    0.038852    0.141681    6.942744 v _770_/Y (sky130_fd_sc_hd__nand2b_1)
                                                         net24 (net)
                      0.038852    0.000069    6.942813 v output24/A (sky130_fd_sc_hd__buf_2)
     1    0.034665    0.090487    0.178058    7.120872 v output24/X (sky130_fd_sc_hd__buf_2)
                                                         op_out[3] (net)
                      0.090494    0.000827    7.121699 v op_out[3] (out)
                                              7.121699   data arrival time

                      0.000000   10.000000   10.000000   clock __VIRTUAL_CLK__ (rise edge)
                                  0.000000   10.000000   clock network delay (ideal)
                                 -0.250000    9.750000   clock uncertainty
                                  0.000000    9.750000   clock reconvergence pessimism
                                 -2.000000    7.750000   output external delay
                                              7.750000   data required time
---------------------------------------------------------------------------------------------
                                              7.750000   data required time
                                             -7.121699   data arrival time
---------------------------------------------------------------------------------------------
                                              0.628301   slack (MET)


Startpoint: op_b[0] (input port clocked by __VIRTUAL_CLK__)
Endpoint: op_out[5] (output port clocked by __VIRTUAL_CLK__)
Path Group: __VIRTUAL_CLK__
Path Type: max

Fanout         Cap        Slew       Delay        Time   Description
---------------------------------------------------------------------------------------------
                      0.000000    0.000000    0.000000   clock __VIRTUAL_CLK__ (rise edge)
                                  0.000000    0.000000   clock network delay (ideal)
                                  2.000000    2.000000 ^ input external delay
     1    0.003167    0.021318    0.011608    2.011608 ^ op_b[0] (in)
                                                         op_b[0] (net)
                      0.021318    0.000000    2.011608 ^ input13/A (sky130_fd_sc_hd__clkbuf_2)
     4    0.027370    0.152971    0.172391    2.183999 ^ input13/X (sky130_fd_sc_hd__clkbuf_2)
                                                         net13 (net)
                      0.152983    0.001113    2.185112 ^ fanout66/A (sky130_fd_sc_hd__buf_4)
    10    0.040862    0.120072    0.204530    2.389642 ^ fanout66/X (sky130_fd_sc_hd__buf_4)
                                                         net66 (net)
                      0.120084    0.001261    2.390902 ^ fanout65/A (sky130_fd_sc_hd__clkbuf_4)
    10    0.035255    0.115371    0.214616    2.605519 ^ fanout65/X (sky130_fd_sc_hd__clkbuf_4)
                                                         net65 (net)
                      0.115371    0.000427    2.605945 ^ _458_/A (sky130_fd_sc_hd__inv_2)
     4    0.014545    0.048964    0.069672    2.675617 v _458_/Y (sky130_fd_sc_hd__inv_2)
                                                         _188_ (net)
                      0.048965    0.000316    2.675933 v fanout34/A (sky130_fd_sc_hd__clkbuf_4)
    10    0.046615    0.102068    0.202625    2.878558 v fanout34/X (sky130_fd_sc_hd__clkbuf_4)
                                                         net34 (net)
                      0.102094    0.001564    2.880121 v _536_/A (sky130_fd_sc_hd__nor2_4)
     4    0.016991    0.130161    0.169763    3.049884 ^ _536_/Y (sky130_fd_sc_hd__nor2_4)
                                                         _007_ (net)
                      0.130166    0.000626    3.050510 ^ _780_/C (sky130_fd_sc_hd__and3_1)
     2    0.007083    0.086861    0.198184    3.248694 ^ _780_/X (sky130_fd_sc_hd__and3_1)
                                                         _254_ (net)
                      0.086861    0.000178    3.248872 ^ _781_/B1 (sky130_fd_sc_hd__a21oi_2)
     2    0.007434    0.051168    0.048235    3.297107 v _781_/Y (sky130_fd_sc_hd__a21oi_2)
                                                         _255_ (net)
                      0.051168    0.000145    3.297252 v rebuffer18/A (sky130_fd_sc_hd__buf_2)
     1    0.009416    0.038130    0.134492    3.431745 v rebuffer18/X (sky130_fd_sc_hd__buf_2)
                                                         net87 (net)
                      0.038132    0.000334    3.432079 v _782_/B (sky130_fd_sc_hd__xnor2_2)
     2    0.013374    0.214479    0.195054    3.627132 ^ _782_/Y (sky130_fd_sc_hd__xnor2_2)
                                                         _256_ (net)
                      0.214480    0.000411    3.627543 ^ _784_/B (sky130_fd_sc_hd__xnor2_2)
     2    0.009376    0.170509    0.155268    3.782811 ^ _784_/Y (sky130_fd_sc_hd__xnor2_2)
                                                         _258_ (net)
                      0.170509    0.000169    3.782979 ^ _785_/B (sky130_fd_sc_hd__nand2b_1)
     2    0.004919    0.060607    0.090276    3.873255 v _785_/Y (sky130_fd_sc_hd__nand2b_1)
                                                         _259_ (net)
                      0.060607    0.000107    3.873363 v _817_/B (sky130_fd_sc_hd__and3_1)
     1    0.003382    0.039654    0.168748    4.042110 v _817_/X (sky130_fd_sc_hd__and3_1)
                                                         _293_ (net)
                      0.039654    0.000099    4.042209 v _819_/A (sky130_fd_sc_hd__nor2_1)
     2    0.008080    0.162192    0.159419    4.201629 ^ _819_/Y (sky130_fd_sc_hd__nor2_1)
                                                         _296_ (net)
                      0.162192    0.000195    4.201823 ^ _820_/B (sky130_fd_sc_hd__xnor2_1)
     2    0.007178    0.200028    0.168372    4.370195 ^ _820_/Y (sky130_fd_sc_hd__xnor2_1)
                                                         _297_ (net)
                      0.200088    0.000228    4.370423 ^ _821_/B (sky130_fd_sc_hd__or2_4)
     3    0.013374    0.055512    0.172645    4.543068 ^ _821_/X (sky130_fd_sc_hd__or2_4)
                                                         _298_ (net)
                      0.055512    0.000253    4.543321 ^ _824_/A (sky130_fd_sc_hd__nand2_1)
     3    0.009240    0.072449    0.080982    4.624303 v _824_/Y (sky130_fd_sc_hd__nand2_1)
                                                         _301_ (net)
                      0.072451    0.000275    4.624578 v _827_/A2 (sky130_fd_sc_hd__o21a_1)
     1    0.003083    0.036336    0.174709    4.799287 v _827_/X (sky130_fd_sc_hd__o21a_1)
                                                         _304_ (net)
                      0.036336    0.000068    4.799356 v _840_/B2 (sky130_fd_sc_hd__a221o_1)
     1    0.002515    0.050086    0.305726    5.105081 v _840_/X (sky130_fd_sc_hd__a221o_1)
                                                         _319_ (net)
                      0.050086    0.000053    5.105134 v _842_/B (sky130_fd_sc_hd__or3_1)
     1    0.005543    0.080051    0.362336    5.467470 v _842_/X (sky130_fd_sc_hd__or3_1)
                                                         net26 (net)
                      0.080051    0.000221    5.467690 v output26/A (sky130_fd_sc_hd__clkbuf_4)
     1    0.035132    0.081161    0.199441    5.667132 v output26/X (sky130_fd_sc_hd__clkbuf_4)
                                                         op_out[5] (net)
                      0.081171    0.000929    5.668061 v op_out[5] (out)
                                              5.668061   data arrival time

                      0.000000   10.000000   10.000000   clock __VIRTUAL_CLK__ (rise edge)
                                  0.000000   10.000000   clock network delay (ideal)
                                 -0.250000    9.750000   clock uncertainty
                                  0.000000    9.750000   clock reconvergence pessimism
                                 -2.000000    7.750000   output external delay
                                              7.750000   data required time
---------------------------------------------------------------------------------------------
                                              7.750000   data required time
                                             -5.668061   data arrival time
---------------------------------------------------------------------------------------------
                                              2.081939   slack (MET)


Startpoint: op_b[0] (input port clocked by __VIRTUAL_CLK__)
Endpoint: op_out[4] (output port clocked by __VIRTUAL_CLK__)
Path Group: __VIRTUAL_CLK__
Path Type: max

Fanout         Cap        Slew       Delay        Time   Description
---------------------------------------------------------------------------------------------
                      0.000000    0.000000    0.000000   clock __VIRTUAL_CLK__ (rise edge)
                                  0.000000    0.000000   clock network delay (ideal)
                                  2.000000    2.000000 ^ input external delay
     1    0.003167    0.021318    0.011608    2.011608 ^ op_b[0] (in)
                                                         op_b[0] (net)
                      0.021318    0.000000    2.011608 ^ input13/A (sky130_fd_sc_hd__clkbuf_2)
     4    0.027370    0.152971    0.172391    2.183999 ^ input13/X (sky130_fd_sc_hd__clkbuf_2)
                                                         net13 (net)
                      0.152983    0.001113    2.185112 ^ fanout66/A (sky130_fd_sc_hd__buf_4)
    10    0.040862    0.120072    0.204530    2.389642 ^ fanout66/X (sky130_fd_sc_hd__buf_4)
                                                         net66 (net)
                      0.120084    0.001261    2.390902 ^ fanout65/A (sky130_fd_sc_hd__clkbuf_4)
    10    0.035255    0.115371    0.214616    2.605519 ^ fanout65/X (sky130_fd_sc_hd__clkbuf_4)
                                                         net65 (net)
                      0.115371    0.000427    2.605945 ^ _458_/A (sky130_fd_sc_hd__inv_2)
     4    0.014545    0.048964    0.069672    2.675617 v _458_/Y (sky130_fd_sc_hd__inv_2)
                                                         _188_ (net)
                      0.048965    0.000316    2.675933 v fanout34/A (sky130_fd_sc_hd__clkbuf_4)
    10    0.046615    0.102068    0.202625    2.878558 v fanout34/X (sky130_fd_sc_hd__clkbuf_4)
                                                         net34 (net)
                      0.102115    0.002012    2.880570 v _472_/A1 (sky130_fd_sc_hd__o41ai_4)
     5    0.017282    0.377330    0.474092    3.354661 ^ _472_/Y (sky130_fd_sc_hd__o41ai_4)
                                                         _338_ (net)
                      0.377330    0.000383    3.355044 ^ _481_/A2 (sky130_fd_sc_hd__a211o_1)
     4    0.011140    0.107254    0.235196    3.590240 ^ _481_/X (sky130_fd_sc_hd__a211o_1)
                                                         _410_ (net)
                      0.107254    0.000315    3.590555 ^ _484_/A1 (sky130_fd_sc_hd__a21o_1)
     4    0.014142    0.129230    0.187081    3.777636 ^ _484_/X (sky130_fd_sc_hd__a21o_1)
                                                         _413_ (net)
                      0.129230    0.000342    3.777978 ^ _493_/A1 (sky130_fd_sc_hd__a211oi_2)
     3    0.011198    0.079685    0.107189    3.885168 v _493_/Y (sky130_fd_sc_hd__a211oi_2)
                                                         _422_ (net)
                      0.079685    0.000393    3.885561 v _503_/D (sky130_fd_sc_hd__or4_4)
     3    0.008205    0.090894    0.433868    4.319428 v _503_/X (sky130_fd_sc_hd__or4_4)
                                                         _432_ (net)
                      0.090894    0.000164    4.319592 v _507_/A1 (sky130_fd_sc_hd__a31o_1)
     2    0.008985    0.063513    0.218653    4.538246 v _507_/X (sky130_fd_sc_hd__a31o_1)
                                                         _436_ (net)
                      0.063514    0.000267    4.538513 v _509_/A2 (sky130_fd_sc_hd__a211o_4)
     3    0.015454    0.067138    0.360673    4.899186 v _509_/X (sky130_fd_sc_hd__a211o_4)
                                                         _438_ (net)
                      0.067138    0.000290    4.899476 v _515_/A2 (sky130_fd_sc_hd__a21oi_4)
     8    0.039939    0.306725    0.306149    5.205625 ^ _515_/Y (sky130_fd_sc_hd__a21oi_4)
                                                         _444_ (net)
                      0.306732    0.001212    5.206837 ^ _797_/A2 (sky130_fd_sc_hd__a211oi_1)
     1    0.004901    0.092564    0.140953    5.347789 v _797_/Y (sky130_fd_sc_hd__a211oi_1)
                                                         _272_ (net)
                      0.092564    0.000186    5.347975 v _798_/B1 (sky130_fd_sc_hd__o31ai_1)
     1    0.004904    0.245090    0.096135    5.444110 ^ _798_/Y (sky130_fd_sc_hd__o31ai_1)
                                                         net25 (net)
                      0.245090    0.000181    5.444292 ^ output25/A (sky130_fd_sc_hd__buf_4)
     1    0.034539    0.104627    0.217967    5.662258 ^ output25/X (sky130_fd_sc_hd__buf_4)
                                                         op_out[4] (net)
                      0.104631    0.000822    5.663080 ^ op_out[4] (out)
                                              5.663080   data arrival time

                      0.000000   10.000000   10.000000   clock __VIRTUAL_CLK__ (rise edge)
                                  0.000000   10.000000   clock network delay (ideal)
                                 -0.250000    9.750000   clock uncertainty
                                  0.000000    9.750000   clock reconvergence pessimism
                                 -2.000000    7.750000   output external delay
                                              7.750000   data required time
---------------------------------------------------------------------------------------------
                                              7.750000   data required time
                                             -5.663080   data arrival time
---------------------------------------------------------------------------------------------
                                              2.086920   slack (MET)


Startpoint: op_b[0] (input port clocked by __VIRTUAL_CLK__)
Endpoint: op_out[7] (output port clocked by __VIRTUAL_CLK__)
Path Group: __VIRTUAL_CLK__
Path Type: max

Fanout         Cap        Slew       Delay        Time   Description
---------------------------------------------------------------------------------------------
                      0.000000    0.000000    0.000000   clock __VIRTUAL_CLK__ (rise edge)
                                  0.000000    0.000000   clock network delay (ideal)
                                  2.000000    2.000000 ^ input external delay
     1    0.003167    0.021318    0.011608    2.011608 ^ op_b[0] (in)
                                                         op_b[0] (net)
                      0.021318    0.000000    2.011608 ^ input13/A (sky130_fd_sc_hd__clkbuf_2)
     4    0.027370    0.152971    0.172391    2.183999 ^ input13/X (sky130_fd_sc_hd__clkbuf_2)
                                                         net13 (net)
                      0.152983    0.001113    2.185112 ^ fanout66/A (sky130_fd_sc_hd__buf_4)
    10    0.040862    0.120072    0.204530    2.389642 ^ fanout66/X (sky130_fd_sc_hd__buf_4)
                                                         net66 (net)
                      0.120084    0.001261    2.390902 ^ fanout65/A (sky130_fd_sc_hd__clkbuf_4)
    10    0.035255    0.115371    0.214616    2.605519 ^ fanout65/X (sky130_fd_sc_hd__clkbuf_4)
                                                         net65 (net)
                      0.115371    0.000427    2.605945 ^ _458_/A (sky130_fd_sc_hd__inv_2)
     4    0.014545    0.048964    0.069672    2.675617 v _458_/Y (sky130_fd_sc_hd__inv_2)
                                                         _188_ (net)
                      0.048965    0.000316    2.675933 v fanout34/A (sky130_fd_sc_hd__clkbuf_4)
    10    0.046615    0.102068    0.202625    2.878558 v fanout34/X (sky130_fd_sc_hd__clkbuf_4)
                                                         net34 (net)
                      0.102094    0.001564    2.880121 v _536_/A (sky130_fd_sc_hd__nor2_4)
     4    0.016991    0.130161    0.169763    3.049884 ^ _536_/Y (sky130_fd_sc_hd__nor2_4)
                                                         _007_ (net)
                      0.130166    0.000626    3.050510 ^ _780_/C (sky130_fd_sc_hd__and3_1)
     2    0.007083    0.086861    0.198184    3.248694 ^ _780_/X (sky130_fd_sc_hd__and3_1)
                                                         _254_ (net)
                      0.086861    0.000086    3.248781 ^ rebuffer23/A (sky130_fd_sc_hd__dlymetal6s2s_1)
     1    0.005304    0.079134    0.127125    3.375906 ^ rebuffer23/X (sky130_fd_sc_hd__dlymetal6s2s_1)
                                                         net92 (net)
                      0.079134    0.000162    3.376068 ^ _805_/B1 (sky130_fd_sc_hd__a31oi_2)
     2    0.007286    0.093358    0.050256    3.426324 v _805_/Y (sky130_fd_sc_hd__a31oi_2)
                                                         _280_ (net)
                      0.093358    0.000177    3.426502 v _812_/A (sky130_fd_sc_hd__or3_1)
     2    0.005832    0.081621    0.402207    3.828709 v _812_/X (sky130_fd_sc_hd__or3_1)
                                                         _288_ (net)
                      0.081621    0.000113    3.828822 v _870_/A (sky130_fd_sc_hd__and3_1)
     2    0.004900    0.045732    0.165437    3.994259 v _870_/X (sky130_fd_sc_hd__and3_1)
                                                         _351_ (net)
                      0.045732    0.000075    3.994335 v _873_/B (sky130_fd_sc_hd__or3_1)
     3    0.007578    0.092254    0.376636    4.370970 v _873_/X (sky130_fd_sc_hd__or3_1)
                                                         _354_ (net)
                      0.092254    0.000154    4.371124 v _894_/B (sky130_fd_sc_hd__and2b_1)
     1    0.008776    0.058705    0.200256    4.571381 v _894_/X (sky130_fd_sc_hd__and2b_1)
                                                         _376_ (net)
                      0.058705    0.000192    4.571573 v _915_/A (sky130_fd_sc_hd__xnor2_2)
     1    0.006026    0.059361    0.141386    4.712959 v _915_/Y (sky130_fd_sc_hd__xnor2_2)
                                                         _399_ (net)
                      0.059361    0.000217    4.713175 v _916_/A (sky130_fd_sc_hd__xnor2_1)
     2    0.010833    0.273001    0.270937    4.984112 ^ _916_/Y (sky130_fd_sc_hd__xnor2_1)
                                                         _400_ (net)
                      0.273003    0.000622    4.984734 ^ _918_/B (sky130_fd_sc_hd__nand2_1)
     1    0.003194    0.061745    0.093111    5.077846 v _918_/Y (sky130_fd_sc_hd__nand2_1)
                                                         _402_ (net)
                      0.061745    0.000096    5.077941 v _923_/A3 (sky130_fd_sc_hd__a311o_1)
     1    0.001804    0.047007    0.337646    5.415588 v _923_/X (sky130_fd_sc_hd__a311o_1)
                                                         net28 (net)
                      0.047007    0.000035    5.415622 v output28/A (sky130_fd_sc_hd__buf_2)
     1    0.034113    0.089169    0.180676    5.596299 v output28/X (sky130_fd_sc_hd__buf_2)
                                                         op_out[7] (net)
                      0.089173    0.000655    5.596953 v op_out[7] (out)
                                              5.596953   data arrival time

                      0.000000   10.000000   10.000000   clock __VIRTUAL_CLK__ (rise edge)
                                  0.000000   10.000000   clock network delay (ideal)
                                 -0.250000    9.750000   clock uncertainty
                                  0.000000    9.750000   clock reconvergence pessimism
                                 -2.000000    7.750000   output external delay
                                              7.750000   data required time
---------------------------------------------------------------------------------------------
                                              7.750000   data required time
                                             -5.596953   data arrival time
---------------------------------------------------------------------------------------------
                                              2.153047   slack (MET)


Startpoint: op_b[0] (input port clocked by __VIRTUAL_CLK__)
Endpoint: op_out[6] (output port clocked by __VIRTUAL_CLK__)
Path Group: __VIRTUAL_CLK__
Path Type: max

Fanout         Cap        Slew       Delay        Time   Description
---------------------------------------------------------------------------------------------
                      0.000000    0.000000    0.000000   clock __VIRTUAL_CLK__ (rise edge)
                                  0.000000    0.000000   clock network delay (ideal)
                                  2.000000    2.000000 ^ input external delay
     1    0.003167    0.021318    0.011608    2.011608 ^ op_b[0] (in)
                                                         op_b[0] (net)
                      0.021318    0.000000    2.011608 ^ input13/A (sky130_fd_sc_hd__clkbuf_2)
     4    0.027370    0.152971    0.172391    2.183999 ^ input13/X (sky130_fd_sc_hd__clkbuf_2)
                                                         net13 (net)
                      0.152983    0.001113    2.185112 ^ fanout66/A (sky130_fd_sc_hd__buf_4)
    10    0.040862    0.120072    0.204530    2.389642 ^ fanout66/X (sky130_fd_sc_hd__buf_4)
                                                         net66 (net)
                      0.120084    0.001261    2.390902 ^ fanout65/A (sky130_fd_sc_hd__clkbuf_4)
    10    0.035255    0.115371    0.214616    2.605519 ^ fanout65/X (sky130_fd_sc_hd__clkbuf_4)
                                                         net65 (net)
                      0.115371    0.000427    2.605945 ^ _458_/A (sky130_fd_sc_hd__inv_2)
     4    0.014545    0.048964    0.069672    2.675617 v _458_/Y (sky130_fd_sc_hd__inv_2)
                                                         _188_ (net)
                      0.048965    0.000316    2.675933 v fanout34/A (sky130_fd_sc_hd__clkbuf_4)
    10    0.046615    0.102068    0.202625    2.878558 v fanout34/X (sky130_fd_sc_hd__clkbuf_4)
                                                         net34 (net)
                      0.102094    0.001564    2.880121 v _536_/A (sky130_fd_sc_hd__nor2_4)
     4    0.016991    0.130161    0.169763    3.049884 ^ _536_/Y (sky130_fd_sc_hd__nor2_4)
                                                         _007_ (net)
                      0.130166    0.000626    3.050510 ^ _780_/C (sky130_fd_sc_hd__and3_1)
     2    0.007083    0.086861    0.198184    3.248694 ^ _780_/X (sky130_fd_sc_hd__and3_1)
                                                         _254_ (net)
                      0.086861    0.000086    3.248781 ^ rebuffer23/A (sky130_fd_sc_hd__dlymetal6s2s_1)
     1    0.005304    0.079134    0.127125    3.375906 ^ rebuffer23/X (sky130_fd_sc_hd__dlymetal6s2s_1)
                                                         net92 (net)
                      0.079134    0.000162    3.376068 ^ _805_/B1 (sky130_fd_sc_hd__a31oi_2)
     2    0.007286    0.093358    0.050256    3.426324 v _805_/Y (sky130_fd_sc_hd__a31oi_2)
                                                         _280_ (net)
                      0.093358    0.000177    3.426502 v _812_/A (sky130_fd_sc_hd__or3_1)
     2    0.005832    0.081621    0.402207    3.828709 v _812_/X (sky130_fd_sc_hd__or3_1)
                                                         _288_ (net)
                      0.081621    0.000113    3.828822 v _870_/A (sky130_fd_sc_hd__and3_1)
     2    0.004900    0.045732    0.165437    3.994259 v _870_/X (sky130_fd_sc_hd__and3_1)
                                                         _351_ (net)
                      0.045732    0.000075    3.994335 v _873_/B (sky130_fd_sc_hd__or3_1)
     3    0.007578    0.092254    0.376636    4.370970 v _873_/X (sky130_fd_sc_hd__or3_1)
                                                         _354_ (net)
                      0.092254    0.000202    4.371172 v _874_/B (sky130_fd_sc_hd__nand2_1)
     1    0.006868    0.079472    0.107645    4.478817 ^ _874_/Y (sky130_fd_sc_hd__nand2_1)
                                                         _355_ (net)
                      0.079472    0.000267    4.479084 ^ _876_/B (sky130_fd_sc_hd__xnor2_1)
     2    0.011095    0.278245    0.177630    4.656713 ^ _876_/Y (sky130_fd_sc_hd__xnor2_1)
                                                         _357_ (net)
                      0.278246    0.000476    4.657189 ^ _877_/A (sky130_fd_sc_hd__xnor2_1)
     2    0.004742    0.077151    0.129550    4.786739 v _877_/Y (sky130_fd_sc_hd__xnor2_1)
                                                         _358_ (net)
                      0.077151    0.000119    4.786859 v _878_/B (sky130_fd_sc_hd__or2_1)
     1    0.002861    0.048116    0.213745    5.000604 v _878_/X (sky130_fd_sc_hd__or2_1)
                                                         _359_ (net)
                      0.048116    0.000083    5.000686 v _885_/A2 (sky130_fd_sc_hd__a31o_1)
     1    0.002614    0.035825    0.198012    5.198698 v _885_/X (sky130_fd_sc_hd__a31o_1)
                                                         net27 (net)
                      0.035825    0.000076    5.198774 v output27/A (sky130_fd_sc_hd__clkbuf_4)
     1    0.034221    0.079625    0.178355    5.377129 v output27/X (sky130_fd_sc_hd__clkbuf_4)
                                                         op_out[6] (net)
                      0.079630    0.000704    5.377833 v op_out[6] (out)
                                              5.377833   data arrival time

                      0.000000   10.000000   10.000000   clock __VIRTUAL_CLK__ (rise edge)
                                  0.000000   10.000000   clock network delay (ideal)
                                 -0.250000    9.750000   clock uncertainty
                                  0.000000    9.750000   clock reconvergence pessimism
                                 -2.000000    7.750000   output external delay
                                              7.750000   data required time
---------------------------------------------------------------------------------------------
                                              7.750000   data required time
                                             -5.377833   data arrival time
---------------------------------------------------------------------------------------------
                                              2.372167   slack (MET)



