
===========================================================================
report_checks -unconstrained
===========================================================================
======================= min_ss_100C_1v60 Corner ===================================

Startpoint: op_b[6] (input port clocked by virtual_clk)
Endpoint: op_out[0] (output port clocked by virtual_clk)
Path Group: virtual_clk
Path Type: max

Fanout         Cap        Slew       Delay        Time   Description
---------------------------------------------------------------------------------------------
                      0.000000    0.000000    0.000000   clock virtual_clk (rise edge)
                                  0.000000    0.000000   clock network delay (ideal)
                                  2.000000    2.000000 v input external delay
     1    0.005057    0.000000    0.000000    2.000000 v op_b[6] (in)
                                                         op_b[6] (net)
                      0.000049    0.000025    2.000025 v input19/A (sky130_fd_sc_hd__buf_6)
     2    0.027415    0.069270    0.206808    2.206833 v input19/X (sky130_fd_sc_hd__buf_6)
                                                         net19 (net)
                      0.069270    0.000231    2.207064 v fanout33/A (sky130_fd_sc_hd__buf_12)
     6    0.026992    0.052664    0.230702    2.437766 v fanout33/X (sky130_fd_sc_hd__buf_12)
                                                         net33 (net)
                      0.052727    0.001249    2.439015 v _469_/B (sky130_fd_sc_hd__or4_4)
     5    0.018532    0.199623    1.090377    3.529392 v _469_/X (sky130_fd_sc_hd__or4_4)
                                                         _306_ (net)
                      0.199789    0.000348    3.529741 v _472_/A4 (sky130_fd_sc_hd__o41ai_4)
     3    0.008593    0.445989    0.444460    3.974201 ^ _472_/Y (sky130_fd_sc_hd__o41ai_4)
                                                         _338_ (net)
                      0.445989    0.000056    3.974256 ^ rebuffer29/A (sky130_fd_sc_hd__buf_1)
     2    0.008577    0.177167    0.352107    4.326363 ^ rebuffer29/X (sky130_fd_sc_hd__buf_1)
                                                         net69 (net)
                      0.177167    0.000063    4.326426 ^ rebuffer30/A (sky130_fd_sc_hd__dlygate4sd1_1)
     1    0.003713    0.076829    0.425820    4.752246 ^ rebuffer30/X (sky130_fd_sc_hd__dlygate4sd1_1)
                                                         net70 (net)
                      0.076829    0.000050    4.752295 ^ _477_/B1_N (sky130_fd_sc_hd__o21bai_1)
     3    0.010017    0.401289    0.260882    5.013177 ^ _477_/Y (sky130_fd_sc_hd__o21bai_1)
                                                         _392_ (net)
                      0.401289    0.000119    5.013297 ^ _491_/B (sky130_fd_sc_hd__nor2_1)
     2    0.008004    0.128916    0.232565    5.245861 v _491_/Y (sky130_fd_sc_hd__nor2_1)
                                                         _420_ (net)
                      0.128916    0.000099    5.245960 v _493_/B1 (sky130_fd_sc_hd__a211oi_2)
     3    0.011667    0.442969    0.505982    5.751942 ^ _493_/Y (sky130_fd_sc_hd__a211oi_2)
                                                         _422_ (net)
                      0.442969    0.000221    5.752163 ^ _502_/A2 (sky130_fd_sc_hd__o21ai_1)
     3    0.009425    0.200506    0.323052    6.075215 v _502_/Y (sky130_fd_sc_hd__o21ai_1)
                                                         _431_ (net)
                      0.200506    0.000084    6.075300 v _507_/A2 (sky130_fd_sc_hd__a31o_1)
     2    0.008330    0.111309    0.473382    6.548682 v _507_/X (sky130_fd_sc_hd__a31o_1)
                                                         _436_ (net)
                      0.111309    0.000069    6.548750 v _509_/A2 (sky130_fd_sc_hd__a211o_4)
     3    0.016005    0.105625    0.646982    7.195732 v _509_/X (sky130_fd_sc_hd__a211o_4)
                                                         _438_ (net)
                      0.105625    0.000140    7.195872 v _515_/A2 (sky130_fd_sc_hd__a21oi_4)
     8    0.037545    0.458038    0.482622    7.678493 ^ _515_/Y (sky130_fd_sc_hd__a21oi_4)
                                                         _444_ (net)
                      0.458040    0.000633    7.679127 ^ _524_/S (sky130_fd_sc_hd__mux2_4)
     2    0.007195    0.092631    0.693060    8.372187 v _524_/X (sky130_fd_sc_hd__mux2_4)
                                                         _453_ (net)
                      0.092631    0.000091    8.372278 v _539_/A1 (sky130_fd_sc_hd__a221o_1)
     3    0.010408    0.167278    0.671552    9.043830 v _539_/X (sky130_fd_sc_hd__a221o_1)
                                                         _010_ (net)
                      0.167278    0.000062    9.043892 v _544_/A2 (sky130_fd_sc_hd__a311o_1)
     5    0.014910    0.197408    0.745605    9.789496 v _544_/X (sky130_fd_sc_hd__a311o_1)
                                                         _015_ (net)
                      0.197408    0.000133    9.789630 v _579_/A1 (sky130_fd_sc_hd__a21o_1)
     2    0.004928    0.077471    0.359216   10.148846 v _579_/X (sky130_fd_sc_hd__a21o_1)
                                                         _050_ (net)
                      0.077471    0.000054   10.148900 v _583_/C (sky130_fd_sc_hd__and3_1)
     2    0.006230    0.098634    0.395437   10.544337 v _583_/X (sky130_fd_sc_hd__and3_1)
                                                         _054_ (net)
                      0.098634    0.000033   10.544370 v _585_/A (sky130_fd_sc_hd__or4_4)
     1    0.004089    0.150340    1.047914   11.592284 v _585_/X (sky130_fd_sc_hd__or4_4)
                                                         _056_ (net)
                      0.150340    0.000062   11.592346 v _586_/B (sky130_fd_sc_hd__or4b_4)
     1    0.008719    0.170207    1.073079   12.665424 v _586_/X (sky130_fd_sc_hd__or4b_4)
                                                         _057_ (net)
                      0.170207    0.000084   12.665509 v _590_/A2 (sky130_fd_sc_hd__a311oi_4)
     8    0.042404    0.877811    0.907116   13.572625 ^ _590_/Y (sky130_fd_sc_hd__a311oi_4)
                                                         _061_ (net)
                      0.877811    0.000589   13.573214 ^ _615_/S (sky130_fd_sc_hd__mux2_4)
     4    0.016952    0.117204    0.815909   14.389123 v _615_/X (sky130_fd_sc_hd__mux2_4)
                                                         _086_ (net)
                      0.117204    0.000350   14.389473 v _623_/A2 (sky130_fd_sc_hd__o22a_1)
     2    0.005193    0.112441    0.404507   14.793980 v _623_/X (sky130_fd_sc_hd__o22a_1)
                                                         _094_ (net)
                      0.112441    0.000029   14.794009 v _624_/B (sky130_fd_sc_hd__or4bb_4)
     5    0.026750    0.226530    1.160806   15.954815 v _624_/X (sky130_fd_sc_hd__or4bb_4)
                                                         _095_ (net)
                      0.226530    0.000417   15.955233 v _628_/A2 (sky130_fd_sc_hd__a21oi_4)
     6    0.027136    0.355308    0.458746   16.413979 ^ _628_/Y (sky130_fd_sc_hd__a21oi_4)
                                                         _099_ (net)
                      0.355308    0.000457   16.414434 ^ _665_/S (sky130_fd_sc_hd__mux2_1)
     3    0.008147    0.165646    0.861993   17.276428 v _665_/X (sky130_fd_sc_hd__mux2_1)
                                                         _136_ (net)
                      0.165646    0.000023   17.276451 v _669_/A2 (sky130_fd_sc_hd__a21o_1)
     1    0.002612    0.058160    0.351196   17.627647 v _669_/X (sky130_fd_sc_hd__a21o_1)
                                                         _140_ (net)
                      0.058160    0.000023   17.627670 v _671_/A1 (sky130_fd_sc_hd__o211a_1)
     1    0.003893    0.081676    0.409324   18.036995 v _671_/X (sky130_fd_sc_hd__o211a_1)
                                                         _142_ (net)
                      0.081676    0.000055   18.037050 v _672_/B2 (sky130_fd_sc_hd__o221a_1)
     1    0.002710    0.093402    0.394889   18.431940 v _672_/X (sky130_fd_sc_hd__o221a_1)
                                                         _143_ (net)
                      0.093402    0.000025   18.431965 v _675_/A1 (sky130_fd_sc_hd__o21a_1)
     1    0.002999    0.066689    0.345352   18.777317 v _675_/X (sky130_fd_sc_hd__o21a_1)
                                                         _146_ (net)
                      0.066689    0.000030   18.777346 v _679_/A2 (sky130_fd_sc_hd__o21a_1)
     1    0.006635    0.098497    0.341620   19.118967 v _679_/X (sky130_fd_sc_hd__o21a_1)
                                                         _150_ (net)
                      0.098497    0.000165   19.119131 v _700_/B (sky130_fd_sc_hd__or3_4)
     1    0.004059    0.115879    0.717975   19.837107 v _700_/X (sky130_fd_sc_hd__or3_4)
                                                         net21 (net)
                      0.115879    0.000062   19.837170 v output21/A (sky130_fd_sc_hd__clkbuf_1)
     1    0.001831    0.041172    0.172260   20.009430 v output21/X (sky130_fd_sc_hd__clkbuf_1)
                                                         op_out[0] (net)
                      0.041172    0.000018   20.009447 v op_out[0] (out)
                                             20.009447   data arrival time

                      0.000000   20.000000   20.000000   clock virtual_clk (rise edge)
                                  0.000000   20.000000   clock network delay (ideal)
                                  0.000000   20.000000   clock reconvergence pessimism
                                 -2.000000   18.000000   output external delay
                                             18.000000   data required time
---------------------------------------------------------------------------------------------
                                             18.000000   data required time
                                            -20.009447   data arrival time
---------------------------------------------------------------------------------------------
                                             -2.009447   slack (VIOLATED)




===========================================================================
report_checks --slack_max -0.01
============================================================================
======================= min_ss_100C_1v60 Corner ===================================

Startpoint: op_b[6] (input port clocked by virtual_clk)
Endpoint: op_out[0] (output port clocked by virtual_clk)
Path Group: virtual_clk
Path Type: max

Fanout         Cap        Slew       Delay        Time   Description
---------------------------------------------------------------------------------------------
                      0.000000    0.000000    0.000000   clock virtual_clk (rise edge)
                                  0.000000    0.000000   clock network delay (ideal)
                                  2.000000    2.000000 v input external delay
     1    0.005057    0.000000    0.000000    2.000000 v op_b[6] (in)
                                                         op_b[6] (net)
                      0.000049    0.000025    2.000025 v input19/A (sky130_fd_sc_hd__buf_6)
     2    0.027415    0.069270    0.206808    2.206833 v input19/X (sky130_fd_sc_hd__buf_6)
                                                         net19 (net)
                      0.069270    0.000231    2.207064 v fanout33/A (sky130_fd_sc_hd__buf_12)
     6    0.026992    0.052664    0.230702    2.437766 v fanout33/X (sky130_fd_sc_hd__buf_12)
                                                         net33 (net)
                      0.052727    0.001249    2.439015 v _469_/B (sky130_fd_sc_hd__or4_4)
     5    0.018532    0.199623    1.090377    3.529392 v _469_/X (sky130_fd_sc_hd__or4_4)
                                                         _306_ (net)
                      0.199789    0.000348    3.529741 v _472_/A4 (sky130_fd_sc_hd__o41ai_4)
     3    0.008593    0.445989    0.444460    3.974201 ^ _472_/Y (sky130_fd_sc_hd__o41ai_4)
                                                         _338_ (net)
                      0.445989    0.000056    3.974256 ^ rebuffer29/A (sky130_fd_sc_hd__buf_1)
     2    0.008577    0.177167    0.352107    4.326363 ^ rebuffer29/X (sky130_fd_sc_hd__buf_1)
                                                         net69 (net)
                      0.177167    0.000063    4.326426 ^ rebuffer30/A (sky130_fd_sc_hd__dlygate4sd1_1)
     1    0.003713    0.076829    0.425820    4.752246 ^ rebuffer30/X (sky130_fd_sc_hd__dlygate4sd1_1)
                                                         net70 (net)
                      0.076829    0.000050    4.752295 ^ _477_/B1_N (sky130_fd_sc_hd__o21bai_1)
     3    0.010017    0.401289    0.260882    5.013177 ^ _477_/Y (sky130_fd_sc_hd__o21bai_1)
                                                         _392_ (net)
                      0.401289    0.000119    5.013297 ^ _491_/B (sky130_fd_sc_hd__nor2_1)
     2    0.008004    0.128916    0.232565    5.245861 v _491_/Y (sky130_fd_sc_hd__nor2_1)
                                                         _420_ (net)
                      0.128916    0.000099    5.245960 v _493_/B1 (sky130_fd_sc_hd__a211oi_2)
     3    0.011667    0.442969    0.505982    5.751942 ^ _493_/Y (sky130_fd_sc_hd__a211oi_2)
                                                         _422_ (net)
                      0.442969    0.000221    5.752163 ^ _502_/A2 (sky130_fd_sc_hd__o21ai_1)
     3    0.009425    0.200506    0.323052    6.075215 v _502_/Y (sky130_fd_sc_hd__o21ai_1)
                                                         _431_ (net)
                      0.200506    0.000084    6.075300 v _507_/A2 (sky130_fd_sc_hd__a31o_1)
     2    0.008330    0.111309    0.473382    6.548682 v _507_/X (sky130_fd_sc_hd__a31o_1)
                                                         _436_ (net)
                      0.111309    0.000069    6.548750 v _509_/A2 (sky130_fd_sc_hd__a211o_4)
     3    0.016005    0.105625    0.646982    7.195732 v _509_/X (sky130_fd_sc_hd__a211o_4)
                                                         _438_ (net)
                      0.105625    0.000140    7.195872 v _515_/A2 (sky130_fd_sc_hd__a21oi_4)
     8    0.037545    0.458038    0.482622    7.678493 ^ _515_/Y (sky130_fd_sc_hd__a21oi_4)
                                                         _444_ (net)
                      0.458040    0.000633    7.679127 ^ _524_/S (sky130_fd_sc_hd__mux2_4)
     2    0.007195    0.092631    0.693060    8.372187 v _524_/X (sky130_fd_sc_hd__mux2_4)
                                                         _453_ (net)
                      0.092631    0.000091    8.372278 v _539_/A1 (sky130_fd_sc_hd__a221o_1)
     3    0.010408    0.167278    0.671552    9.043830 v _539_/X (sky130_fd_sc_hd__a221o_1)
                                                         _010_ (net)
                      0.167278    0.000062    9.043892 v _544_/A2 (sky130_fd_sc_hd__a311o_1)
     5    0.014910    0.197408    0.745605    9.789496 v _544_/X (sky130_fd_sc_hd__a311o_1)
                                                         _015_ (net)
                      0.197408    0.000133    9.789630 v _579_/A1 (sky130_fd_sc_hd__a21o_1)
     2    0.004928    0.077471    0.359216   10.148846 v _579_/X (sky130_fd_sc_hd__a21o_1)
                                                         _050_ (net)
                      0.077471    0.000054   10.148900 v _583_/C (sky130_fd_sc_hd__and3_1)
     2    0.006230    0.098634    0.395437   10.544337 v _583_/X (sky130_fd_sc_hd__and3_1)
                                                         _054_ (net)
                      0.098634    0.000033   10.544370 v _585_/A (sky130_fd_sc_hd__or4_4)
     1    0.004089    0.150340    1.047914   11.592284 v _585_/X (sky130_fd_sc_hd__or4_4)
                                                         _056_ (net)
                      0.150340    0.000062   11.592346 v _586_/B (sky130_fd_sc_hd__or4b_4)
     1    0.008719    0.170207    1.073079   12.665424 v _586_/X (sky130_fd_sc_hd__or4b_4)
                                                         _057_ (net)
                      0.170207    0.000084   12.665509 v _590_/A2 (sky130_fd_sc_hd__a311oi_4)
     8    0.042404    0.877811    0.907116   13.572625 ^ _590_/Y (sky130_fd_sc_hd__a311oi_4)
                                                         _061_ (net)
                      0.877811    0.000589   13.573214 ^ _615_/S (sky130_fd_sc_hd__mux2_4)
     4    0.016952    0.117204    0.815909   14.389123 v _615_/X (sky130_fd_sc_hd__mux2_4)
                                                         _086_ (net)
                      0.117204    0.000350   14.389473 v _623_/A2 (sky130_fd_sc_hd__o22a_1)
     2    0.005193    0.112441    0.404507   14.793980 v _623_/X (sky130_fd_sc_hd__o22a_1)
                                                         _094_ (net)
                      0.112441    0.000029   14.794009 v _624_/B (sky130_fd_sc_hd__or4bb_4)
     5    0.026750    0.226530    1.160806   15.954815 v _624_/X (sky130_fd_sc_hd__or4bb_4)
                                                         _095_ (net)
                      0.226530    0.000417   15.955233 v _628_/A2 (sky130_fd_sc_hd__a21oi_4)
     6    0.027136    0.355308    0.458746   16.413979 ^ _628_/Y (sky130_fd_sc_hd__a21oi_4)
                                                         _099_ (net)
                      0.355308    0.000457   16.414434 ^ _665_/S (sky130_fd_sc_hd__mux2_1)
     3    0.008147    0.165646    0.861993   17.276428 v _665_/X (sky130_fd_sc_hd__mux2_1)
                                                         _136_ (net)
                      0.165646    0.000023   17.276451 v _669_/A2 (sky130_fd_sc_hd__a21o_1)
     1    0.002612    0.058160    0.351196   17.627647 v _669_/X (sky130_fd_sc_hd__a21o_1)
                                                         _140_ (net)
                      0.058160    0.000023   17.627670 v _671_/A1 (sky130_fd_sc_hd__o211a_1)
     1    0.003893    0.081676    0.409324   18.036995 v _671_/X (sky130_fd_sc_hd__o211a_1)
                                                         _142_ (net)
                      0.081676    0.000055   18.037050 v _672_/B2 (sky130_fd_sc_hd__o221a_1)
     1    0.002710    0.093402    0.394889   18.431940 v _672_/X (sky130_fd_sc_hd__o221a_1)
                                                         _143_ (net)
                      0.093402    0.000025   18.431965 v _675_/A1 (sky130_fd_sc_hd__o21a_1)
     1    0.002999    0.066689    0.345352   18.777317 v _675_/X (sky130_fd_sc_hd__o21a_1)
                                                         _146_ (net)
                      0.066689    0.000030   18.777346 v _679_/A2 (sky130_fd_sc_hd__o21a_1)
     1    0.006635    0.098497    0.341620   19.118967 v _679_/X (sky130_fd_sc_hd__o21a_1)
                                                         _150_ (net)
                      0.098497    0.000165   19.119131 v _700_/B (sky130_fd_sc_hd__or3_4)
     1    0.004059    0.115879    0.717975   19.837107 v _700_/X (sky130_fd_sc_hd__or3_4)
                                                         net21 (net)
                      0.115879    0.000062   19.837170 v output21/A (sky130_fd_sc_hd__clkbuf_1)
     1    0.001831    0.041172    0.172260   20.009430 v output21/X (sky130_fd_sc_hd__clkbuf_1)
                                                         op_out[0] (net)
                      0.041172    0.000018   20.009447 v op_out[0] (out)
                                             20.009447   data arrival time

                      0.000000   20.000000   20.000000   clock virtual_clk (rise edge)
                                  0.000000   20.000000   clock network delay (ideal)
                                  0.000000   20.000000   clock reconvergence pessimism
                                 -2.000000   18.000000   output external delay
                                             18.000000   data required time
---------------------------------------------------------------------------------------------
                                             18.000000   data required time
                                            -20.009447   data arrival time
---------------------------------------------------------------------------------------------
                                             -2.009447   slack (VIOLATED)




===========================================================================
 report_check_types -max_slew -max_cap -max_fanout -violators
============================================================================
======================= min_ss_100C_1v60 Corner ===================================

max fanout

Pin                                   Limit Fanout  Slack
---------------------------------------------------------
input20/X                                16     17        (VIOLATED)



===========================================================================
report_parasitic_annotation -report_unannotated
============================================================================
Found 0 unannotated drivers.
Found 0 partially unannotated drivers.

===========================================================================
max slew violation count 0
max fanout violation count 1
max cap violation count 0
============================================================================

===========================================================================
check_setup -verbose -unconstrained_endpoints -multiple_clock -no_clock -no_input_delay -loops -generated_clocks
===========================================================================
