Reading timing models for corner nom_tt_025C_1v80…
Reading timing library for the 'nom_tt_025C_1v80' corner at '/home/letienthanh/.volare/volare/sky130/versions/0fe599b2afb6708d281543108caf8310912f54af/sky130A/libs.ref/sky130_fd_sc_hd/lib/sky130_fd_sc_hd__tt_025C_1v80.lib'…
Reading timing models for corner nom_ff_n40C_1v95…
Reading timing library for the 'nom_ff_n40C_1v95' corner at '/home/letienthanh/.volare/volare/sky130/versions/0fe599b2afb6708d281543108caf8310912f54af/sky130A/libs.ref/sky130_fd_sc_hd/lib/sky130_fd_sc_hd__ff_n40C_1v95.lib'…
Reading timing models for corner nom_ss_100C_1v60…
Reading timing library for the 'nom_ss_100C_1v60' corner at '/home/letienthanh/.volare/volare/sky130/versions/0fe599b2afb6708d281543108caf8310912f54af/sky130A/libs.ref/sky130_fd_sc_hd/lib/sky130_fd_sc_hd__ss_100C_1v60.lib'…
Reading OpenROAD database at '/home/letienthanh/8bitalu/runs/RUN_2026-08-05_11-53-42/33-openroad-detailedplacement/alu8bit.odb'…
Reading design constraints file at '/nix/store/ss2cw3sxbrwwx9jl0rrppbw4kgcmgi2n-python3-3.11.9-env/lib/python3.11/site-packages/openlane/scripts/base.sdc'…
[WARNING STA-0366] port '__VIRTUAL_CLK__' not found.
[INFO] Using clock __VIRTUAL_CLK__…
[INFO] Setting output delay to: 0
[INFO] Setting input delay to: 0
[WARNING STA-0366] port '__VIRTUAL_CLK__' not found.
[INFO] Setting load to: 0.033442
[INFO] Setting clock uncertainty to: 0.25
[INFO] Setting clock transition to: 0.1499999999999999944488848768742172978818416595458984375
[WARNING STA-0419] transition time can not be specified for virtual clocks.
[INFO] Setting timing derate to: 5%
[WARNING STA-0450] virtual clock __VIRTUAL_CLK__ can not be propagated.
[WARNING STA-0450] virtual clock __VIRTUAL_CLK__ can not be propagated.
[INFO] Setting RC values…
[INFO RSZ-0094] Found 1 endpoints with setup violations.
[INFO RSZ-0099] Repairing 1 out of 1 (100.00%) violating endpoints...
   Iter   | Removed | Resized | Inserted | Cloned |  Pin  |    WNS   |   TNS      |  Viol  | Worst
          | Buffers |  Gates  | Buffers  |  Gates | Swaps |          |            | Endpts | Endpt
---------------------------------------------------------------------------------------------------
        0 |       0 |       0 |        0 |      0 |     0 |   -0.539 |       -0.5 |      1 | op_out[0]
       10 |       0 |       5 |        2 |      0 |     3 |   -0.170 |       -0.2 |      1 | op_out[0]
       13 |       0 |       7 |        2 |      0 |     4 |    0.307 |        0.0 |      0 | op_out[0]
    final |       0 |       7 |        2 |      0 |     4 |    0.307 |        0.0 |      0 | op_out[0]
---------------------------------------------------------------------------------------------------
[INFO RSZ-0040] Inserted 1 buffers.
[INFO RSZ-0041] Resized 7 instances.
[INFO RSZ-0043] Swapped pins on 4 instances.
[INFO RSZ-0033] No hold violations found.
Placement Analysis
---------------------------------
total displacement         24.7 u
average displacement        0.0 u
max displacement            3.2 u
original HPWL           10629.0 u
legalized HPWL          11011.2 u
delta HPWL                    4 %

[INFO DPL-0020] Mirrored 242 instances
[INFO DPL-0021] HPWL before           11011.2 u
[INFO DPL-0022] HPWL after            10668.3 u
[INFO DPL-0023] HPWL delta               -3.1 %
[INFO] Setting RC values…
Setting global connections for newly added cells…
[INFO] Setting global connections...
Updating metrics…
Cell type report:                       Count       Area
  Fill cell                                88     330.32
  Tap cell                                207     259.00
  Timing Repair Buffer                     70     405.39
  Inverter                                 19      71.32
  Multi-Input combinational cell          447    3256.87
  Total                                   831    4322.90
Writing OpenROAD database to '/home/letienthanh/8bitalu/runs/RUN_2026-08-05_11-53-42/36-openroad-resizertimingpostcts/alu8bit.odb'…
Writing netlist to '/home/letienthanh/8bitalu/runs/RUN_2026-08-05_11-53-42/36-openroad-resizertimingpostcts/alu8bit.nl.v'…
Writing powered netlist to '/home/letienthanh/8bitalu/runs/RUN_2026-08-05_11-53-42/36-openroad-resizertimingpostcts/alu8bit.pnl.v'…
Writing layout to '/home/letienthanh/8bitalu/runs/RUN_2026-08-05_11-53-42/36-openroad-resizertimingpostcts/alu8bit.def'…
Writing timing constraints to '/home/letienthanh/8bitalu/runs/RUN_2026-08-05_11-53-42/36-openroad-resizertimingpostcts/alu8bit.sdc'…
