
===========================================================================
report_checks -unconstrained
===========================================================================
======================= min_tt_025C_1v80 Corner ===================================

Startpoint: op_b[7] (input port clocked by __VIRTUAL_CLK__)
Endpoint: op_out[0] (output port clocked by __VIRTUAL_CLK__)
Path Group: __VIRTUAL_CLK__
Path Type: max

Fanout         Cap        Slew       Delay        Time   Description
---------------------------------------------------------------------------------------------
                      0.000000    0.000000    0.000000   clock __VIRTUAL_CLK__ (rise edge)
                                  0.000000    0.000000   clock network delay (ideal)
                                  2.000000    2.000000 v input external delay
     1    0.002596    0.008161    0.004073    2.004073 v op_b[7] (in)
                                                         op_b[7] (net)
                      0.008161    0.000000    2.004073 v input20/A (sky130_fd_sc_hd__clkbuf_1)
     3    0.022194    0.132082    0.155798    2.159871 v input20/X (sky130_fd_sc_hd__clkbuf_1)
                                                         net20 (net)
                      0.132082    0.000448    2.160319 v fanout48/A (sky130_fd_sc_hd__buf_6)
     5    0.030538    0.041093    0.173413    2.333732 v fanout48/X (sky130_fd_sc_hd__buf_6)
                                                         net48 (net)
                      0.041122    0.000990    2.334722 v _469_/C (sky130_fd_sc_hd__or4_4)
     6    0.024877    0.119042    0.533977    2.868699 v _469_/X (sky130_fd_sc_hd__or4_4)
                                                         _306_ (net)
                      0.119042    0.000199    2.868899 v _474_/B1 (sky130_fd_sc_hd__a211o_1)
     3    0.007608    0.070862    0.317368    3.186266 v _474_/X (sky130_fd_sc_hd__a211o_1)
                                                         _360_ (net)
                      0.070862    0.000056    3.186322 v _481_/B1 (sky130_fd_sc_hd__a211o_1)
     4    0.011649    0.086726    0.320421    3.506743 v _481_/X (sky130_fd_sc_hd__a211o_1)
                                                         _410_ (net)
                      0.086726    0.000103    3.506846 v _484_/A1 (sky130_fd_sc_hd__a21o_1)
     4    0.013701    0.077238    0.213303    3.720149 v _484_/X (sky130_fd_sc_hd__a21o_1)
                                                         _413_ (net)
                      0.077238    0.000048    3.720197 v _494_/A2 (sky130_fd_sc_hd__a211o_1)
     3    0.011084    0.084512    0.343823    4.064020 v _494_/X (sky130_fd_sc_hd__a211o_1)
                                                         _423_ (net)
                      0.084512    0.000063    4.064084 v _496_/B1 (sky130_fd_sc_hd__a22o_1)
     3    0.011138    0.076439    0.230690    4.294774 v _496_/X (sky130_fd_sc_hd__a22o_1)
                                                         _425_ (net)
                      0.076439    0.000229    4.295002 v _499_/A (sky130_fd_sc_hd__and3_1)
     3    0.011798    0.074282    0.192966    4.487968 v _499_/X (sky130_fd_sc_hd__and3_1)
                                                         _428_ (net)
                      0.074282    0.000070    4.488039 v _509_/C1 (sky130_fd_sc_hd__a211o_4)
     3    0.015445    0.067097    0.296607    4.784646 v _509_/X (sky130_fd_sc_hd__a211o_4)
                                                         _438_ (net)
                      0.067097    0.000213    4.784859 v _515_/A2 (sky130_fd_sc_hd__a21oi_4)
     8    0.042987    0.325817    0.320141    5.105000 ^ _515_/Y (sky130_fd_sc_hd__a21oi_4)
                                                         _444_ (net)
                      0.325821    0.000882    5.105882 ^ _524_/S (sky130_fd_sc_hd__mux2_4)
     2    0.007119    0.055684    0.343082    5.448964 v _524_/X (sky130_fd_sc_hd__mux2_4)
                                                         _453_ (net)
                      0.055684    0.000093    5.449058 v _539_/A1 (sky130_fd_sc_hd__a221o_1)
     3    0.009956    0.086620    0.356303    5.805360 v _539_/X (sky130_fd_sc_hd__a221o_1)
                                                         _010_ (net)
                      0.086620    0.000101    5.805461 v _544_/A2 (sky130_fd_sc_hd__a311o_1)
     3    0.009110    0.083468    0.360141    6.165602 v _544_/X (sky130_fd_sc_hd__a311o_1)
                                                         _015_ (net)
                      0.083468    0.000089    6.165691 v _579_/A1 (sky130_fd_sc_hd__a21o_1)
     3    0.008150    0.056299    0.190798    6.356488 v _579_/X (sky130_fd_sc_hd__a21o_1)
                                                         _050_ (net)
                      0.056299    0.000098    6.356586 v _583_/B (sky130_fd_sc_hd__and3_1)
     2    0.005301    0.047419    0.176215    6.532802 v _583_/X (sky130_fd_sc_hd__and3_1)
                                                         _054_ (net)
                      0.047419    0.000041    6.532843 v _585_/A (sky130_fd_sc_hd__or4_4)
     1    0.003615    0.081068    0.521121    7.053964 v _585_/X (sky130_fd_sc_hd__or4_4)
                                                         _056_ (net)
                      0.081068    0.000044    7.054008 v _586_/B (sky130_fd_sc_hd__or4b_4)
     1    0.009045    0.092547    0.536555    7.590564 v _586_/X (sky130_fd_sc_hd__or4b_4)
                                                         _057_ (net)
                      0.092547    0.000100    7.590664 v _590_/A2 (sky130_fd_sc_hd__a311oi_4)
     4    0.016666    0.321254    0.355082    7.945746 ^ _590_/Y (sky130_fd_sc_hd__a311oi_4)
                                                         _061_ (net)
                      0.321254    0.000308    7.946055 ^ max_cap30/A (sky130_fd_sc_hd__buf_6)
     5    0.025975    0.064771    0.178312    8.124367 ^ max_cap30/X (sky130_fd_sc_hd__buf_6)
                                                         net30 (net)
                      0.064771    0.000136    8.124503 ^ _619_/S (sky130_fd_sc_hd__mux2_4)
     5    0.020548    0.074374    0.335027    8.459530 v _619_/X (sky130_fd_sc_hd__mux2_4)
                                                         _090_ (net)
                      0.074374    0.000250    8.459781 v _623_/B2 (sky130_fd_sc_hd__o22a_1)
     2    0.005734    0.057990    0.182023    8.641804 v _623_/X (sky130_fd_sc_hd__o22a_1)
                                                         _094_ (net)
                      0.057990    0.000036    8.641839 v _624_/A (sky130_fd_sc_hd__or4bb_4)
     4    0.019897    0.113716    0.584497    9.226336 v _624_/X (sky130_fd_sc_hd__or4bb_4)
                                                         _095_ (net)
                      0.113716    0.000104    9.226440 v _628_/A2 (sky130_fd_sc_hd__a21oi_4)
     4    0.021638    0.193580    0.240949    9.467389 ^ _628_/Y (sky130_fd_sc_hd__a21oi_4)
                                                         _099_ (net)
                      0.193580    0.000266    9.467654 ^ fanout29/A (sky130_fd_sc_hd__buf_6)
     5    0.027768    0.066088    0.157565    9.625219 ^ fanout29/X (sky130_fd_sc_hd__buf_6)
                                                         net29 (net)
                      0.066096    0.000767    9.625986 ^ _665_/S (sky130_fd_sc_hd__mux2_4)
     3    0.008202    0.056943    0.307900    9.933887 v _665_/X (sky130_fd_sc_hd__mux2_4)
                                                         _136_ (net)
                      0.056943    0.000020    9.933907 v _669_/A2 (sky130_fd_sc_hd__a21o_1)
     1    0.003343    0.035590    0.178847   10.112754 v _669_/X (sky130_fd_sc_hd__a21o_1)
                                                         _140_ (net)
                      0.035590    0.000036   10.112790 v _671_/A1 (sky130_fd_sc_hd__o211a_1)
     1    0.002849    0.038626    0.212114   10.324903 v _671_/X (sky130_fd_sc_hd__o211a_1)
                                                         _142_ (net)
                      0.038626    0.000028   10.324931 v _672_/B2 (sky130_fd_sc_hd__o221a_1)
     1    0.003503    0.049458    0.203293   10.528225 v _672_/X (sky130_fd_sc_hd__o221a_1)
                                                         _143_ (net)
                      0.049458    0.000044   10.528269 v _675_/A2 (sky130_fd_sc_hd__o21a_1)
     1    0.002427    0.034166    0.161219   10.689487 v _675_/X (sky130_fd_sc_hd__o21a_1)
                                                         _146_ (net)
                      0.034166    0.000010   10.689498 v _679_/A2 (sky130_fd_sc_hd__o21a_1)
     1    0.007241    0.055604    0.181359   10.870856 v _679_/X (sky130_fd_sc_hd__o21a_1)
                                                         _150_ (net)
                      0.055604    0.000205   10.871061 v _700_/C (sky130_fd_sc_hd__or3_4)
     1    0.009097    0.073338    0.339723   11.210785 v _700_/X (sky130_fd_sc_hd__or3_4)
                                                         net21 (net)
                      0.073338    0.000183   11.210968 v output21/A (sky130_fd_sc_hd__buf_8)
     1    0.034619    0.040035    0.146662   11.357630 v output21/X (sky130_fd_sc_hd__buf_8)
                                                         op_out[0] (net)
                      0.040040    0.000458   11.358088 v op_out[0] (out)
                                             11.358088   data arrival time

                      0.000000   10.000000   10.000000   clock __VIRTUAL_CLK__ (rise edge)
                                  0.000000   10.000000   clock network delay (ideal)
                                 -0.250000    9.750000   clock uncertainty
                                  0.000000    9.750000   clock reconvergence pessimism
                                 -2.000000    7.750000   output external delay
                                              7.750000   data required time
---------------------------------------------------------------------------------------------
                                              7.750000   data required time
                                            -11.358088   data arrival time
---------------------------------------------------------------------------------------------
                                             -3.608088   slack (VIOLATED)




===========================================================================
report_checks --slack_max -0.01
============================================================================
======================= min_tt_025C_1v80 Corner ===================================

Startpoint: op_b[7] (input port clocked by __VIRTUAL_CLK__)
Endpoint: op_out[0] (output port clocked by __VIRTUAL_CLK__)
Path Group: __VIRTUAL_CLK__
Path Type: max

Fanout         Cap        Slew       Delay        Time   Description
---------------------------------------------------------------------------------------------
                      0.000000    0.000000    0.000000   clock __VIRTUAL_CLK__ (rise edge)
                                  0.000000    0.000000   clock network delay (ideal)
                                  2.000000    2.000000 v input external delay
     1    0.002596    0.008161    0.004073    2.004073 v op_b[7] (in)
                                                         op_b[7] (net)
                      0.008161    0.000000    2.004073 v input20/A (sky130_fd_sc_hd__clkbuf_1)
     3    0.022194    0.132082    0.155798    2.159871 v input20/X (sky130_fd_sc_hd__clkbuf_1)
                                                         net20 (net)
                      0.132082    0.000448    2.160319 v fanout48/A (sky130_fd_sc_hd__buf_6)
     5    0.030538    0.041093    0.173413    2.333732 v fanout48/X (sky130_fd_sc_hd__buf_6)
                                                         net48 (net)
                      0.041122    0.000990    2.334722 v _469_/C (sky130_fd_sc_hd__or4_4)
     6    0.024877    0.119042    0.533977    2.868699 v _469_/X (sky130_fd_sc_hd__or4_4)
                                                         _306_ (net)
                      0.119042    0.000199    2.868899 v _474_/B1 (sky130_fd_sc_hd__a211o_1)
     3    0.007608    0.070862    0.317368    3.186266 v _474_/X (sky130_fd_sc_hd__a211o_1)
                                                         _360_ (net)
                      0.070862    0.000056    3.186322 v _481_/B1 (sky130_fd_sc_hd__a211o_1)
     4    0.011649    0.086726    0.320421    3.506743 v _481_/X (sky130_fd_sc_hd__a211o_1)
                                                         _410_ (net)
                      0.086726    0.000103    3.506846 v _484_/A1 (sky130_fd_sc_hd__a21o_1)
     4    0.013701    0.077238    0.213303    3.720149 v _484_/X (sky130_fd_sc_hd__a21o_1)
                                                         _413_ (net)
                      0.077238    0.000048    3.720197 v _494_/A2 (sky130_fd_sc_hd__a211o_1)
     3    0.011084    0.084512    0.343823    4.064020 v _494_/X (sky130_fd_sc_hd__a211o_1)
                                                         _423_ (net)
                      0.084512    0.000063    4.064084 v _496_/B1 (sky130_fd_sc_hd__a22o_1)
     3    0.011138    0.076439    0.230690    4.294774 v _496_/X (sky130_fd_sc_hd__a22o_1)
                                                         _425_ (net)
                      0.076439    0.000229    4.295002 v _499_/A (sky130_fd_sc_hd__and3_1)
     3    0.011798    0.074282    0.192966    4.487968 v _499_/X (sky130_fd_sc_hd__and3_1)
                                                         _428_ (net)
                      0.074282    0.000070    4.488039 v _509_/C1 (sky130_fd_sc_hd__a211o_4)
     3    0.015445    0.067097    0.296607    4.784646 v _509_/X (sky130_fd_sc_hd__a211o_4)
                                                         _438_ (net)
                      0.067097    0.000213    4.784859 v _515_/A2 (sky130_fd_sc_hd__a21oi_4)
     8    0.042987    0.325817    0.320141    5.105000 ^ _515_/Y (sky130_fd_sc_hd__a21oi_4)
                                                         _444_ (net)
                      0.325821    0.000882    5.105882 ^ _524_/S (sky130_fd_sc_hd__mux2_4)
     2    0.007119    0.055684    0.343082    5.448964 v _524_/X (sky130_fd_sc_hd__mux2_4)
                                                         _453_ (net)
                      0.055684    0.000093    5.449058 v _539_/A1 (sky130_fd_sc_hd__a221o_1)
     3    0.009956    0.086620    0.356303    5.805360 v _539_/X (sky130_fd_sc_hd__a221o_1)
                                                         _010_ (net)
                      0.086620    0.000101    5.805461 v _544_/A2 (sky130_fd_sc_hd__a311o_1)
     3    0.009110    0.083468    0.360141    6.165602 v _544_/X (sky130_fd_sc_hd__a311o_1)
                                                         _015_ (net)
                      0.083468    0.000089    6.165691 v _579_/A1 (sky130_fd_sc_hd__a21o_1)
     3    0.008150    0.056299    0.190798    6.356488 v _579_/X (sky130_fd_sc_hd__a21o_1)
                                                         _050_ (net)
                      0.056299    0.000098    6.356586 v _583_/B (sky130_fd_sc_hd__and3_1)
     2    0.005301    0.047419    0.176215    6.532802 v _583_/X (sky130_fd_sc_hd__and3_1)
                                                         _054_ (net)
                      0.047419    0.000041    6.532843 v _585_/A (sky130_fd_sc_hd__or4_4)
     1    0.003615    0.081068    0.521121    7.053964 v _585_/X (sky130_fd_sc_hd__or4_4)
                                                         _056_ (net)
                      0.081068    0.000044    7.054008 v _586_/B (sky130_fd_sc_hd__or4b_4)
     1    0.009045    0.092547    0.536555    7.590564 v _586_/X (sky130_fd_sc_hd__or4b_4)
                                                         _057_ (net)
                      0.092547    0.000100    7.590664 v _590_/A2 (sky130_fd_sc_hd__a311oi_4)
     4    0.016666    0.321254    0.355082    7.945746 ^ _590_/Y (sky130_fd_sc_hd__a311oi_4)
                                                         _061_ (net)
                      0.321254    0.000308    7.946055 ^ max_cap30/A (sky130_fd_sc_hd__buf_6)
     5    0.025975    0.064771    0.178312    8.124367 ^ max_cap30/X (sky130_fd_sc_hd__buf_6)
                                                         net30 (net)
                      0.064771    0.000136    8.124503 ^ _619_/S (sky130_fd_sc_hd__mux2_4)
     5    0.020548    0.074374    0.335027    8.459530 v _619_/X (sky130_fd_sc_hd__mux2_4)
                                                         _090_ (net)
                      0.074374    0.000250    8.459781 v _623_/B2 (sky130_fd_sc_hd__o22a_1)
     2    0.005734    0.057990    0.182023    8.641804 v _623_/X (sky130_fd_sc_hd__o22a_1)
                                                         _094_ (net)
                      0.057990    0.000036    8.641839 v _624_/A (sky130_fd_sc_hd__or4bb_4)
     4    0.019897    0.113716    0.584497    9.226336 v _624_/X (sky130_fd_sc_hd__or4bb_4)
                                                         _095_ (net)
                      0.113716    0.000104    9.226440 v _628_/A2 (sky130_fd_sc_hd__a21oi_4)
     4    0.021638    0.193580    0.240949    9.467389 ^ _628_/Y (sky130_fd_sc_hd__a21oi_4)
                                                         _099_ (net)
                      0.193580    0.000266    9.467654 ^ fanout29/A (sky130_fd_sc_hd__buf_6)
     5    0.027768    0.066088    0.157565    9.625219 ^ fanout29/X (sky130_fd_sc_hd__buf_6)
                                                         net29 (net)
                      0.066096    0.000767    9.625986 ^ _665_/S (sky130_fd_sc_hd__mux2_4)
     3    0.008202    0.056943    0.307900    9.933887 v _665_/X (sky130_fd_sc_hd__mux2_4)
                                                         _136_ (net)
                      0.056943    0.000020    9.933907 v _669_/A2 (sky130_fd_sc_hd__a21o_1)
     1    0.003343    0.035590    0.178847   10.112754 v _669_/X (sky130_fd_sc_hd__a21o_1)
                                                         _140_ (net)
                      0.035590    0.000036   10.112790 v _671_/A1 (sky130_fd_sc_hd__o211a_1)
     1    0.002849    0.038626    0.212114   10.324903 v _671_/X (sky130_fd_sc_hd__o211a_1)
                                                         _142_ (net)
                      0.038626    0.000028   10.324931 v _672_/B2 (sky130_fd_sc_hd__o221a_1)
     1    0.003503    0.049458    0.203293   10.528225 v _672_/X (sky130_fd_sc_hd__o221a_1)
                                                         _143_ (net)
                      0.049458    0.000044   10.528269 v _675_/A2 (sky130_fd_sc_hd__o21a_1)
     1    0.002427    0.034166    0.161219   10.689487 v _675_/X (sky130_fd_sc_hd__o21a_1)
                                                         _146_ (net)
                      0.034166    0.000010   10.689498 v _679_/A2 (sky130_fd_sc_hd__o21a_1)
     1    0.007241    0.055604    0.181359   10.870856 v _679_/X (sky130_fd_sc_hd__o21a_1)
                                                         _150_ (net)
                      0.055604    0.000205   10.871061 v _700_/C (sky130_fd_sc_hd__or3_4)
     1    0.009097    0.073338    0.339723   11.210785 v _700_/X (sky130_fd_sc_hd__or3_4)
                                                         net21 (net)
                      0.073338    0.000183   11.210968 v output21/A (sky130_fd_sc_hd__buf_8)
     1    0.034619    0.040035    0.146662   11.357630 v output21/X (sky130_fd_sc_hd__buf_8)
                                                         op_out[0] (net)
                      0.040040    0.000458   11.358088 v op_out[0] (out)
                                             11.358088   data arrival time

                      0.000000   10.000000   10.000000   clock __VIRTUAL_CLK__ (rise edge)
                                  0.000000   10.000000   clock network delay (ideal)
                                 -0.250000    9.750000   clock uncertainty
                                  0.000000    9.750000   clock reconvergence pessimism
                                 -2.000000    7.750000   output external delay
                                              7.750000   data required time
---------------------------------------------------------------------------------------------
                                              7.750000   data required time
                                            -11.358088   data arrival time
---------------------------------------------------------------------------------------------
                                             -3.608088   slack (VIOLATED)




===========================================================================
 report_check_types -max_slew -max_cap -max_fanout -violators
============================================================================
======================= min_tt_025C_1v80 Corner ===================================



===========================================================================
report_parasitic_annotation -report_unannotated
============================================================================
Found 0 unannotated drivers.
Found 0 partially unannotated drivers.

===========================================================================
max slew violation count 0
max fanout violation count 0
max cap violation count 0
============================================================================

===========================================================================
check_setup -verbose -unconstrained_endpoints -multiple_clock -no_clock -no_input_delay -loops -generated_clocks
===========================================================================
