
===========================================================================
report_checks -path_delay min (Hold)
============================================================================
======================= max_tt_025C_1v80 Corner ===================================

Startpoint: op_b[4] (input port clocked by __VIRTUAL_CLK__)
Endpoint: op_out[4] (output port clocked by __VIRTUAL_CLK__)
Path Group: __VIRTUAL_CLK__
Path Type: min

Fanout         Cap        Slew       Delay        Time   Description
---------------------------------------------------------------------------------------------
                      0.000000    0.000000    0.000000   clock __VIRTUAL_CLK__ (rise edge)
                                  0.000000    0.000000   clock network delay (ideal)
                                  2.000000    2.000000 ^ input external delay
     1    0.005579    0.031795    0.019815    2.019815 ^ op_b[4] (in)
                                                         op_b[4] (net)
                      0.031798    0.000000    2.019815 ^ input17/A (sky130_fd_sc_hd__buf_6)
     6    0.042376    0.092134    0.128926    2.148741 ^ input17/X (sky130_fd_sc_hd__buf_6)
                                                         net17 (net)
                      0.092398    0.004001    2.152741 ^ _795_/A2 (sky130_fd_sc_hd__a32o_1)
     1    0.002848    0.052660    0.163945    2.316687 ^ _795_/X (sky130_fd_sc_hd__a32o_1)
                                                         _270_ (net)
                      0.052660    0.000133    2.316819 ^ _797_/B1 (sky130_fd_sc_hd__a211oi_1)
     1    0.005289    0.041395    0.054033    2.370852 v _797_/Y (sky130_fd_sc_hd__a211oi_1)
                                                         _272_ (net)
                      0.041396    0.000399    2.371252 v _798_/B1 (sky130_fd_sc_hd__o31ai_1)
     1    0.005275    0.077589    0.075558    2.446810 ^ _798_/Y (sky130_fd_sc_hd__o31ai_1)
                                                         net25 (net)
                      0.077589    0.000403    2.447212 ^ output25/A (sky130_fd_sc_hd__buf_4)
     1    0.034607    0.103210    0.167721    2.614933 ^ output25/X (sky130_fd_sc_hd__buf_4)
                                                         op_out[4] (net)
                      0.103240    0.001704    2.616637 ^ op_out[4] (out)
                                              2.616637   data arrival time

                      0.000000    0.000000    0.000000   clock __VIRTUAL_CLK__ (rise edge)
                                  0.000000    0.000000   clock network delay (ideal)
                                  0.250000    0.250000   clock uncertainty
                                  0.000000    0.250000   clock reconvergence pessimism
                                 -2.000000   -1.750000   output external delay
                                             -1.750000   data required time
---------------------------------------------------------------------------------------------
                                             -1.750000   data required time
                                             -2.616637   data arrival time
---------------------------------------------------------------------------------------------
                                              4.366637   slack (MET)


Startpoint: inst[3] (input port clocked by __VIRTUAL_CLK__)
Endpoint: op_out[6] (output port clocked by __VIRTUAL_CLK__)
Path Group: __VIRTUAL_CLK__
Path Type: min

Fanout         Cap        Slew       Delay        Time   Description
---------------------------------------------------------------------------------------------
                      0.000000    0.000000    0.000000   clock __VIRTUAL_CLK__ (rise edge)
                                  0.000000    0.000000   clock network delay (ideal)
                                  2.000000    2.000000 ^ input external delay
     1    0.005197    0.030129    0.018580    2.018580 ^ inst[3] (in)
                                                         inst[3] (net)
                      0.030132    0.000000    2.018580 ^ input4/A (sky130_fd_sc_hd__buf_1)
     2    0.014333    0.174055    0.166246    2.184825 ^ input4/X (sky130_fd_sc_hd__buf_1)
                                                         net4 (net)
                      0.174064    0.001018    2.185844 ^ _694_/B (sky130_fd_sc_hd__nor3_4)
     8    0.033641    0.061055    0.101082    2.286926 v _694_/Y (sky130_fd_sc_hd__nor3_4)
                                                         _165_ (net)
                      0.061332    0.003222    2.290148 v _885_/A1 (sky130_fd_sc_hd__a31o_1)
     1    0.002705    0.033368    0.174304    2.464452 v _885_/X (sky130_fd_sc_hd__a31o_1)
                                                         net27 (net)
                      0.033368    0.000179    2.464631 v output27/A (sky130_fd_sc_hd__clkbuf_4)
     1    0.034289    0.079749    0.176712    2.641343 v output27/X (sky130_fd_sc_hd__clkbuf_4)
                                                         op_out[6] (net)
                      0.079792    0.001708    2.643051 v op_out[6] (out)
                                              2.643051   data arrival time

                      0.000000    0.000000    0.000000   clock __VIRTUAL_CLK__ (rise edge)
                                  0.000000    0.000000   clock network delay (ideal)
                                  0.250000    0.250000   clock uncertainty
                                  0.000000    0.250000   clock reconvergence pessimism
                                 -2.000000   -1.750000   output external delay
                                             -1.750000   data required time
---------------------------------------------------------------------------------------------
                                             -1.750000   data required time
                                             -2.643051   data arrival time
---------------------------------------------------------------------------------------------
                                              4.393051   slack (MET)


Startpoint: op_a[1] (input port clocked by __VIRTUAL_CLK__)
Endpoint: op_out[2] (output port clocked by __VIRTUAL_CLK__)
Path Group: __VIRTUAL_CLK__
Path Type: min

Fanout         Cap        Slew       Delay        Time   Description
---------------------------------------------------------------------------------------------
                      0.000000    0.000000    0.000000   clock __VIRTUAL_CLK__ (rise edge)
                                  0.000000    0.000000   clock network delay (ideal)
                                  2.000000    2.000000 v input external delay
     1    0.002744    0.008485    0.004379    2.004379 v op_a[1] (in)
                                                         op_a[1] (net)
                      0.008491    0.000000    2.004379 v input6/A (sky130_fd_sc_hd__clkbuf_2)
     3    0.031181    0.122387    0.161670    2.166049 v input6/X (sky130_fd_sc_hd__clkbuf_2)
                                                         net6 (net)
                      0.122697    0.004769    2.170817 v _713_/A (sky130_fd_sc_hd__nand2_1)
     2    0.005985    0.071277    0.107571    2.278388 ^ _713_/Y (sky130_fd_sc_hd__nand2_1)
                                                         _183_ (net)
                      0.071278    0.000373    2.278762 ^ _725_/A1 (sky130_fd_sc_hd__a31oi_1)
     1    0.003011    0.044186    0.074916    2.353678 v _725_/Y (sky130_fd_sc_hd__a31oi_1)
                                                         _195_ (net)
                      0.044186    0.000223    2.353900 v _741_/A2 (sky130_fd_sc_hd__a21o_1)
     1    0.002157    0.028390    0.166268    2.520168 v _741_/X (sky130_fd_sc_hd__a21o_1)
                                                         net23 (net)
                      0.028390    0.000144    2.520312 v output23/A (sky130_fd_sc_hd__buf_2)
     1    0.034402    0.090325    0.172420    2.692733 v output23/X (sky130_fd_sc_hd__buf_2)
                                                         op_out[2] (net)
                      0.090360    0.001642    2.694374 v op_out[2] (out)
                                              2.694374   data arrival time

                      0.000000    0.000000    0.000000   clock __VIRTUAL_CLK__ (rise edge)
                                  0.000000    0.000000   clock network delay (ideal)
                                  0.250000    0.250000   clock uncertainty
                                  0.000000    0.250000   clock reconvergence pessimism
                                 -2.000000   -1.750000   output external delay
                                             -1.750000   data required time
---------------------------------------------------------------------------------------------
                                             -1.750000   data required time
                                             -2.694374   data arrival time
---------------------------------------------------------------------------------------------
                                              4.444374   slack (MET)


Startpoint: inst[2] (input port clocked by __VIRTUAL_CLK__)
Endpoint: op_out[0] (output port clocked by __VIRTUAL_CLK__)
Path Group: __VIRTUAL_CLK__
Path Type: min

Fanout         Cap        Slew       Delay        Time   Description
---------------------------------------------------------------------------------------------
                      0.000000    0.000000    0.000000   clock __VIRTUAL_CLK__ (rise edge)
                                  0.000000    0.000000   clock network delay (ideal)
                                  2.000000    2.000000 v input external delay
     1    0.004475    0.012479    0.007318    2.007318 v inst[2] (in)
                                                         inst[2] (net)
                      0.012483    0.000000    2.007318 v input3/A (sky130_fd_sc_hd__buf_2)
     8    0.033663    0.088790    0.164204    2.171522 v input3/X (sky130_fd_sc_hd__buf_2)
                                                         net3 (net)
                      0.088872    0.002420    2.173942 v _459_/A (sky130_fd_sc_hd__inv_2)
     4    0.010801    0.059972    0.084768    2.258710 ^ _459_/Y (sky130_fd_sc_hd__inv_2)
                                                         _199_ (net)
                      0.059977    0.000559    2.259269 ^ _685_/B1 (sky130_fd_sc_hd__o2111a_1)
     1    0.005185    0.068547    0.198957    2.458226 ^ _685_/X (sky130_fd_sc_hd__o2111a_1)
                                                         _156_ (net)
                      0.068548    0.000369    2.458595 ^ _700_/A (sky130_fd_sc_hd__or3_4)
     1    0.008612    0.040258    0.126664    2.585258 ^ _700_/X (sky130_fd_sc_hd__or3_4)
                                                         net21 (net)
                      0.040272    0.000672    2.585930 ^ output21/A (sky130_fd_sc_hd__buf_8)
     1    0.035117    0.067112    0.114291    2.700221 ^ output21/X (sky130_fd_sc_hd__buf_8)
                                                         op_out[0] (net)
                      0.067220    0.001825    2.702046 ^ op_out[0] (out)
                                              2.702046   data arrival time

                      0.000000    0.000000    0.000000   clock __VIRTUAL_CLK__ (rise edge)
                                  0.000000    0.000000   clock network delay (ideal)
                                  0.250000    0.250000   clock uncertainty
                                  0.000000    0.250000   clock reconvergence pessimism
                                 -2.000000   -1.750000   output external delay
                                             -1.750000   data required time
---------------------------------------------------------------------------------------------
                                             -1.750000   data required time
                                             -2.702046   data arrival time
---------------------------------------------------------------------------------------------
                                              4.452046   slack (MET)


Startpoint: op_a[5] (input port clocked by __VIRTUAL_CLK__)
Endpoint: op_out[5] (output port clocked by __VIRTUAL_CLK__)
Path Group: __VIRTUAL_CLK__
Path Type: min

Fanout         Cap        Slew       Delay        Time   Description
---------------------------------------------------------------------------------------------
                      0.000000    0.000000    0.000000   clock __VIRTUAL_CLK__ (rise edge)
                                  0.000000    0.000000   clock network delay (ideal)
                                  2.000000    2.000000 ^ input external delay
     1    0.003226    0.021575    0.011855    2.011855 ^ op_a[5] (in)
                                                         op_a[5] (net)
                      0.021584    0.000000    2.011855 ^ input10/A (sky130_fd_sc_hd__clkbuf_2)
     5    0.035945    0.197700    0.202176    2.214031 ^ input10/X (sky130_fd_sc_hd__clkbuf_2)
                                                         net10 (net)
                      0.197855    0.004551    2.218582 ^ _839_/A1 (sky130_fd_sc_hd__a32o_1)
     1    0.001927    0.044548    0.177759    2.396341 ^ _839_/X (sky130_fd_sc_hd__a32o_1)
                                                         _318_ (net)
                      0.044548    0.000089    2.396430 ^ _842_/A (sky130_fd_sc_hd__or3_1)
     1    0.006338    0.067590    0.116785    2.513215 ^ _842_/X (sky130_fd_sc_hd__or3_1)
                                                         net26 (net)
                      0.067592    0.000487    2.513702 ^ output26/A (sky130_fd_sc_hd__clkbuf_4)
     1    0.035206    0.114873    0.194177    2.707879 ^ output26/X (sky130_fd_sc_hd__clkbuf_4)
                                                         op_out[5] (net)
                      0.114905    0.001849    2.709728 ^ op_out[5] (out)
                                              2.709728   data arrival time

                      0.000000    0.000000    0.000000   clock __VIRTUAL_CLK__ (rise edge)
                                  0.000000    0.000000   clock network delay (ideal)
                                  0.250000    0.250000   clock uncertainty
                                  0.000000    0.250000   clock reconvergence pessimism
                                 -2.000000   -1.750000   output external delay
                                             -1.750000   data required time
---------------------------------------------------------------------------------------------
                                             -1.750000   data required time
                                             -2.709728   data arrival time
---------------------------------------------------------------------------------------------
                                              4.459728   slack (MET)


Startpoint: inst[3] (input port clocked by __VIRTUAL_CLK__)
Endpoint: op_out[7] (output port clocked by __VIRTUAL_CLK__)
Path Group: __VIRTUAL_CLK__
Path Type: min

Fanout         Cap        Slew       Delay        Time   Description
---------------------------------------------------------------------------------------------
                      0.000000    0.000000    0.000000   clock __VIRTUAL_CLK__ (rise edge)
                                  0.000000    0.000000   clock network delay (ideal)
                                  2.000000    2.000000 ^ input external delay
     1    0.005197    0.030129    0.018580    2.018580 ^ inst[3] (in)
                                                         inst[3] (net)
                      0.030132    0.000000    2.018580 ^ input4/A (sky130_fd_sc_hd__buf_1)
     2    0.014333    0.174055    0.166246    2.184825 ^ input4/X (sky130_fd_sc_hd__buf_1)
                                                         net4 (net)
                      0.174064    0.001018    2.185844 ^ _694_/B (sky130_fd_sc_hd__nor3_4)
     8    0.033641    0.061055    0.101082    2.286926 v _694_/Y (sky130_fd_sc_hd__nor3_4)
                                                         _165_ (net)
                      0.061346    0.003308    2.290234 v _923_/A1 (sky130_fd_sc_hd__a311o_1)
     1    0.001818    0.039680    0.254428    2.544662 v _923_/X (sky130_fd_sc_hd__a311o_1)
                                                         net28 (net)
                      0.039680    0.000083    2.544745 v output28/A (sky130_fd_sc_hd__buf_2)
     1    0.034176    0.089761    0.176857    2.721602 v output28/X (sky130_fd_sc_hd__buf_2)
                                                         op_out[7] (net)
                      0.089796    0.001641    2.723243 v op_out[7] (out)
                                              2.723243   data arrival time

                      0.000000    0.000000    0.000000   clock __VIRTUAL_CLK__ (rise edge)
                                  0.000000    0.000000   clock network delay (ideal)
                                  0.250000    0.250000   clock uncertainty
                                  0.000000    0.250000   clock reconvergence pessimism
                                 -2.000000   -1.750000   output external delay
                                             -1.750000   data required time
---------------------------------------------------------------------------------------------
                                             -1.750000   data required time
                                             -2.723243   data arrival time
---------------------------------------------------------------------------------------------
                                              4.473243   slack (MET)


Startpoint: inst[2] (input port clocked by __VIRTUAL_CLK__)
Endpoint: op_out[3] (output port clocked by __VIRTUAL_CLK__)
Path Group: __VIRTUAL_CLK__
Path Type: min

Fanout         Cap        Slew       Delay        Time   Description
---------------------------------------------------------------------------------------------
                      0.000000    0.000000    0.000000   clock __VIRTUAL_CLK__ (rise edge)
                                  0.000000    0.000000   clock network delay (ideal)
                                  2.000000    2.000000 ^ input external delay
     1    0.004635    0.027704    0.016742    2.016742 ^ inst[2] (in)
                                                         inst[2] (net)
                      0.027706    0.000000    2.016742 ^ input3/A (sky130_fd_sc_hd__buf_2)
     8    0.036046    0.178662    0.196187    2.212929 ^ input3/X (sky130_fd_sc_hd__buf_2)
                                                         net3 (net)
                      0.178684    0.001653    2.214582 ^ _690_/A (sky130_fd_sc_hd__or4b_4)
     8    0.038776    0.120953    0.233027    2.447609 ^ _690_/X (sky130_fd_sc_hd__or4b_4)
                                                         _161_ (net)
                      0.121003    0.002292    2.449901 ^ _749_/A (sky130_fd_sc_hd__or3b_1)
     1    0.002942    0.038785    0.123812    2.573712 ^ _749_/X (sky130_fd_sc_hd__or3b_1)
                                                         _221_ (net)
                      0.038786    0.000211    2.573923 ^ _770_/B (sky130_fd_sc_hd__nand2b_1)
     1    0.002393    0.030827    0.046031    2.619954 v _770_/Y (sky130_fd_sc_hd__nand2b_1)
                                                         net24 (net)
                      0.030827    0.000157    2.620111 v output24/A (sky130_fd_sc_hd__buf_2)
     1    0.034733    0.091047    0.174031    2.794142 v output24/X (sky130_fd_sc_hd__buf_2)
                                                         op_out[3] (net)
                      0.091084    0.001711    2.795852 v op_out[3] (out)
                                              2.795852   data arrival time

                      0.000000    0.000000    0.000000   clock __VIRTUAL_CLK__ (rise edge)
                                  0.000000    0.000000   clock network delay (ideal)
                                  0.250000    0.250000   clock uncertainty
                                  0.000000    0.250000   clock reconvergence pessimism
                                 -2.000000   -1.750000   output external delay
                                             -1.750000   data required time
---------------------------------------------------------------------------------------------
                                             -1.750000   data required time
                                             -2.795852   data arrival time
---------------------------------------------------------------------------------------------
                                              4.545853   slack (MET)


Startpoint: op_a[1] (input port clocked by __VIRTUAL_CLK__)
Endpoint: op_out[1] (output port clocked by __VIRTUAL_CLK__)
Path Group: __VIRTUAL_CLK__
Path Type: min

Fanout         Cap        Slew       Delay        Time   Description
---------------------------------------------------------------------------------------------
                      0.000000    0.000000    0.000000   clock __VIRTUAL_CLK__ (rise edge)
                                  0.000000    0.000000   clock network delay (ideal)
                                  2.000000    2.000000 ^ input external delay
     1    0.002974    0.020480    0.010972    2.010972 ^ op_a[1] (in)
                                                         op_a[1] (net)
                      0.020480    0.000000    2.010972 ^ input6/A (sky130_fd_sc_hd__clkbuf_2)
     3    0.031800    0.176263    0.186689    2.197661 ^ input6/X (sky130_fd_sc_hd__clkbuf_2)
                                                         net6 (net)
                      0.176482    0.005083    2.202744 ^ _714_/A (sky130_fd_sc_hd__xnor2_1)
     2    0.005099    0.051689    0.110380    2.313125 v _714_/Y (sky130_fd_sc_hd__xnor2_1)
                                                         _184_ (net)
                      0.051690    0.000310    2.313435 v _716_/A2 (sky130_fd_sc_hd__a21oi_1)
     1    0.003101    0.092201    0.142073    2.455508 ^ _716_/Y (sky130_fd_sc_hd__a21oi_1)
                                                         _186_ (net)
                      0.092201    0.000216    2.455724 ^ _717_/B2 (sky130_fd_sc_hd__a22o_1)
     1    0.005093    0.062771    0.145213    2.600937 ^ _717_/X (sky130_fd_sc_hd__a22o_1)
                                                         _187_ (net)
                      0.062771    0.000203    2.601140 ^ _718_/B (sky130_fd_sc_hd__or2_1)
     1    0.003611    0.046225    0.099454    2.700594 ^ _718_/X (sky130_fd_sc_hd__or2_1)
                                                         net22 (net)
                      0.046226    0.000245    2.700840 ^ output22/A (sky130_fd_sc_hd__buf_2)
     1    0.035656    0.176856    0.202122    2.902962 ^ output22/X (sky130_fd_sc_hd__buf_2)
                                                         op_out[1] (net)
                      0.176888    0.001970    2.904932 ^ op_out[1] (out)
                                              2.904932   data arrival time

                      0.000000    0.000000    0.000000   clock __VIRTUAL_CLK__ (rise edge)
                                  0.000000    0.000000   clock network delay (ideal)
                                  0.250000    0.250000   clock uncertainty
                                  0.000000    0.250000   clock reconvergence pessimism
                                 -2.000000   -1.750000   output external delay
                                             -1.750000   data required time
---------------------------------------------------------------------------------------------
                                             -1.750000   data required time
                                             -2.904932   data arrival time
---------------------------------------------------------------------------------------------
                                              4.654932   slack (MET)



