
===========================================================================
report_checks -unconstrained
===========================================================================
======================= nom_ff_n40C_1v95 Corner ===================================

Startpoint: op_b[5] (input port clocked by virtual_clk)
Endpoint: op_out[0] (output port clocked by virtual_clk)
Path Group: virtual_clk
Path Type: max

Fanout         Cap        Slew       Delay        Time   Description
---------------------------------------------------------------------------------------------
                      0.000000    0.000000    0.000000   clock virtual_clk (rise edge)
                                  0.000000    0.000000   clock network delay (ideal)
                                  2.000000    2.000000 v input external delay
    18    0.064227    0.000000    0.000000    2.000000 v op_b[5] (in)
                                                         op_b[5] (net)
                      0.000000    0.000000    2.000000 v _469_/A (sky130_fd_sc_hd__or4_2)
     6    0.018517    0.104628    0.421484    2.421484 v _469_/X (sky130_fd_sc_hd__or4_2)
                                                         _306_ (net)
                      0.104628    0.000000    2.421484 v _472_/A3 (sky130_fd_sc_hd__o41ai_2)
     5    0.015605    0.353845    0.340890    2.762374 ^ _472_/Y (sky130_fd_sc_hd__o41ai_2)
                                                         _338_ (net)
                      0.353845    0.000000    2.762374 ^ _481_/A1 (sky130_fd_sc_hd__a211o_2)
     4    0.011400    0.053307    0.122866    2.885240 ^ _481_/X (sky130_fd_sc_hd__a211o_2)
                                                         _410_ (net)
                      0.053307    0.000000    2.885240 ^ _484_/A2 (sky130_fd_sc_hd__a21o_2)
     4    0.014012    0.060508    0.105024    2.990265 ^ _484_/X (sky130_fd_sc_hd__a21o_2)
                                                         _413_ (net)
                      0.060508    0.000000    2.990265 ^ _493_/A1 (sky130_fd_sc_hd__a211oi_2)
     3    0.007697    0.043753    0.047738    3.038003 v _493_/Y (sky130_fd_sc_hd__a211oi_2)
                                                         _422_ (net)
                      0.043753    0.000000    3.038003 v _503_/D (sky130_fd_sc_hd__or4_2)
     3    0.008690    0.081883    0.319414    3.357417 v _503_/X (sky130_fd_sc_hd__or4_2)
                                                         _432_ (net)
                      0.081883    0.000000    3.357417 v _507_/A3 (sky130_fd_sc_hd__a31o_2)
     2    0.006471    0.035740    0.178524    3.535941 v _507_/X (sky130_fd_sc_hd__a31o_2)
                                                         _436_ (net)
                      0.035740    0.000000    3.535941 v _509_/A2 (sky130_fd_sc_hd__a211o_2)
     3    0.008798    0.047208    0.217234    3.753175 v _509_/X (sky130_fd_sc_hd__a211o_2)
                                                         _438_ (net)
                      0.047208    0.000000    3.753175 v _515_/A1 (sky130_fd_sc_hd__a21oi_2)
     8    0.029150    0.270294    0.236853    3.990028 ^ _515_/Y (sky130_fd_sc_hd__a21oi_2)
                                                         _444_ (net)
                      0.270294    0.000000    3.990028 ^ _517_/S (sky130_fd_sc_hd__mux2_1)
     3    0.016362    0.087288    0.246533    4.236561 v _517_/X (sky130_fd_sc_hd__mux2_1)
                                                         _446_ (net)
                      0.087288    0.000000    4.236561 v _519_/B (sky130_fd_sc_hd__xnor2_2)
     3    0.015874    0.188688    0.175767    4.412328 ^ _519_/Y (sky130_fd_sc_hd__xnor2_2)
                                                         _448_ (net)
                      0.188688    0.000000    4.412328 ^ _543_/A1 (sky130_fd_sc_hd__a311oi_2)
     4    0.008752    0.089494    0.090784    4.503112 v _543_/Y (sky130_fd_sc_hd__a311oi_2)
                                                         _014_ (net)
                      0.089494    0.000000    4.503112 v _572_/A (sky130_fd_sc_hd__or3_2)
     4    0.012591    0.074979    0.315405    4.818518 v _572_/X (sky130_fd_sc_hd__or3_2)
                                                         _043_ (net)
                      0.074979    0.000000    4.818518 v _574_/C (sky130_fd_sc_hd__and3_2)
     3    0.007897    0.038022    0.156724    4.975242 v _574_/X (sky130_fd_sc_hd__and3_2)
                                                         _045_ (net)
                      0.038022    0.000000    4.975242 v _585_/A (sky130_fd_sc_hd__or4_2)
     1    0.001449    0.060736    0.363074    5.338316 v _585_/X (sky130_fd_sc_hd__or4_2)
                                                         _056_ (net)
                      0.060736    0.000000    5.338316 v _586_/C (sky130_fd_sc_hd__or4b_2)
     1    0.004347    0.071239    0.350594    5.688910 v _586_/X (sky130_fd_sc_hd__or4b_2)
                                                         _057_ (net)
                      0.071239    0.000000    5.688910 v _590_/A1 (sky130_fd_sc_hd__a311oi_2)
     8    0.027484    0.420206    0.347919    6.036829 ^ _590_/Y (sky130_fd_sc_hd__a311oi_2)
                                                         _061_ (net)
                      0.420206    0.000000    6.036829 ^ _619_/S (sky130_fd_sc_hd__mux2_1)
     5    0.022145    0.104599    0.258506    6.295335 v _619_/X (sky130_fd_sc_hd__mux2_1)
                                                         _090_ (net)
                      0.104599    0.000000    6.295335 v _623_/B1 (sky130_fd_sc_hd__o22a_2)
     2    0.003819    0.028451    0.145288    6.440622 v _623_/X (sky130_fd_sc_hd__o22a_2)
                                                         _094_ (net)
                      0.028451    0.000000    6.440622 v _624_/B (sky130_fd_sc_hd__or4bb_2)
     4    0.011043    0.084215    0.368698    6.809320 v _624_/X (sky130_fd_sc_hd__or4bb_2)
                                                         _095_ (net)
                      0.084215    0.000000    6.809320 v _628_/A1 (sky130_fd_sc_hd__a21oi_2)
    12    0.037189    0.337359    0.297866    7.107186 ^ _628_/Y (sky130_fd_sc_hd__a21oi_2)
                                                         _099_ (net)
                      0.337359    0.000000    7.107186 ^ _665_/S (sky130_fd_sc_hd__mux2_1)
     3    0.008638    0.062303    0.218134    7.325321 v _665_/X (sky130_fd_sc_hd__mux2_1)
                                                         _136_ (net)
                      0.062303    0.000000    7.325321 v _669_/A2 (sky130_fd_sc_hd__a21o_2)
     1    0.002176    0.023576    0.137198    7.462519 v _669_/X (sky130_fd_sc_hd__a21o_2)
                                                         _140_ (net)
                      0.023576    0.000000    7.462519 v _671_/A2 (sky130_fd_sc_hd__o211a_2)
     1    0.002236    0.029231    0.136141    7.598660 v _671_/X (sky130_fd_sc_hd__o211a_2)
                                                         _142_ (net)
                      0.029231    0.000000    7.598660 v _672_/B2 (sky130_fd_sc_hd__o221a_2)
     1    0.002266    0.030429    0.129219    7.727879 v _672_/X (sky130_fd_sc_hd__o221a_2)
                                                         _143_ (net)
                      0.030429    0.000000    7.727879 v _675_/A2 (sky130_fd_sc_hd__o21a_2)
     1    0.002229    0.023654    0.112142    7.840021 v _675_/X (sky130_fd_sc_hd__o21a_2)
                                                         _146_ (net)
                      0.023654    0.000000    7.840021 v _679_/A1 (sky130_fd_sc_hd__o21a_2)
     1    0.001547    0.022059    0.118196    7.958218 v _679_/X (sky130_fd_sc_hd__o21a_2)
                                                         _150_ (net)
                      0.022059    0.000000    7.958218 v _700_/A (sky130_fd_sc_hd__or3_2)
     1    0.000000    0.041651    0.248602    8.206820 v _700_/X (sky130_fd_sc_hd__or3_2)
                                                         op_out[0] (net)
                      0.041651    0.000000    8.206820 v op_out[0] (out)
                                              8.206820   data arrival time

                      0.000000   20.000000   20.000000   clock virtual_clk (rise edge)
                                  0.000000   20.000000   clock network delay (ideal)
                                  0.000000   20.000000   clock reconvergence pessimism
                                 -2.000000   18.000000   output external delay
                                             18.000000   data required time
---------------------------------------------------------------------------------------------
                                             18.000000   data required time
                                             -8.206820   data arrival time
---------------------------------------------------------------------------------------------
                                              9.793180   slack (MET)




===========================================================================
report_checks --slack_max -0.01
============================================================================
======================= nom_ff_n40C_1v95 Corner ===================================

No paths found.


===========================================================================
 report_check_types -max_slew -max_cap -max_fanout -violators
============================================================================
======================= nom_ff_n40C_1v95 Corner ===================================

max fanout

Pin                                   Limit Fanout  Slack
---------------------------------------------------------
op_b[1]                                  16     27    -11 (VIOLATED)
op_b[2]                                  16     23     -7 (VIOLATED)
op_b[4]                                  16     23     -7 (VIOLATED)
op_a[2]                                  16     22     -6 (VIOLATED)
op_b[0]                                  16     22     -6 (VIOLATED)
op_b[3]                                  16     22     -6 (VIOLATED)
op_a[0]                                  16     21     -5 (VIOLATED)
op_a[1]                                  16     21     -5 (VIOLATED)
op_a[4]                                  16     19     -3 (VIOLATED)
op_b[5]                                  16     18     -2 (VIOLATED)
op_b[6]                                  16     17        (VIOLATED)



===========================================================================
report_parasitic_annotation -report_unannotated
============================================================================
Found 486 unannotated drivers.
 inst[0]
 inst[1]
 inst[2]
 inst[3]
 op_a[0]
 op_a[1]
 op_a[2]
 op_a[3]
 op_a[4]
 op_a[5]
 op_a[6]
 op_a[7]
 op_b[0]
 op_b[1]
 op_b[2]
 op_b[3]
 op_b[4]
 op_b[5]
 op_b[6]
 op_b[7]
 _458_/Y
 _459_/Y
 _460_/Y
 _461_/Y
 _462_/Y
 _463_/Y
 _464_/Y
 _465_/Y
 _466_/Y
 _467_/Y
 _468_/X
 _469_/X
 _470_/X
 _471_/Y
 _472_/Y
 _473_/X
 _474_/X
 _475_/Y
 _476_/X
 _477_/Y
 _478_/Y
 _479_/Y
 _480_/Y
 _481_/X
 _482_/X
 _483_/Y
 _484_/X
 _485_/X
 _486_/Y
 _487_/Y
 _488_/X
 _489_/X
 _490_/Y
 _491_/Y
 _492_/X
 _493_/Y
 _494_/X
 _495_/X
 _496_/X
 _497_/X
 _498_/Y
 _499_/X
 _500_/Y
 _501_/Y
 _502_/Y
 _503_/X
 _504_/Y
 _505_/Y
 _506_/X
 _507_/X
 _508_/Y
 _509_/X
 _510_/X
 _511_/X
 _512_/X
 _513_/X
 _514_/X
 _515_/Y
 _516_/Y
 _517_/X
 _518_/Y
 _519_/Y
 _520_/Y
 _521_/Y
 _522_/X
 _523_/X
 _524_/X
 _525_/Y
 _526_/Y
 _527_/X
 _528_/Y
 _529_/X
 _530_/X
 _531_/Y
 _532_/X
 _533_/Y
 _534_/X
 _535_/Y
 _536_/Y
 _537_/Y
 _538_/Y
 _539_/X
 _540_/Y
 _541_/X
 _542_/Y
 _543_/Y
 _544_/X
 _545_/X
 _546_/Y
 _547_/X
 _548_/Y
 _549_/X
 _550_/X
 _551_/Y
 _552_/Y
 _553_/X
 _554_/X
 _555_/X
 _556_/Y
 _557_/Y
 _558_/X
 _559_/Y
 _560_/Y
 _561_/Y
 _562_/Y
 _563_/X
 _564_/Y
 _565_/X
 _566_/X
 _567_/X
 _568_/Y
 _569_/Y
 _570_/Y
 _571_/X
 _572_/X
 _573_/Y
 _574_/X
 _575_/Y
 _576_/X
 _577_/Y
 _578_/Y
 _579_/X
 _580_/X
 _581_/X
 _582_/Y
 _583_/X
 _584_/Y
 _585_/X
 _586_/X
 _587_/X
 _588_/X
 _589_/X
 _590_/Y
 _591_/X
 _592_/X
 _593_/X
 _594_/Y
 _595_/X
 _596_/Y
 _597_/Y
 _598_/X
 _599_/Y
 _600_/Y
 _601_/X
 _602_/Y
 _603_/X
 _604_/Y
 _605_/X
 _606_/Y
 _607_/X
 _608_/Y
 _609_/Y
 _610_/X
 _611_/Y
 _612_/Y
 _613_/X
 _614_/Y
 _615_/X
 _616_/X
 _617_/X
 _618_/Y
 _619_/X
 _620_/Y
 _621_/Y
 _622_/Y
 _623_/X
 _624_/X
 _625_/Y
 _626_/X
 _627_/X
 _628_/Y
 _629_/Y
 _630_/X
 _631_/X
 _632_/Y
 _633_/X
 _634_/X
 _635_/Y
 _636_/X
 _637_/X
 _638_/X
 _639_/X
 _640_/X
 _641_/X
 _642_/Y
 _643_/Y
 _644_/Y
 _645_/X
 _646_/X
 _647_/Y
 _648_/Y
 _649_/X
 _650_/Y
 _651_/X
 _652_/X
 _653_/X
 _654_/X
 _655_/X
 _656_/Y
 _657_/X
 _658_/Y
 _659_/X
 _660_/X
 _661_/X
 _662_/Y
 _663_/Y
 _664_/Y
 _665_/X
 _666_/X
 _667_/Y
 _668_/X
 _669_/X
 _670_/Y
 _671_/X
 _672_/X
 _673_/Y
 _674_/Y
 _675_/X
 _676_/Y
 _677_/X
 _678_/Y
 _679_/X
 _680_/X
 _681_/X
 _682_/X
 _683_/X
 _684_/X
 _685_/X
 _686_/X
 _687_/Y
 _688_/X
 _689_/X
 _690_/X
 _691_/Y
 _692_/X
 _693_/Y
 _694_/Y
 _695_/X
 _696_/X
 _697_/X
 _698_/X
 _699_/X
 _700_/X
 _701_/X
 _702_/Y
 _703_/X
 _704_/X
 _705_/X
 _706_/X
 _707_/Y
 _708_/X
 _709_/X
 _710_/X
 _711_/Y
 _712_/Y
 _713_/Y
 _714_/Y
 _715_/X
 _716_/Y
 _717_/X
 _718_/X
 _719_/X
 _720_/Y
 _721_/X
 _722_/Y
 _723_/Y
 _724_/X
 _725_/Y
 _726_/X
 _727_/Y
 _728_/X
 _729_/X
 _730_/X
 _731_/Y
 _732_/X
 _733_/Y
 _734_/Y
 _735_/Y
 _736_/X
 _737_/X
 _738_/X
 _739_/X
 _740_/X
 _741_/X
 _742_/X
 _743_/Y
 _744_/X
 _745_/Y
 _746_/Y
 _747_/X
 _748_/X
 _749_/X
 _750_/Y
 _751_/Y
 _752_/Y
 _753_/X
 _754_/Y
 _755_/Y
 _756_/Y
 _757_/X
 _758_/Y
 _759_/X
 _760_/Y
 _761_/Y
 _762_/X
 _763_/Y
 _764_/X
 _765_/Y
 _766_/X
 _767_/X
 _768_/X
 _769_/X
 _770_/Y
 _771_/Y
 _772_/X
 _773_/Y
 _774_/X
 _775_/Y
 _776_/X
 _777_/Y
 _778_/X
 _779_/X
 _780_/X
 _781_/Y
 _782_/Y
 _783_/Y
 _784_/Y
 _785_/Y
 _786_/Y
 _787_/Y
 _788_/X
 _789_/X
 _790_/X
 _791_/Y
 _792_/Y
 _793_/X
 _794_/X
 _795_/X
 _796_/X
 _797_/Y
 _798_/Y
 _799_/Y
 _800_/X
 _801_/Y
 _802_/X
 _803_/Y
 _804_/Y
 _805_/Y
 _806_/Y
 _807_/X
 _808_/Y
 _809_/X
 _810_/Y
 _811_/Y
 _812_/X
 _813_/Y
 _814_/X
 _815_/Y
 _816_/Y
 _817_/X
 _818_/Y
 _819_/Y
 _820_/Y
 _821_/X
 _822_/Y
 _823_/Y
 _824_/Y
 _825_/Y
 _826_/Y
 _827_/X
 _828_/X
 _829_/X
 _830_/Y
 _831_/X
 _832_/Y
 _833_/X
 _834_/Y
 _835_/X
 _836_/X
 _837_/Y
 _838_/X
 _839_/X
 _840_/X
 _841_/X
 _842_/X
 _843_/X
 _844_/X
 _845_/Y
 _846_/X
 _847_/Y
 _848_/X
 _849_/Y
 _850_/X
 _851_/X
 _852_/Y
 _853_/X
 _854_/Y
 _855_/Y
 _856_/X
 _857_/Y
 _858_/Y
 _859_/Y
 _860_/Y
 _861_/X
 _862_/Y
 _863_/X
 _864_/X
 _865_/Y
 _866_/X
 _867_/X
 _868_/Y
 _869_/X
 _870_/X
 _871_/Y
 _872_/Y
 _873_/X
 _874_/Y
 _875_/X
 _876_/Y
 _877_/Y
 _878_/X
 _879_/Y
 _880_/Y
 _881_/X
 _882_/X
 _883_/X
 _884_/X
 _885_/X
 _886_/Y
 _887_/Y
 _888_/X
 _889_/Y
 _890_/Y
 _891_/Y
 _892_/Y
 _893_/Y
 _894_/X
 _895_/Y
 _896_/X
 _897_/Y
 _898_/X
 _899_/X
 _900_/X
 _901_/X
 _902_/X
 _903_/Y
 _904_/Y
 _905_/Y
 _906_/Y
 _907_/X
 _908_/Y
 _909_/Y
 _910_/Y
 _911_/X
 _912_/Y
 _913_/Y
 _914_/Y
 _915_/Y
 _916_/Y
 _917_/X
 _918_/Y
 _919_/Y
 _920_/X
 _921_/X
 _922_/X
 _923_/X
Found 0 partially unannotated drivers.

===========================================================================
max slew violation count 0
max fanout violation count 11
max cap violation count 0
============================================================================

===========================================================================
check_setup -verbose -unconstrained_endpoints -multiple_clock -no_clock -no_input_delay -loops -generated_clocks
===========================================================================
