
===========================================================================
report_checks -unconstrained
===========================================================================
======================= nom_ff_n40C_1v95 Corner ===================================

Startpoint: op_b[3] (input port clocked by __VIRTUAL_CLK__)
Endpoint: op_out[0] (output port clocked by __VIRTUAL_CLK__)
Path Group: __VIRTUAL_CLK__
Path Type: max

Fanout         Cap        Slew       Delay        Time   Description
---------------------------------------------------------------------------------------------
                      0.000000    0.000000    0.000000   clock __VIRTUAL_CLK__ (rise edge)
                                  0.000000    0.000000   clock network delay (ideal)
                                  2.000000    2.000000 v input external delay
     1    0.002649    0.004500    0.002145    2.002145 v op_b[3] (in)
                                                         op_b[3] (net)
                      0.004500    0.000000    2.002145 v input16/A (sky130_fd_sc_hd__clkbuf_1)
     1    0.008040    0.037149    0.063098    2.065243 v input16/X (sky130_fd_sc_hd__clkbuf_1)
                                                         net16 (net)
                      0.037151    0.000304    2.065547 v fanout58/A (sky130_fd_sc_hd__clkbuf_4)
     9    0.056056    0.083900    0.147559    2.213106 v fanout58/X (sky130_fd_sc_hd__clkbuf_4)
                                                         net58 (net)
                      0.083997    0.002559    2.215665 v fanout56/A (sky130_fd_sc_hd__buf_2)
    10    0.039981    0.071336    0.145508    2.361173 v fanout56/X (sky130_fd_sc_hd__buf_2)
                                                         net56 (net)
                      0.071363    0.001322    2.362495 v _470_/A (sky130_fd_sc_hd__or2_4)
     4    0.015731    0.044506    0.182218    2.544713 v _470_/X (sky130_fd_sc_hd__or2_4)
                                                         _317_ (net)
                      0.044509    0.000371    2.545084 v _472_/A3 (sky130_fd_sc_hd__o41ai_4)
     5    0.016790    0.274154    0.272643    2.817727 ^ _472_/Y (sky130_fd_sc_hd__o41ai_4)
                                                         _338_ (net)
                      0.274154    0.000371    2.818098 ^ _481_/A2 (sky130_fd_sc_hd__a211o_1)
     4    0.013008    0.091417    0.141788    2.959886 ^ _481_/X (sky130_fd_sc_hd__a211o_1)
                                                         _410_ (net)
                      0.091417    0.000286    2.960172 ^ _484_/A1 (sky130_fd_sc_hd__a21o_1)
     4    0.014987    0.102671    0.126551    3.086723 ^ _484_/X (sky130_fd_sc_hd__a21o_1)
                                                         _413_ (net)
                      0.102671    0.000293    3.087016 ^ _493_/A1 (sky130_fd_sc_hd__a211oi_2)
     3    0.009347    0.055001    0.059542    3.146559 v _493_/Y (sky130_fd_sc_hd__a211oi_2)
                                                         _422_ (net)
                      0.055001    0.000225    3.146784 v _503_/D (sky130_fd_sc_hd__or4_4)
     3    0.008002    0.062708    0.254629    3.401412 v _503_/X (sky130_fd_sc_hd__or4_4)
                                                         _432_ (net)
                      0.062708    0.000176    3.401588 v _507_/A1 (sky130_fd_sc_hd__a31o_1)
     2    0.007917    0.043101    0.136441    3.538029 v _507_/X (sky130_fd_sc_hd__a31o_1)
                                                         _436_ (net)
                      0.043102    0.000208    3.538237 v _509_/A2 (sky130_fd_sc_hd__a211o_4)
     3    0.015725    0.048012    0.224593    3.762830 v _509_/X (sky130_fd_sc_hd__a211o_4)
                                                         _438_ (net)
                      0.048017    0.000478    3.763308 v _515_/A2 (sky130_fd_sc_hd__a21oi_4)
     8    0.045075    0.253408    0.235017    3.998325 ^ _515_/Y (sky130_fd_sc_hd__a21oi_4)
                                                         _444_ (net)
                      0.253424    0.001630    3.999955 ^ _524_/S (sky130_fd_sc_hd__mux2_4)
     2    0.007515    0.041760    0.192518    4.192473 v _524_/X (sky130_fd_sc_hd__mux2_4)
                                                         _453_ (net)
                      0.041760    0.000203    4.192676 v _539_/A1 (sky130_fd_sc_hd__a221o_1)
     3    0.010135    0.057135    0.192678    4.385354 v _539_/X (sky130_fd_sc_hd__a221o_1)
                                                         _010_ (net)
                      0.057135    0.000272    4.385626 v _544_/A2 (sky130_fd_sc_hd__a311o_1)
     3    0.009562    0.062770    0.226982    4.612608 v _544_/X (sky130_fd_sc_hd__a311o_1)
                                                         _015_ (net)
                      0.062770    0.000217    4.612825 v rebuffer4/A (sky130_fd_sc_hd__dlygate4sd1_1)
     3    0.009030    0.040801    0.175406    4.788231 v rebuffer4/X (sky130_fd_sc_hd__dlygate4sd1_1)
                                                         net73 (net)
                      0.040802    0.000188    4.788420 v _550_/A1 (sky130_fd_sc_hd__a21o_1)
     3    0.008570    0.041129    0.116635    4.905055 v _550_/X (sky130_fd_sc_hd__a21o_1)
                                                         _021_ (net)
                      0.041130    0.000222    4.905277 v _555_/C (sky130_fd_sc_hd__and3_1)
     2    0.008324    0.043693    0.133570    5.038847 v _555_/X (sky130_fd_sc_hd__and3_1)
                                                         _026_ (net)
                      0.043693    0.000215    5.039062 v _559_/A1 (sky130_fd_sc_hd__o21ai_2)
     4    0.017479    0.164317    0.162970    5.202032 ^ _559_/Y (sky130_fd_sc_hd__o21ai_2)
                                                         _030_ (net)
                      0.164323    0.000756    5.202788 ^ _586_/D_N (sky130_fd_sc_hd__or4b_4)
     1    0.009159    0.064209    0.288793    5.491581 v _586_/X (sky130_fd_sc_hd__or4b_4)
                                                         _057_ (net)
                      0.064209    0.000291    5.491872 v _590_/A2 (sky130_fd_sc_hd__a311oi_4)
     4    0.017400    0.248021    0.250653    5.742525 ^ _590_/Y (sky130_fd_sc_hd__a311oi_4)
                                                         _061_ (net)
                      0.248022    0.000618    5.743143 ^ max_cap30/A (sky130_fd_sc_hd__buf_6)
     5    0.027313    0.050416    0.099452    5.842595 ^ max_cap30/X (sky130_fd_sc_hd__buf_6)
                                                         net30 (net)
                      0.050420    0.000448    5.843043 ^ _619_/S (sky130_fd_sc_hd__mux2_4)
     5    0.021313    0.057635    0.211382    6.054425 v _619_/X (sky130_fd_sc_hd__mux2_4)
                                                         _090_ (net)
                      0.057638    0.000728    6.055152 v _620_/B (sky130_fd_sc_hd__xnor2_1)
     2    0.009882    0.180175    0.169140    6.224293 ^ _620_/Y (sky130_fd_sc_hd__xnor2_1)
                                                         _091_ (net)
                      0.180176    0.000237    6.224530 ^ _622_/D (sky130_fd_sc_hd__nand4_1)
     1    0.005414    0.076142    0.073816    6.298345 v _622_/Y (sky130_fd_sc_hd__nand4_1)
                                                         _093_ (net)
                      0.076142    0.000188    6.298533 v _627_/A2 (sky130_fd_sc_hd__o31a_1)
     4    0.019658    0.083100    0.236862    6.535395 v _627_/X (sky130_fd_sc_hd__o31a_1)
                                                         _098_ (net)
                      0.083101    0.000379    6.535774 v _628_/A1 (sky130_fd_sc_hd__a21oi_4)
     4    0.022666    0.149881    0.158241    6.694015 ^ _628_/Y (sky130_fd_sc_hd__a21oi_4)
                                                         _099_ (net)
                      0.149882    0.000604    6.694619 ^ fanout29/A (sky130_fd_sc_hd__buf_6)
     5    0.029432    0.051797    0.097469    6.792088 ^ fanout29/X (sky130_fd_sc_hd__buf_6)
                                                         net29 (net)
                      0.051885    0.001396    6.793484 ^ _665_/S (sky130_fd_sc_hd__mux2_4)
     3    0.008397    0.042668    0.191431    6.984915 v _665_/X (sky130_fd_sc_hd__mux2_4)
                                                         _136_ (net)
                      0.042668    0.000103    6.985019 v _669_/A2 (sky130_fd_sc_hd__a21o_1)
     1    0.003507    0.026149    0.116603    7.101622 v _669_/X (sky130_fd_sc_hd__a21o_1)
                                                         _140_ (net)
                      0.026162    0.000105    7.101727 v _671_/A1 (sky130_fd_sc_hd__o211a_1)
     1    0.002962    0.028562    0.135127    7.236854 v _671_/X (sky130_fd_sc_hd__o211a_1)
                                                         _142_ (net)
                      0.028562    0.000084    7.236938 v _672_/B2 (sky130_fd_sc_hd__o221a_1)
     1    0.003647    0.035908    0.123284    7.360222 v _672_/X (sky130_fd_sc_hd__o221a_1)
                                                         _143_ (net)
                      0.035908    0.000116    7.360338 v _675_/A2 (sky130_fd_sc_hd__o21a_1)
     1    0.002461    0.023857    0.101691    7.462029 v _675_/X (sky130_fd_sc_hd__o21a_1)
                                                         _146_ (net)
                      0.023857    0.000046    7.462076 v _679_/A2 (sky130_fd_sc_hd__o21a_1)
     1    0.007892    0.040857    0.116814    7.578890 v _679_/X (sky130_fd_sc_hd__o21a_1)
                                                         _150_ (net)
                      0.040859    0.000353    7.579243 v _700_/C (sky130_fd_sc_hd__or3_4)
     1    0.009388    0.051285    0.204086    7.783329 v _700_/X (sky130_fd_sc_hd__or3_4)
                                                         net21 (net)
                      0.051285    0.000391    7.783720 v output21/A (sky130_fd_sc_hd__buf_8)
     1    0.034699    0.029999    0.097419    7.881139 v output21/X (sky130_fd_sc_hd__buf_8)
                                                         op_out[0] (net)
                      0.030030    0.000869    7.882007 v op_out[0] (out)
                                              7.882007   data arrival time

                      0.000000   10.000000   10.000000   clock __VIRTUAL_CLK__ (rise edge)
                                  0.000000   10.000000   clock network delay (ideal)
                                 -0.250000    9.750000   clock uncertainty
                                  0.000000    9.750000   clock reconvergence pessimism
                                 -2.000000    7.750000   output external delay
                                              7.750000   data required time
---------------------------------------------------------------------------------------------
                                              7.750000   data required time
                                             -7.882007   data arrival time
---------------------------------------------------------------------------------------------
                                             -0.132007   slack (VIOLATED)




===========================================================================
report_checks --slack_max -0.01
============================================================================
======================= nom_ff_n40C_1v95 Corner ===================================

Startpoint: op_b[3] (input port clocked by __VIRTUAL_CLK__)
Endpoint: op_out[0] (output port clocked by __VIRTUAL_CLK__)
Path Group: __VIRTUAL_CLK__
Path Type: max

Fanout         Cap        Slew       Delay        Time   Description
---------------------------------------------------------------------------------------------
                      0.000000    0.000000    0.000000   clock __VIRTUAL_CLK__ (rise edge)
                                  0.000000    0.000000   clock network delay (ideal)
                                  2.000000    2.000000 v input external delay
     1    0.002649    0.004500    0.002145    2.002145 v op_b[3] (in)
                                                         op_b[3] (net)
                      0.004500    0.000000    2.002145 v input16/A (sky130_fd_sc_hd__clkbuf_1)
     1    0.008040    0.037149    0.063098    2.065243 v input16/X (sky130_fd_sc_hd__clkbuf_1)
                                                         net16 (net)
                      0.037151    0.000304    2.065547 v fanout58/A (sky130_fd_sc_hd__clkbuf_4)
     9    0.056056    0.083900    0.147559    2.213106 v fanout58/X (sky130_fd_sc_hd__clkbuf_4)
                                                         net58 (net)
                      0.083997    0.002559    2.215665 v fanout56/A (sky130_fd_sc_hd__buf_2)
    10    0.039981    0.071336    0.145508    2.361173 v fanout56/X (sky130_fd_sc_hd__buf_2)
                                                         net56 (net)
                      0.071363    0.001322    2.362495 v _470_/A (sky130_fd_sc_hd__or2_4)
     4    0.015731    0.044506    0.182218    2.544713 v _470_/X (sky130_fd_sc_hd__or2_4)
                                                         _317_ (net)
                      0.044509    0.000371    2.545084 v _472_/A3 (sky130_fd_sc_hd__o41ai_4)
     5    0.016790    0.274154    0.272643    2.817727 ^ _472_/Y (sky130_fd_sc_hd__o41ai_4)
                                                         _338_ (net)
                      0.274154    0.000371    2.818098 ^ _481_/A2 (sky130_fd_sc_hd__a211o_1)
     4    0.013008    0.091417    0.141788    2.959886 ^ _481_/X (sky130_fd_sc_hd__a211o_1)
                                                         _410_ (net)
                      0.091417    0.000286    2.960172 ^ _484_/A1 (sky130_fd_sc_hd__a21o_1)
     4    0.014987    0.102671    0.126551    3.086723 ^ _484_/X (sky130_fd_sc_hd__a21o_1)
                                                         _413_ (net)
                      0.102671    0.000293    3.087016 ^ _493_/A1 (sky130_fd_sc_hd__a211oi_2)
     3    0.009347    0.055001    0.059542    3.146559 v _493_/Y (sky130_fd_sc_hd__a211oi_2)
                                                         _422_ (net)
                      0.055001    0.000225    3.146784 v _503_/D (sky130_fd_sc_hd__or4_4)
     3    0.008002    0.062708    0.254629    3.401412 v _503_/X (sky130_fd_sc_hd__or4_4)
                                                         _432_ (net)
                      0.062708    0.000176    3.401588 v _507_/A1 (sky130_fd_sc_hd__a31o_1)
     2    0.007917    0.043101    0.136441    3.538029 v _507_/X (sky130_fd_sc_hd__a31o_1)
                                                         _436_ (net)
                      0.043102    0.000208    3.538237 v _509_/A2 (sky130_fd_sc_hd__a211o_4)
     3    0.015725    0.048012    0.224593    3.762830 v _509_/X (sky130_fd_sc_hd__a211o_4)
                                                         _438_ (net)
                      0.048017    0.000478    3.763308 v _515_/A2 (sky130_fd_sc_hd__a21oi_4)
     8    0.045075    0.253408    0.235017    3.998325 ^ _515_/Y (sky130_fd_sc_hd__a21oi_4)
                                                         _444_ (net)
                      0.253424    0.001630    3.999955 ^ _524_/S (sky130_fd_sc_hd__mux2_4)
     2    0.007515    0.041760    0.192518    4.192473 v _524_/X (sky130_fd_sc_hd__mux2_4)
                                                         _453_ (net)
                      0.041760    0.000203    4.192676 v _539_/A1 (sky130_fd_sc_hd__a221o_1)
     3    0.010135    0.057135    0.192678    4.385354 v _539_/X (sky130_fd_sc_hd__a221o_1)
                                                         _010_ (net)
                      0.057135    0.000272    4.385626 v _544_/A2 (sky130_fd_sc_hd__a311o_1)
     3    0.009562    0.062770    0.226982    4.612608 v _544_/X (sky130_fd_sc_hd__a311o_1)
                                                         _015_ (net)
                      0.062770    0.000217    4.612825 v rebuffer4/A (sky130_fd_sc_hd__dlygate4sd1_1)
     3    0.009030    0.040801    0.175406    4.788231 v rebuffer4/X (sky130_fd_sc_hd__dlygate4sd1_1)
                                                         net73 (net)
                      0.040802    0.000188    4.788420 v _550_/A1 (sky130_fd_sc_hd__a21o_1)
     3    0.008570    0.041129    0.116635    4.905055 v _550_/X (sky130_fd_sc_hd__a21o_1)
                                                         _021_ (net)
                      0.041130    0.000222    4.905277 v _555_/C (sky130_fd_sc_hd__and3_1)
     2    0.008324    0.043693    0.133570    5.038847 v _555_/X (sky130_fd_sc_hd__and3_1)
                                                         _026_ (net)
                      0.043693    0.000215    5.039062 v _559_/A1 (sky130_fd_sc_hd__o21ai_2)
     4    0.017479    0.164317    0.162970    5.202032 ^ _559_/Y (sky130_fd_sc_hd__o21ai_2)
                                                         _030_ (net)
                      0.164323    0.000756    5.202788 ^ _586_/D_N (sky130_fd_sc_hd__or4b_4)
     1    0.009159    0.064209    0.288793    5.491581 v _586_/X (sky130_fd_sc_hd__or4b_4)
                                                         _057_ (net)
                      0.064209    0.000291    5.491872 v _590_/A2 (sky130_fd_sc_hd__a311oi_4)
     4    0.017400    0.248021    0.250653    5.742525 ^ _590_/Y (sky130_fd_sc_hd__a311oi_4)
                                                         _061_ (net)
                      0.248022    0.000618    5.743143 ^ max_cap30/A (sky130_fd_sc_hd__buf_6)
     5    0.027313    0.050416    0.099452    5.842595 ^ max_cap30/X (sky130_fd_sc_hd__buf_6)
                                                         net30 (net)
                      0.050420    0.000448    5.843043 ^ _619_/S (sky130_fd_sc_hd__mux2_4)
     5    0.021313    0.057635    0.211382    6.054425 v _619_/X (sky130_fd_sc_hd__mux2_4)
                                                         _090_ (net)
                      0.057638    0.000728    6.055152 v _620_/B (sky130_fd_sc_hd__xnor2_1)
     2    0.009882    0.180175    0.169140    6.224293 ^ _620_/Y (sky130_fd_sc_hd__xnor2_1)
                                                         _091_ (net)
                      0.180176    0.000237    6.224530 ^ _622_/D (sky130_fd_sc_hd__nand4_1)
     1    0.005414    0.076142    0.073816    6.298345 v _622_/Y (sky130_fd_sc_hd__nand4_1)
                                                         _093_ (net)
                      0.076142    0.000188    6.298533 v _627_/A2 (sky130_fd_sc_hd__o31a_1)
     4    0.019658    0.083100    0.236862    6.535395 v _627_/X (sky130_fd_sc_hd__o31a_1)
                                                         _098_ (net)
                      0.083101    0.000379    6.535774 v _628_/A1 (sky130_fd_sc_hd__a21oi_4)
     4    0.022666    0.149881    0.158241    6.694015 ^ _628_/Y (sky130_fd_sc_hd__a21oi_4)
                                                         _099_ (net)
                      0.149882    0.000604    6.694619 ^ fanout29/A (sky130_fd_sc_hd__buf_6)
     5    0.029432    0.051797    0.097469    6.792088 ^ fanout29/X (sky130_fd_sc_hd__buf_6)
                                                         net29 (net)
                      0.051885    0.001396    6.793484 ^ _665_/S (sky130_fd_sc_hd__mux2_4)
     3    0.008397    0.042668    0.191431    6.984915 v _665_/X (sky130_fd_sc_hd__mux2_4)
                                                         _136_ (net)
                      0.042668    0.000103    6.985019 v _669_/A2 (sky130_fd_sc_hd__a21o_1)
     1    0.003507    0.026149    0.116603    7.101622 v _669_/X (sky130_fd_sc_hd__a21o_1)
                                                         _140_ (net)
                      0.026162    0.000105    7.101727 v _671_/A1 (sky130_fd_sc_hd__o211a_1)
     1    0.002962    0.028562    0.135127    7.236854 v _671_/X (sky130_fd_sc_hd__o211a_1)
                                                         _142_ (net)
                      0.028562    0.000084    7.236938 v _672_/B2 (sky130_fd_sc_hd__o221a_1)
     1    0.003647    0.035908    0.123284    7.360222 v _672_/X (sky130_fd_sc_hd__o221a_1)
                                                         _143_ (net)
                      0.035908    0.000116    7.360338 v _675_/A2 (sky130_fd_sc_hd__o21a_1)
     1    0.002461    0.023857    0.101691    7.462029 v _675_/X (sky130_fd_sc_hd__o21a_1)
                                                         _146_ (net)
                      0.023857    0.000046    7.462076 v _679_/A2 (sky130_fd_sc_hd__o21a_1)
     1    0.007892    0.040857    0.116814    7.578890 v _679_/X (sky130_fd_sc_hd__o21a_1)
                                                         _150_ (net)
                      0.040859    0.000353    7.579243 v _700_/C (sky130_fd_sc_hd__or3_4)
     1    0.009388    0.051285    0.204086    7.783329 v _700_/X (sky130_fd_sc_hd__or3_4)
                                                         net21 (net)
                      0.051285    0.000391    7.783720 v output21/A (sky130_fd_sc_hd__buf_8)
     1    0.034699    0.029999    0.097419    7.881139 v output21/X (sky130_fd_sc_hd__buf_8)
                                                         op_out[0] (net)
                      0.030030    0.000869    7.882007 v op_out[0] (out)
                                              7.882007   data arrival time

                      0.000000   10.000000   10.000000   clock __VIRTUAL_CLK__ (rise edge)
                                  0.000000   10.000000   clock network delay (ideal)
                                 -0.250000    9.750000   clock uncertainty
                                  0.000000    9.750000   clock reconvergence pessimism
                                 -2.000000    7.750000   output external delay
                                              7.750000   data required time
---------------------------------------------------------------------------------------------
                                              7.750000   data required time
                                             -7.882007   data arrival time
---------------------------------------------------------------------------------------------
                                             -0.132007   slack (VIOLATED)




===========================================================================
 report_check_types -max_slew -max_cap -max_fanout -violators
============================================================================
======================= nom_ff_n40C_1v95 Corner ===================================



===========================================================================
report_parasitic_annotation -report_unannotated
============================================================================
Found 0 unannotated drivers.
Found 0 partially unannotated drivers.

===========================================================================
max slew violation count 0
max fanout violation count 0
max cap violation count 0
============================================================================

===========================================================================
check_setup -verbose -unconstrained_endpoints -multiple_clock -no_clock -no_input_delay -loops -generated_clocks
===========================================================================
