
===========================================================================
report_checks -unconstrained
===========================================================================
======================= min_tt_025C_1v80 Corner ===================================

Startpoint: op_b[4] (input port clocked by virtual_clk)
Endpoint: op_out[0] (output port clocked by virtual_clk)
Path Group: virtual_clk
Path Type: max

Fanout         Cap        Slew       Delay        Time   Description
---------------------------------------------------------------------------------------------
                      0.000000    0.000000    0.000000   clock virtual_clk (rise edge)
                                  0.000000    0.000000   clock network delay (ideal)
                                  2.000000    2.000000 v input external delay
     1    0.002229    0.000000    0.000000    2.000000 v op_b[4] (in)
                                                         op_b[4] (net)
                      0.000020    0.000010    2.000010 v input17/A (sky130_fd_sc_hd__buf_2)
     8    0.045858    0.111385    0.179845    2.179855 v input17/X (sky130_fd_sc_hd__buf_2)
                                                         net17 (net)
                      0.111385    0.000223    2.180078 v fanout35/A (sky130_fd_sc_hd__buf_4)
    16    0.072916    0.098435    0.235410    2.415488 v fanout35/X (sky130_fd_sc_hd__buf_4)
                                                         net35 (net)
                      0.098489    0.002173    2.417660 v _469_/B (sky130_fd_sc_hd__or4_4)
     6    0.025015    0.118939    0.585981    3.003642 v _469_/X (sky130_fd_sc_hd__or4_4)
                                                         _306_ (net)
                      0.118939    0.000298    3.003940 v _472_/A3 (sky130_fd_sc_hd__o41ai_4)
     5    0.016477    0.368552    0.412404    3.416343 ^ _472_/Y (sky130_fd_sc_hd__o41ai_4)
                                                         _338_ (net)
                      0.368552    0.000049    3.416392 ^ _481_/A1 (sky130_fd_sc_hd__a211o_1)
     4    0.012351    0.117126    0.241997    3.658389 ^ _481_/X (sky130_fd_sc_hd__a211o_1)
                                                         _410_ (net)
                      0.117126    0.000158    3.658547 ^ _484_/A2 (sky130_fd_sc_hd__a21o_1)
     4    0.012423    0.115133    0.183324    3.841871 ^ _484_/X (sky130_fd_sc_hd__a21o_1)
                                                         _413_ (net)
                      0.115133    0.000097    3.841968 ^ _493_/A1 (sky130_fd_sc_hd__a211oi_1)
     3    0.010461    0.099993    0.123529    3.965497 v _493_/Y (sky130_fd_sc_hd__a211oi_1)
                                                         _422_ (net)
                      0.099993    0.000156    3.965654 v _503_/D (sky130_fd_sc_hd__or4_1)
     3    0.008211    0.122142    0.459770    4.425424 v _503_/X (sky130_fd_sc_hd__or4_1)
                                                         _432_ (net)
                      0.122142    0.000054    4.425478 v _507_/A3 (sky130_fd_sc_hd__a31o_1)
     2    0.005107    0.047144    0.254062    4.679540 v _507_/X (sky130_fd_sc_hd__a31o_1)
                                                         _436_ (net)
                      0.047144    0.000026    4.679566 v _509_/A2 (sky130_fd_sc_hd__a211o_1)
     3    0.014286    0.098065    0.346578    5.026144 v _509_/X (sky130_fd_sc_hd__a211o_1)
                                                         _438_ (net)
                      0.098065    0.000148    5.026292 v _515_/A1 (sky130_fd_sc_hd__a21oi_4)
     8    0.037184    0.289620    0.288317    5.314609 ^ _515_/Y (sky130_fd_sc_hd__a21oi_4)
                                                         _444_ (net)
                      0.289620    0.000381    5.314991 ^ _524_/S (sky130_fd_sc_hd__mux2_1)
     2    0.007978    0.081247    0.389826    5.704816 v _524_/X (sky130_fd_sc_hd__mux2_1)
                                                         _453_ (net)
                      0.081247    0.000091    5.704908 v _539_/A2 (sky130_fd_sc_hd__a221o_1)
     3    0.010497    0.088947    0.400177    6.105085 v _539_/X (sky130_fd_sc_hd__a221o_1)
                                                         _010_ (net)
                      0.088947    0.000062    6.105147 v _544_/A3 (sky130_fd_sc_hd__a311o_1)
     5    0.014724    0.108817    0.426021    6.531168 v _544_/X (sky130_fd_sc_hd__a311o_1)
                                                         _015_ (net)
                      0.108817    0.000086    6.531254 v _571_/A1 (sky130_fd_sc_hd__a21o_1)
     4    0.012001    0.070391    0.216274    6.747529 v _571_/X (sky130_fd_sc_hd__a21o_1)
                                                         _042_ (net)
                      0.070391    0.000132    6.747661 v _574_/B (sky130_fd_sc_hd__and3_1)
     3    0.007437    0.057151    0.192953    6.940614 v _574_/X (sky130_fd_sc_hd__and3_1)
                                                         _045_ (net)
                      0.057151    0.000054    6.940668 v _585_/A (sky130_fd_sc_hd__or4_1)
     1    0.003210    0.085622    0.519591    7.460259 v _585_/X (sky130_fd_sc_hd__or4_1)
                                                         _056_ (net)
                      0.085622    0.000049    7.460308 v _586_/C (sky130_fd_sc_hd__or4b_1)
     1    0.008773    0.119407    0.527756    7.988064 v _586_/X (sky130_fd_sc_hd__or4b_1)
                                                         _057_ (net)
                      0.119407    0.000083    7.988147 v _590_/A1 (sky130_fd_sc_hd__a311oi_4)
     8    0.034504    0.488660    0.448707    8.436854 ^ _590_/Y (sky130_fd_sc_hd__a311oi_4)
                                                         _061_ (net)
                      0.488660    0.000288    8.437141 ^ _593_/S (sky130_fd_sc_hd__mux2_1)
     3    0.010809    0.092098    0.419806    8.856948 v _593_/X (sky130_fd_sc_hd__mux2_1)
                                                         _064_ (net)
                      0.092098    0.000131    8.857079 v _610_/B (sky130_fd_sc_hd__xor2_1)
     4    0.010504    0.248145    0.246557    9.103636 ^ _610_/X (sky130_fd_sc_hd__xor2_1)
                                                         _081_ (net)
                      0.248145    0.000151    9.103786 ^ _624_/C_N (sky130_fd_sc_hd__or4bb_2)
     4    0.018801    0.147874    0.723144    9.826931 v _624_/X (sky130_fd_sc_hd__or4bb_2)
                                                         _095_ (net)
                      0.147970    0.000257    9.827188 v _628_/A1 (sky130_fd_sc_hd__a21oi_4)
    12    0.046349    0.347035    0.351353   10.178540 ^ _628_/Y (sky130_fd_sc_hd__a21oi_4)
                                                         _099_ (net)
                      0.347039    0.000961   10.179502 ^ _665_/S (sky130_fd_sc_hd__mux2_1)
     3    0.008108    0.082081    0.394834   10.574334 v _665_/X (sky130_fd_sc_hd__mux2_1)
                                                         _136_ (net)
                      0.082081    0.000023   10.574358 v _669_/A2 (sky130_fd_sc_hd__a21o_1)
     1    0.002537    0.031770    0.183765   10.758122 v _669_/X (sky130_fd_sc_hd__a21o_1)
                                                         _140_ (net)
                      0.031770    0.000022   10.758145 v _671_/A2 (sky130_fd_sc_hd__o211a_1)
     1    0.003834    0.043477    0.200608   10.958754 v _671_/X (sky130_fd_sc_hd__o211a_1)
                                                         _142_ (net)
                      0.043477    0.000054   10.958808 v _672_/B2 (sky130_fd_sc_hd__o221a_1)
     1    0.002544    0.043555    0.197501   11.156308 v _672_/X (sky130_fd_sc_hd__o221a_1)
                                                         _143_ (net)
                      0.043555    0.000021   11.156329 v _675_/A2 (sky130_fd_sc_hd__o21a_1)
     1    0.003326    0.037632    0.164987   11.321317 v _675_/X (sky130_fd_sc_hd__o21a_1)
                                                         _146_ (net)
                      0.037632    0.000038   11.321355 v _679_/A1 (sky130_fd_sc_hd__o21a_1)
     1    0.006268    0.050864    0.193584   11.514938 v _679_/X (sky130_fd_sc_hd__o21a_1)
                                                         _150_ (net)
                      0.050864    0.000152   11.515091 v _700_/A (sky130_fd_sc_hd__or3_1)
     1    0.003536    0.069842    0.370568   11.885658 v _700_/X (sky130_fd_sc_hd__or3_1)
                                                         net21 (net)
                      0.069842    0.000048   11.885706 v output21/A (sky130_fd_sc_hd__buf_1)
     1    0.001062    0.018066    0.088542   11.974248 v output21/X (sky130_fd_sc_hd__buf_1)
                                                         op_out[0] (net)
                      0.018066    0.000007   11.974255 v op_out[0] (out)
                                             11.974255   data arrival time

                      0.000000   25.000000   25.000000   clock virtual_clk (rise edge)
                                  0.000000   25.000000   clock network delay (ideal)
                                  0.000000   25.000000   clock reconvergence pessimism
                                 -2.000000   22.999998   output external delay
                                             22.999998   data required time
---------------------------------------------------------------------------------------------
                                             22.999998   data required time
                                            -11.974255   data arrival time
---------------------------------------------------------------------------------------------
                                             11.025744   slack (MET)




===========================================================================
report_checks --slack_max -0.01
============================================================================
======================= min_tt_025C_1v80 Corner ===================================

No paths found.


===========================================================================
 report_check_types -max_slew -max_cap -max_fanout -violators
============================================================================
======================= min_tt_025C_1v80 Corner ===================================



===========================================================================
report_parasitic_annotation -report_unannotated
============================================================================
Found 0 unannotated drivers.
Found 0 partially unannotated drivers.

===========================================================================
max slew violation count 0
max fanout violation count 0
max cap violation count 0
============================================================================

===========================================================================
check_setup -verbose -unconstrained_endpoints -multiple_clock -no_clock -no_input_delay -loops -generated_clocks
===========================================================================
