
===========================================================================
report_checks -path_delay max (Setup)
============================================================================
======================= min_tt_025C_1v80 Corner ===================================

Startpoint: op_b[0] (input port clocked by __VIRTUAL_CLK__)
Endpoint: op_out[0] (output port clocked by __VIRTUAL_CLK__)
Path Group: __VIRTUAL_CLK__
Path Type: max

Fanout         Cap        Slew       Delay        Time   Description
---------------------------------------------------------------------------------------------
                      0.000000    0.000000    0.000000   clock __VIRTUAL_CLK__ (rise edge)
                                  0.000000    0.000000   clock network delay (ideal)
                                  4.000000    4.000000 ^ input external delay
     1    0.002931    0.020294    0.010755    4.010755 ^ op_b[0] (in)
                                                         op_b[0] (net)
                      0.020294    0.000000    4.010755 ^ input13/A (sky130_fd_sc_hd__clkbuf_2)
     4    0.024592    0.138376    0.163121    4.173875 ^ input13/X (sky130_fd_sc_hd__clkbuf_2)
                                                         net13 (net)
                      0.138421    0.000417    4.174292 ^ fanout66/A (sky130_fd_sc_hd__buf_4)
    10    0.047147    0.135883    0.212213    4.386505 ^ fanout66/X (sky130_fd_sc_hd__buf_4)
                                                         net66 (net)
                      0.135883    0.000112    4.386617 ^ fanout65/A (sky130_fd_sc_hd__buf_4)
    10    0.038810    0.114503    0.196354    4.582971 ^ fanout65/X (sky130_fd_sc_hd__buf_4)
                                                         net65 (net)
                      0.114511    0.001094    4.584064 ^ _458_/A (sky130_fd_sc_hd__inv_2)
     4    0.013147    0.046460    0.067020    4.651084 v _458_/Y (sky130_fd_sc_hd__inv_2)
                                                         _188_ (net)
                      0.046460    0.000060    4.651145 v fanout35/A (sky130_fd_sc_hd__clkbuf_4)
    10    0.039691    0.089194    0.191726    4.842871 v fanout35/X (sky130_fd_sc_hd__clkbuf_4)
                                                         net35 (net)
                      0.089195    0.000520    4.843391 v _472_/A1 (sky130_fd_sc_hd__o41ai_4)
     5    0.016336    0.366720    0.460656    5.304047 ^ _472_/Y (sky130_fd_sc_hd__o41ai_4)
                                                         _338_ (net)
                      0.366720    0.000215    5.304263 ^ _481_/A2 (sky130_fd_sc_hd__a211o_1)
     4    0.013801    0.128935    0.249725    5.553987 ^ _481_/X (sky130_fd_sc_hd__a211o_1)
                                                         _410_ (net)
                      0.128935    0.000139    5.554126 ^ _484_/A1 (sky130_fd_sc_hd__a21o_1)
     4    0.013747    0.125839    0.191031    5.745157 ^ _484_/X (sky130_fd_sc_hd__a21o_1)
                                                         _413_ (net)
                      0.125839    0.000074    5.745231 ^ _493_/A1 (sky130_fd_sc_hd__a211oi_2)
     3    0.009042    0.072855    0.099765    5.844995 v _493_/Y (sky130_fd_sc_hd__a211oi_2)
                                                         _422_ (net)
                      0.072855    0.000106    5.845101 v _503_/D (sky130_fd_sc_hd__or4_4)
     3    0.007989    0.090510    0.431057    6.276158 v _503_/X (sky130_fd_sc_hd__or4_4)
                                                         _432_ (net)
                      0.090510    0.000061    6.276219 v _507_/A3 (sky130_fd_sc_hd__a31o_1)
     2    0.008847    0.062978    0.259774    6.535993 v _507_/X (sky130_fd_sc_hd__a31o_1)
                                                         _436_ (net)
                      0.062978    0.000083    6.536077 v _509_/A2 (sky130_fd_sc_hd__a211o_4)
     3    0.016717    0.069526    0.363757    6.899834 v _509_/X (sky130_fd_sc_hd__a211o_4)
                                                         _438_ (net)
                      0.069526    0.000211    6.900045 v _515_/A2 (sky130_fd_sc_hd__a21oi_4)
     5    0.019176    0.178427    0.211726    7.111771 ^ _515_/Y (sky130_fd_sc_hd__a21oi_4)
                                                         _444_ (net)
                      0.178427    0.000282    7.112052 ^ rebuffer5/A (sky130_fd_sc_hd__buf_6)
     3    0.013248    0.040489    0.133160    7.245212 ^ rebuffer5/X (sky130_fd_sc_hd__buf_6)
                                                         net74 (net)
                      0.040490    0.000180    7.245392 ^ _524_/S (sky130_fd_sc_hd__mux2_4)
     2    0.007174    0.055475    0.297153    7.542544 v _524_/X (sky130_fd_sc_hd__mux2_4)
                                                         _453_ (net)
                      0.055475    0.000094    7.542639 v _539_/A1 (sky130_fd_sc_hd__a221o_1)
     3    0.009549    0.084881    0.354329    7.896968 v _539_/X (sky130_fd_sc_hd__a221o_1)
                                                         _010_ (net)
                      0.084881    0.000033    7.897001 v _544_/A2 (sky130_fd_sc_hd__a311o_1)
     3    0.008703    0.081645    0.357498    8.254498 v _544_/X (sky130_fd_sc_hd__a311o_1)
                                                         _015_ (net)
                      0.081645    0.000130    8.254628 v _579_/A2 (sky130_fd_sc_hd__a21o_1)
     3    0.008181    0.056456    0.211552    8.466180 v _579_/X (sky130_fd_sc_hd__a21o_1)
                                                         _050_ (net)
                      0.056456    0.000110    8.466290 v _583_/C (sky130_fd_sc_hd__and3_1)
     2    0.005269    0.047273    0.191397    8.657687 v _583_/X (sky130_fd_sc_hd__and3_1)
                                                         _054_ (net)
                      0.047273    0.000039    8.657726 v _585_/A (sky130_fd_sc_hd__or4_4)
     1    0.003626    0.081097    0.521129    9.178855 v _585_/X (sky130_fd_sc_hd__or4_4)
                                                         _056_ (net)
                      0.081097    0.000044    9.178900 v _586_/B (sky130_fd_sc_hd__or4b_4)
     1    0.009036    0.092533    0.536536    9.715436 v _586_/X (sky130_fd_sc_hd__or4b_4)
                                                         _057_ (net)
                      0.092533    0.000100    9.715536 v _590_/A2 (sky130_fd_sc_hd__a311oi_4)
     4    0.019145    0.344132    0.373738   10.089274 ^ _590_/Y (sky130_fd_sc_hd__a311oi_4)
                                                         _061_ (net)
                      0.344132    0.000353   10.089627 ^ max_cap30/A (sky130_fd_sc_hd__buf_6)
     5    0.031684    0.075324    0.188526   10.278152 ^ max_cap30/X (sky130_fd_sc_hd__buf_6)
                                                         net30 (net)
                      0.075324    0.000128   10.278281 ^ _619_/S (sky130_fd_sc_hd__mux2_4)
     5    0.021022    0.074916    0.338380   10.616661 v _619_/X (sky130_fd_sc_hd__mux2_4)
                                                         _090_ (net)
                      0.074916    0.000349   10.617010 v _623_/B2 (sky130_fd_sc_hd__o22a_1)
     2    0.005826    0.058514    0.182811   10.799821 v _623_/X (sky130_fd_sc_hd__o22a_1)
                                                         _094_ (net)
                      0.058514    0.000036   10.799856 v _624_/A (sky130_fd_sc_hd__or4bb_4)
     4    0.019061    0.112642    0.582805   11.382662 v _624_/X (sky130_fd_sc_hd__or4bb_4)
                                                         _095_ (net)
                      0.112642    0.000122   11.382783 v _628_/A2 (sky130_fd_sc_hd__a21oi_4)
     4    0.021410    0.192176    0.239461   11.622244 ^ _628_/Y (sky130_fd_sc_hd__a21oi_4)
                                                         _099_ (net)
                      0.192176    0.000201   11.622445 ^ fanout29/A (sky130_fd_sc_hd__buf_6)
     5    0.027918    0.066341    0.157476   11.779921 ^ fanout29/X (sky130_fd_sc_hd__buf_6)
                                                         net29 (net)
                      0.066349    0.000752   11.780673 ^ _665_/S (sky130_fd_sc_hd__mux2_4)
     3    0.008302    0.057078    0.308222   12.088895 v _665_/X (sky130_fd_sc_hd__mux2_4)
                                                         _136_ (net)
                      0.057078    0.000020   12.088915 v _669_/A2 (sky130_fd_sc_hd__a21o_1)
     1    0.003343    0.035589    0.178900   12.267816 v _669_/X (sky130_fd_sc_hd__a21o_1)
                                                         _140_ (net)
                      0.035589    0.000036   12.267852 v _671_/A1 (sky130_fd_sc_hd__o211a_1)
     1    0.002727    0.038002    0.211239   12.479091 v _671_/X (sky130_fd_sc_hd__o211a_1)
                                                         _142_ (net)
                      0.038002    0.000026   12.479116 v _672_/B2 (sky130_fd_sc_hd__o221a_1)
     1    0.003334    0.048612    0.201950   12.681067 v _672_/X (sky130_fd_sc_hd__o221a_1)
                                                         _143_ (net)
                      0.048612    0.000044   12.681109 v _675_/A1 (sky130_fd_sc_hd__o21a_1)
     1    0.002420    0.034137    0.177367   12.858477 v _675_/X (sky130_fd_sc_hd__o21a_1)
                                                         _146_ (net)
                      0.034137    0.000010   12.858486 v _679_/A2 (sky130_fd_sc_hd__o21a_1)
     1    0.007326    0.056022    0.181771   13.040257 v _679_/X (sky130_fd_sc_hd__o21a_1)
                                                         _150_ (net)
                      0.056022    0.000208   13.040465 v _700_/C (sky130_fd_sc_hd__or3_4)
     1    0.009125    0.073379    0.339948   13.380413 v _700_/X (sky130_fd_sc_hd__or3_4)
                                                         net21 (net)
                      0.073379    0.000181   13.380594 v output21/A (sky130_fd_sc_hd__buf_8)
     1    0.034582    0.040009    0.146653   13.527247 v output21/X (sky130_fd_sc_hd__buf_8)
                                                         op_out[0] (net)
                      0.040014    0.000457   13.527704 v op_out[0] (out)
                                             13.527704   data arrival time

                      0.000000   20.000000   20.000000   clock __VIRTUAL_CLK__ (rise edge)
                                  0.000000   20.000000   clock network delay (ideal)
                                 -0.250000   19.750002   clock uncertainty
                                  0.000000   19.750002   clock reconvergence pessimism
                                 -4.000000   15.750001   output external delay
                                             15.750001   data required time
---------------------------------------------------------------------------------------------
                                             15.750001   data required time
                                            -13.527704   data arrival time
---------------------------------------------------------------------------------------------
                                              2.222296   slack (MET)


Startpoint: op_b[0] (input port clocked by __VIRTUAL_CLK__)
Endpoint: op_out[1] (output port clocked by __VIRTUAL_CLK__)
Path Group: __VIRTUAL_CLK__
Path Type: max

Fanout         Cap        Slew       Delay        Time   Description
---------------------------------------------------------------------------------------------
                      0.000000    0.000000    0.000000   clock __VIRTUAL_CLK__ (rise edge)
                                  0.000000    0.000000   clock network delay (ideal)
                                  4.000000    4.000000 ^ input external delay
     1    0.002931    0.020294    0.010755    4.010755 ^ op_b[0] (in)
                                                         op_b[0] (net)
                      0.020294    0.000000    4.010755 ^ input13/A (sky130_fd_sc_hd__clkbuf_2)
     4    0.024592    0.138376    0.163121    4.173875 ^ input13/X (sky130_fd_sc_hd__clkbuf_2)
                                                         net13 (net)
                      0.138421    0.000417    4.174292 ^ fanout66/A (sky130_fd_sc_hd__buf_4)
    10    0.047147    0.135883    0.212213    4.386505 ^ fanout66/X (sky130_fd_sc_hd__buf_4)
                                                         net66 (net)
                      0.135883    0.000112    4.386617 ^ fanout65/A (sky130_fd_sc_hd__buf_4)
    10    0.038810    0.114503    0.196354    4.582971 ^ fanout65/X (sky130_fd_sc_hd__buf_4)
                                                         net65 (net)
                      0.114511    0.001094    4.584064 ^ _458_/A (sky130_fd_sc_hd__inv_2)
     4    0.013147    0.046460    0.067020    4.651084 v _458_/Y (sky130_fd_sc_hd__inv_2)
                                                         _188_ (net)
                      0.046460    0.000060    4.651145 v fanout35/A (sky130_fd_sc_hd__clkbuf_4)
    10    0.039691    0.089194    0.191726    4.842871 v fanout35/X (sky130_fd_sc_hd__clkbuf_4)
                                                         net35 (net)
                      0.089195    0.000520    4.843391 v _472_/A1 (sky130_fd_sc_hd__o41ai_4)
     5    0.016336    0.366720    0.460656    5.304047 ^ _472_/Y (sky130_fd_sc_hd__o41ai_4)
                                                         _338_ (net)
                      0.366720    0.000215    5.304263 ^ _481_/A2 (sky130_fd_sc_hd__a211o_1)
     4    0.013801    0.128935    0.249725    5.553987 ^ _481_/X (sky130_fd_sc_hd__a211o_1)
                                                         _410_ (net)
                      0.128935    0.000139    5.554126 ^ _484_/A1 (sky130_fd_sc_hd__a21o_1)
     4    0.013747    0.125839    0.191031    5.745157 ^ _484_/X (sky130_fd_sc_hd__a21o_1)
                                                         _413_ (net)
                      0.125839    0.000074    5.745231 ^ _493_/A1 (sky130_fd_sc_hd__a211oi_2)
     3    0.009042    0.072855    0.099765    5.844995 v _493_/Y (sky130_fd_sc_hd__a211oi_2)
                                                         _422_ (net)
                      0.072855    0.000106    5.845101 v _503_/D (sky130_fd_sc_hd__or4_4)
     3    0.007989    0.090510    0.431057    6.276158 v _503_/X (sky130_fd_sc_hd__or4_4)
                                                         _432_ (net)
                      0.090510    0.000061    6.276219 v _507_/A3 (sky130_fd_sc_hd__a31o_1)
     2    0.008847    0.062978    0.259774    6.535993 v _507_/X (sky130_fd_sc_hd__a31o_1)
                                                         _436_ (net)
                      0.062978    0.000083    6.536077 v _509_/A2 (sky130_fd_sc_hd__a211o_4)
     3    0.016717    0.069526    0.363757    6.899834 v _509_/X (sky130_fd_sc_hd__a211o_4)
                                                         _438_ (net)
                      0.069526    0.000211    6.900045 v _515_/A2 (sky130_fd_sc_hd__a21oi_4)
     5    0.019176    0.178427    0.211726    7.111771 ^ _515_/Y (sky130_fd_sc_hd__a21oi_4)
                                                         _444_ (net)
                      0.178427    0.000282    7.112052 ^ rebuffer5/A (sky130_fd_sc_hd__buf_6)
     3    0.013248    0.040489    0.133160    7.245212 ^ rebuffer5/X (sky130_fd_sc_hd__buf_6)
                                                         net74 (net)
                      0.040490    0.000180    7.245392 ^ _524_/S (sky130_fd_sc_hd__mux2_4)
     2    0.007174    0.055475    0.297153    7.542544 v _524_/X (sky130_fd_sc_hd__mux2_4)
                                                         _453_ (net)
                      0.055475    0.000094    7.542639 v _539_/A1 (sky130_fd_sc_hd__a221o_1)
     3    0.009549    0.084881    0.354329    7.896968 v _539_/X (sky130_fd_sc_hd__a221o_1)
                                                         _010_ (net)
                      0.084881    0.000033    7.897001 v _544_/A2 (sky130_fd_sc_hd__a311o_1)
     3    0.008703    0.081645    0.357498    8.254498 v _544_/X (sky130_fd_sc_hd__a311o_1)
                                                         _015_ (net)
                      0.081645    0.000130    8.254628 v _579_/A2 (sky130_fd_sc_hd__a21o_1)
     3    0.008181    0.056456    0.211552    8.466180 v _579_/X (sky130_fd_sc_hd__a21o_1)
                                                         _050_ (net)
                      0.056456    0.000110    8.466290 v _583_/C (sky130_fd_sc_hd__and3_1)
     2    0.005269    0.047273    0.191397    8.657687 v _583_/X (sky130_fd_sc_hd__and3_1)
                                                         _054_ (net)
                      0.047273    0.000039    8.657726 v _585_/A (sky130_fd_sc_hd__or4_4)
     1    0.003626    0.081097    0.521129    9.178855 v _585_/X (sky130_fd_sc_hd__or4_4)
                                                         _056_ (net)
                      0.081097    0.000044    9.178900 v _586_/B (sky130_fd_sc_hd__or4b_4)
     1    0.009036    0.092533    0.536536    9.715436 v _586_/X (sky130_fd_sc_hd__or4b_4)
                                                         _057_ (net)
                      0.092533    0.000100    9.715536 v _590_/A2 (sky130_fd_sc_hd__a311oi_4)
     4    0.019145    0.344132    0.373738   10.089274 ^ _590_/Y (sky130_fd_sc_hd__a311oi_4)
                                                         _061_ (net)
                      0.344132    0.000353   10.089627 ^ max_cap30/A (sky130_fd_sc_hd__buf_6)
     5    0.031684    0.075324    0.188526   10.278152 ^ max_cap30/X (sky130_fd_sc_hd__buf_6)
                                                         net30 (net)
                      0.075326    0.000528   10.278682 ^ _601_/S (sky130_fd_sc_hd__mux2_4)
     4    0.025843    0.080446    0.346212   10.624893 v _601_/X (sky130_fd_sc_hd__mux2_4)
                                                         _072_ (net)
                      0.080446    0.000148   10.625042 v _604_/A (sky130_fd_sc_hd__xnor2_4)
     4    0.016632    0.073689    0.170355   10.795397 v _604_/Y (sky130_fd_sc_hd__xnor2_4)
                                                         _075_ (net)
                      0.073689    0.000137   10.795534 v _608_/A2 (sky130_fd_sc_hd__a211oi_4)
     4    0.014022    0.246542    0.302924   11.098457 ^ _608_/Y (sky130_fd_sc_hd__a211oi_4)
                                                         _079_ (net)
                      0.246542    0.000190   11.098648 ^ _627_/A3 (sky130_fd_sc_hd__o31a_1)
     4    0.019895    0.212036    0.273882   11.372530 ^ _627_/X (sky130_fd_sc_hd__o31a_1)
                                                         _098_ (net)
                      0.212036    0.000115   11.372644 ^ _628_/A1 (sky130_fd_sc_hd__a21oi_4)
     4    0.019837    0.081753    0.108566   11.481211 v _628_/Y (sky130_fd_sc_hd__a21oi_4)
                                                         _099_ (net)
                      0.081753    0.000297   11.481507 v clone21/A (sky130_fd_sc_hd__buf_6)
     5    0.018316    0.032350    0.141018   11.622525 v clone21/X (sky130_fd_sc_hd__buf_6)
                                                         net90 (net)
                      0.032350    0.000198   11.622724 v _717_/A1 (sky130_fd_sc_hd__a22o_1)
     1    0.003812    0.045159    0.202709   11.825433 v _717_/X (sky130_fd_sc_hd__a22o_1)
                                                         _187_ (net)
                      0.045159    0.000054   11.825487 v _718_/B (sky130_fd_sc_hd__or2_4)
     1    0.006959    0.050099    0.229404   12.054891 v _718_/X (sky130_fd_sc_hd__or2_4)
                                                         net22 (net)
                      0.050099    0.000064   12.054955 v output22/A (sky130_fd_sc_hd__buf_8)
     1    0.034569    0.040026    0.136385   12.191339 v output22/X (sky130_fd_sc_hd__buf_8)
                                                         op_out[1] (net)
                      0.040031    0.000446   12.191786 v op_out[1] (out)
                                             12.191786   data arrival time

                      0.000000   20.000000   20.000000   clock __VIRTUAL_CLK__ (rise edge)
                                  0.000000   20.000000   clock network delay (ideal)
                                 -0.250000   19.750002   clock uncertainty
                                  0.000000   19.750002   clock reconvergence pessimism
                                 -4.000000   15.750001   output external delay
                                             15.750001   data required time
---------------------------------------------------------------------------------------------
                                             15.750001   data required time
                                            -12.191786   data arrival time
---------------------------------------------------------------------------------------------
                                              3.558215   slack (MET)


Startpoint: op_b[0] (input port clocked by __VIRTUAL_CLK__)
Endpoint: op_out[2] (output port clocked by __VIRTUAL_CLK__)
Path Group: __VIRTUAL_CLK__
Path Type: max

Fanout         Cap        Slew       Delay        Time   Description
---------------------------------------------------------------------------------------------
                      0.000000    0.000000    0.000000   clock __VIRTUAL_CLK__ (rise edge)
                                  0.000000    0.000000   clock network delay (ideal)
                                  4.000000    4.000000 ^ input external delay
     1    0.002931    0.020294    0.010755    4.010755 ^ op_b[0] (in)
                                                         op_b[0] (net)
                      0.020294    0.000000    4.010755 ^ input13/A (sky130_fd_sc_hd__clkbuf_2)
     4    0.024592    0.138376    0.163121    4.173875 ^ input13/X (sky130_fd_sc_hd__clkbuf_2)
                                                         net13 (net)
                      0.138421    0.000417    4.174292 ^ fanout66/A (sky130_fd_sc_hd__buf_4)
    10    0.047147    0.135883    0.212213    4.386505 ^ fanout66/X (sky130_fd_sc_hd__buf_4)
                                                         net66 (net)
                      0.135883    0.000112    4.386617 ^ fanout65/A (sky130_fd_sc_hd__buf_4)
    10    0.038810    0.114503    0.196354    4.582971 ^ fanout65/X (sky130_fd_sc_hd__buf_4)
                                                         net65 (net)
                      0.114511    0.001094    4.584064 ^ _458_/A (sky130_fd_sc_hd__inv_2)
     4    0.013147    0.046460    0.067020    4.651084 v _458_/Y (sky130_fd_sc_hd__inv_2)
                                                         _188_ (net)
                      0.046460    0.000060    4.651145 v fanout35/A (sky130_fd_sc_hd__clkbuf_4)
    10    0.039691    0.089194    0.191726    4.842871 v fanout35/X (sky130_fd_sc_hd__clkbuf_4)
                                                         net35 (net)
                      0.089195    0.000520    4.843391 v _472_/A1 (sky130_fd_sc_hd__o41ai_4)
     5    0.016336    0.366720    0.460656    5.304047 ^ _472_/Y (sky130_fd_sc_hd__o41ai_4)
                                                         _338_ (net)
                      0.366720    0.000215    5.304263 ^ _481_/A2 (sky130_fd_sc_hd__a211o_1)
     4    0.013801    0.128935    0.249725    5.553987 ^ _481_/X (sky130_fd_sc_hd__a211o_1)
                                                         _410_ (net)
                      0.128935    0.000139    5.554126 ^ _484_/A1 (sky130_fd_sc_hd__a21o_1)
     4    0.013747    0.125839    0.191031    5.745157 ^ _484_/X (sky130_fd_sc_hd__a21o_1)
                                                         _413_ (net)
                      0.125839    0.000074    5.745231 ^ _493_/A1 (sky130_fd_sc_hd__a211oi_2)
     3    0.009042    0.072855    0.099765    5.844995 v _493_/Y (sky130_fd_sc_hd__a211oi_2)
                                                         _422_ (net)
                      0.072855    0.000106    5.845101 v _503_/D (sky130_fd_sc_hd__or4_4)
     3    0.007989    0.090510    0.431057    6.276158 v _503_/X (sky130_fd_sc_hd__or4_4)
                                                         _432_ (net)
                      0.090510    0.000061    6.276219 v _507_/A3 (sky130_fd_sc_hd__a31o_1)
     2    0.008847    0.062978    0.259774    6.535993 v _507_/X (sky130_fd_sc_hd__a31o_1)
                                                         _436_ (net)
                      0.062978    0.000083    6.536077 v _509_/A2 (sky130_fd_sc_hd__a211o_4)
     3    0.016717    0.069526    0.363757    6.899834 v _509_/X (sky130_fd_sc_hd__a211o_4)
                                                         _438_ (net)
                      0.069526    0.000211    6.900045 v _515_/A2 (sky130_fd_sc_hd__a21oi_4)
     5    0.019176    0.178427    0.211726    7.111771 ^ _515_/Y (sky130_fd_sc_hd__a21oi_4)
                                                         _444_ (net)
                      0.178427    0.000282    7.112052 ^ rebuffer5/A (sky130_fd_sc_hd__buf_6)
     3    0.013248    0.040489    0.133160    7.245212 ^ rebuffer5/X (sky130_fd_sc_hd__buf_6)
                                                         net74 (net)
                      0.040490    0.000180    7.245392 ^ _524_/S (sky130_fd_sc_hd__mux2_4)
     2    0.007174    0.055475    0.297153    7.542544 v _524_/X (sky130_fd_sc_hd__mux2_4)
                                                         _453_ (net)
                      0.055475    0.000094    7.542639 v _539_/A1 (sky130_fd_sc_hd__a221o_1)
     3    0.009549    0.084881    0.354329    7.896968 v _539_/X (sky130_fd_sc_hd__a221o_1)
                                                         _010_ (net)
                      0.084881    0.000033    7.897001 v _544_/A2 (sky130_fd_sc_hd__a311o_1)
     3    0.008703    0.081645    0.357498    8.254498 v _544_/X (sky130_fd_sc_hd__a311o_1)
                                                         _015_ (net)
                      0.081645    0.000130    8.254628 v _579_/A2 (sky130_fd_sc_hd__a21o_1)
     3    0.008181    0.056456    0.211552    8.466180 v _579_/X (sky130_fd_sc_hd__a21o_1)
                                                         _050_ (net)
                      0.056456    0.000110    8.466290 v _583_/C (sky130_fd_sc_hd__and3_1)
     2    0.005269    0.047273    0.191397    8.657687 v _583_/X (sky130_fd_sc_hd__and3_1)
                                                         _054_ (net)
                      0.047273    0.000039    8.657726 v _585_/A (sky130_fd_sc_hd__or4_4)
     1    0.003626    0.081097    0.521129    9.178855 v _585_/X (sky130_fd_sc_hd__or4_4)
                                                         _056_ (net)
                      0.081097    0.000044    9.178900 v _586_/B (sky130_fd_sc_hd__or4b_4)
     1    0.009036    0.092533    0.536536    9.715436 v _586_/X (sky130_fd_sc_hd__or4b_4)
                                                         _057_ (net)
                      0.092533    0.000100    9.715536 v _590_/A2 (sky130_fd_sc_hd__a311oi_4)
     4    0.019145    0.344132    0.373738   10.089274 ^ _590_/Y (sky130_fd_sc_hd__a311oi_4)
                                                         _061_ (net)
                      0.344132    0.000353   10.089627 ^ max_cap30/A (sky130_fd_sc_hd__buf_6)
     5    0.031684    0.075324    0.188526   10.278152 ^ max_cap30/X (sky130_fd_sc_hd__buf_6)
                                                         net30 (net)
                      0.075329    0.000690   10.278843 ^ _740_/A2 (sky130_fd_sc_hd__a211o_1)
     1    0.004545    0.054023    0.131313   10.410155 ^ _740_/X (sky130_fd_sc_hd__a211o_1)
                                                         _212_ (net)
                      0.054023    0.000075   10.410231 ^ _741_/B1 (sky130_fd_sc_hd__a21o_1)
     1    0.005269    0.056926    0.093456   10.503686 ^ _741_/X (sky130_fd_sc_hd__a21o_1)
                                                         net23 (net)
                      0.056926    0.000052   10.503738 ^ output23/A (sky130_fd_sc_hd__buf_6)
     1    0.034288    0.076810    0.129537   10.633276 ^ output23/X (sky130_fd_sc_hd__buf_6)
                                                         op_out[2] (net)
                      0.076811    0.000377   10.633653 ^ op_out[2] (out)
                                             10.633653   data arrival time

                      0.000000   20.000000   20.000000   clock __VIRTUAL_CLK__ (rise edge)
                                  0.000000   20.000000   clock network delay (ideal)
                                 -0.250000   19.750002   clock uncertainty
                                  0.000000   19.750002   clock reconvergence pessimism
                                 -4.000000   15.750001   output external delay
                                             15.750001   data required time
---------------------------------------------------------------------------------------------
                                             15.750001   data required time
                                            -10.633653   data arrival time
---------------------------------------------------------------------------------------------
                                              5.116348   slack (MET)


Startpoint: op_b[0] (input port clocked by __VIRTUAL_CLK__)
Endpoint: op_out[3] (output port clocked by __VIRTUAL_CLK__)
Path Group: __VIRTUAL_CLK__
Path Type: max

Fanout         Cap        Slew       Delay        Time   Description
---------------------------------------------------------------------------------------------
                      0.000000    0.000000    0.000000   clock __VIRTUAL_CLK__ (rise edge)
                                  0.000000    0.000000   clock network delay (ideal)
                                  4.000000    4.000000 ^ input external delay
     1    0.002931    0.020294    0.010755    4.010755 ^ op_b[0] (in)
                                                         op_b[0] (net)
                      0.020294    0.000000    4.010755 ^ input13/A (sky130_fd_sc_hd__clkbuf_2)
     4    0.024592    0.138376    0.163121    4.173875 ^ input13/X (sky130_fd_sc_hd__clkbuf_2)
                                                         net13 (net)
                      0.138421    0.000417    4.174292 ^ fanout66/A (sky130_fd_sc_hd__buf_4)
    10    0.047147    0.135883    0.212213    4.386505 ^ fanout66/X (sky130_fd_sc_hd__buf_4)
                                                         net66 (net)
                      0.135883    0.000112    4.386617 ^ fanout65/A (sky130_fd_sc_hd__buf_4)
    10    0.038810    0.114503    0.196354    4.582971 ^ fanout65/X (sky130_fd_sc_hd__buf_4)
                                                         net65 (net)
                      0.114511    0.001094    4.584064 ^ _458_/A (sky130_fd_sc_hd__inv_2)
     4    0.013147    0.046460    0.067020    4.651084 v _458_/Y (sky130_fd_sc_hd__inv_2)
                                                         _188_ (net)
                      0.046460    0.000060    4.651145 v fanout35/A (sky130_fd_sc_hd__clkbuf_4)
    10    0.039691    0.089194    0.191726    4.842871 v fanout35/X (sky130_fd_sc_hd__clkbuf_4)
                                                         net35 (net)
                      0.089195    0.000520    4.843391 v _472_/A1 (sky130_fd_sc_hd__o41ai_4)
     5    0.016336    0.366720    0.460656    5.304047 ^ _472_/Y (sky130_fd_sc_hd__o41ai_4)
                                                         _338_ (net)
                      0.366720    0.000215    5.304263 ^ _481_/A2 (sky130_fd_sc_hd__a211o_1)
     4    0.013801    0.128935    0.249725    5.553987 ^ _481_/X (sky130_fd_sc_hd__a211o_1)
                                                         _410_ (net)
                      0.128935    0.000139    5.554126 ^ _484_/A1 (sky130_fd_sc_hd__a21o_1)
     4    0.013747    0.125839    0.191031    5.745157 ^ _484_/X (sky130_fd_sc_hd__a21o_1)
                                                         _413_ (net)
                      0.125839    0.000074    5.745231 ^ _493_/A1 (sky130_fd_sc_hd__a211oi_2)
     3    0.009042    0.072855    0.099765    5.844995 v _493_/Y (sky130_fd_sc_hd__a211oi_2)
                                                         _422_ (net)
                      0.072855    0.000106    5.845101 v _503_/D (sky130_fd_sc_hd__or4_4)
     3    0.007989    0.090510    0.431057    6.276158 v _503_/X (sky130_fd_sc_hd__or4_4)
                                                         _432_ (net)
                      0.090510    0.000061    6.276219 v _507_/A3 (sky130_fd_sc_hd__a31o_1)
     2    0.008847    0.062978    0.259774    6.535993 v _507_/X (sky130_fd_sc_hd__a31o_1)
                                                         _436_ (net)
                      0.062978    0.000083    6.536077 v _509_/A2 (sky130_fd_sc_hd__a211o_4)
     3    0.016717    0.069526    0.363757    6.899834 v _509_/X (sky130_fd_sc_hd__a211o_4)
                                                         _438_ (net)
                      0.069526    0.000211    6.900045 v _515_/A2 (sky130_fd_sc_hd__a21oi_4)
     5    0.019176    0.178427    0.211726    7.111771 ^ _515_/Y (sky130_fd_sc_hd__a21oi_4)
                                                         _444_ (net)
                      0.178427    0.000282    7.112052 ^ rebuffer5/A (sky130_fd_sc_hd__buf_6)
     3    0.013248    0.040489    0.133160    7.245212 ^ rebuffer5/X (sky130_fd_sc_hd__buf_6)
                                                         net74 (net)
                      0.040490    0.000180    7.245392 ^ _524_/S (sky130_fd_sc_hd__mux2_4)
     2    0.007174    0.055475    0.297153    7.542544 v _524_/X (sky130_fd_sc_hd__mux2_4)
                                                         _453_ (net)
                      0.055475    0.000094    7.542639 v _539_/A1 (sky130_fd_sc_hd__a221o_1)
     3    0.009549    0.084881    0.354329    7.896968 v _539_/X (sky130_fd_sc_hd__a221o_1)
                                                         _010_ (net)
                      0.084881    0.000048    7.897016 v _543_/A3 (sky130_fd_sc_hd__a311oi_2)
     4    0.014508    0.358317    0.405044    8.302060 ^ _543_/Y (sky130_fd_sc_hd__a311oi_2)
                                                         _014_ (net)
                      0.358317    0.000223    8.302282 ^ _548_/A (sky130_fd_sc_hd__nor2_1)
     2    0.016259    0.130562    0.179111    8.481394 v _548_/Y (sky130_fd_sc_hd__nor2_1)
                                                         _019_ (net)
                      0.130562    0.000403    8.481797 v _769_/A2 (sky130_fd_sc_hd__a211o_1)
     1    0.002237    0.043962    0.309924    8.791720 v _769_/X (sky130_fd_sc_hd__a211o_1)
                                                         _243_ (net)
                      0.043962    0.000025    8.791745 v _770_/A_N (sky130_fd_sc_hd__nand2b_1)
     1    0.001960    0.036546    0.128861    8.920607 v _770_/Y (sky130_fd_sc_hd__nand2b_1)
                                                         net24 (net)
                      0.036546    0.000017    8.920624 v output24/A (sky130_fd_sc_hd__buf_2)
     1    0.034394    0.089726    0.176904    9.097528 v output24/X (sky130_fd_sc_hd__buf_2)
                                                         op_out[3] (net)
                      0.089727    0.000395    9.097922 v op_out[3] (out)
                                              9.097922   data arrival time

                      0.000000   20.000000   20.000000   clock __VIRTUAL_CLK__ (rise edge)
                                  0.000000   20.000000   clock network delay (ideal)
                                 -0.250000   19.750002   clock uncertainty
                                  0.000000   19.750002   clock reconvergence pessimism
                                 -4.000000   15.750001   output external delay
                                             15.750001   data required time
---------------------------------------------------------------------------------------------
                                             15.750001   data required time
                                             -9.097922   data arrival time
---------------------------------------------------------------------------------------------
                                              6.652078   slack (MET)


Startpoint: op_b[0] (input port clocked by __VIRTUAL_CLK__)
Endpoint: op_out[5] (output port clocked by __VIRTUAL_CLK__)
Path Group: __VIRTUAL_CLK__
Path Type: max

Fanout         Cap        Slew       Delay        Time   Description
---------------------------------------------------------------------------------------------
                      0.000000    0.000000    0.000000   clock __VIRTUAL_CLK__ (rise edge)
                                  0.000000    0.000000   clock network delay (ideal)
                                  4.000000    4.000000 ^ input external delay
     1    0.002931    0.020294    0.010755    4.010755 ^ op_b[0] (in)
                                                         op_b[0] (net)
                      0.020294    0.000000    4.010755 ^ input13/A (sky130_fd_sc_hd__clkbuf_2)
     4    0.024592    0.138376    0.163121    4.173875 ^ input13/X (sky130_fd_sc_hd__clkbuf_2)
                                                         net13 (net)
                      0.138421    0.000417    4.174292 ^ fanout66/A (sky130_fd_sc_hd__buf_4)
    10    0.047147    0.135883    0.212213    4.386505 ^ fanout66/X (sky130_fd_sc_hd__buf_4)
                                                         net66 (net)
                      0.135883    0.000112    4.386617 ^ fanout65/A (sky130_fd_sc_hd__buf_4)
    10    0.038810    0.114503    0.196354    4.582971 ^ fanout65/X (sky130_fd_sc_hd__buf_4)
                                                         net65 (net)
                      0.114511    0.001094    4.584064 ^ _458_/A (sky130_fd_sc_hd__inv_2)
     4    0.013147    0.046460    0.067020    4.651084 v _458_/Y (sky130_fd_sc_hd__inv_2)
                                                         _188_ (net)
                      0.046460    0.000060    4.651145 v fanout35/A (sky130_fd_sc_hd__clkbuf_4)
    10    0.039691    0.089194    0.191726    4.842871 v fanout35/X (sky130_fd_sc_hd__clkbuf_4)
                                                         net35 (net)
                      0.089194    0.000248    4.843119 v _536_/A (sky130_fd_sc_hd__nor2_1)
     4    0.015913    0.292555    0.273869    5.116988 ^ _536_/Y (sky130_fd_sc_hd__nor2_1)
                                                         _007_ (net)
                      0.292556    0.000479    5.117467 ^ _780_/C (sky130_fd_sc_hd__and3_1)
     2    0.010864    0.120642    0.256600    5.374067 ^ _780_/X (sky130_fd_sc_hd__and3_1)
                                                         _254_ (net)
                      0.120642    0.000109    5.374176 ^ _781_/B1 (sky130_fd_sc_hd__a21oi_2)
     2    0.012576    0.066594    0.067906    5.442081 v _781_/Y (sky130_fd_sc_hd__a21oi_2)
                                                         _255_ (net)
                      0.066594    0.000037    5.442119 v _805_/A3 (sky130_fd_sc_hd__a31oi_2)
     2    0.008359    0.178466    0.222725    5.664843 ^ _805_/Y (sky130_fd_sc_hd__a31oi_2)
                                                         _280_ (net)
                      0.178466    0.000113    5.664956 ^ _813_/A (sky130_fd_sc_hd__xnor2_1)
     2    0.005878    0.174521    0.160552    5.825507 ^ _813_/Y (sky130_fd_sc_hd__xnor2_1)
                                                         _289_ (net)
                      0.174521    0.000080    5.825587 ^ _814_/B (sky130_fd_sc_hd__or2_1)
     1    0.002487    0.040006    0.121503    5.947091 ^ _814_/X (sky130_fd_sc_hd__or2_1)
                                                         _290_ (net)
                      0.040006    0.000009    5.947099 ^ _816_/A (sky130_fd_sc_hd__nand2_1)
     2    0.006778    0.058248    0.063133    6.010232 v _816_/Y (sky130_fd_sc_hd__nand2_1)
                                                         _292_ (net)
                      0.058248    0.000121    6.010353 v _817_/C (sky130_fd_sc_hd__and3_1)
     1    0.003782    0.041215    0.184948    6.195301 v _817_/X (sky130_fd_sc_hd__and3_1)
                                                         _293_ (net)
                      0.041215    0.000051    6.195352 v _819_/A (sky130_fd_sc_hd__nor2_1)
     2    0.007979    0.165081    0.158861    6.354213 ^ _819_/Y (sky130_fd_sc_hd__nor2_1)
                                                         _296_ (net)
                      0.165081    0.000037    6.354250 ^ _820_/B (sky130_fd_sc_hd__xnor2_1)
     2    0.005363    0.164516    0.155023    6.509274 ^ _820_/Y (sky130_fd_sc_hd__xnor2_1)
                                                         _297_ (net)
                      0.164516    0.000071    6.509344 ^ _821_/B (sky130_fd_sc_hd__or2_1)
     3    0.015311    0.150172    0.202331    6.711675 ^ _821_/X (sky130_fd_sc_hd__or2_1)
                                                         _298_ (net)
                      0.150172    0.000049    6.711725 ^ _824_/A (sky130_fd_sc_hd__nand2_1)
     3    0.008237    0.079788    0.105298    6.817023 v _824_/Y (sky130_fd_sc_hd__nand2_1)
                                                         _301_ (net)
                      0.079788    0.000056    6.817079 v _827_/A2 (sky130_fd_sc_hd__o21a_1)
     1    0.002522    0.033458    0.174038    6.991117 v _827_/X (sky130_fd_sc_hd__o21a_1)
                                                         _304_ (net)
                      0.033458    0.000022    6.991139 v _840_/B2 (sky130_fd_sc_hd__a221o_1)
     1    0.005835    0.067400    0.328892    7.320032 v _840_/X (sky130_fd_sc_hd__a221o_1)
                                                         _319_ (net)
                      0.067400    0.000114    7.320146 v _842_/B (sky130_fd_sc_hd__or3_1)
     1    0.005042    0.077238    0.364270    7.684416 v _842_/X (sky130_fd_sc_hd__or3_1)
                                                         net26 (net)
                      0.077238    0.000112    7.684528 v output26/A (sky130_fd_sc_hd__buf_2)
     1    0.034336    0.089508    0.194912    7.879439 v output26/X (sky130_fd_sc_hd__buf_2)
                                                         op_out[5] (net)
                      0.089508    0.000391    7.879830 v op_out[5] (out)
                                              7.879830   data arrival time

                      0.000000   20.000000   20.000000   clock __VIRTUAL_CLK__ (rise edge)
                                  0.000000   20.000000   clock network delay (ideal)
                                 -0.250000   19.750002   clock uncertainty
                                  0.000000   19.750002   clock reconvergence pessimism
                                 -4.000000   15.750001   output external delay
                                             15.750001   data required time
---------------------------------------------------------------------------------------------
                                             15.750001   data required time
                                             -7.879830   data arrival time
---------------------------------------------------------------------------------------------
                                              7.870171   slack (MET)


Startpoint: op_b[0] (input port clocked by __VIRTUAL_CLK__)
Endpoint: op_out[7] (output port clocked by __VIRTUAL_CLK__)
Path Group: __VIRTUAL_CLK__
Path Type: max

Fanout         Cap        Slew       Delay        Time   Description
---------------------------------------------------------------------------------------------
                      0.000000    0.000000    0.000000   clock __VIRTUAL_CLK__ (rise edge)
                                  0.000000    0.000000   clock network delay (ideal)
                                  4.000000    4.000000 ^ input external delay
     1    0.002931    0.020294    0.010755    4.010755 ^ op_b[0] (in)
                                                         op_b[0] (net)
                      0.020294    0.000000    4.010755 ^ input13/A (sky130_fd_sc_hd__clkbuf_2)
     4    0.024592    0.138376    0.163121    4.173875 ^ input13/X (sky130_fd_sc_hd__clkbuf_2)
                                                         net13 (net)
                      0.138421    0.000417    4.174292 ^ fanout66/A (sky130_fd_sc_hd__buf_4)
    10    0.047147    0.135883    0.212213    4.386505 ^ fanout66/X (sky130_fd_sc_hd__buf_4)
                                                         net66 (net)
                      0.135883    0.000112    4.386617 ^ fanout65/A (sky130_fd_sc_hd__buf_4)
    10    0.038810    0.114503    0.196354    4.582971 ^ fanout65/X (sky130_fd_sc_hd__buf_4)
                                                         net65 (net)
                      0.114511    0.001094    4.584064 ^ _458_/A (sky130_fd_sc_hd__inv_2)
     4    0.013147    0.046460    0.067020    4.651084 v _458_/Y (sky130_fd_sc_hd__inv_2)
                                                         _188_ (net)
                      0.046460    0.000060    4.651145 v fanout35/A (sky130_fd_sc_hd__clkbuf_4)
    10    0.039691    0.089194    0.191726    4.842871 v fanout35/X (sky130_fd_sc_hd__clkbuf_4)
                                                         net35 (net)
                      0.089194    0.000248    4.843119 v _536_/A (sky130_fd_sc_hd__nor2_1)
     4    0.015913    0.292555    0.273869    5.116988 ^ _536_/Y (sky130_fd_sc_hd__nor2_1)
                                                         _007_ (net)
                      0.292556    0.000479    5.117467 ^ _780_/C (sky130_fd_sc_hd__and3_1)
     2    0.010864    0.120642    0.256600    5.374067 ^ _780_/X (sky130_fd_sc_hd__and3_1)
                                                         _254_ (net)
                      0.120642    0.000109    5.374176 ^ _781_/B1 (sky130_fd_sc_hd__a21oi_2)
     2    0.012576    0.066594    0.067906    5.442081 v _781_/Y (sky130_fd_sc_hd__a21oi_2)
                                                         _255_ (net)
                      0.066594    0.000037    5.442119 v _805_/A3 (sky130_fd_sc_hd__a31oi_2)
     2    0.008359    0.178466    0.222725    5.664843 ^ _805_/Y (sky130_fd_sc_hd__a31oi_2)
                                                         _280_ (net)
                      0.178466    0.000113    5.664956 ^ _813_/A (sky130_fd_sc_hd__xnor2_1)
     2    0.005878    0.174521    0.160552    5.825507 ^ _813_/Y (sky130_fd_sc_hd__xnor2_1)
                                                         _289_ (net)
                      0.174521    0.000080    5.825587 ^ _814_/B (sky130_fd_sc_hd__or2_1)
     1    0.002487    0.040006    0.121503    5.947091 ^ _814_/X (sky130_fd_sc_hd__or2_1)
                                                         _290_ (net)
                      0.040006    0.000009    5.947099 ^ _816_/A (sky130_fd_sc_hd__nand2_1)
     2    0.006778    0.058248    0.063133    6.010232 v _816_/Y (sky130_fd_sc_hd__nand2_1)
                                                         _292_ (net)
                      0.058248    0.000121    6.010353 v _817_/C (sky130_fd_sc_hd__and3_1)
     1    0.003782    0.041215    0.184948    6.195301 v _817_/X (sky130_fd_sc_hd__and3_1)
                                                         _293_ (net)
                      0.041215    0.000051    6.195352 v _819_/A (sky130_fd_sc_hd__nor2_1)
     2    0.007979    0.165081    0.158861    6.354213 ^ _819_/Y (sky130_fd_sc_hd__nor2_1)
                                                         _296_ (net)
                      0.165081    0.000037    6.354250 ^ _820_/B (sky130_fd_sc_hd__xnor2_1)
     2    0.005363    0.164516    0.155023    6.509274 ^ _820_/Y (sky130_fd_sc_hd__xnor2_1)
                                                         _297_ (net)
                      0.164516    0.000071    6.509344 ^ _821_/B (sky130_fd_sc_hd__or2_1)
     3    0.015311    0.150172    0.202331    6.711675 ^ _821_/X (sky130_fd_sc_hd__or2_1)
                                                         _298_ (net)
                      0.150172    0.000049    6.711725 ^ _824_/A (sky130_fd_sc_hd__nand2_1)
     3    0.008237    0.079788    0.105298    6.817023 v _824_/Y (sky130_fd_sc_hd__nand2_1)
                                                         _301_ (net)
                      0.079788    0.000024    6.817047 v _826_/B (sky130_fd_sc_hd__nor2_1)
     3    0.009922    0.192771    0.182220    6.999266 ^ _826_/Y (sky130_fd_sc_hd__nor2_1)
                                                         _303_ (net)
                      0.192771    0.000146    6.999412 ^ _892_/A2 (sky130_fd_sc_hd__o21ai_1)
     2    0.005150    0.086714    0.098507    7.097919 v _892_/Y (sky130_fd_sc_hd__o21ai_1)
                                                         _374_ (net)
                      0.086714    0.000055    7.097973 v _917_/A (sky130_fd_sc_hd__or2_1)
     1    0.003324    0.050996    0.239503    7.337476 v _917_/X (sky130_fd_sc_hd__or2_1)
                                                         _401_ (net)
                      0.050996    0.000040    7.337516 v _923_/A2 (sky130_fd_sc_hd__a311o_1)
     1    0.002753    0.052656    0.304192    7.641708 v _923_/X (sky130_fd_sc_hd__a311o_1)
                                                         net28 (net)
                      0.052656    0.000032    7.641740 v output28/A (sky130_fd_sc_hd__buf_2)
     1    0.033907    0.088461    0.183120    7.824860 v output28/X (sky130_fd_sc_hd__buf_2)
                                                         op_out[7] (net)
                      0.088461    0.000165    7.825025 v op_out[7] (out)
                                              7.825025   data arrival time

                      0.000000   20.000000   20.000000   clock __VIRTUAL_CLK__ (rise edge)
                                  0.000000   20.000000   clock network delay (ideal)
                                 -0.250000   19.750002   clock uncertainty
                                  0.000000   19.750002   clock reconvergence pessimism
                                 -4.000000   15.750001   output external delay
                                             15.750001   data required time
---------------------------------------------------------------------------------------------
                                             15.750001   data required time
                                             -7.825025   data arrival time
---------------------------------------------------------------------------------------------
                                              7.924975   slack (MET)


Startpoint: op_b[0] (input port clocked by __VIRTUAL_CLK__)
Endpoint: op_out[4] (output port clocked by __VIRTUAL_CLK__)
Path Group: __VIRTUAL_CLK__
Path Type: max

Fanout         Cap        Slew       Delay        Time   Description
---------------------------------------------------------------------------------------------
                      0.000000    0.000000    0.000000   clock __VIRTUAL_CLK__ (rise edge)
                                  0.000000    0.000000   clock network delay (ideal)
                                  4.000000    4.000000 ^ input external delay
     1    0.002931    0.020294    0.010755    4.010755 ^ op_b[0] (in)
                                                         op_b[0] (net)
                      0.020294    0.000000    4.010755 ^ input13/A (sky130_fd_sc_hd__clkbuf_2)
     4    0.024592    0.138376    0.163121    4.173875 ^ input13/X (sky130_fd_sc_hd__clkbuf_2)
                                                         net13 (net)
                      0.138421    0.000417    4.174292 ^ fanout66/A (sky130_fd_sc_hd__buf_4)
    10    0.047147    0.135883    0.212213    4.386505 ^ fanout66/X (sky130_fd_sc_hd__buf_4)
                                                         net66 (net)
                      0.135883    0.000112    4.386617 ^ fanout65/A (sky130_fd_sc_hd__buf_4)
    10    0.038810    0.114503    0.196354    4.582971 ^ fanout65/X (sky130_fd_sc_hd__buf_4)
                                                         net65 (net)
                      0.114511    0.001094    4.584064 ^ _458_/A (sky130_fd_sc_hd__inv_2)
     4    0.013147    0.046460    0.067020    4.651084 v _458_/Y (sky130_fd_sc_hd__inv_2)
                                                         _188_ (net)
                      0.046460    0.000060    4.651145 v fanout35/A (sky130_fd_sc_hd__clkbuf_4)
    10    0.039691    0.089194    0.191726    4.842871 v fanout35/X (sky130_fd_sc_hd__clkbuf_4)
                                                         net35 (net)
                      0.089195    0.000520    4.843391 v _472_/A1 (sky130_fd_sc_hd__o41ai_4)
     5    0.016336    0.366720    0.460656    5.304047 ^ _472_/Y (sky130_fd_sc_hd__o41ai_4)
                                                         _338_ (net)
                      0.366720    0.000215    5.304263 ^ _481_/A2 (sky130_fd_sc_hd__a211o_1)
     4    0.013801    0.128935    0.249725    5.553987 ^ _481_/X (sky130_fd_sc_hd__a211o_1)
                                                         _410_ (net)
                      0.128935    0.000139    5.554126 ^ _484_/A1 (sky130_fd_sc_hd__a21o_1)
     4    0.013747    0.125839    0.191031    5.745157 ^ _484_/X (sky130_fd_sc_hd__a21o_1)
                                                         _413_ (net)
                      0.125839    0.000074    5.745231 ^ _493_/A1 (sky130_fd_sc_hd__a211oi_2)
     3    0.009042    0.072855    0.099765    5.844995 v _493_/Y (sky130_fd_sc_hd__a211oi_2)
                                                         _422_ (net)
                      0.072855    0.000106    5.845101 v _503_/D (sky130_fd_sc_hd__or4_4)
     3    0.007989    0.090510    0.431057    6.276158 v _503_/X (sky130_fd_sc_hd__or4_4)
                                                         _432_ (net)
                      0.090510    0.000061    6.276219 v _507_/A3 (sky130_fd_sc_hd__a31o_1)
     2    0.008847    0.062978    0.259774    6.535993 v _507_/X (sky130_fd_sc_hd__a31o_1)
                                                         _436_ (net)
                      0.062978    0.000083    6.536077 v _509_/A2 (sky130_fd_sc_hd__a211o_4)
     3    0.016717    0.069526    0.363757    6.899834 v _509_/X (sky130_fd_sc_hd__a211o_4)
                                                         _438_ (net)
                      0.069526    0.000211    6.900045 v _515_/A2 (sky130_fd_sc_hd__a21oi_4)
     5    0.019176    0.178427    0.211726    7.111771 ^ _515_/Y (sky130_fd_sc_hd__a21oi_4)
                                                         _444_ (net)
                      0.178427    0.000178    7.111948 ^ rebuffer13/A (sky130_fd_sc_hd__dlygate4sd1_1)
     1    0.008255    0.088682    0.257160    7.369108 ^ rebuffer13/X (sky130_fd_sc_hd__dlygate4sd1_1)
                                                         net82 (net)
                      0.088682    0.000275    7.369383 ^ _797_/A2 (sky130_fd_sc_hd__a211oi_1)
     1    0.004048    0.076311    0.083340    7.452723 v _797_/Y (sky130_fd_sc_hd__a211oi_1)
                                                         _272_ (net)
                      0.076311    0.000058    7.452781 v _798_/B1 (sky130_fd_sc_hd__o31ai_1)
     1    0.004619    0.237353    0.086836    7.539617 ^ _798_/Y (sky130_fd_sc_hd__o31ai_1)
                                                         net25 (net)
                      0.237353    0.000093    7.539711 ^ output25/A (sky130_fd_sc_hd__buf_2)
     1    0.034339    0.171020    0.258129    7.797839 ^ output25/X (sky130_fd_sc_hd__buf_2)
                                                         op_out[4] (net)
                      0.171020    0.000392    7.798231 ^ op_out[4] (out)
                                              7.798231   data arrival time

                      0.000000   20.000000   20.000000   clock __VIRTUAL_CLK__ (rise edge)
                                  0.000000   20.000000   clock network delay (ideal)
                                 -0.250000   19.750002   clock uncertainty
                                  0.000000   19.750002   clock reconvergence pessimism
                                 -4.000000   15.750001   output external delay
                                             15.750001   data required time
---------------------------------------------------------------------------------------------
                                             15.750001   data required time
                                             -7.798231   data arrival time
---------------------------------------------------------------------------------------------
                                              7.951770   slack (MET)


Startpoint: op_b[0] (input port clocked by __VIRTUAL_CLK__)
Endpoint: op_out[6] (output port clocked by __VIRTUAL_CLK__)
Path Group: __VIRTUAL_CLK__
Path Type: max

Fanout         Cap        Slew       Delay        Time   Description
---------------------------------------------------------------------------------------------
                      0.000000    0.000000    0.000000   clock __VIRTUAL_CLK__ (rise edge)
                                  0.000000    0.000000   clock network delay (ideal)
                                  4.000000    4.000000 ^ input external delay
     1    0.002931    0.020294    0.010755    4.010755 ^ op_b[0] (in)
                                                         op_b[0] (net)
                      0.020294    0.000000    4.010755 ^ input13/A (sky130_fd_sc_hd__clkbuf_2)
     4    0.024592    0.138376    0.163121    4.173875 ^ input13/X (sky130_fd_sc_hd__clkbuf_2)
                                                         net13 (net)
                      0.138421    0.000417    4.174292 ^ fanout66/A (sky130_fd_sc_hd__buf_4)
    10    0.047147    0.135883    0.212213    4.386505 ^ fanout66/X (sky130_fd_sc_hd__buf_4)
                                                         net66 (net)
                      0.135883    0.000112    4.386617 ^ fanout65/A (sky130_fd_sc_hd__buf_4)
    10    0.038810    0.114503    0.196354    4.582971 ^ fanout65/X (sky130_fd_sc_hd__buf_4)
                                                         net65 (net)
                      0.114511    0.001094    4.584064 ^ _458_/A (sky130_fd_sc_hd__inv_2)
     4    0.013147    0.046460    0.067020    4.651084 v _458_/Y (sky130_fd_sc_hd__inv_2)
                                                         _188_ (net)
                      0.046460    0.000060    4.651145 v fanout35/A (sky130_fd_sc_hd__clkbuf_4)
    10    0.039691    0.089194    0.191726    4.842871 v fanout35/X (sky130_fd_sc_hd__clkbuf_4)
                                                         net35 (net)
                      0.089194    0.000248    4.843119 v _536_/A (sky130_fd_sc_hd__nor2_1)
     4    0.015913    0.292555    0.273869    5.116988 ^ _536_/Y (sky130_fd_sc_hd__nor2_1)
                                                         _007_ (net)
                      0.292556    0.000479    5.117467 ^ _780_/C (sky130_fd_sc_hd__and3_1)
     2    0.010864    0.120642    0.256600    5.374067 ^ _780_/X (sky130_fd_sc_hd__and3_1)
                                                         _254_ (net)
                      0.120642    0.000109    5.374176 ^ _781_/B1 (sky130_fd_sc_hd__a21oi_2)
     2    0.012576    0.066594    0.067906    5.442081 v _781_/Y (sky130_fd_sc_hd__a21oi_2)
                                                         _255_ (net)
                      0.066594    0.000037    5.442119 v _805_/A3 (sky130_fd_sc_hd__a31oi_2)
     2    0.008359    0.178466    0.222725    5.664843 ^ _805_/Y (sky130_fd_sc_hd__a31oi_2)
                                                         _280_ (net)
                      0.178466    0.000113    5.664956 ^ _813_/A (sky130_fd_sc_hd__xnor2_1)
     2    0.005878    0.174521    0.160552    5.825507 ^ _813_/Y (sky130_fd_sc_hd__xnor2_1)
                                                         _289_ (net)
                      0.174521    0.000080    5.825587 ^ _814_/B (sky130_fd_sc_hd__or2_1)
     1    0.002487    0.040006    0.121503    5.947091 ^ _814_/X (sky130_fd_sc_hd__or2_1)
                                                         _290_ (net)
                      0.040006    0.000009    5.947099 ^ _816_/A (sky130_fd_sc_hd__nand2_1)
     2    0.006778    0.058248    0.063133    6.010232 v _816_/Y (sky130_fd_sc_hd__nand2_1)
                                                         _292_ (net)
                      0.058248    0.000121    6.010353 v _817_/C (sky130_fd_sc_hd__and3_1)
     1    0.003782    0.041215    0.184948    6.195301 v _817_/X (sky130_fd_sc_hd__and3_1)
                                                         _293_ (net)
                      0.041215    0.000051    6.195352 v _819_/A (sky130_fd_sc_hd__nor2_1)
     2    0.007979    0.165081    0.158861    6.354213 ^ _819_/Y (sky130_fd_sc_hd__nor2_1)
                                                         _296_ (net)
                      0.165081    0.000037    6.354250 ^ _820_/B (sky130_fd_sc_hd__xnor2_1)
     2    0.004980    0.060404    0.098136    6.452386 v _820_/Y (sky130_fd_sc_hd__xnor2_1)
                                                         _297_ (net)
                      0.060404    0.000065    6.452451 v _821_/B (sky130_fd_sc_hd__or2_1)
     3    0.014486    0.098748    0.268164    6.720615 v _821_/X (sky130_fd_sc_hd__or2_1)
                                                         _298_ (net)
                      0.098748    0.000047    6.720663 v _824_/A (sky130_fd_sc_hd__nand2_1)
     3    0.009040    0.095431    0.116811    6.837474 ^ _824_/Y (sky130_fd_sc_hd__nand2_1)
                                                         _301_ (net)
                      0.095431    0.000027    6.837501 ^ _826_/B (sky130_fd_sc_hd__nor2_1)
     3    0.009341    0.060776    0.075154    6.912654 v _826_/Y (sky130_fd_sc_hd__nor2_1)
                                                         _303_ (net)
                      0.060776    0.000104    6.912758 v _878_/A (sky130_fd_sc_hd__or2_1)
     1    0.002952    0.048671    0.226962    7.139720 v _878_/X (sky130_fd_sc_hd__or2_1)
                                                         _359_ (net)
                      0.048671    0.000031    7.139751 v _885_/A2 (sky130_fd_sc_hd__a31o_1)
     1    0.002571    0.035623    0.197969    7.337720 v _885_/X (sky130_fd_sc_hd__a31o_1)
                                                         net27 (net)
                      0.035623    0.000028    7.337749 v output27/A (sky130_fd_sc_hd__buf_2)
     1    0.034259    0.089376    0.176372    7.514120 v output27/X (sky130_fd_sc_hd__buf_2)
                                                         op_out[6] (net)
                      0.089376    0.000249    7.514369 v op_out[6] (out)
                                              7.514369   data arrival time

                      0.000000   20.000000   20.000000   clock __VIRTUAL_CLK__ (rise edge)
                                  0.000000   20.000000   clock network delay (ideal)
                                 -0.250000   19.750002   clock uncertainty
                                  0.000000   19.750002   clock reconvergence pessimism
                                 -4.000000   15.750001   output external delay
                                             15.750001   data required time
---------------------------------------------------------------------------------------------
                                             15.750001   data required time
                                             -7.514369   data arrival time
---------------------------------------------------------------------------------------------
                                              8.235632   slack (MET)



