Reading OpenROAD database at '/home/letienthanh/8bitalu/runs/RUN_2026-08-18_08-14-16/31-openroad-repairdesignpostgpl/alu8bit.odb'…
Reading library file at '/home/letienthanh/.volare/volare/sky130/versions/0fe599b2afb6708d281543108caf8310912f54af/sky130A/libs.ref/sky130_fd_sc_hd/lib/sky130_fd_sc_hd__tt_025C_1v80.lib'…
Reading design constraints file at '/home/letienthanh/8bitalu/constraints/alu.sdc'…
[INFO] No information on clock propagation in input SDC file-- propagating all clocks.
[WARNING STA-0450] virtual clock virtual_clk can not be propagated.
Placement Analysis
---------------------------------
total displacement          0.0 u
average displacement        0.0 u
max displacement            0.0 u
original HPWL            9854.0 u
legalized HPWL          10146.0 u
delta HPWL                    3 %

[INFO DPL-0020] Mirrored 198 instances
[INFO DPL-0021] HPWL before           10146.0 u
[INFO DPL-0022] HPWL after             9854.0 u
[INFO DPL-0023] HPWL delta               -2.9 %
Setting global connections for newly added cells…
[INFO] Setting global connections...
Updating metrics…
Cell type report:                       Count       Area
  Fill cell                                76     285.27
  Tap cell                                140     175.17
  Timing Repair Buffer                     40     266.51
  Inverter                                 19      76.32
  Multi-Input combinational cell          447    3261.88
  Total                                   722    4065.15
Writing OpenROAD database to '/home/letienthanh/8bitalu/runs/RUN_2026-08-18_08-14-16/33-openroad-detailedplacement/alu8bit.odb'…
Writing netlist to '/home/letienthanh/8bitalu/runs/RUN_2026-08-18_08-14-16/33-openroad-detailedplacement/alu8bit.nl.v'…
Writing powered netlist to '/home/letienthanh/8bitalu/runs/RUN_2026-08-18_08-14-16/33-openroad-detailedplacement/alu8bit.pnl.v'…
Writing layout to '/home/letienthanh/8bitalu/runs/RUN_2026-08-18_08-14-16/33-openroad-detailedplacement/alu8bit.def'…
Writing timing constraints to '/home/letienthanh/8bitalu/runs/RUN_2026-08-18_08-14-16/33-openroad-detailedplacement/alu8bit.sdc'…
