
===========================================================================
report_checks -path_delay min (Hold)
============================================================================
======================= min_ss_100C_1v60 Corner ===================================

Startpoint: op_a[5] (input port clocked by __VIRTUAL_CLK__)
Endpoint: op_out[5] (output port clocked by __VIRTUAL_CLK__)
Path Group: __VIRTUAL_CLK__
Path Type: min

Fanout         Cap        Slew       Delay        Time   Description
---------------------------------------------------------------------------------------------
                      0.000000    0.000000    0.000000   clock __VIRTUAL_CLK__ (rise edge)
                                  0.000000    0.000000   clock network delay (ideal)
                                  2.000000    2.000000 ^ input external delay
     1    0.002744    0.031886    0.015472    2.015472 ^ op_a[5] (in)
                                                         op_a[5] (net)
                      0.031886    0.000000    2.015472 ^ input10/A (sky130_fd_sc_hd__clkbuf_2)
     5    0.026861    0.234886    0.293408    2.308879 ^ input10/X (sky130_fd_sc_hd__clkbuf_2)
                                                         net10 (net)
                      0.234976    0.001583    2.310462 ^ _839_/A1 (sky130_fd_sc_hd__a32o_1)
     1    0.002001    0.084149    0.357006    2.667468 ^ _839_/X (sky130_fd_sc_hd__a32o_1)
                                                         _318_ (net)
                      0.084149    0.000018    2.667486 ^ _842_/A (sky130_fd_sc_hd__or3_1)
     1    0.005620    0.098971    0.206935    2.874421 ^ _842_/X (sky130_fd_sc_hd__or3_1)
                                                         net26 (net)
                      0.098971    0.000123    2.874544 ^ output26/A (sky130_fd_sc_hd__buf_4)
     1    0.034471    0.165958    0.294433    3.168977 ^ output26/X (sky130_fd_sc_hd__buf_4)
                                                         op_out[5] (net)
                      0.165958    0.000416    3.169394 ^ op_out[5] (out)
                                              3.169394   data arrival time

                      0.000000    0.000000    0.000000   clock __VIRTUAL_CLK__ (rise edge)
                                  0.000000    0.000000   clock network delay (ideal)
                                  0.250000    0.250000   clock uncertainty
                                  0.000000    0.250000   clock reconvergence pessimism
                                 -2.000000   -1.750000   output external delay
                                             -1.750000   data required time
---------------------------------------------------------------------------------------------
                                             -1.750000   data required time
                                             -3.169394   data arrival time
---------------------------------------------------------------------------------------------
                                              4.919394   slack (MET)


Startpoint: inst[2] (input port clocked by __VIRTUAL_CLK__)
Endpoint: op_out[4] (output port clocked by __VIRTUAL_CLK__)
Path Group: __VIRTUAL_CLK__
Path Type: min

Fanout         Cap        Slew       Delay        Time   Description
---------------------------------------------------------------------------------------------
                      0.000000    0.000000    0.000000   clock __VIRTUAL_CLK__ (rise edge)
                                  0.000000    0.000000   clock network delay (ideal)
                                  2.000000    2.000000 ^ input external delay
     1    0.003372    0.036065    0.018799    2.018799 ^ inst[2] (in)
                                                         inst[2] (net)
                      0.036065    0.000000    2.018799 ^ input3/A (sky130_fd_sc_hd__clkbuf_2)
     8    0.027449    0.239517    0.299076    2.317875 ^ input3/X (sky130_fd_sc_hd__clkbuf_2)
                                                         net3 (net)
                      0.239517    0.000688    2.318563 ^ _690_/A (sky130_fd_sc_hd__or4b_4)
     8    0.034178    0.174924    0.397757    2.716321 ^ _690_/X (sky130_fd_sc_hd__or4b_4)
                                                         _161_ (net)
                      0.174929    0.001211    2.717532 ^ _798_/A1 (sky130_fd_sc_hd__o31ai_1)
     1    0.005085    0.112662    0.221094    2.938626 v _798_/Y (sky130_fd_sc_hd__o31ai_1)
                                                         net25 (net)
                      0.112662    0.000102    2.938729 v output25/A (sky130_fd_sc_hd__buf_4)
     1    0.034453    0.103347    0.325375    3.264104 v output25/X (sky130_fd_sc_hd__buf_4)
                                                         op_out[4] (net)
                      0.103347    0.000416    3.264520 v op_out[4] (out)
                                              3.264520   data arrival time

                      0.000000    0.000000    0.000000   clock __VIRTUAL_CLK__ (rise edge)
                                  0.000000    0.000000   clock network delay (ideal)
                                  0.250000    0.250000   clock uncertainty
                                  0.000000    0.250000   clock reconvergence pessimism
                                 -2.000000   -1.750000   output external delay
                                             -1.750000   data required time
---------------------------------------------------------------------------------------------
                                             -1.750000   data required time
                                             -3.264520   data arrival time
---------------------------------------------------------------------------------------------
                                              5.014520   slack (MET)


Startpoint: inst[2] (input port clocked by __VIRTUAL_CLK__)
Endpoint: op_out[0] (output port clocked by __VIRTUAL_CLK__)
Path Group: __VIRTUAL_CLK__
Path Type: min

Fanout         Cap        Slew       Delay        Time   Description
---------------------------------------------------------------------------------------------
                      0.000000    0.000000    0.000000   clock __VIRTUAL_CLK__ (rise edge)
                                  0.000000    0.000000   clock network delay (ideal)
                                  2.000000    2.000000 v input external delay
     1    0.003187    0.019950    0.010442    2.010442 v inst[2] (in)
                                                         inst[2] (net)
                      0.019950    0.000000    2.010442 v input3/A (sky130_fd_sc_hd__clkbuf_2)
     8    0.026011    0.186953    0.273629    2.284071 v input3/X (sky130_fd_sc_hd__clkbuf_2)
                                                         net3 (net)
                      0.186954    0.000771    2.284842 v _459_/A (sky130_fd_sc_hd__inv_2)
     4    0.010935    0.103379    0.160051    2.444893 ^ _459_/Y (sky130_fd_sc_hd__inv_2)
                                                         _199_ (net)
                      0.103379    0.000091    2.444984 ^ _685_/B1 (sky130_fd_sc_hd__o2111a_1)
     1    0.003184    0.097633    0.407137    2.852121 ^ _685_/X (sky130_fd_sc_hd__o2111a_1)
                                                         _156_ (net)
                      0.097633    0.000019    2.852140 ^ _700_/B (sky130_fd_sc_hd__or3_4)
     1    0.009577    0.072920    0.235655    3.087795 ^ _700_/X (sky130_fd_sc_hd__or3_4)
                                                         net21 (net)
                      0.072920    0.000193    3.087988 ^ output21/A (sky130_fd_sc_hd__buf_8)
     1    0.034619    0.105228    0.206641    3.294629 ^ output21/X (sky130_fd_sc_hd__buf_8)
                                                         op_out[0] (net)
                      0.105228    0.000458    3.295087 ^ op_out[0] (out)
                                              3.295087   data arrival time

                      0.000000    0.000000    0.000000   clock __VIRTUAL_CLK__ (rise edge)
                                  0.000000    0.000000   clock network delay (ideal)
                                  0.250000    0.250000   clock uncertainty
                                  0.000000    0.250000   clock reconvergence pessimism
                                 -2.000000   -1.750000   output external delay
                                             -1.750000   data required time
---------------------------------------------------------------------------------------------
                                             -1.750000   data required time
                                             -3.295087   data arrival time
---------------------------------------------------------------------------------------------
                                              5.045087   slack (MET)


Startpoint: op_a[7] (input port clocked by __VIRTUAL_CLK__)
Endpoint: op_out[6] (output port clocked by __VIRTUAL_CLK__)
Path Group: __VIRTUAL_CLK__
Path Type: min

Fanout         Cap        Slew       Delay        Time   Description
---------------------------------------------------------------------------------------------
                      0.000000    0.000000    0.000000   clock __VIRTUAL_CLK__ (rise edge)
                                  0.000000    0.000000   clock network delay (ideal)
                                  2.000000    2.000000 ^ input external delay
     1    0.003447    0.036567    0.019192    2.019192 ^ op_a[7] (in)
                                                         op_a[7] (net)
                      0.036567    0.000000    2.019192 ^ input12/A (sky130_fd_sc_hd__clkbuf_4)
     9    0.045585    0.228810    0.349260    2.368452 ^ input12/X (sky130_fd_sc_hd__clkbuf_4)
                                                         net12 (net)
                      0.228814    0.001365    2.369817 ^ _883_/A1 (sky130_fd_sc_hd__a211o_1)
     1    0.004394    0.079459    0.306778    2.676595 ^ _883_/X (sky130_fd_sc_hd__a211o_1)
                                                         _365_ (net)
                      0.079459    0.000082    2.676677 ^ _884_/C1 (sky130_fd_sc_hd__a211o_1)
     1    0.007975    0.124140    0.210799    2.887475 ^ _884_/X (sky130_fd_sc_hd__a211o_1)
                                                         _366_ (net)
                      0.124140    0.000222    2.887697 ^ _885_/B1 (sky130_fd_sc_hd__a31o_1)
     1    0.005601    0.108326    0.217078    3.104776 ^ _885_/X (sky130_fd_sc_hd__a31o_1)
                                                         net27 (net)
                      0.108326    0.000060    3.104836 ^ output27/A (sky130_fd_sc_hd__buf_6)
     1    0.034885    0.124596    0.241628    3.346465 ^ output27/X (sky130_fd_sc_hd__buf_6)
                                                         op_out[6] (net)
                      0.124596    0.000397    3.346862 ^ op_out[6] (out)
                                              3.346862   data arrival time

                      0.000000    0.000000    0.000000   clock __VIRTUAL_CLK__ (rise edge)
                                  0.000000    0.000000   clock network delay (ideal)
                                  0.250000    0.250000   clock uncertainty
                                  0.000000    0.250000   clock reconvergence pessimism
                                 -2.000000   -1.750000   output external delay
                                             -1.750000   data required time
---------------------------------------------------------------------------------------------
                                             -1.750000   data required time
                                             -3.346862   data arrival time
---------------------------------------------------------------------------------------------
                                              5.096862   slack (MET)


Startpoint: inst[2] (input port clocked by __VIRTUAL_CLK__)
Endpoint: op_out[3] (output port clocked by __VIRTUAL_CLK__)
Path Group: __VIRTUAL_CLK__
Path Type: min

Fanout         Cap        Slew       Delay        Time   Description
---------------------------------------------------------------------------------------------
                      0.000000    0.000000    0.000000   clock __VIRTUAL_CLK__ (rise edge)
                                  0.000000    0.000000   clock network delay (ideal)
                                  2.000000    2.000000 ^ input external delay
     1    0.003372    0.036065    0.018799    2.018799 ^ inst[2] (in)
                                                         inst[2] (net)
                      0.036065    0.000000    2.018799 ^ input3/A (sky130_fd_sc_hd__clkbuf_2)
     8    0.027449    0.239517    0.299076    2.317875 ^ input3/X (sky130_fd_sc_hd__clkbuf_2)
                                                         net3 (net)
                      0.239517    0.000688    2.318563 ^ _690_/A (sky130_fd_sc_hd__or4b_4)
     8    0.034178    0.174924    0.397757    2.716321 ^ _690_/X (sky130_fd_sc_hd__or4b_4)
                                                         _161_ (net)
                      0.174925    0.000886    2.717207 ^ _749_/A (sky130_fd_sc_hd__or3b_1)
     1    0.002919    0.063905    0.221392    2.938599 ^ _749_/X (sky130_fd_sc_hd__or3b_1)
                                                         _221_ (net)
                      0.063905    0.000027    2.938625 ^ _770_/B (sky130_fd_sc_hd__nand2b_1)
     1    0.001946    0.064023    0.097293    3.035918 v _770_/Y (sky130_fd_sc_hd__nand2b_1)
                                                         net24 (net)
                      0.064023    0.000017    3.035936 v output24/A (sky130_fd_sc_hd__buf_2)
     1    0.034394    0.166356    0.342421    3.378356 v output24/X (sky130_fd_sc_hd__buf_2)
                                                         op_out[3] (net)
                      0.166356    0.000395    3.378752 v op_out[3] (out)
                                              3.378752   data arrival time

                      0.000000    0.000000    0.000000   clock __VIRTUAL_CLK__ (rise edge)
                                  0.000000    0.000000   clock network delay (ideal)
                                  0.250000    0.250000   clock uncertainty
                                  0.000000    0.250000   clock reconvergence pessimism
                                 -2.000000   -1.750000   output external delay
                                             -1.750000   data required time
---------------------------------------------------------------------------------------------
                                             -1.750000   data required time
                                             -3.378752   data arrival time
---------------------------------------------------------------------------------------------
                                              5.128752   slack (MET)


Startpoint: inst[2] (input port clocked by __VIRTUAL_CLK__)
Endpoint: op_out[2] (output port clocked by __VIRTUAL_CLK__)
Path Group: __VIRTUAL_CLK__
Path Type: min

Fanout         Cap        Slew       Delay        Time   Description
---------------------------------------------------------------------------------------------
                      0.000000    0.000000    0.000000   clock __VIRTUAL_CLK__ (rise edge)
                                  0.000000    0.000000   clock network delay (ideal)
                                  2.000000    2.000000 ^ input external delay
     1    0.003372    0.036065    0.018799    2.018799 ^ inst[2] (in)
                                                         inst[2] (net)
                      0.036065    0.000000    2.018799 ^ input3/A (sky130_fd_sc_hd__clkbuf_2)
     8    0.027449    0.239517    0.299076    2.317875 ^ input3/X (sky130_fd_sc_hd__clkbuf_2)
                                                         net3 (net)
                      0.239517    0.000688    2.318563 ^ _690_/A (sky130_fd_sc_hd__or4b_4)
     8    0.034178    0.174924    0.397757    2.716321 ^ _690_/X (sky130_fd_sc_hd__or4b_4)
                                                         _161_ (net)
                      0.174926    0.001034    2.717354 ^ _725_/B1 (sky130_fd_sc_hd__a31oi_1)
     1    0.002565    0.063590    0.108369    2.825723 v _725_/Y (sky130_fd_sc_hd__a31oi_1)
                                                         _195_ (net)
                      0.063590    0.000022    2.825745 v _741_/A2 (sky130_fd_sc_hd__a21o_1)
     1    0.004889    0.075020    0.331186    3.156932 v _741_/X (sky130_fd_sc_hd__a21o_1)
                                                         net23 (net)
                      0.075020    0.000048    3.156980 v output23/A (sky130_fd_sc_hd__buf_6)
     1    0.034288    0.075969    0.249371    3.406351 v output23/X (sky130_fd_sc_hd__buf_6)
                                                         op_out[2] (net)
                      0.075970    0.000376    3.406727 v op_out[2] (out)
                                              3.406727   data arrival time

                      0.000000    0.000000    0.000000   clock __VIRTUAL_CLK__ (rise edge)
                                  0.000000    0.000000   clock network delay (ideal)
                                  0.250000    0.250000   clock uncertainty
                                  0.000000    0.250000   clock reconvergence pessimism
                                 -2.000000   -1.750000   output external delay
                                             -1.750000   data required time
---------------------------------------------------------------------------------------------
                                             -1.750000   data required time
                                             -3.406727   data arrival time
---------------------------------------------------------------------------------------------
                                              5.156727   slack (MET)


Startpoint: op_a[1] (input port clocked by __VIRTUAL_CLK__)
Endpoint: op_out[1] (output port clocked by __VIRTUAL_CLK__)
Path Group: __VIRTUAL_CLK__
Path Type: min

Fanout         Cap        Slew       Delay        Time   Description
---------------------------------------------------------------------------------------------
                      0.000000    0.000000    0.000000   clock __VIRTUAL_CLK__ (rise edge)
                                  0.000000    0.000000   clock network delay (ideal)
                                  2.000000    2.000000 ^ input external delay
     1    0.002600    0.030938    0.014715    2.014715 ^ op_a[1] (in)
                                                         op_a[1] (net)
                      0.030938    0.000000    2.014715 ^ input6/A (sky130_fd_sc_hd__buf_1)
     3    0.018967    0.364095    0.341909    2.356624 ^ input6/X (sky130_fd_sc_hd__buf_1)
                                                         net6 (net)
                      0.364099    0.000985    2.357609 ^ _703_/A1 (sky130_fd_sc_hd__o22a_1)
     1    0.002593    0.069848    0.378210    2.735819 ^ _703_/X (sky130_fd_sc_hd__o22a_1)
                                                         _173_ (net)
                      0.069848    0.000028    2.735847 ^ _710_/A (sky130_fd_sc_hd__or3_1)
     1    0.009052    0.145642    0.234961    2.970809 ^ _710_/X (sky130_fd_sc_hd__or3_1)
                                                         _180_ (net)
                      0.145642    0.000229    2.971037 ^ _718_/B (sky130_fd_sc_hd__or2_4)
     1    0.007367    0.064749    0.238528    3.209566 ^ _718_/X (sky130_fd_sc_hd__or2_4)
                                                         net22 (net)
                      0.064749    0.000064    3.209630 ^ output22/A (sky130_fd_sc_hd__buf_8)
     1    0.034773    0.105599    0.203243    3.412873 ^ output22/X (sky130_fd_sc_hd__buf_8)
                                                         op_out[1] (net)
                      0.105599    0.000494    3.413367 ^ op_out[1] (out)
                                              3.413367   data arrival time

                      0.000000    0.000000    0.000000   clock __VIRTUAL_CLK__ (rise edge)
                                  0.000000    0.000000   clock network delay (ideal)
                                  0.250000    0.250000   clock uncertainty
                                  0.000000    0.250000   clock reconvergence pessimism
                                 -2.000000   -1.750000   output external delay
                                             -1.750000   data required time
---------------------------------------------------------------------------------------------
                                             -1.750000   data required time
                                             -3.413367   data arrival time
---------------------------------------------------------------------------------------------
                                              5.163367   slack (MET)


Startpoint: op_a[6] (input port clocked by __VIRTUAL_CLK__)
Endpoint: op_out[7] (output port clocked by __VIRTUAL_CLK__)
Path Group: __VIRTUAL_CLK__
Path Type: min

Fanout         Cap        Slew       Delay        Time   Description
---------------------------------------------------------------------------------------------
                      0.000000    0.000000    0.000000   clock __VIRTUAL_CLK__ (rise edge)
                                  0.000000    0.000000   clock network delay (ideal)
                                  2.000000    2.000000 ^ input external delay
     1    0.003002    0.033593    0.016845    2.016845 ^ op_a[6] (in)
                                                         op_a[6] (net)
                      0.033593    0.000000    2.016845 ^ input11/A (sky130_fd_sc_hd__buf_1)
     2    0.010075    0.202365    0.228827    2.245672 ^ input11/X (sky130_fd_sc_hd__buf_1)
                                                         net11 (net)
                      0.202426    0.000287    2.245959 ^ fanout68/A (sky130_fd_sc_hd__clkbuf_2)
     6    0.023622    0.208478    0.353625    2.599584 ^ fanout68/X (sky130_fd_sc_hd__clkbuf_2)
                                                         net68 (net)
                      0.208478    0.000300    2.599884 ^ _922_/A1 (sky130_fd_sc_hd__a211o_1)
     1    0.008374    0.129266    0.338391    2.938275 ^ _922_/X (sky130_fd_sc_hd__a211o_1)
                                                         _407_ (net)
                      0.129266    0.000112    2.938387 ^ _923_/B1 (sky130_fd_sc_hd__a311o_1)
     1    0.005548    0.118706    0.246670    3.185056 ^ _923_/X (sky130_fd_sc_hd__a311o_1)
                                                         net28 (net)
                      0.118706    0.000061    3.185117 ^ output28/A (sky130_fd_sc_hd__buf_6)
     1    0.033931    0.121812    0.244423    3.429540 ^ output28/X (sky130_fd_sc_hd__buf_6)
                                                         op_out[7] (net)
                      0.121812    0.000174    3.429714 ^ op_out[7] (out)
                                              3.429714   data arrival time

                      0.000000    0.000000    0.000000   clock __VIRTUAL_CLK__ (rise edge)
                                  0.000000    0.000000   clock network delay (ideal)
                                  0.250000    0.250000   clock uncertainty
                                  0.000000    0.250000   clock reconvergence pessimism
                                 -2.000000   -1.750000   output external delay
                                             -1.750000   data required time
---------------------------------------------------------------------------------------------
                                             -1.750000   data required time
                                             -3.429714   data arrival time
---------------------------------------------------------------------------------------------
                                              5.179715   slack (MET)



