
===========================================================================
report_checks -path_delay min (Hold)
============================================================================
======================= nom_tt_025C_1v80 Corner ===================================

Startpoint: op_a[5] (input port clocked by __VIRTUAL_CLK__)
Endpoint: op_out[5] (output port clocked by __VIRTUAL_CLK__)
Path Group: __VIRTUAL_CLK__
Path Type: min

Fanout         Cap        Slew       Delay        Time   Description
---------------------------------------------------------------------------------------------
                      0.000000    0.000000    0.000000   clock __VIRTUAL_CLK__ (rise edge)
                                  0.000000    0.000000   clock network delay (ideal)
                                  2.000000    2.000000 ^ input external delay
     1    0.002783    0.020367    0.010232    2.010232 ^ op_a[5] (in)
                                                         op_a[5] (net)
                      0.020367    0.000000    2.010232 ^ input10/A (sky130_fd_sc_hd__clkbuf_2)
     5    0.021190    0.120736    0.150696    2.160928 ^ input10/X (sky130_fd_sc_hd__clkbuf_2)
                                                         net10 (net)
                      0.120782    0.000670    2.161599 ^ _839_/A1 (sky130_fd_sc_hd__a32o_1)
     1    0.001955    0.044001    0.157953    2.319552 ^ _839_/X (sky130_fd_sc_hd__a32o_1)
                                                         _318_ (net)
                      0.044001    0.000003    2.319555 ^ _842_/A (sky130_fd_sc_hd__or3_1)
     1    0.004471    0.051413    0.104884    2.424439 ^ _842_/X (sky130_fd_sc_hd__or3_1)
                                                         net26 (net)
                      0.051413    0.000046    2.424485 ^ output26/A (sky130_fd_sc_hd__buf_4)
     1    0.034449    0.102936    0.158751    2.583236 ^ output26/X (sky130_fd_sc_hd__buf_4)
                                                         op_out[5] (net)
                      0.102936    0.000219    2.583456 ^ op_out[5] (out)
                                              2.583456   data arrival time

                      0.000000    0.000000    0.000000   clock __VIRTUAL_CLK__ (rise edge)
                                  0.000000    0.000000   clock network delay (ideal)
                                  0.250000    0.250000   clock uncertainty
                                  0.000000    0.250000   clock reconvergence pessimism
                                 -2.000000   -1.750000   output external delay
                                             -1.750000   data required time
---------------------------------------------------------------------------------------------
                                             -1.750000   data required time
                                             -2.583456   data arrival time
---------------------------------------------------------------------------------------------
                                              4.333456   slack (MET)


Startpoint: inst[2] (input port clocked by __VIRTUAL_CLK__)
Endpoint: op_out[4] (output port clocked by __VIRTUAL_CLK__)
Path Group: __VIRTUAL_CLK__
Path Type: min

Fanout         Cap        Slew       Delay        Time   Description
---------------------------------------------------------------------------------------------
                      0.000000    0.000000    0.000000   clock __VIRTUAL_CLK__ (rise edge)
                                  0.000000    0.000000   clock network delay (ideal)
                                  2.000000    2.000000 ^ input external delay
     1    0.003378    0.022234    0.012320    2.012320 ^ inst[2] (in)
                                                         inst[2] (net)
                      0.022234    0.000000    2.012320 ^ input3/A (sky130_fd_sc_hd__clkbuf_2)
     8    0.022714    0.128592    0.157096    2.169416 ^ input3/X (sky130_fd_sc_hd__clkbuf_2)
                                                         net3 (net)
                      0.128592    0.000149    2.169565 ^ _690_/A (sky130_fd_sc_hd__or4b_4)
     8    0.026728    0.088380    0.193671    2.363236 ^ _690_/X (sky130_fd_sc_hd__or4b_4)
                                                         _161_ (net)
                      0.088380    0.000185    2.363421 ^ _798_/A1 (sky130_fd_sc_hd__o31ai_1)
     1    0.003874    0.048852    0.086991    2.450412 v _798_/Y (sky130_fd_sc_hd__o31ai_1)
                                                         net25 (net)
                      0.048852    0.000031    2.450443 v output25/A (sky130_fd_sc_hd__buf_4)
     1    0.034449    0.059000    0.170153    2.620596 v output25/X (sky130_fd_sc_hd__buf_4)
                                                         op_out[4] (net)
                      0.059000    0.000219    2.620815 v op_out[4] (out)
                                              2.620815   data arrival time

                      0.000000    0.000000    0.000000   clock __VIRTUAL_CLK__ (rise edge)
                                  0.000000    0.000000   clock network delay (ideal)
                                  0.250000    0.250000   clock uncertainty
                                  0.000000    0.250000   clock reconvergence pessimism
                                 -2.000000   -1.750000   output external delay
                                             -1.750000   data required time
---------------------------------------------------------------------------------------------
                                             -1.750000   data required time
                                             -2.620815   data arrival time
---------------------------------------------------------------------------------------------
                                              4.370815   slack (MET)


Startpoint: inst[2] (input port clocked by __VIRTUAL_CLK__)
Endpoint: op_out[0] (output port clocked by __VIRTUAL_CLK__)
Path Group: __VIRTUAL_CLK__
Path Type: min

Fanout         Cap        Slew       Delay        Time   Description
---------------------------------------------------------------------------------------------
                      0.000000    0.000000    0.000000   clock __VIRTUAL_CLK__ (rise edge)
                                  0.000000    0.000000   clock network delay (ideal)
                                  2.000000    2.000000 v input external delay
     1    0.003148    0.009439    0.005002    2.005002 v inst[2] (in)
                                                         inst[2] (net)
                      0.009439    0.000000    2.005002 v input3/A (sky130_fd_sc_hd__clkbuf_2)
     8    0.021020    0.085386    0.137055    2.142057 v input3/X (sky130_fd_sc_hd__clkbuf_2)
                                                         net3 (net)
                      0.085386    0.000154    2.142211 v _459_/A (sky130_fd_sc_hd__inv_2)
     4    0.009530    0.056181    0.079137    2.221349 ^ _459_/Y (sky130_fd_sc_hd__inv_2)
                                                         _199_ (net)
                      0.056181    0.000020    2.221369 ^ _685_/B1 (sky130_fd_sc_hd__o2111a_1)
     1    0.002825    0.050690    0.178940    2.400308 ^ _685_/X (sky130_fd_sc_hd__o2111a_1)
                                                         _156_ (net)
                      0.050690    0.000004    2.400312 ^ _700_/B (sky130_fd_sc_hd__or3_4)
     1    0.008769    0.040651    0.120430    2.520742 ^ _700_/X (sky130_fd_sc_hd__or3_4)
                                                         net21 (net)
                      0.040651    0.000062    2.520803 ^ output21/A (sky130_fd_sc_hd__buf_8)
     1    0.034601    0.066151    0.114781    2.635585 ^ output21/X (sky130_fd_sc_hd__buf_8)
                                                         op_out[0] (net)
                      0.066151    0.000241    2.635826 ^ op_out[0] (out)
                                              2.635826   data arrival time

                      0.000000    0.000000    0.000000   clock __VIRTUAL_CLK__ (rise edge)
                                  0.000000    0.000000   clock network delay (ideal)
                                  0.250000    0.250000   clock uncertainty
                                  0.000000    0.250000   clock reconvergence pessimism
                                 -2.000000   -1.750000   output external delay
                                             -1.750000   data required time
---------------------------------------------------------------------------------------------
                                             -1.750000   data required time
                                             -2.635826   data arrival time
---------------------------------------------------------------------------------------------
                                              4.385826   slack (MET)


Startpoint: op_a[1] (input port clocked by __VIRTUAL_CLK__)
Endpoint: op_out[1] (output port clocked by __VIRTUAL_CLK__)
Path Group: __VIRTUAL_CLK__
Path Type: min

Fanout         Cap        Slew       Delay        Time   Description
---------------------------------------------------------------------------------------------
                      0.000000    0.000000    0.000000   clock __VIRTUAL_CLK__ (rise edge)
                                  0.000000    0.000000   clock network delay (ideal)
                                  2.000000    2.000000 ^ input external delay
     1    0.002713    0.020053    0.009989    2.009989 ^ op_a[1] (in)
                                                         op_a[1] (net)
                      0.020053    0.000000    2.009989 ^ input6/A (sky130_fd_sc_hd__buf_1)
     3    0.014419    0.174814    0.163734    2.173723 ^ input6/X (sky130_fd_sc_hd__buf_1)
                                                         net6 (net)
                      0.174815    0.000369    2.174093 ^ _703_/A1 (sky130_fd_sc_hd__o22a_1)
     1    0.002225    0.038107    0.162266    2.336359 ^ _703_/X (sky130_fd_sc_hd__o22a_1)
                                                         _173_ (net)
                      0.038107    0.000007    2.336366 ^ _710_/A (sky130_fd_sc_hd__or3_1)
     1    0.005961    0.064186    0.112145    2.448510 ^ _710_/X (sky130_fd_sc_hd__or3_1)
                                                         _180_ (net)
                      0.064186    0.000060    2.448570 ^ _718_/B (sky130_fd_sc_hd__or2_4)
     1    0.007653    0.038741    0.116178    2.564748 ^ _718_/X (sky130_fd_sc_hd__or2_4)
                                                         net22 (net)
                      0.038741    0.000014    2.564762 ^ output22/A (sky130_fd_sc_hd__buf_8)
     1    0.034601    0.066149    0.114109    2.678871 ^ output22/X (sky130_fd_sc_hd__buf_8)
                                                         op_out[1] (net)
                      0.066149    0.000241    2.679112 ^ op_out[1] (out)
                                              2.679112   data arrival time

                      0.000000    0.000000    0.000000   clock __VIRTUAL_CLK__ (rise edge)
                                  0.000000    0.000000   clock network delay (ideal)
                                  0.250000    0.250000   clock uncertainty
                                  0.000000    0.250000   clock reconvergence pessimism
                                 -2.000000   -1.750000   output external delay
                                             -1.750000   data required time
---------------------------------------------------------------------------------------------
                                             -1.750000   data required time
                                             -2.679112   data arrival time
---------------------------------------------------------------------------------------------
                                              4.429112   slack (MET)


Startpoint: op_a[7] (input port clocked by __VIRTUAL_CLK__)
Endpoint: op_out[6] (output port clocked by __VIRTUAL_CLK__)
Path Group: __VIRTUAL_CLK__
Path Type: min

Fanout         Cap        Slew       Delay        Time   Description
---------------------------------------------------------------------------------------------
                      0.000000    0.000000    0.000000   clock __VIRTUAL_CLK__ (rise edge)
                                  0.000000    0.000000   clock network delay (ideal)
                                  2.000000    2.000000 ^ input external delay
     1    0.003336    0.022050    0.012173    2.012173 ^ op_a[7] (in)
                                                         op_a[7] (net)
                      0.022050    0.000000    2.012173 ^ input12/A (sky130_fd_sc_hd__clkbuf_4)
     9    0.039417    0.126706    0.186889    2.199062 ^ input12/X (sky130_fd_sc_hd__clkbuf_4)
                                                         net12 (net)
                      0.126707    0.000545    2.199607 ^ _883_/A1 (sky130_fd_sc_hd__a211o_1)
     1    0.003500    0.041518    0.139499    2.339106 ^ _883_/X (sky130_fd_sc_hd__a211o_1)
                                                         _365_ (net)
                      0.041518    0.000017    2.339123 ^ _884_/C1 (sky130_fd_sc_hd__a211o_1)
     1    0.005504    0.057482    0.100253    2.439376 ^ _884_/X (sky130_fd_sc_hd__a211o_1)
                                                         _366_ (net)
                      0.057482    0.000052    2.439428 ^ _885_/B1 (sky130_fd_sc_hd__a31o_1)
     1    0.005316    0.063763    0.108528    2.547956 ^ _885_/X (sky130_fd_sc_hd__a31o_1)
                                                         net27 (net)
                      0.063763    0.000015    2.547971 ^ output27/A (sky130_fd_sc_hd__buf_6)
     1    0.034660    0.077505    0.132433    2.680404 ^ output27/X (sky130_fd_sc_hd__buf_6)
                                                         op_out[6] (net)
                      0.077505    0.000197    2.680601 ^ op_out[6] (out)
                                              2.680601   data arrival time

                      0.000000    0.000000    0.000000   clock __VIRTUAL_CLK__ (rise edge)
                                  0.000000    0.000000   clock network delay (ideal)
                                  0.250000    0.250000   clock uncertainty
                                  0.000000    0.250000   clock reconvergence pessimism
                                 -2.000000   -1.750000   output external delay
                                             -1.750000   data required time
---------------------------------------------------------------------------------------------
                                             -1.750000   data required time
                                             -2.680601   data arrival time
---------------------------------------------------------------------------------------------
                                              4.430601   slack (MET)


Startpoint: inst[2] (input port clocked by __VIRTUAL_CLK__)
Endpoint: op_out[3] (output port clocked by __VIRTUAL_CLK__)
Path Group: __VIRTUAL_CLK__
Path Type: min

Fanout         Cap        Slew       Delay        Time   Description
---------------------------------------------------------------------------------------------
                      0.000000    0.000000    0.000000   clock __VIRTUAL_CLK__ (rise edge)
                                  0.000000    0.000000   clock network delay (ideal)
                                  2.000000    2.000000 ^ input external delay
     1    0.003378    0.022234    0.012320    2.012320 ^ inst[2] (in)
                                                         inst[2] (net)
                      0.022234    0.000000    2.012320 ^ input3/A (sky130_fd_sc_hd__clkbuf_2)
     8    0.022714    0.128592    0.157096    2.169416 ^ input3/X (sky130_fd_sc_hd__clkbuf_2)
                                                         net3 (net)
                      0.128592    0.000149    2.169565 ^ _690_/A (sky130_fd_sc_hd__or4b_4)
     8    0.026728    0.088380    0.193671    2.363236 ^ _690_/X (sky130_fd_sc_hd__or4b_4)
                                                         _161_ (net)
                      0.088380    0.000120    2.363356 ^ _749_/A (sky130_fd_sc_hd__or3b_1)
     1    0.002797    0.039015    0.110858    2.474214 ^ _749_/X (sky130_fd_sc_hd__or3b_1)
                                                         _221_ (net)
                      0.039015    0.000004    2.474218 ^ _770_/B (sky130_fd_sc_hd__nand2b_1)
     1    0.001949    0.028707    0.043601    2.517819 v _770_/Y (sky130_fd_sc_hd__nand2b_1)
                                                         net24 (net)
                      0.028707    0.000003    2.517822 v output24/A (sky130_fd_sc_hd__buf_2)
     1    0.034420    0.089753    0.173721    2.691543 v output24/X (sky130_fd_sc_hd__buf_2)
                                                         op_out[3] (net)
                      0.089753    0.000215    2.691758 v op_out[3] (out)
                                              2.691758   data arrival time

                      0.000000    0.000000    0.000000   clock __VIRTUAL_CLK__ (rise edge)
                                  0.000000    0.000000   clock network delay (ideal)
                                  0.250000    0.250000   clock uncertainty
                                  0.000000    0.250000   clock reconvergence pessimism
                                 -2.000000   -1.750000   output external delay
                                             -1.750000   data required time
---------------------------------------------------------------------------------------------
                                             -1.750000   data required time
                                             -2.691758   data arrival time
---------------------------------------------------------------------------------------------
                                              4.441758   slack (MET)


Startpoint: op_a[6] (input port clocked by __VIRTUAL_CLK__)
Endpoint: op_out[7] (output port clocked by __VIRTUAL_CLK__)
Path Group: __VIRTUAL_CLK__
Path Type: min

Fanout         Cap        Slew       Delay        Time   Description
---------------------------------------------------------------------------------------------
                      0.000000    0.000000    0.000000   clock __VIRTUAL_CLK__ (rise edge)
                                  0.000000    0.000000   clock network delay (ideal)
                                  2.000000    2.000000 ^ input external delay
     1    0.003083    0.020951    0.011287    2.011287 ^ op_a[6] (in)
                                                         op_a[6] (net)
                      0.020951    0.000000    2.011287 ^ input11/A (sky130_fd_sc_hd__buf_1)
     2    0.006898    0.089660    0.104967    2.116253 ^ input11/X (sky130_fd_sc_hd__buf_1)
                                                         net11 (net)
                      0.089660    0.000079    2.116333 ^ fanout68/A (sky130_fd_sc_hd__clkbuf_2)
     6    0.020033    0.114854    0.171745    2.288078 ^ fanout68/X (sky130_fd_sc_hd__clkbuf_2)
                                                         net68 (net)
                      0.114854    0.000069    2.288147 ^ _922_/A1 (sky130_fd_sc_hd__a211o_1)
     1    0.005764    0.059592    0.150013    2.438160 ^ _922_/X (sky130_fd_sc_hd__a211o_1)
                                                         _407_ (net)
                      0.059592    0.000063    2.438223 ^ _923_/B1 (sky130_fd_sc_hd__a311o_1)
     1    0.005354    0.072500    0.126308    2.564531 ^ _923_/X (sky130_fd_sc_hd__a311o_1)
                                                         net28 (net)
                      0.072500    0.000016    2.564547 ^ output28/A (sky130_fd_sc_hd__buf_6)
     1    0.034074    0.076446    0.134602    2.699149 ^ output28/X (sky130_fd_sc_hd__buf_6)
                                                         op_out[7] (net)
                      0.076446    0.000094    2.699243 ^ op_out[7] (out)
                                              2.699243   data arrival time

                      0.000000    0.000000    0.000000   clock __VIRTUAL_CLK__ (rise edge)
                                  0.000000    0.000000   clock network delay (ideal)
                                  0.250000    0.250000   clock uncertainty
                                  0.000000    0.250000   clock reconvergence pessimism
                                 -2.000000   -1.750000   output external delay
                                             -1.750000   data required time
---------------------------------------------------------------------------------------------
                                             -1.750000   data required time
                                             -2.699243   data arrival time
---------------------------------------------------------------------------------------------
                                              4.449244   slack (MET)


Startpoint: inst[2] (input port clocked by __VIRTUAL_CLK__)
Endpoint: op_out[2] (output port clocked by __VIRTUAL_CLK__)
Path Group: __VIRTUAL_CLK__
Path Type: min

Fanout         Cap        Slew       Delay        Time   Description
---------------------------------------------------------------------------------------------
                      0.000000    0.000000    0.000000   clock __VIRTUAL_CLK__ (rise edge)
                                  0.000000    0.000000   clock network delay (ideal)
                                  2.000000    2.000000 ^ input external delay
     1    0.003378    0.022234    0.012320    2.012320 ^ inst[2] (in)
                                                         inst[2] (net)
                      0.022234    0.000000    2.012320 ^ input3/A (sky130_fd_sc_hd__clkbuf_2)
     8    0.022714    0.128592    0.157096    2.169416 ^ input3/X (sky130_fd_sc_hd__clkbuf_2)
                                                         net3 (net)
                      0.128592    0.000149    2.169565 ^ _690_/A (sky130_fd_sc_hd__or4b_4)
     8    0.026728    0.088380    0.193671    2.363236 ^ _690_/X (sky130_fd_sc_hd__or4b_4)
                                                         _161_ (net)
                      0.088380    0.000130    2.363366 ^ _725_/B1 (sky130_fd_sc_hd__a31oi_1)
     1    0.002443    0.035596    0.045575    2.408940 v _725_/Y (sky130_fd_sc_hd__a31oi_1)
                                                         _195_ (net)
                      0.035596    0.000003    2.408943 v _741_/A2 (sky130_fd_sc_hd__a21o_1)
     1    0.004756    0.041051    0.176996    2.585939 v _741_/X (sky130_fd_sc_hd__a21o_1)
                                                         net23 (net)
                      0.041051    0.000010    2.585949 v output23/A (sky130_fd_sc_hd__buf_6)
     1    0.034365    0.043678    0.135165    2.721114 v output23/X (sky130_fd_sc_hd__buf_6)
                                                         op_out[2] (net)
                      0.043678    0.000207    2.721322 v op_out[2] (out)
                                              2.721322   data arrival time

                      0.000000    0.000000    0.000000   clock __VIRTUAL_CLK__ (rise edge)
                                  0.000000    0.000000   clock network delay (ideal)
                                  0.250000    0.250000   clock uncertainty
                                  0.000000    0.250000   clock reconvergence pessimism
                                 -2.000000   -1.750000   output external delay
                                             -1.750000   data required time
---------------------------------------------------------------------------------------------
                                             -1.750000   data required time
                                             -2.721322   data arrival time
---------------------------------------------------------------------------------------------
                                              4.471321   slack (MET)



