
===========================================================================
 report_power
============================================================================
======================= nom_tt_025C_1v80 Corner ===================================

Group                    Internal    Switching      Leakage        Total
                            Power        Power        Power        Power (Watts)
------------------------------------------------------------------------
Sequential           0.000000e+00 0.000000e+00 0.000000e+00 0.000000e+00   0.0%
Combinational        1.427434e-04 1.387982e-04 1.943458e-09 2.815436e-04 100.0%
Clock                0.000000e+00 0.000000e+00 2.851233e-10 2.851233e-10   0.0%
Macro                0.000000e+00 0.000000e+00 0.000000e+00 0.000000e+00   0.0%
Pad                  0.000000e+00 0.000000e+00 0.000000e+00 0.000000e+00   0.0%
------------------------------------------------------------------------
Total                1.427434e-04 1.387982e-04 2.228585e-09 2.815439e-04 100.0%
                            50.7%        49.3%         0.0%
Writing metric power__internal__total: 0.00014274341810960323
Writing metric power__switching__total: 0.00013879821926821023
Writing metric power__leakage__total: 2.228584872199235e-9
Writing metric power__total: 0.0002815438783727586

