
===========================================================================
report_checks -path_delay min (Hold)
============================================================================
======================= min_tt_025C_1v80 Corner ===================================

Startpoint: inst[2] (input port clocked by virtual_clk)
Endpoint: op_out[6] (output port clocked by virtual_clk)
Path Group: virtual_clk
Path Type: min

Fanout         Cap        Slew       Delay        Time   Description
---------------------------------------------------------------------------------------------
                      0.000000    0.000000    0.000000   clock virtual_clk (rise edge)
                                  0.000000    0.000000   clock network delay (ideal)
                                  2.000000    2.000000 ^ input external delay
     1    0.003310    0.000000    0.000000    2.000000 ^ inst[2] (in)
                                                         inst[2] (net)
                      0.000057    0.000029    2.000029 ^ input3/A (sky130_fd_sc_hd__buf_2)
     8    0.032425    0.161307    0.175025    2.175053 ^ input3/X (sky130_fd_sc_hd__buf_2)
                                                         net3 (net)
                      0.161308    0.000238    2.175292 ^ _694_/A (sky130_fd_sc_hd__nor3_4)
     8    0.030284    0.055792    0.097620    2.272912 v _694_/Y (sky130_fd_sc_hd__nor3_4)
                                                         _165_ (net)
                      0.055849    0.001398    2.274309 v _885_/A1 (sky130_fd_sc_hd__a31o_1)
     1    0.002411    0.031938    0.170145    2.444454 v _885_/X (sky130_fd_sc_hd__a31o_1)
                                                         net27 (net)
                      0.031938    0.000022    2.444476 v output27/A (sky130_fd_sc_hd__buf_1)
     1    0.000550    0.015125    0.068495    2.512971 v output27/X (sky130_fd_sc_hd__buf_1)
                                                         op_out[6] (net)
                      0.015125    0.000002    2.512973 v op_out[6] (out)
                                              2.512973   data arrival time

                      0.000000    0.000000    0.000000   clock virtual_clk (rise edge)
                                  0.000000    0.000000   clock network delay (ideal)
                                  0.000000    0.000000   clock reconvergence pessimism
                                 -2.000000   -2.000000   output external delay
                                             -2.000000   data required time
---------------------------------------------------------------------------------------------
                                             -2.000000   data required time
                                             -2.512973   data arrival time
---------------------------------------------------------------------------------------------
                                              4.512973   slack (MET)


Startpoint: op_a[4] (input port clocked by virtual_clk)
Endpoint: op_out[5] (output port clocked by virtual_clk)
Path Group: virtual_clk
Path Type: min

Fanout         Cap        Slew       Delay        Time   Description
---------------------------------------------------------------------------------------------
                      0.000000    0.000000    0.000000   clock virtual_clk (rise edge)
                                  0.000000    0.000000   clock network delay (ideal)
                                  2.000000    2.000000 ^ input external delay
     1    0.003387    0.000000    0.000000    2.000000 ^ op_a[4] (in)
                                                         op_a[4] (net)
                      0.000049    0.000025    2.000025 ^ input9/A (sky130_fd_sc_hd__clkbuf_2)
     4    0.028642    0.159876    0.169965    2.169990 ^ input9/X (sky130_fd_sc_hd__clkbuf_2)
                                                         net9 (net)
                      0.159907    0.001824    2.171814 ^ _840_/A1 (sky130_fd_sc_hd__a221o_1)
     1    0.002883    0.041891    0.168752    2.340566 ^ _840_/X (sky130_fd_sc_hd__a221o_1)
                                                         _319_ (net)
                      0.041891    0.000022    2.340587 ^ _842_/B (sky130_fd_sc_hd__or3_1)
     1    0.005505    0.060322    0.109337    2.449924 ^ _842_/X (sky130_fd_sc_hd__or3_1)
                                                         net26 (net)
                      0.060322    0.000120    2.450045 ^ output26/A (sky130_fd_sc_hd__buf_1)
     1    0.001155    0.026895    0.071786    2.521831 ^ output26/X (sky130_fd_sc_hd__buf_1)
                                                         op_out[5] (net)
                      0.026895    0.000008    2.521839 ^ op_out[5] (out)
                                              2.521839   data arrival time

                      0.000000    0.000000    0.000000   clock virtual_clk (rise edge)
                                  0.000000    0.000000   clock network delay (ideal)
                                  0.000000    0.000000   clock reconvergence pessimism
                                 -2.000000   -2.000000   output external delay
                                             -2.000000   data required time
---------------------------------------------------------------------------------------------
                                             -2.000000   data required time
                                             -2.521839   data arrival time
---------------------------------------------------------------------------------------------
                                              4.521839   slack (MET)


Startpoint: op_a[4] (input port clocked by virtual_clk)
Endpoint: op_out[4] (output port clocked by virtual_clk)
Path Group: virtual_clk
Path Type: min

Fanout         Cap        Slew       Delay        Time   Description
---------------------------------------------------------------------------------------------
                      0.000000    0.000000    0.000000   clock virtual_clk (rise edge)
                                  0.000000    0.000000   clock network delay (ideal)
                                  2.000000    2.000000 ^ input external delay
     1    0.003387    0.000000    0.000000    2.000000 ^ op_a[4] (in)
                                                         op_a[4] (net)
                      0.000049    0.000025    2.000025 ^ input9/A (sky130_fd_sc_hd__clkbuf_2)
     4    0.028642    0.159876    0.169965    2.169990 ^ input9/X (sky130_fd_sc_hd__clkbuf_2)
                                                         net9 (net)
                      0.159899    0.001599    2.171589 ^ _795_/A1 (sky130_fd_sc_hd__a32o_1)
     1    0.003226    0.053971    0.179953    2.351542 ^ _795_/X (sky130_fd_sc_hd__a32o_1)
                                                         _270_ (net)
                      0.053971    0.000033    2.351575 ^ _797_/B1 (sky130_fd_sc_hd__a211oi_1)
     1    0.004395    0.038430    0.051654    2.403229 v _797_/Y (sky130_fd_sc_hd__a211oi_1)
                                                         _272_ (net)
                      0.038430    0.000078    2.403307 v _798_/B1 (sky130_fd_sc_hd__o31ai_1)
     1    0.004714    0.072472    0.070596    2.473904 ^ _798_/Y (sky130_fd_sc_hd__o31ai_1)
                                                         net25 (net)
                      0.072473    0.000092    2.473996 ^ output25/A (sky130_fd_sc_hd__buf_1)
     1    0.000856    0.024065    0.072289    2.546285 ^ output25/X (sky130_fd_sc_hd__buf_1)
                                                         op_out[4] (net)
                      0.024065    0.000005    2.546290 ^ op_out[4] (out)
                                              2.546290   data arrival time

                      0.000000    0.000000    0.000000   clock virtual_clk (rise edge)
                                  0.000000    0.000000   clock network delay (ideal)
                                  0.000000    0.000000   clock reconvergence pessimism
                                 -2.000000   -2.000000   output external delay
                                             -2.000000   data required time
---------------------------------------------------------------------------------------------
                                             -2.000000   data required time
                                             -2.546290   data arrival time
---------------------------------------------------------------------------------------------
                                              4.546290   slack (MET)


Startpoint: op_a[6] (input port clocked by virtual_clk)
Endpoint: op_out[7] (output port clocked by virtual_clk)
Path Group: virtual_clk
Path Type: min

Fanout         Cap        Slew       Delay        Time   Description
---------------------------------------------------------------------------------------------
                      0.000000    0.000000    0.000000   clock virtual_clk (rise edge)
                                  0.000000    0.000000   clock network delay (ideal)
                                  2.000000    2.000000 ^ input external delay
     1    0.003903    0.000000    0.000000    2.000000 ^ op_a[6] (in)
                                                         op_a[6] (net)
                      0.000066    0.000033    2.000033 ^ input11/A (sky130_fd_sc_hd__buf_4)
    16    0.069346    0.194258    0.204595    2.204628 ^ input11/X (sky130_fd_sc_hd__buf_4)
                                                         net11 (net)
                      0.194283    0.001831    2.206459 ^ _922_/A1 (sky130_fd_sc_hd__a211o_1)
     1    0.007010    0.069645    0.177525    2.383984 ^ _922_/X (sky130_fd_sc_hd__a211o_1)
                                                         _407_ (net)
                      0.069645    0.000069    2.384053 ^ _923_/B1 (sky130_fd_sc_hd__a311o_1)
     1    0.002478    0.042915    0.107066    2.491119 ^ _923_/X (sky130_fd_sc_hd__a311o_1)
                                                         net28 (net)
                      0.042915    0.000022    2.491141 ^ output28/A (sky130_fd_sc_hd__buf_1)
     1    0.000407    0.019084    0.059784    2.550925 ^ output28/X (sky130_fd_sc_hd__buf_1)
                                                         op_out[7] (net)
                      0.019084    0.000001    2.550926 ^ op_out[7] (out)
                                              2.550926   data arrival time

                      0.000000    0.000000    0.000000   clock virtual_clk (rise edge)
                                  0.000000    0.000000   clock network delay (ideal)
                                  0.000000    0.000000   clock reconvergence pessimism
                                 -2.000000   -2.000000   output external delay
                                             -2.000000   data required time
---------------------------------------------------------------------------------------------
                                             -2.000000   data required time
                                             -2.550926   data arrival time
---------------------------------------------------------------------------------------------
                                              4.550926   slack (MET)


Startpoint: inst[3] (input port clocked by virtual_clk)
Endpoint: op_out[0] (output port clocked by virtual_clk)
Path Group: virtual_clk
Path Type: min

Fanout         Cap        Slew       Delay        Time   Description
---------------------------------------------------------------------------------------------
                      0.000000    0.000000    0.000000   clock virtual_clk (rise edge)
                                  0.000000    0.000000   clock network delay (ideal)
                                  2.000000    2.000000 ^ input external delay
     1    0.003056    0.000000    0.000000    2.000000 ^ inst[3] (in)
                                                         inst[3] (net)
                      0.000048    0.000024    2.000024 ^ input4/A (sky130_fd_sc_hd__buf_2)
    11    0.036622    0.180614    0.188867    2.188891 ^ input4/X (sky130_fd_sc_hd__buf_2)
                                                         net4 (net)
                      0.180616    0.000564    2.189455 ^ _685_/C1 (sky130_fd_sc_hd__o2111a_1)
     1    0.002991    0.050330    0.204829    2.394284 ^ _685_/X (sky130_fd_sc_hd__o2111a_1)
                                                         _156_ (net)
                      0.050330    0.000016    2.394301 ^ _700_/A (sky130_fd_sc_hd__or3_4)
     1    0.004254    0.029584    0.109790    2.504090 ^ _700_/X (sky130_fd_sc_hd__or3_4)
                                                         net21 (net)
                      0.029584    0.000066    2.504157 ^ output21/A (sky130_fd_sc_hd__clkbuf_1)
     1    0.001831    0.033732    0.067249    2.571406 ^ output21/X (sky130_fd_sc_hd__clkbuf_1)
                                                         op_out[0] (net)
                      0.033732    0.000019    2.571424 ^ op_out[0] (out)
                                              2.571424   data arrival time

                      0.000000    0.000000    0.000000   clock virtual_clk (rise edge)
                                  0.000000    0.000000   clock network delay (ideal)
                                  0.000000    0.000000   clock reconvergence pessimism
                                 -2.000000   -2.000000   output external delay
                                             -2.000000   data required time
---------------------------------------------------------------------------------------------
                                             -2.000000   data required time
                                             -2.571424   data arrival time
---------------------------------------------------------------------------------------------
                                              4.571424   slack (MET)


Startpoint: op_a[1] (input port clocked by virtual_clk)
Endpoint: op_out[2] (output port clocked by virtual_clk)
Path Group: virtual_clk
Path Type: min

Fanout         Cap        Slew       Delay        Time   Description
---------------------------------------------------------------------------------------------
                      0.000000    0.000000    0.000000   clock virtual_clk (rise edge)
                                  0.000000    0.000000   clock network delay (ideal)
                                  2.000000    2.000000 v input external delay
     1    0.002007    0.000000    0.000000    2.000000 v op_a[1] (in)
                                                         op_a[1] (net)
                      0.000012    0.000006    2.000006 v input6/A (sky130_fd_sc_hd__buf_2)
     6    0.036092    0.093075    0.163605    2.163612 v input6/X (sky130_fd_sc_hd__buf_2)
                                                         net6 (net)
                      0.093171    0.002685    2.166296 v _713_/A (sky130_fd_sc_hd__nand2_1)
     2    0.005969    0.068081    0.094661    2.260957 ^ _713_/Y (sky130_fd_sc_hd__nand2_1)
                                                         _183_ (net)
                      0.068081    0.000047    2.261004 ^ _725_/A1 (sky130_fd_sc_hd__a31oi_1)
     1    0.002930    0.041110    0.073368    2.334373 v _725_/Y (sky130_fd_sc_hd__a31oi_1)
                                                         _195_ (net)
                      0.041110    0.000032    2.334404 v _741_/A2 (sky130_fd_sc_hd__a21o_1)
     1    0.002812    0.031327    0.169070    2.503474 v _741_/X (sky130_fd_sc_hd__a21o_1)
                                                         net23 (net)
                      0.031327    0.000030    2.503505 v output23/A (sky130_fd_sc_hd__buf_1)
     1    0.001266    0.018902    0.072957    2.576462 v output23/X (sky130_fd_sc_hd__buf_1)
                                                         op_out[2] (net)
                      0.018902    0.000009    2.576472 v op_out[2] (out)
                                              2.576472   data arrival time

                      0.000000    0.000000    0.000000   clock virtual_clk (rise edge)
                                  0.000000    0.000000   clock network delay (ideal)
                                  0.000000    0.000000   clock reconvergence pessimism
                                 -2.000000   -2.000000   output external delay
                                             -2.000000   data required time
---------------------------------------------------------------------------------------------
                                             -2.000000   data required time
                                             -2.576472   data arrival time
---------------------------------------------------------------------------------------------
                                              4.576472   slack (MET)


Startpoint: op_a[0] (input port clocked by virtual_clk)
Endpoint: op_out[1] (output port clocked by virtual_clk)
Path Group: virtual_clk
Path Type: min

Fanout         Cap        Slew       Delay        Time   Description
---------------------------------------------------------------------------------------------
                      0.000000    0.000000    0.000000   clock virtual_clk (rise edge)
                                  0.000000    0.000000   clock network delay (ideal)
                                  2.000000    2.000000 ^ input external delay
     1    0.002964    0.000000    0.000000    2.000000 ^ op_a[0] (in)
                                                         op_a[0] (net)
                      0.000023    0.000012    2.000011 ^ input5/A (sky130_fd_sc_hd__clkbuf_2)
     6    0.030423    0.169303    0.176184    2.176196 ^ input5/X (sky130_fd_sc_hd__clkbuf_2)
                                                         net5 (net)
                      0.169321    0.001431    2.177627 ^ _709_/B2 (sky130_fd_sc_hd__a32o_1)
     1    0.002257    0.045808    0.141674    2.319301 ^ _709_/X (sky130_fd_sc_hd__a32o_1)
                                                         _179_ (net)
                      0.045808    0.000023    2.319324 ^ _710_/C (sky130_fd_sc_hd__or3_1)
     1    0.006008    0.064604    0.111082    2.430406 ^ _710_/X (sky130_fd_sc_hd__or3_1)
                                                         _180_ (net)
                      0.064604    0.000147    2.430553 ^ _718_/A (sky130_fd_sc_hd__or2_1)
     1    0.003415    0.044605    0.100907    2.531460 ^ _718_/X (sky130_fd_sc_hd__or2_1)
                                                         net22 (net)
                      0.044605    0.000040    2.531500 ^ output22/A (sky130_fd_sc_hd__buf_1)
     1    0.000818    0.023276    0.063987    2.595487 ^ output22/X (sky130_fd_sc_hd__buf_1)
                                                         op_out[1] (net)
                      0.023276    0.000004    2.595492 ^ op_out[1] (out)
                                              2.595492   data arrival time

                      0.000000    0.000000    0.000000   clock virtual_clk (rise edge)
                                  0.000000    0.000000   clock network delay (ideal)
                                  0.000000    0.000000   clock reconvergence pessimism
                                 -2.000000   -2.000000   output external delay
                                             -2.000000   data required time
---------------------------------------------------------------------------------------------
                                             -2.000000   data required time
                                             -2.595492   data arrival time
---------------------------------------------------------------------------------------------
                                              4.595492   slack (MET)


Startpoint: inst[2] (input port clocked by virtual_clk)
Endpoint: op_out[3] (output port clocked by virtual_clk)
Path Group: virtual_clk
Path Type: min

Fanout         Cap        Slew       Delay        Time   Description
---------------------------------------------------------------------------------------------
                      0.000000    0.000000    0.000000   clock virtual_clk (rise edge)
                                  0.000000    0.000000   clock network delay (ideal)
                                  2.000000    2.000000 ^ input external delay
     1    0.003310    0.000000    0.000000    2.000000 ^ inst[2] (in)
                                                         inst[2] (net)
                      0.000057    0.000029    2.000029 ^ input3/A (sky130_fd_sc_hd__buf_2)
     8    0.032425    0.161307    0.175025    2.175053 ^ input3/X (sky130_fd_sc_hd__buf_2)
                                                         net3 (net)
                      0.161309    0.000428    2.175481 ^ _690_/A (sky130_fd_sc_hd__or4b_4)
     8    0.034171    0.108711    0.218855    2.394336 ^ _690_/X (sky130_fd_sc_hd__or4b_4)
                                                         _161_ (net)
                      0.108714    0.000747    2.395083 ^ _749_/A (sky130_fd_sc_hd__or3b_1)
     1    0.003001    0.039279    0.119757    2.514841 ^ _749_/X (sky130_fd_sc_hd__or3b_1)
                                                         _221_ (net)
                      0.039279    0.000028    2.514868 ^ _770_/B (sky130_fd_sc_hd__nand2b_1)
     1    0.004087    0.042038    0.055644    2.570512 v _770_/Y (sky130_fd_sc_hd__nand2b_1)
                                                         net24 (net)
                      0.042038    0.000068    2.570580 v output24/A (sky130_fd_sc_hd__buf_1)
     1    0.000990    0.017432    0.075859    2.646439 v output24/X (sky130_fd_sc_hd__buf_1)
                                                         op_out[3] (net)
                      0.017432    0.000006    2.646445 v op_out[3] (out)
                                              2.646445   data arrival time

                      0.000000    0.000000    0.000000   clock virtual_clk (rise edge)
                                  0.000000    0.000000   clock network delay (ideal)
                                  0.000000    0.000000   clock reconvergence pessimism
                                 -2.000000   -2.000000   output external delay
                                             -2.000000   data required time
---------------------------------------------------------------------------------------------
                                             -2.000000   data required time
                                             -2.646445   data arrival time
---------------------------------------------------------------------------------------------
                                              4.646445   slack (MET)



