[WARNING ORD-0039] .openroad ignored with -python
                                Cells by Master                                 
┏━━━━━━━━━━━━━━━━━━━━━━━━━━━━━━━━━━━━━━━━━━━━━━━━━━━━━━━━━━━━━━━━┳━━━━━━━━━━━━━┓
┃ Cell                                                           ┃ Count       ┃
┡━━━━━━━━━━━━━━━━━━━━━━━━━━━━━━━━━━━━━━━━━━━━━━━━━━━━━━━━━━━━━━━━╇━━━━━━━━━━━━━┩
│ sky130_ef_sc_hd__decap_12                                      │ 286         │
│ sky130_fd_sc_hd__a2111o_1                                      │ 1           │
│ sky130_fd_sc_hd__a2111oi_1                                     │ 1           │
│ sky130_fd_sc_hd__a211o_1                                       │ 15          │
│ sky130_fd_sc_hd__a211o_2                                       │ 1           │
│ sky130_fd_sc_hd__a211oi_1                                      │ 3           │
│ sky130_fd_sc_hd__a211oi_2                                      │ 2           │
│ sky130_fd_sc_hd__a21o_1                                        │ 25          │
│ sky130_fd_sc_hd__a21oi_1                                       │ 26          │
│ sky130_fd_sc_hd__a21oi_4                                       │ 2           │
│ sky130_fd_sc_hd__a221o_1                                       │ 5           │
│ sky130_fd_sc_hd__a22o_1                                        │ 7           │
│ sky130_fd_sc_hd__a22oi_1                                       │ 5           │
│ sky130_fd_sc_hd__a311o_1                                       │ 4           │
│ sky130_fd_sc_hd__a311oi_2                                      │ 1           │
│ sky130_fd_sc_hd__a311oi_4                                      │ 1           │
│ sky130_fd_sc_hd__a31o_1                                        │ 7           │
│ sky130_fd_sc_hd__a31oi_1                                       │ 2           │
│ sky130_fd_sc_hd__a32o_1                                        │ 8           │
│ sky130_fd_sc_hd__and2_1                                        │ 15          │
│ sky130_fd_sc_hd__and2b_1                                       │ 6           │
│ sky130_fd_sc_hd__and3_1                                        │ 20          │
│ sky130_fd_sc_hd__and3b_1                                       │ 1           │
│ sky130_fd_sc_hd__and3b_2                                       │ 1           │
│ sky130_fd_sc_hd__and4_1                                        │ 4           │
│ sky130_fd_sc_hd__and4b_1                                       │ 1           │
│ sky130_fd_sc_hd__and4b_2                                       │ 2           │
│ sky130_fd_sc_hd__and4bb_2                                      │ 2           │
│ sky130_fd_sc_hd__buf_1                                         │ 8           │
│ sky130_fd_sc_hd__buf_2                                         │ 7           │
│ sky130_fd_sc_hd__buf_4                                         │ 9           │
│ sky130_fd_sc_hd__clkbuf_1                                      │ 1           │
│ sky130_fd_sc_hd__clkbuf_2                                      │ 4           │
│ sky130_fd_sc_hd__clkbuf_4                                      │ 6           │
│ sky130_fd_sc_hd__clkbuf_8                                      │ 2           │
│ sky130_fd_sc_hd__clkinv_4                                      │ 1           │
│ sky130_fd_sc_hd__decap_3                                       │ 141         │
│ sky130_fd_sc_hd__decap_4                                       │ 83          │
│ sky130_fd_sc_hd__decap_6                                       │ 67          │
│ sky130_fd_sc_hd__decap_8                                       │ 85          │
│ sky130_fd_sc_hd__dlymetal6s2s_1                                │ 3           │
│ sky130_fd_sc_hd__fill_1                                        │ 182         │
│ sky130_fd_sc_hd__fill_2                                        │ 77          │
│ sky130_fd_sc_hd__inv_2                                         │ 18          │
│ sky130_fd_sc_hd__mux2_1                                        │ 8           │
│ sky130_fd_sc_hd__mux2_2                                        │ 3           │
│ sky130_fd_sc_hd__nand2_1                                       │ 48          │
│ sky130_fd_sc_hd__nand2_2                                       │ 1           │
│ sky130_fd_sc_hd__nand2b_1                                      │ 6           │
│ sky130_fd_sc_hd__nand3_1                                       │ 2           │
│ sky130_fd_sc_hd__nand4_1                                       │ 2           │
│ sky130_fd_sc_hd__nand4b_1                                      │ 1           │
│ sky130_fd_sc_hd__nor2_1                                        │ 36          │
│ sky130_fd_sc_hd__nor3_1                                        │ 4           │
│ sky130_fd_sc_hd__nor3_4                                        │ 1           │
│ sky130_fd_sc_hd__nor4_1                                        │ 1           │
│ sky130_fd_sc_hd__nor4_2                                        │ 1           │
│ sky130_fd_sc_hd__o2111a_1                                      │ 1           │
│ sky130_fd_sc_hd__o211a_1                                       │ 7           │
│ sky130_fd_sc_hd__o211ai_2                                      │ 1           │
│ sky130_fd_sc_hd__o21a_1                                        │ 9           │
│ sky130_fd_sc_hd__o21ai_1                                       │ 6           │
│ sky130_fd_sc_hd__o21ai_2                                       │ 1           │
│ sky130_fd_sc_hd__o21ba_1                                       │ 2           │
│ sky130_fd_sc_hd__o21bai_1                                      │ 4           │
│ sky130_fd_sc_hd__o221a_1                                       │ 1           │
│ sky130_fd_sc_hd__o22a_1                                        │ 9           │
│ sky130_fd_sc_hd__o2bb2a_1                                      │ 2           │
│ sky130_fd_sc_hd__o31a_1                                        │ 2           │
│ sky130_fd_sc_hd__o31a_2                                        │ 1           │
│ sky130_fd_sc_hd__o31ai_1                                       │ 1           │
│ sky130_fd_sc_hd__o32a_1                                        │ 1           │
│ sky130_fd_sc_hd__o41ai_4                                       │ 1           │
│ sky130_fd_sc_hd__or2_1                                         │ 29          │
│ sky130_fd_sc_hd__or2_2                                         │ 1           │
│ sky130_fd_sc_hd__or3_1                                         │ 12          │
│ sky130_fd_sc_hd__or3b_1                                        │ 3           │
│ sky130_fd_sc_hd__or3b_4                                        │ 1           │
│ sky130_fd_sc_hd__or4_1                                         │ 6           │
│ sky130_fd_sc_hd__or4_4                                         │ 1           │
│ sky130_fd_sc_hd__or4b_1                                        │ 2           │
│ sky130_fd_sc_hd__or4b_4                                        │ 2           │
│ sky130_fd_sc_hd__or4bb_2                                       │ 1           │
│ sky130_fd_sc_hd__tapvpwrvgnd_1                                 │ 140         │
│ sky130_fd_sc_hd__xnor2_1                                       │ 44          │
│ sky130_fd_sc_hd__xnor2_2                                       │ 2           │
│ sky130_fd_sc_hd__xor2_1                                        │ 12          │
└────────────────────────────────────────────────────────────────┴─────────────┘
                               Cells by Function                                
┏━━━━━━━━━━━━━━━━━━━━━━━━━━━━━━━━━━━━━━━━━━━━━━━━━━━━━━━━━━━━━━━┳━━━━━━━━━━━━━━┓
┃ Cell Function                                                 ┃ Count        ┃
┡━━━━━━━━━━━━━━━━━━━━━━━━━━━━━━━━━━━━━━━━━━━━━━━━━━━━━━━━━━━━━━━╇━━━━━━━━━━━━━━┩
│ sky130_ef_sc_hd__decap                                        │ 286          │
│ sky130_fd_sc_hd__a2111o                                       │ 1            │
│ sky130_fd_sc_hd__a2111oi                                      │ 1            │
│ sky130_fd_sc_hd__a211o                                        │ 16           │
│ sky130_fd_sc_hd__a211oi                                       │ 5            │
│ sky130_fd_sc_hd__a21o                                         │ 25           │
│ sky130_fd_sc_hd__a21oi                                        │ 28           │
│ sky130_fd_sc_hd__a221o                                        │ 5            │
│ sky130_fd_sc_hd__a22o                                         │ 7            │
│ sky130_fd_sc_hd__a22oi                                        │ 5            │
│ sky130_fd_sc_hd__a311o                                        │ 4            │
│ sky130_fd_sc_hd__a311oi                                       │ 2            │
│ sky130_fd_sc_hd__a31o                                         │ 7            │
│ sky130_fd_sc_hd__a31oi                                        │ 2            │
│ sky130_fd_sc_hd__a32o                                         │ 8            │
│ sky130_fd_sc_hd__and2                                         │ 15           │
│ sky130_fd_sc_hd__and2b                                        │ 6            │
│ sky130_fd_sc_hd__and3                                         │ 20           │
│ sky130_fd_sc_hd__and3b                                        │ 2            │
│ sky130_fd_sc_hd__and4                                         │ 4            │
│ sky130_fd_sc_hd__and4b                                        │ 3            │
│ sky130_fd_sc_hd__and4bb                                       │ 2            │
│ sky130_fd_sc_hd__buf                                          │ 24           │
│ sky130_fd_sc_hd__clkbuf                                       │ 13           │
│ sky130_fd_sc_hd__clkinv                                       │ 1            │
│ sky130_fd_sc_hd__decap                                        │ 376          │
│ sky130_fd_sc_hd__dlymetal6s2s                                 │ 3            │
│ sky130_fd_sc_hd__fill                                         │ 259          │
│ sky130_fd_sc_hd__inv                                          │ 18           │
│ sky130_fd_sc_hd__mux2                                         │ 11           │
│ sky130_fd_sc_hd__nand2                                        │ 49           │
│ sky130_fd_sc_hd__nand2b                                       │ 6            │
│ sky130_fd_sc_hd__nand3                                        │ 2            │
│ sky130_fd_sc_hd__nand4                                        │ 2            │
│ sky130_fd_sc_hd__nand4b                                       │ 1            │
│ sky130_fd_sc_hd__nor2                                         │ 36           │
│ sky130_fd_sc_hd__nor3                                         │ 5            │
│ sky130_fd_sc_hd__nor4                                         │ 2            │
│ sky130_fd_sc_hd__o2111a                                       │ 1            │
│ sky130_fd_sc_hd__o211a                                        │ 7            │
│ sky130_fd_sc_hd__o211ai                                       │ 1            │
│ sky130_fd_sc_hd__o21a                                         │ 9            │
│ sky130_fd_sc_hd__o21ai                                        │ 7            │
│ sky130_fd_sc_hd__o21ba                                        │ 2            │
│ sky130_fd_sc_hd__o21bai                                       │ 4            │
│ sky130_fd_sc_hd__o221a                                        │ 1            │
│ sky130_fd_sc_hd__o22a                                         │ 9            │
│ sky130_fd_sc_hd__o2bb2a                                       │ 2            │
│ sky130_fd_sc_hd__o31a                                         │ 3            │
│ sky130_fd_sc_hd__o31ai                                        │ 1            │
│ sky130_fd_sc_hd__o32a                                         │ 1            │
│ sky130_fd_sc_hd__o41ai                                        │ 1            │
│ sky130_fd_sc_hd__or2                                          │ 30           │
│ sky130_fd_sc_hd__or3                                          │ 12           │
│ sky130_fd_sc_hd__or3b                                         │ 4            │
│ sky130_fd_sc_hd__or4                                          │ 7            │
│ sky130_fd_sc_hd__or4b                                         │ 4            │
│ sky130_fd_sc_hd__or4bb                                        │ 1            │
│ sky130_fd_sc_hd__tapvpwrvgnd                                  │ 140          │
│ sky130_fd_sc_hd__xnor2                                        │ 46           │
│ sky130_fd_sc_hd__xor2                                         │ 12           │
└───────────────────────────────────────────────────────────────┴──────────────┘
                                  Cells by SCL                                  
┏━━━━━━━━━━━━━━━━━━━━━━━━━━━━━━━━━━━━━━━━━━━━━━━━━━━━━━━┳━━━━━━━━━━━━━━━━━━━━━━┓
┃ SCL                                                   ┃ Count                ┃
┡━━━━━━━━━━━━━━━━━━━━━━━━━━━━━━━━━━━━━━━━━━━━━━━━━━━━━━━╇━━━━━━━━━━━━━━━━━━━━━━┩
│ sky130_ef_sc_hd                                       │ 286                  │
│ sky130_fd_sc_hd                                       │ 1281                 │
└───────────────────────────────────────────────────────┴──────────────────────┘
                             Buffers by Cell Master                             
┏━━━━━━━━━━━━━━━━━━━━━━━━━━━━━━━━━━━━━━━━━━━━━━━━━━━━━━━━━━━━━━━━┳━━━━━━━━━━━━━┓
┃ Buffer                                                         ┃ Count       ┃
┡━━━━━━━━━━━━━━━━━━━━━━━━━━━━━━━━━━━━━━━━━━━━━━━━━━━━━━━━━━━━━━━━╇━━━━━━━━━━━━━┩
│ sky130_fd_sc_hd__buf_1                                         │ 8           │
│ sky130_fd_sc_hd__buf_2                                         │ 7           │
│ sky130_fd_sc_hd__buf_4                                         │ 9           │
│ sky130_fd_sc_hd__clkbuf_1                                      │ 1           │
│ sky130_fd_sc_hd__clkbuf_2                                      │ 4           │
│ sky130_fd_sc_hd__clkbuf_4                                      │ 6           │
│ sky130_fd_sc_hd__clkbuf_8                                      │ 2           │
│ sky130_fd_sc_hd__dlymetal6s2s_1                                │ 3           │
└────────────────────────────────────────────────────────────────┴─────────────┘
