
===========================================================================
report_checks -path_delay min (Hold)
============================================================================
======================= nom_tt_025C_1v80 Corner ===================================

Startpoint: op_a[4] (input port clocked by virtual_clk)
Endpoint: op_out[5] (output port clocked by virtual_clk)
Path Group: virtual_clk
Path Type: min

Fanout         Cap        Slew       Delay        Time   Description
---------------------------------------------------------------------------------------------
                      0.000000    0.000000    0.000000   clock virtual_clk (rise edge)
                                  0.000000    0.000000   clock network delay (ideal)
                                  2.000000    2.000000 ^ input external delay
     1    0.003485    0.000000    0.000000    2.000000 ^ op_a[4] (in)
                                                         op_a[4] (net)
                      0.000102    0.000051    2.000051 ^ input9/A (sky130_fd_sc_hd__clkbuf_2)
     4    0.021199    0.120963    0.143060    2.143111 ^ input9/X (sky130_fd_sc_hd__clkbuf_2)
                                                         net9 (net)
                      0.121011    0.001951    2.145061 ^ _840_/A1 (sky130_fd_sc_hd__a221o_1)
     1    0.002926    0.042243    0.157337    2.302398 ^ _840_/X (sky130_fd_sc_hd__a221o_1)
                                                         _319_ (net)
                      0.042243    0.000073    2.302471 ^ _842_/B (sky130_fd_sc_hd__or3_1)
     1    0.004994    0.055900    0.106161    2.408632 ^ _842_/X (sky130_fd_sc_hd__or3_1)
                                                         net26 (net)
                      0.055900    0.000216    2.408848 ^ output26/A (sky130_fd_sc_hd__buf_1)
     1    0.001614    0.031580    0.074451    2.483299 ^ output26/X (sky130_fd_sc_hd__buf_1)
                                                         op_out[5] (net)
                      0.031580    0.000031    2.483330 ^ op_out[5] (out)
                                              2.483330   data arrival time

                      0.000000    0.000000    0.000000   clock virtual_clk (rise edge)
                                  0.000000    0.000000   clock network delay (ideal)
                                  0.000000    0.000000   clock reconvergence pessimism
                                 -2.000000   -2.000000   output external delay
                                             -2.000000   data required time
---------------------------------------------------------------------------------------------
                                             -2.000000   data required time
                                             -2.483330   data arrival time
---------------------------------------------------------------------------------------------
                                              4.483330   slack (MET)


Startpoint: op_a[6] (input port clocked by virtual_clk)
Endpoint: op_out[7] (output port clocked by virtual_clk)
Path Group: virtual_clk
Path Type: min

Fanout         Cap        Slew       Delay        Time   Description
---------------------------------------------------------------------------------------------
                      0.000000    0.000000    0.000000   clock virtual_clk (rise edge)
                                  0.000000    0.000000   clock network delay (ideal)
                                  2.000000    2.000000 ^ input external delay
     1    0.004035    0.000000    0.000000    2.000000 ^ op_a[6] (in)
                                                         op_a[6] (net)
                      0.000131    0.000065    2.000065 ^ input11/A (sky130_fd_sc_hd__buf_4)
    16    0.057567    0.162937    0.182395    2.182461 ^ input11/X (sky130_fd_sc_hd__buf_4)
                                                         net11 (net)
                      0.162990    0.002440    2.184900 ^ _922_/A1 (sky130_fd_sc_hd__a211o_1)
     1    0.006198    0.063102    0.164898    2.349798 ^ _922_/X (sky130_fd_sc_hd__a211o_1)
                                                         _407_ (net)
                      0.063102    0.000228    2.350026 ^ _923_/B1 (sky130_fd_sc_hd__a311o_1)
     1    0.002607    0.044020    0.105942    2.455968 ^ _923_/X (sky130_fd_sc_hd__a311o_1)
                                                         net28 (net)
                      0.044020    0.000054    2.456023 ^ output28/A (sky130_fd_sc_hd__buf_1)
     1    0.000721    0.022280    0.062933    2.518955 ^ output28/X (sky130_fd_sc_hd__buf_1)
                                                         op_out[7] (net)
                      0.022280    0.000013    2.518969 ^ op_out[7] (out)
                                              2.518969   data arrival time

                      0.000000    0.000000    0.000000   clock virtual_clk (rise edge)
                                  0.000000    0.000000   clock network delay (ideal)
                                  0.000000    0.000000   clock reconvergence pessimism
                                 -2.000000   -2.000000   output external delay
                                             -2.000000   data required time
---------------------------------------------------------------------------------------------
                                             -2.000000   data required time
                                             -2.518969   data arrival time
---------------------------------------------------------------------------------------------
                                              4.518969   slack (MET)


Startpoint: inst[2] (input port clocked by virtual_clk)
Endpoint: op_out[6] (output port clocked by virtual_clk)
Path Group: virtual_clk
Path Type: min

Fanout         Cap        Slew       Delay        Time   Description
---------------------------------------------------------------------------------------------
                      0.000000    0.000000    0.000000   clock virtual_clk (rise edge)
                                  0.000000    0.000000   clock network delay (ideal)
                                  2.000000    2.000000 ^ input external delay
     1    0.003366    0.000000    0.000000    2.000000 ^ inst[2] (in)
                                                         inst[2] (net)
                      0.000102    0.000051    2.000051 ^ input3/A (sky130_fd_sc_hd__buf_2)
     8    0.032784    0.163024    0.175783    2.175835 ^ input3/X (sky130_fd_sc_hd__buf_2)
                                                         net3 (net)
                      0.163033    0.000966    2.176800 ^ _694_/A (sky130_fd_sc_hd__nor3_4)
     8    0.027742    0.053208    0.095114    2.271914 v _694_/Y (sky130_fd_sc_hd__nor3_4)
                                                         _165_ (net)
                      0.053282    0.001522    2.273436 v _885_/A1 (sky130_fd_sc_hd__a31o_1)
     1    0.002963    0.034579    0.172672    2.446109 v _885_/X (sky130_fd_sc_hd__a31o_1)
                                                         net27 (net)
                      0.034579    0.000097    2.446206 v output27/A (sky130_fd_sc_hd__buf_1)
     1    0.001462    0.019845    0.075466    2.521672 v output27/X (sky130_fd_sc_hd__buf_1)
                                                         op_out[6] (net)
                      0.019845    0.000029    2.521701 v op_out[6] (out)
                                              2.521701   data arrival time

                      0.000000    0.000000    0.000000   clock virtual_clk (rise edge)
                                  0.000000    0.000000   clock network delay (ideal)
                                  0.000000    0.000000   clock reconvergence pessimism
                                 -2.000000   -2.000000   output external delay
                                             -2.000000   data required time
---------------------------------------------------------------------------------------------
                                             -2.000000   data required time
                                             -2.521701   data arrival time
---------------------------------------------------------------------------------------------
                                              4.521701   slack (MET)


Startpoint: op_a[4] (input port clocked by virtual_clk)
Endpoint: op_out[4] (output port clocked by virtual_clk)
Path Group: virtual_clk
Path Type: min

Fanout         Cap        Slew       Delay        Time   Description
---------------------------------------------------------------------------------------------
                      0.000000    0.000000    0.000000   clock virtual_clk (rise edge)
                                  0.000000    0.000000   clock network delay (ideal)
                                  2.000000    2.000000 ^ input external delay
     1    0.003485    0.000000    0.000000    2.000000 ^ op_a[4] (in)
                                                         op_a[4] (net)
                      0.000102    0.000051    2.000051 ^ input9/A (sky130_fd_sc_hd__clkbuf_2)
     4    0.021199    0.120963    0.143060    2.143111 ^ input9/X (sky130_fd_sc_hd__clkbuf_2)
                                                         net9 (net)
                      0.120998    0.001686    2.144797 ^ _795_/A1 (sky130_fd_sc_hd__a32o_1)
     1    0.004069    0.060582    0.176377    2.321174 ^ _795_/X (sky130_fd_sc_hd__a32o_1)
                                                         _270_ (net)
                      0.060582    0.000145    2.321319 ^ _797_/B1 (sky130_fd_sc_hd__a211oi_1)
     1    0.004788    0.041106    0.055074    2.376394 v _797_/Y (sky130_fd_sc_hd__a211oi_1)
                                                         _272_ (net)
                      0.041106    0.000197    2.376590 v _798_/B1 (sky130_fd_sc_hd__o31ai_1)
     1    0.005147    0.076461    0.074654    2.451244 ^ _798_/Y (sky130_fd_sc_hd__o31ai_1)
                                                         net25 (net)
                      0.076461    0.000221    2.451465 ^ output25/A (sky130_fd_sc_hd__buf_1)
     1    0.000763    0.023193    0.072489    2.523954 ^ output25/X (sky130_fd_sc_hd__buf_1)
                                                         op_out[4] (net)
                      0.023193    0.000013    2.523967 ^ op_out[4] (out)
                                              2.523967   data arrival time

                      0.000000    0.000000    0.000000   clock virtual_clk (rise edge)
                                  0.000000    0.000000   clock network delay (ideal)
                                  0.000000    0.000000   clock reconvergence pessimism
                                 -2.000000   -2.000000   output external delay
                                             -2.000000   data required time
---------------------------------------------------------------------------------------------
                                             -2.000000   data required time
                                             -2.523967   data arrival time
---------------------------------------------------------------------------------------------
                                              4.523967   slack (MET)


Startpoint: op_a[0] (input port clocked by virtual_clk)
Endpoint: op_out[1] (output port clocked by virtual_clk)
Path Group: virtual_clk
Path Type: min

Fanout         Cap        Slew       Delay        Time   Description
---------------------------------------------------------------------------------------------
                      0.000000    0.000000    0.000000   clock virtual_clk (rise edge)
                                  0.000000    0.000000   clock network delay (ideal)
                                  2.000000    2.000000 ^ input external delay
     1    0.003708    0.000000    0.000000    2.000000 ^ op_a[0] (in)
                                                         op_a[0] (net)
                      0.000100    0.000050    2.000050 ^ input5/A (sky130_fd_sc_hd__clkbuf_2)
     6    0.025485    0.143393    0.158357    2.158407 ^ input5/X (sky130_fd_sc_hd__clkbuf_2)
                                                         net5 (net)
                      0.143418    0.001559    2.159966 ^ _709_/B2 (sky130_fd_sc_hd__a32o_1)
     1    0.002272    0.045241    0.136374    2.296340 ^ _709_/X (sky130_fd_sc_hd__a32o_1)
                                                         _179_ (net)
                      0.045241    0.000068    2.296407 ^ _710_/C (sky130_fd_sc_hd__or3_1)
     1    0.004154    0.048730    0.098981    2.395389 ^ _710_/X (sky130_fd_sc_hd__or3_1)
                                                         _180_ (net)
                      0.048730    0.000165    2.395554 ^ _718_/A (sky130_fd_sc_hd__or2_1)
     1    0.003148    0.042289    0.093509    2.489062 ^ _718_/X (sky130_fd_sc_hd__or2_1)
                                                         net22 (net)
                      0.042289    0.000100    2.489162 ^ output22/A (sky130_fd_sc_hd__buf_1)
     1    0.000820    0.023290    0.063191    2.552353 ^ output22/X (sky130_fd_sc_hd__buf_1)
                                                         op_out[1] (net)
                      0.023290    0.000014    2.552368 ^ op_out[1] (out)
                                              2.552368   data arrival time

                      0.000000    0.000000    0.000000   clock virtual_clk (rise edge)
                                  0.000000    0.000000   clock network delay (ideal)
                                  0.000000    0.000000   clock reconvergence pessimism
                                 -2.000000   -2.000000   output external delay
                                             -2.000000   data required time
---------------------------------------------------------------------------------------------
                                             -2.000000   data required time
                                             -2.552368   data arrival time
---------------------------------------------------------------------------------------------
                                              4.552368   slack (MET)


Startpoint: op_a[1] (input port clocked by virtual_clk)
Endpoint: op_out[2] (output port clocked by virtual_clk)
Path Group: virtual_clk
Path Type: min

Fanout         Cap        Slew       Delay        Time   Description
---------------------------------------------------------------------------------------------
                      0.000000    0.000000    0.000000   clock virtual_clk (rise edge)
                                  0.000000    0.000000   clock network delay (ideal)
                                  2.000000    2.000000 v input external delay
     1    0.002170    0.000000    0.000000    2.000000 v op_a[1] (in)
                                                         op_a[1] (net)
                      0.000065    0.000032    2.000032 v input6/A (sky130_fd_sc_hd__buf_2)
     6    0.027671    0.075367    0.148056    2.148088 v input6/X (sky130_fd_sc_hd__buf_2)
                                                         net6 (net)
                      0.075479    0.002569    2.150657 v _713_/A (sky130_fd_sc_hd__nand2_1)
     2    0.005744    0.064435    0.085411    2.236068 ^ _713_/Y (sky130_fd_sc_hd__nand2_1)
                                                         _183_ (net)
                      0.064435    0.000106    2.236174 ^ _725_/A1 (sky130_fd_sc_hd__a31oi_1)
     1    0.003769    0.041135    0.078102    2.314277 v _725_/Y (sky130_fd_sc_hd__a31oi_1)
                                                         _195_ (net)
                      0.041135    0.000104    2.314381 v _741_/A2 (sky130_fd_sc_hd__a21o_1)
     1    0.002722    0.030905    0.168511    2.482892 v _741_/X (sky130_fd_sc_hd__a21o_1)
                                                         net23 (net)
                      0.030905    0.000061    2.482953 v output23/A (sky130_fd_sc_hd__buf_1)
     1    0.001762    0.021292    0.075491    2.558444 v output23/X (sky130_fd_sc_hd__buf_1)
                                                         op_out[2] (net)
                      0.021292    0.000039    2.558483 v op_out[2] (out)
                                              2.558483   data arrival time

                      0.000000    0.000000    0.000000   clock virtual_clk (rise edge)
                                  0.000000    0.000000   clock network delay (ideal)
                                  0.000000    0.000000   clock reconvergence pessimism
                                 -2.000000   -2.000000   output external delay
                                             -2.000000   data required time
---------------------------------------------------------------------------------------------
                                             -2.000000   data required time
                                             -2.558483   data arrival time
---------------------------------------------------------------------------------------------
                                              4.558483   slack (MET)


Startpoint: inst[3] (input port clocked by virtual_clk)
Endpoint: op_out[0] (output port clocked by virtual_clk)
Path Group: virtual_clk
Path Type: min

Fanout         Cap        Slew       Delay        Time   Description
---------------------------------------------------------------------------------------------
                      0.000000    0.000000    0.000000   clock virtual_clk (rise edge)
                                  0.000000    0.000000   clock network delay (ideal)
                                  2.000000    2.000000 ^ input external delay
     1    0.002884    0.000000    0.000000    2.000000 ^ inst[3] (in)
                                                         inst[3] (net)
                      0.000078    0.000039    2.000039 ^ input4/A (sky130_fd_sc_hd__buf_2)
    11    0.037083    0.182782    0.190139    2.190178 ^ input4/X (sky130_fd_sc_hd__buf_2)
                                                         net4 (net)
                      0.182787    0.000853    2.191031 ^ _685_/C1 (sky130_fd_sc_hd__o2111a_1)
     1    0.003580    0.055284    0.210717    2.401747 ^ _685_/X (sky130_fd_sc_hd__o2111a_1)
                                                         _156_ (net)
                      0.055284    0.000090    2.401837 ^ _700_/A (sky130_fd_sc_hd__or3_4)
     1    0.003664    0.028150    0.109970    2.511807 ^ _700_/X (sky130_fd_sc_hd__or3_4)
                                                         net21 (net)
                      0.028150    0.000131    2.511939 ^ output21/A (sky130_fd_sc_hd__clkbuf_1)
     1    0.001541    0.030685    0.064352    2.576291 ^ output21/X (sky130_fd_sc_hd__clkbuf_1)
                                                         op_out[0] (net)
                      0.030685    0.000031    2.576321 ^ op_out[0] (out)
                                              2.576321   data arrival time

                      0.000000    0.000000    0.000000   clock virtual_clk (rise edge)
                                  0.000000    0.000000   clock network delay (ideal)
                                  0.000000    0.000000   clock reconvergence pessimism
                                 -2.000000   -2.000000   output external delay
                                             -2.000000   data required time
---------------------------------------------------------------------------------------------
                                             -2.000000   data required time
                                             -2.576321   data arrival time
---------------------------------------------------------------------------------------------
                                              4.576321   slack (MET)


Startpoint: inst[2] (input port clocked by virtual_clk)
Endpoint: op_out[3] (output port clocked by virtual_clk)
Path Group: virtual_clk
Path Type: min

Fanout         Cap        Slew       Delay        Time   Description
---------------------------------------------------------------------------------------------
                      0.000000    0.000000    0.000000   clock virtual_clk (rise edge)
                                  0.000000    0.000000   clock network delay (ideal)
                                  2.000000    2.000000 ^ input external delay
     1    0.003366    0.000000    0.000000    2.000000 ^ inst[2] (in)
                                                         inst[2] (net)
                      0.000102    0.000051    2.000051 ^ input3/A (sky130_fd_sc_hd__buf_2)
     8    0.032784    0.163024    0.175783    2.175835 ^ input3/X (sky130_fd_sc_hd__buf_2)
                                                         net3 (net)
                      0.163034    0.001037    2.176871 ^ _690_/A (sky130_fd_sc_hd__or4b_4)
     8    0.030418    0.098585    0.211722    2.388593 ^ _690_/X (sky130_fd_sc_hd__or4b_4)
                                                         _161_ (net)
                      0.098594    0.000993    2.389586 ^ _749_/A (sky130_fd_sc_hd__or3b_1)
     1    0.002925    0.038660    0.115484    2.505070 ^ _749_/X (sky130_fd_sc_hd__or3b_1)
                                                         _221_ (net)
                      0.038660    0.000062    2.505132 ^ _770_/B (sky130_fd_sc_hd__nand2b_1)
     1    0.004229    0.042981    0.056200    2.561332 v _770_/Y (sky130_fd_sc_hd__nand2b_1)
                                                         net24 (net)
                      0.042981    0.000159    2.561491 v output24/A (sky130_fd_sc_hd__buf_1)
     1    0.001796    0.021463    0.081021    2.642513 v output24/X (sky130_fd_sc_hd__buf_1)
                                                         op_out[3] (net)
                      0.021463    0.000037    2.642549 v op_out[3] (out)
                                              2.642549   data arrival time

                      0.000000    0.000000    0.000000   clock virtual_clk (rise edge)
                                  0.000000    0.000000   clock network delay (ideal)
                                  0.000000    0.000000   clock reconvergence pessimism
                                 -2.000000   -2.000000   output external delay
                                             -2.000000   data required time
---------------------------------------------------------------------------------------------
                                             -2.000000   data required time
                                             -2.642549   data arrival time
---------------------------------------------------------------------------------------------
                                              4.642550   slack (MET)



