
===========================================================================
report_checks -path_delay max (Setup)
============================================================================
======================= nom_tt_025C_1v80 Corner ===================================

Startpoint: op_b[5] (input port clocked by __VIRTUAL_CLK__)
Endpoint: op_out[0] (output port clocked by __VIRTUAL_CLK__)
Path Group: __VIRTUAL_CLK__
Path Type: max

Fanout         Cap        Slew       Delay        Time   Description
---------------------------------------------------------------------------------------------
                      0.000000    0.000000    0.000000   clock __VIRTUAL_CLK__ (rise edge)
                                  0.000000    0.000000   clock network delay (ideal)
                                  2.000000    2.000000 v input external delay
     1    0.002629    0.008236    0.004124    2.004124 v op_b[5] (in)
                                                         op_b[5] (net)
                      0.008236    0.000000    2.004124 v input18/A (sky130_fd_sc_hd__buf_1)
     2    0.011267    0.071446    0.110128    2.114252 v input18/X (sky130_fd_sc_hd__buf_1)
                                                         net18 (net)
                      0.071446    0.000026    2.114277 v fanout52/A (sky130_fd_sc_hd__clkbuf_4)
    10    0.037646    0.085578    0.199566    2.313844 v fanout52/X (sky130_fd_sc_hd__clkbuf_4)
                                                         net52 (net)
                      0.085585    0.000805    2.314649 v _469_/A (sky130_fd_sc_hd__or4_4)
     6    0.022032    0.115188    0.595479    2.910128 v _469_/X (sky130_fd_sc_hd__or4_4)
                                                         _306_ (net)
                      0.115188    0.000103    2.910231 v _472_/A3 (sky130_fd_sc_hd__o41ai_4)
     5    0.015447    0.366166    0.401838    3.312069 ^ _472_/Y (sky130_fd_sc_hd__o41ai_4)
                                                         _338_ (net)
                      0.366166    0.000061    3.312130 ^ _481_/A1 (sky130_fd_sc_hd__a211o_1)
     4    0.010457    0.104514    0.230542    3.542671 ^ _481_/X (sky130_fd_sc_hd__a211o_1)
                                                         _410_ (net)
                      0.104514    0.000030    3.542702 ^ _484_/A2 (sky130_fd_sc_hd__a21o_1)
     4    0.010896    0.104867    0.170631    3.713333 ^ _484_/X (sky130_fd_sc_hd__a21o_1)
                                                         _413_ (net)
                      0.104867    0.000023    3.713356 ^ _493_/A1 (sky130_fd_sc_hd__a211oi_1)
     3    0.007924    0.084627    0.106971    3.820327 v _493_/Y (sky130_fd_sc_hd__a211oi_1)
                                                         _422_ (net)
                      0.084627    0.000063    3.820390 v _503_/D (sky130_fd_sc_hd__or4_1)
     3    0.007103    0.114588    0.445021    4.265411 v _503_/X (sky130_fd_sc_hd__or4_1)
                                                         _432_ (net)
                      0.114588    0.000002    4.265413 v _507_/A3 (sky130_fd_sc_hd__a31o_1)
     2    0.005134    0.048962    0.251045    4.516459 v _507_/X (sky130_fd_sc_hd__a31o_1)
                                                         _436_ (net)
                      0.048962    0.000006    4.516465 v _509_/A2 (sky130_fd_sc_hd__a211o_1)
     3    0.013950    0.099002    0.345865    4.862330 v _509_/X (sky130_fd_sc_hd__a211o_1)
                                                         _438_ (net)
                      0.099002    0.000030    4.862360 v _515_/A1 (sky130_fd_sc_hd__a21oi_4)
     8    0.029834    0.243820    0.253753    5.116114 ^ _515_/Y (sky130_fd_sc_hd__a21oi_4)
                                                         _444_ (net)
                      0.243820    0.000074    5.116188 ^ _524_/S (sky130_fd_sc_hd__mux2_1)
     2    0.006747    0.074524    0.375559    5.491747 v _524_/X (sky130_fd_sc_hd__mux2_1)
                                                         _453_ (net)
                      0.074524    0.000031    5.491778 v _539_/A2 (sky130_fd_sc_hd__a221o_1)
     3    0.009264    0.086765    0.391761    5.883539 v _539_/X (sky130_fd_sc_hd__a221o_1)
                                                         _010_ (net)
                      0.086765    0.000029    5.883568 v _544_/A3 (sky130_fd_sc_hd__a311o_1)
     5    0.013571    0.103371    0.419747    6.303315 v _544_/X (sky130_fd_sc_hd__a311o_1)
                                                         _015_ (net)
                      0.103371    0.000011    6.303326 v _571_/A1 (sky130_fd_sc_hd__a21o_1)
     4    0.009568    0.060734    0.205372    6.508698 v _571_/X (sky130_fd_sc_hd__a21o_1)
                                                         _042_ (net)
                      0.060734    0.000029    6.508728 v _574_/B (sky130_fd_sc_hd__and3_1)
     3    0.006512    0.054403    0.184142    6.692870 v _574_/X (sky130_fd_sc_hd__and3_1)
                                                         _045_ (net)
                      0.054403    0.000013    6.692883 v _585_/A (sky130_fd_sc_hd__or4_1)
     1    0.002031    0.077591    0.503215    7.196098 v _585_/X (sky130_fd_sc_hd__or4_1)
                                                         _056_ (net)
                      0.077591    0.000007    7.196105 v _586_/C (sky130_fd_sc_hd__or4b_1)
     1    0.008547    0.122374    0.523266    7.719371 v _586_/X (sky130_fd_sc_hd__or4b_1)
                                                         _057_ (net)
                      0.122374    0.000017    7.719388 v _590_/A1 (sky130_fd_sc_hd__a311oi_4)
     4    0.014552    0.308390    0.301673    8.021061 ^ _590_/Y (sky130_fd_sc_hd__a311oi_4)
                                                         _061_ (net)
                      0.308390    0.000067    8.021128 ^ _593_/S (sky130_fd_sc_hd__mux2_1)
     3    0.009418    0.086470    0.400615    8.421742 v _593_/X (sky130_fd_sc_hd__mux2_1)
                                                         _064_ (net)
                      0.086470    0.000045    8.421788 v _610_/B (sky130_fd_sc_hd__xor2_1)
     4    0.008399    0.217618    0.215717    8.637506 ^ _610_/X (sky130_fd_sc_hd__xor2_1)
                                                         _081_ (net)
                      0.217618    0.000033    8.637538 ^ _624_/C_N (sky130_fd_sc_hd__or4bb_2)
     4    0.010419    0.126973    0.679409    9.316947 v _624_/X (sky130_fd_sc_hd__or4bb_2)
                                                         _095_ (net)
                      0.126973    0.000018    9.316964 v _628_/A1 (sky130_fd_sc_hd__a21oi_1)
     3    0.008667    0.219899    0.233036    9.550000 ^ _628_/Y (sky130_fd_sc_hd__a21oi_1)
                                                         _099_ (net)
                      0.219899    0.000023    9.550023 ^ fanout29/A (sky130_fd_sc_hd__buf_2)
    10    0.034812    0.173127    0.255140    9.805163 ^ fanout29/X (sky130_fd_sc_hd__buf_2)
                                                         net29 (net)
                      0.173127    0.000217    9.805380 ^ _665_/S (sky130_fd_sc_hd__mux2_1)
     3    0.007336    0.079690    0.369329   10.174708 v _665_/X (sky130_fd_sc_hd__mux2_1)
                                                         _136_ (net)
                      0.079690    0.000007   10.174716 v _669_/A2 (sky130_fd_sc_hd__a21o_1)
     1    0.002517    0.032840    0.182711   10.357427 v _669_/X (sky130_fd_sc_hd__a21o_1)
                                                         _140_ (net)
                      0.032840    0.000004   10.357430 v _671_/A2 (sky130_fd_sc_hd__o211a_1)
     1    0.003216    0.040524    0.197067   10.554497 v _671_/X (sky130_fd_sc_hd__o211a_1)
                                                         _142_ (net)
                      0.040524    0.000016   10.554513 v _672_/B2 (sky130_fd_sc_hd__o221a_1)
     1    0.002366    0.043833    0.195014   10.749527 v _672_/X (sky130_fd_sc_hd__o221a_1)
                                                         _143_ (net)
                      0.043833    0.000000   10.749528 v _675_/A2 (sky130_fd_sc_hd__o21a_1)
     1    0.002606    0.035124    0.160375   10.909903 v _675_/X (sky130_fd_sc_hd__o21a_1)
                                                         _146_ (net)
                      0.035124    0.000004   10.909907 v _679_/A1 (sky130_fd_sc_hd__o21a_1)
     1    0.004040    0.040765    0.181608   11.091515 v _679_/X (sky130_fd_sc_hd__o21a_1)
                                                         _150_ (net)
                      0.040765    0.000029   11.091544 v _700_/A (sky130_fd_sc_hd__or3_1)
     1    0.002242    0.062431    0.354114   11.445658 v _700_/X (sky130_fd_sc_hd__or3_1)
                                                         net21 (net)
                      0.062431    0.000006   11.445664 v output21/A (sky130_fd_sc_hd__buf_2)
     1    0.034550    0.089877    0.188702   11.634367 v output21/X (sky130_fd_sc_hd__buf_2)
                                                         op_out[0] (net)
                      0.089877    0.000235   11.634602 v op_out[0] (out)
                                             11.634602   data arrival time

                      0.000000   10.000000   10.000000   clock __VIRTUAL_CLK__ (rise edge)
                                  0.000000   10.000000   clock network delay (ideal)
                                 -0.250000    9.750000   clock uncertainty
                                  0.000000    9.750000   clock reconvergence pessimism
                                 -2.000000    7.750000   output external delay
                                              7.750000   data required time
---------------------------------------------------------------------------------------------
                                              7.750000   data required time
                                            -11.634602   data arrival time
---------------------------------------------------------------------------------------------
                                             -3.884602   slack (VIOLATED)


Startpoint: op_b[5] (input port clocked by __VIRTUAL_CLK__)
Endpoint: op_out[1] (output port clocked by __VIRTUAL_CLK__)
Path Group: __VIRTUAL_CLK__
Path Type: max

Fanout         Cap        Slew       Delay        Time   Description
---------------------------------------------------------------------------------------------
                      0.000000    0.000000    0.000000   clock __VIRTUAL_CLK__ (rise edge)
                                  0.000000    0.000000   clock network delay (ideal)
                                  2.000000    2.000000 v input external delay
     1    0.002629    0.008236    0.004124    2.004124 v op_b[5] (in)
                                                         op_b[5] (net)
                      0.008236    0.000000    2.004124 v input18/A (sky130_fd_sc_hd__buf_1)
     2    0.011267    0.071446    0.110128    2.114252 v input18/X (sky130_fd_sc_hd__buf_1)
                                                         net18 (net)
                      0.071446    0.000026    2.114277 v fanout52/A (sky130_fd_sc_hd__clkbuf_4)
    10    0.037646    0.085578    0.199566    2.313844 v fanout52/X (sky130_fd_sc_hd__clkbuf_4)
                                                         net52 (net)
                      0.085585    0.000805    2.314649 v _469_/A (sky130_fd_sc_hd__or4_4)
     6    0.022032    0.115188    0.595479    2.910128 v _469_/X (sky130_fd_sc_hd__or4_4)
                                                         _306_ (net)
                      0.115188    0.000103    2.910231 v _472_/A3 (sky130_fd_sc_hd__o41ai_4)
     5    0.015447    0.366166    0.401838    3.312069 ^ _472_/Y (sky130_fd_sc_hd__o41ai_4)
                                                         _338_ (net)
                      0.366166    0.000061    3.312130 ^ _481_/A1 (sky130_fd_sc_hd__a211o_1)
     4    0.010457    0.104514    0.230542    3.542671 ^ _481_/X (sky130_fd_sc_hd__a211o_1)
                                                         _410_ (net)
                      0.104514    0.000030    3.542702 ^ _484_/A2 (sky130_fd_sc_hd__a21o_1)
     4    0.010896    0.104867    0.170631    3.713333 ^ _484_/X (sky130_fd_sc_hd__a21o_1)
                                                         _413_ (net)
                      0.104867    0.000023    3.713356 ^ _493_/A1 (sky130_fd_sc_hd__a211oi_1)
     3    0.007924    0.084627    0.106971    3.820327 v _493_/Y (sky130_fd_sc_hd__a211oi_1)
                                                         _422_ (net)
                      0.084627    0.000063    3.820390 v _503_/D (sky130_fd_sc_hd__or4_1)
     3    0.007103    0.114588    0.445021    4.265411 v _503_/X (sky130_fd_sc_hd__or4_1)
                                                         _432_ (net)
                      0.114588    0.000002    4.265413 v _507_/A3 (sky130_fd_sc_hd__a31o_1)
     2    0.005134    0.048962    0.251045    4.516459 v _507_/X (sky130_fd_sc_hd__a31o_1)
                                                         _436_ (net)
                      0.048962    0.000006    4.516465 v _509_/A2 (sky130_fd_sc_hd__a211o_1)
     3    0.013950    0.099002    0.345865    4.862330 v _509_/X (sky130_fd_sc_hd__a211o_1)
                                                         _438_ (net)
                      0.099002    0.000030    4.862360 v _515_/A1 (sky130_fd_sc_hd__a21oi_4)
     8    0.029834    0.243820    0.253753    5.116114 ^ _515_/Y (sky130_fd_sc_hd__a21oi_4)
                                                         _444_ (net)
                      0.243820    0.000074    5.116188 ^ _524_/S (sky130_fd_sc_hd__mux2_1)
     2    0.006747    0.074524    0.375559    5.491747 v _524_/X (sky130_fd_sc_hd__mux2_1)
                                                         _453_ (net)
                      0.074524    0.000031    5.491778 v _539_/A2 (sky130_fd_sc_hd__a221o_1)
     3    0.009264    0.086765    0.391761    5.883539 v _539_/X (sky130_fd_sc_hd__a221o_1)
                                                         _010_ (net)
                      0.086765    0.000029    5.883568 v _544_/A3 (sky130_fd_sc_hd__a311o_1)
     5    0.013571    0.103371    0.419747    6.303315 v _544_/X (sky130_fd_sc_hd__a311o_1)
                                                         _015_ (net)
                      0.103371    0.000011    6.303326 v _571_/A1 (sky130_fd_sc_hd__a21o_1)
     4    0.009568    0.060734    0.205372    6.508698 v _571_/X (sky130_fd_sc_hd__a21o_1)
                                                         _042_ (net)
                      0.060734    0.000029    6.508728 v _574_/B (sky130_fd_sc_hd__and3_1)
     3    0.006512    0.054403    0.184142    6.692870 v _574_/X (sky130_fd_sc_hd__and3_1)
                                                         _045_ (net)
                      0.054403    0.000013    6.692883 v _585_/A (sky130_fd_sc_hd__or4_1)
     1    0.002031    0.077591    0.503215    7.196098 v _585_/X (sky130_fd_sc_hd__or4_1)
                                                         _056_ (net)
                      0.077591    0.000007    7.196105 v _586_/C (sky130_fd_sc_hd__or4b_1)
     1    0.008547    0.122374    0.523266    7.719371 v _586_/X (sky130_fd_sc_hd__or4b_1)
                                                         _057_ (net)
                      0.122374    0.000017    7.719388 v _590_/A1 (sky130_fd_sc_hd__a311oi_4)
     4    0.014552    0.308390    0.301673    8.021061 ^ _590_/Y (sky130_fd_sc_hd__a311oi_4)
                                                         _061_ (net)
                      0.308390    0.000067    8.021128 ^ _593_/S (sky130_fd_sc_hd__mux2_1)
     3    0.009418    0.086470    0.400615    8.421742 v _593_/X (sky130_fd_sc_hd__mux2_1)
                                                         _064_ (net)
                      0.086470    0.000045    8.421788 v _610_/B (sky130_fd_sc_hd__xor2_1)
     4    0.008399    0.217618    0.215717    8.637506 ^ _610_/X (sky130_fd_sc_hd__xor2_1)
                                                         _081_ (net)
                      0.217618    0.000033    8.637538 ^ _624_/C_N (sky130_fd_sc_hd__or4bb_2)
     4    0.010419    0.126973    0.679409    9.316947 v _624_/X (sky130_fd_sc_hd__or4bb_2)
                                                         _095_ (net)
                      0.126973    0.000018    9.316964 v _628_/A1 (sky130_fd_sc_hd__a21oi_1)
     3    0.008667    0.219899    0.233036    9.550000 ^ _628_/Y (sky130_fd_sc_hd__a21oi_1)
                                                         _099_ (net)
                      0.219899    0.000023    9.550023 ^ fanout29/A (sky130_fd_sc_hd__buf_2)
    10    0.034812    0.173127    0.255140    9.805163 ^ fanout29/X (sky130_fd_sc_hd__buf_2)
                                                         net29 (net)
                      0.173127    0.000236    9.805400 ^ _717_/A2 (sky130_fd_sc_hd__a22o_1)
     1    0.003191    0.049378    0.165217    9.970616 ^ _717_/X (sky130_fd_sc_hd__a22o_1)
                                                         _187_ (net)
                      0.049378    0.000016    9.970633 ^ _718_/B (sky130_fd_sc_hd__or2_1)
     1    0.002570    0.039055    0.087838   10.058471 ^ _718_/X (sky130_fd_sc_hd__or2_1)
                                                         net22 (net)
                      0.039055    0.000010   10.058480 ^ output22/A (sky130_fd_sc_hd__buf_2)
     1    0.034432    0.170875    0.196544   10.255025 ^ output22/X (sky130_fd_sc_hd__buf_2)
                                                         op_out[1] (net)
                      0.170875    0.000218   10.255242 ^ op_out[1] (out)
                                             10.255242   data arrival time

                      0.000000   10.000000   10.000000   clock __VIRTUAL_CLK__ (rise edge)
                                  0.000000   10.000000   clock network delay (ideal)
                                 -0.250000    9.750000   clock uncertainty
                                  0.000000    9.750000   clock reconvergence pessimism
                                 -2.000000    7.750000   output external delay
                                              7.750000   data required time
---------------------------------------------------------------------------------------------
                                              7.750000   data required time
                                            -10.255242   data arrival time
---------------------------------------------------------------------------------------------
                                             -2.505242   slack (VIOLATED)


Startpoint: op_b[5] (input port clocked by __VIRTUAL_CLK__)
Endpoint: op_out[2] (output port clocked by __VIRTUAL_CLK__)
Path Group: __VIRTUAL_CLK__
Path Type: max

Fanout         Cap        Slew       Delay        Time   Description
---------------------------------------------------------------------------------------------
                      0.000000    0.000000    0.000000   clock __VIRTUAL_CLK__ (rise edge)
                                  0.000000    0.000000   clock network delay (ideal)
                                  2.000000    2.000000 v input external delay
     1    0.002629    0.008236    0.004124    2.004124 v op_b[5] (in)
                                                         op_b[5] (net)
                      0.008236    0.000000    2.004124 v input18/A (sky130_fd_sc_hd__buf_1)
     2    0.011267    0.071446    0.110128    2.114252 v input18/X (sky130_fd_sc_hd__buf_1)
                                                         net18 (net)
                      0.071446    0.000026    2.114277 v fanout52/A (sky130_fd_sc_hd__clkbuf_4)
    10    0.037646    0.085578    0.199566    2.313844 v fanout52/X (sky130_fd_sc_hd__clkbuf_4)
                                                         net52 (net)
                      0.085585    0.000805    2.314649 v _469_/A (sky130_fd_sc_hd__or4_4)
     6    0.022032    0.115188    0.595479    2.910128 v _469_/X (sky130_fd_sc_hd__or4_4)
                                                         _306_ (net)
                      0.115188    0.000103    2.910231 v _472_/A3 (sky130_fd_sc_hd__o41ai_4)
     5    0.015447    0.366166    0.401838    3.312069 ^ _472_/Y (sky130_fd_sc_hd__o41ai_4)
                                                         _338_ (net)
                      0.366166    0.000061    3.312130 ^ _481_/A1 (sky130_fd_sc_hd__a211o_1)
     4    0.010457    0.104514    0.230542    3.542671 ^ _481_/X (sky130_fd_sc_hd__a211o_1)
                                                         _410_ (net)
                      0.104514    0.000030    3.542702 ^ _484_/A2 (sky130_fd_sc_hd__a21o_1)
     4    0.010896    0.104867    0.170631    3.713333 ^ _484_/X (sky130_fd_sc_hd__a21o_1)
                                                         _413_ (net)
                      0.104867    0.000023    3.713356 ^ _493_/A1 (sky130_fd_sc_hd__a211oi_1)
     3    0.007924    0.084627    0.106971    3.820327 v _493_/Y (sky130_fd_sc_hd__a211oi_1)
                                                         _422_ (net)
                      0.084627    0.000063    3.820390 v _503_/D (sky130_fd_sc_hd__or4_1)
     3    0.007103    0.114588    0.445021    4.265411 v _503_/X (sky130_fd_sc_hd__or4_1)
                                                         _432_ (net)
                      0.114588    0.000002    4.265413 v _507_/A3 (sky130_fd_sc_hd__a31o_1)
     2    0.005134    0.048962    0.251045    4.516459 v _507_/X (sky130_fd_sc_hd__a31o_1)
                                                         _436_ (net)
                      0.048962    0.000006    4.516465 v _509_/A2 (sky130_fd_sc_hd__a211o_1)
     3    0.013950    0.099002    0.345865    4.862330 v _509_/X (sky130_fd_sc_hd__a211o_1)
                                                         _438_ (net)
                      0.099002    0.000030    4.862360 v _515_/A1 (sky130_fd_sc_hd__a21oi_4)
     8    0.029834    0.243820    0.253753    5.116114 ^ _515_/Y (sky130_fd_sc_hd__a21oi_4)
                                                         _444_ (net)
                      0.243820    0.000074    5.116188 ^ _524_/S (sky130_fd_sc_hd__mux2_1)
     2    0.006747    0.074524    0.375559    5.491747 v _524_/X (sky130_fd_sc_hd__mux2_1)
                                                         _453_ (net)
                      0.074524    0.000031    5.491778 v _539_/A2 (sky130_fd_sc_hd__a221o_1)
     3    0.009264    0.086765    0.391761    5.883539 v _539_/X (sky130_fd_sc_hd__a221o_1)
                                                         _010_ (net)
                      0.086765    0.000029    5.883568 v _544_/A3 (sky130_fd_sc_hd__a311o_1)
     5    0.013571    0.103371    0.419747    6.303315 v _544_/X (sky130_fd_sc_hd__a311o_1)
                                                         _015_ (net)
                      0.103371    0.000011    6.303326 v _571_/A1 (sky130_fd_sc_hd__a21o_1)
     4    0.009568    0.060734    0.205372    6.508698 v _571_/X (sky130_fd_sc_hd__a21o_1)
                                                         _042_ (net)
                      0.060734    0.000029    6.508728 v _574_/B (sky130_fd_sc_hd__and3_1)
     3    0.006512    0.054403    0.184142    6.692870 v _574_/X (sky130_fd_sc_hd__and3_1)
                                                         _045_ (net)
                      0.054403    0.000013    6.692883 v _585_/A (sky130_fd_sc_hd__or4_1)
     1    0.002031    0.077591    0.503215    7.196098 v _585_/X (sky130_fd_sc_hd__or4_1)
                                                         _056_ (net)
                      0.077591    0.000007    7.196105 v _586_/C (sky130_fd_sc_hd__or4b_1)
     1    0.008547    0.122374    0.523266    7.719371 v _586_/X (sky130_fd_sc_hd__or4b_1)
                                                         _057_ (net)
                      0.122374    0.000017    7.719388 v _590_/A1 (sky130_fd_sc_hd__a311oi_4)
     4    0.014552    0.308390    0.301673    8.021061 ^ _590_/Y (sky130_fd_sc_hd__a311oi_4)
                                                         _061_ (net)
                      0.308390    0.000028    8.021090 ^ max_cap30/A (sky130_fd_sc_hd__clkbuf_2)
     5    0.016775    0.100215    0.217746    8.238835 ^ max_cap30/X (sky130_fd_sc_hd__clkbuf_2)
                                                         net30 (net)
                      0.100215    0.000142    8.238977 ^ _740_/A2 (sky130_fd_sc_hd__a211o_1)
     1    0.005186    0.058782    0.142690    8.381668 ^ _740_/X (sky130_fd_sc_hd__a211o_1)
                                                         _212_ (net)
                      0.058782    0.000068    8.381736 ^ _741_/B1 (sky130_fd_sc_hd__a21o_1)
     1    0.002107    0.033855    0.075527    8.457263 ^ _741_/X (sky130_fd_sc_hd__a21o_1)
                                                         net23 (net)
                      0.033855    0.000004    8.457266 ^ output23/A (sky130_fd_sc_hd__buf_2)
     1    0.034383    0.170662    0.194395    8.651661 ^ output23/X (sky130_fd_sc_hd__buf_2)
                                                         op_out[2] (net)
                      0.170662    0.000211    8.651873 ^ op_out[2] (out)
                                              8.651873   data arrival time

                      0.000000   10.000000   10.000000   clock __VIRTUAL_CLK__ (rise edge)
                                  0.000000   10.000000   clock network delay (ideal)
                                 -0.250000    9.750000   clock uncertainty
                                  0.000000    9.750000   clock reconvergence pessimism
                                 -2.000000    7.750000   output external delay
                                              7.750000   data required time
---------------------------------------------------------------------------------------------
                                              7.750000   data required time
                                             -8.651873   data arrival time
---------------------------------------------------------------------------------------------
                                             -0.901872   slack (VIOLATED)


Startpoint: op_b[5] (input port clocked by __VIRTUAL_CLK__)
Endpoint: op_out[3] (output port clocked by __VIRTUAL_CLK__)
Path Group: __VIRTUAL_CLK__
Path Type: max

Fanout         Cap        Slew       Delay        Time   Description
---------------------------------------------------------------------------------------------
                      0.000000    0.000000    0.000000   clock __VIRTUAL_CLK__ (rise edge)
                                  0.000000    0.000000   clock network delay (ideal)
                                  2.000000    2.000000 v input external delay
     1    0.002629    0.008236    0.004124    2.004124 v op_b[5] (in)
                                                         op_b[5] (net)
                      0.008236    0.000000    2.004124 v input18/A (sky130_fd_sc_hd__buf_1)
     2    0.011267    0.071446    0.110128    2.114252 v input18/X (sky130_fd_sc_hd__buf_1)
                                                         net18 (net)
                      0.071446    0.000026    2.114277 v fanout52/A (sky130_fd_sc_hd__clkbuf_4)
    10    0.037646    0.085578    0.199566    2.313844 v fanout52/X (sky130_fd_sc_hd__clkbuf_4)
                                                         net52 (net)
                      0.085585    0.000805    2.314649 v _469_/A (sky130_fd_sc_hd__or4_4)
     6    0.022032    0.115188    0.595479    2.910128 v _469_/X (sky130_fd_sc_hd__or4_4)
                                                         _306_ (net)
                      0.115188    0.000103    2.910231 v _472_/A3 (sky130_fd_sc_hd__o41ai_4)
     5    0.015447    0.366166    0.401838    3.312069 ^ _472_/Y (sky130_fd_sc_hd__o41ai_4)
                                                         _338_ (net)
                      0.366166    0.000061    3.312130 ^ _481_/A1 (sky130_fd_sc_hd__a211o_1)
     4    0.010457    0.104514    0.230542    3.542671 ^ _481_/X (sky130_fd_sc_hd__a211o_1)
                                                         _410_ (net)
                      0.104514    0.000030    3.542702 ^ _484_/A2 (sky130_fd_sc_hd__a21o_1)
     4    0.010896    0.104867    0.170631    3.713333 ^ _484_/X (sky130_fd_sc_hd__a21o_1)
                                                         _413_ (net)
                      0.104867    0.000023    3.713356 ^ _493_/A1 (sky130_fd_sc_hd__a211oi_1)
     3    0.007924    0.084627    0.106971    3.820327 v _493_/Y (sky130_fd_sc_hd__a211oi_1)
                                                         _422_ (net)
                      0.084627    0.000063    3.820390 v _503_/D (sky130_fd_sc_hd__or4_1)
     3    0.007103    0.114588    0.445021    4.265411 v _503_/X (sky130_fd_sc_hd__or4_1)
                                                         _432_ (net)
                      0.114588    0.000002    4.265413 v _507_/A3 (sky130_fd_sc_hd__a31o_1)
     2    0.005134    0.048962    0.251045    4.516459 v _507_/X (sky130_fd_sc_hd__a31o_1)
                                                         _436_ (net)
                      0.048962    0.000006    4.516465 v _509_/A2 (sky130_fd_sc_hd__a211o_1)
     3    0.013950    0.099002    0.345865    4.862330 v _509_/X (sky130_fd_sc_hd__a211o_1)
                                                         _438_ (net)
                      0.099002    0.000030    4.862360 v _515_/A1 (sky130_fd_sc_hd__a21oi_4)
     8    0.029834    0.243820    0.253753    5.116114 ^ _515_/Y (sky130_fd_sc_hd__a21oi_4)
                                                         _444_ (net)
                      0.243820    0.000074    5.116188 ^ _524_/S (sky130_fd_sc_hd__mux2_1)
     2    0.006747    0.074524    0.375559    5.491747 v _524_/X (sky130_fd_sc_hd__mux2_1)
                                                         _453_ (net)
                      0.074524    0.000031    5.491778 v _539_/A2 (sky130_fd_sc_hd__a221o_1)
     3    0.009264    0.086765    0.391761    5.883539 v _539_/X (sky130_fd_sc_hd__a221o_1)
                                                         _010_ (net)
                      0.086765    0.000026    5.883565 v _543_/A3 (sky130_fd_sc_hd__a311oi_2)
     4    0.009848    0.295883    0.349631    6.233196 ^ _543_/Y (sky130_fd_sc_hd__a311oi_2)
                                                         _014_ (net)
                      0.295883    0.000045    6.233242 ^ _548_/A (sky130_fd_sc_hd__nor2_1)
     2    0.007436    0.087269    0.120459    6.353701 v _548_/Y (sky130_fd_sc_hd__nor2_1)
                                                         _019_ (net)
                      0.087269    0.000055    6.353755 v _769_/A2 (sky130_fd_sc_hd__a211o_1)
     1    0.003910    0.053156    0.307226    6.660981 v _769_/X (sky130_fd_sc_hd__a211o_1)
                                                         _243_ (net)
                      0.053156    0.000045    6.661026 v _770_/A_N (sky130_fd_sc_hd__nand2b_1)
     1    0.002064    0.038158    0.133512    6.794538 v _770_/Y (sky130_fd_sc_hd__nand2b_1)
                                                         net24 (net)
                      0.038158    0.000004    6.794543 v output24/A (sky130_fd_sc_hd__buf_2)
     1    0.034432    0.089712    0.177813    6.972356 v output24/X (sky130_fd_sc_hd__buf_2)
                                                         op_out[3] (net)
                      0.089712    0.000218    6.972574 v op_out[3] (out)
                                              6.972574   data arrival time

                      0.000000   10.000000   10.000000   clock __VIRTUAL_CLK__ (rise edge)
                                  0.000000   10.000000   clock network delay (ideal)
                                 -0.250000    9.750000   clock uncertainty
                                  0.000000    9.750000   clock reconvergence pessimism
                                 -2.000000    7.750000   output external delay
                                              7.750000   data required time
---------------------------------------------------------------------------------------------
                                              7.750000   data required time
                                             -6.972574   data arrival time
---------------------------------------------------------------------------------------------
                                              0.777426   slack (MET)


Startpoint: op_b[0] (input port clocked by __VIRTUAL_CLK__)
Endpoint: op_out[5] (output port clocked by __VIRTUAL_CLK__)
Path Group: __VIRTUAL_CLK__
Path Type: max

Fanout         Cap        Slew       Delay        Time   Description
---------------------------------------------------------------------------------------------
                      0.000000    0.000000    0.000000   clock __VIRTUAL_CLK__ (rise edge)
                                  0.000000    0.000000   clock network delay (ideal)
                                  2.000000    2.000000 ^ input external delay
     1    0.003129    0.021152    0.011448    2.011448 ^ op_b[0] (in)
                                                         op_b[0] (net)
                      0.021152    0.000000    2.011448 ^ input13/A (sky130_fd_sc_hd__clkbuf_2)
     4    0.018485    0.106700    0.141201    2.152648 ^ input13/X (sky130_fd_sc_hd__clkbuf_2)
                                                         net13 (net)
                      0.106700    0.000248    2.152896 ^ fanout66/A (sky130_fd_sc_hd__buf_2)
    10    0.031648    0.158179    0.212477    2.365373 ^ fanout66/X (sky130_fd_sc_hd__buf_2)
                                                         net66 (net)
                      0.158179    0.000169    2.365542 ^ fanout65/A (sky130_fd_sc_hd__buf_2)
    10    0.028818    0.145210    0.218543    2.584085 ^ fanout65/X (sky130_fd_sc_hd__buf_2)
                                                         net65 (net)
                      0.145210    0.000033    2.584117 ^ _458_/A (sky130_fd_sc_hd__inv_2)
     4    0.010496    0.048409    0.065146    2.649263 v _458_/Y (sky130_fd_sc_hd__inv_2)
                                                         _188_ (net)
                      0.048409    0.000036    2.649298 v fanout34/A (sky130_fd_sc_hd__clkbuf_4)
    10    0.033205    0.077523    0.182796    2.832095 v fanout34/X (sky130_fd_sc_hd__clkbuf_4)
                                                         net34 (net)
                      0.077523    0.000073    2.832168 v _536_/A (sky130_fd_sc_hd__nor2_1)
     4    0.012064    0.228878    0.222635    3.054803 ^ _536_/Y (sky130_fd_sc_hd__nor2_1)
                                                         _007_ (net)
                      0.228878    0.000108    3.054911 ^ _780_/C (sky130_fd_sc_hd__and3_1)
     2    0.005348    0.074993    0.204790    3.259701 ^ _780_/X (sky130_fd_sc_hd__and3_1)
                                                         _254_ (net)
                      0.074993    0.000008    3.259708 ^ _781_/B1 (sky130_fd_sc_hd__a21oi_1)
     2    0.008280    0.076806    0.065647    3.325355 v _781_/Y (sky130_fd_sc_hd__a21oi_1)
                                                         _255_ (net)
                      0.076806    0.000014    3.325369 v _805_/A3 (sky130_fd_sc_hd__a31oi_1)
     2    0.007431    0.222442    0.237596    3.562965 ^ _805_/Y (sky130_fd_sc_hd__a31oi_1)
                                                         _280_ (net)
                      0.222442    0.000030    3.562994 ^ _813_/A (sky130_fd_sc_hd__xnor2_1)
     2    0.004871    0.160428    0.160328    3.723323 ^ _813_/Y (sky130_fd_sc_hd__xnor2_1)
                                                         _289_ (net)
                      0.160428    0.000013    3.723336 ^ _814_/B (sky130_fd_sc_hd__or2_1)
     1    0.002653    0.041100    0.119892    3.843228 ^ _814_/X (sky130_fd_sc_hd__or2_1)
                                                         _290_ (net)
                      0.041100    0.000004    3.843232 ^ _816_/A (sky130_fd_sc_hd__nand2_1)
     2    0.005833    0.052287    0.058645    3.901877 v _816_/Y (sky130_fd_sc_hd__nand2_1)
                                                         _292_ (net)
                      0.052287    0.000051    3.901928 v _817_/C (sky130_fd_sc_hd__and3_1)
     1    0.002861    0.038215    0.176815    4.078743 v _817_/X (sky130_fd_sc_hd__and3_1)
                                                         _293_ (net)
                      0.038215    0.000008    4.078750 v _819_/A (sky130_fd_sc_hd__nor2_1)
     2    0.007576    0.158384    0.152798    4.231548 ^ _819_/Y (sky130_fd_sc_hd__nor2_1)
                                                         _296_ (net)
                      0.158384    0.000011    4.231559 ^ _820_/B (sky130_fd_sc_hd__xnor2_1)
     2    0.005279    0.168767    0.153193    4.384751 ^ _820_/Y (sky130_fd_sc_hd__xnor2_1)
                                                         _297_ (net)
                      0.168767    0.000036    4.384788 ^ _821_/B (sky130_fd_sc_hd__or2_1)
     3    0.012694    0.126674    0.186596    4.571383 ^ _821_/X (sky130_fd_sc_hd__or2_1)
                                                         _298_ (net)
                      0.126674    0.000027    4.571411 ^ _824_/A (sky130_fd_sc_hd__nand2_1)
     3    0.008281    0.074942    0.099778    4.671188 v _824_/Y (sky130_fd_sc_hd__nand2_1)
                                                         _301_ (net)
                      0.074942    0.000044    4.671232 v _827_/A2 (sky130_fd_sc_hd__o21a_1)
     1    0.002685    0.035515    0.173142    4.844374 v _827_/X (sky130_fd_sc_hd__o21a_1)
                                                         _304_ (net)
                      0.035515    0.000005    4.844379 v _840_/B2 (sky130_fd_sc_hd__a221o_1)
     1    0.002033    0.048746    0.301050    5.145429 v _840_/X (sky130_fd_sc_hd__a221o_1)
                                                         _319_ (net)
                      0.048746    0.000004    5.145433 v _842_/B (sky130_fd_sc_hd__or3_1)
     1    0.003594    0.070370    0.347188    5.492621 v _842_/X (sky130_fd_sc_hd__or3_1)
                                                         net26 (net)
                      0.070370    0.000035    5.492655 v output26/A (sky130_fd_sc_hd__buf_2)
     1    0.034788    0.090411    0.192731    5.685387 v output26/X (sky130_fd_sc_hd__buf_2)
                                                         op_out[5] (net)
                      0.090411    0.000270    5.685656 v op_out[5] (out)
                                              5.685656   data arrival time

                      0.000000   10.000000   10.000000   clock __VIRTUAL_CLK__ (rise edge)
                                  0.000000   10.000000   clock network delay (ideal)
                                 -0.250000    9.750000   clock uncertainty
                                  0.000000    9.750000   clock reconvergence pessimism
                                 -2.000000    7.750000   output external delay
                                              7.750000   data required time
---------------------------------------------------------------------------------------------
                                              7.750000   data required time
                                             -5.685656   data arrival time
---------------------------------------------------------------------------------------------
                                              2.064344   slack (MET)


Startpoint: op_b[0] (input port clocked by __VIRTUAL_CLK__)
Endpoint: op_out[7] (output port clocked by __VIRTUAL_CLK__)
Path Group: __VIRTUAL_CLK__
Path Type: max

Fanout         Cap        Slew       Delay        Time   Description
---------------------------------------------------------------------------------------------
                      0.000000    0.000000    0.000000   clock __VIRTUAL_CLK__ (rise edge)
                                  0.000000    0.000000   clock network delay (ideal)
                                  2.000000    2.000000 ^ input external delay
     1    0.003129    0.021152    0.011448    2.011448 ^ op_b[0] (in)
                                                         op_b[0] (net)
                      0.021152    0.000000    2.011448 ^ input13/A (sky130_fd_sc_hd__clkbuf_2)
     4    0.018485    0.106700    0.141201    2.152648 ^ input13/X (sky130_fd_sc_hd__clkbuf_2)
                                                         net13 (net)
                      0.106700    0.000248    2.152896 ^ fanout66/A (sky130_fd_sc_hd__buf_2)
    10    0.031648    0.158179    0.212477    2.365373 ^ fanout66/X (sky130_fd_sc_hd__buf_2)
                                                         net66 (net)
                      0.158179    0.000169    2.365542 ^ fanout65/A (sky130_fd_sc_hd__buf_2)
    10    0.028818    0.145210    0.218543    2.584085 ^ fanout65/X (sky130_fd_sc_hd__buf_2)
                                                         net65 (net)
                      0.145210    0.000033    2.584117 ^ _458_/A (sky130_fd_sc_hd__inv_2)
     4    0.010496    0.048409    0.065146    2.649263 v _458_/Y (sky130_fd_sc_hd__inv_2)
                                                         _188_ (net)
                      0.048409    0.000036    2.649298 v fanout34/A (sky130_fd_sc_hd__clkbuf_4)
    10    0.033205    0.077523    0.182796    2.832095 v fanout34/X (sky130_fd_sc_hd__clkbuf_4)
                                                         net34 (net)
                      0.077523    0.000073    2.832168 v _536_/A (sky130_fd_sc_hd__nor2_1)
     4    0.012064    0.228878    0.222635    3.054803 ^ _536_/Y (sky130_fd_sc_hd__nor2_1)
                                                         _007_ (net)
                      0.228878    0.000108    3.054911 ^ _780_/C (sky130_fd_sc_hd__and3_1)
     2    0.005348    0.074993    0.204790    3.259701 ^ _780_/X (sky130_fd_sc_hd__and3_1)
                                                         _254_ (net)
                      0.074993    0.000008    3.259708 ^ _781_/B1 (sky130_fd_sc_hd__a21oi_1)
     2    0.008280    0.076806    0.065647    3.325355 v _781_/Y (sky130_fd_sc_hd__a21oi_1)
                                                         _255_ (net)
                      0.076806    0.000014    3.325369 v _805_/A3 (sky130_fd_sc_hd__a31oi_1)
     2    0.007431    0.222442    0.237596    3.562965 ^ _805_/Y (sky130_fd_sc_hd__a31oi_1)
                                                         _280_ (net)
                      0.222442    0.000030    3.562994 ^ _813_/A (sky130_fd_sc_hd__xnor2_1)
     2    0.004871    0.160428    0.160328    3.723323 ^ _813_/Y (sky130_fd_sc_hd__xnor2_1)
                                                         _289_ (net)
                      0.160428    0.000013    3.723336 ^ _814_/B (sky130_fd_sc_hd__or2_1)
     1    0.002653    0.041100    0.119892    3.843228 ^ _814_/X (sky130_fd_sc_hd__or2_1)
                                                         _290_ (net)
                      0.041100    0.000004    3.843232 ^ _816_/A (sky130_fd_sc_hd__nand2_1)
     2    0.005833    0.052287    0.058645    3.901877 v _816_/Y (sky130_fd_sc_hd__nand2_1)
                                                         _292_ (net)
                      0.052287    0.000051    3.901928 v _817_/C (sky130_fd_sc_hd__and3_1)
     1    0.002861    0.038215    0.176815    4.078743 v _817_/X (sky130_fd_sc_hd__and3_1)
                                                         _293_ (net)
                      0.038215    0.000008    4.078750 v _819_/A (sky130_fd_sc_hd__nor2_1)
     2    0.007576    0.158384    0.152798    4.231548 ^ _819_/Y (sky130_fd_sc_hd__nor2_1)
                                                         _296_ (net)
                      0.158384    0.000011    4.231559 ^ _820_/B (sky130_fd_sc_hd__xnor2_1)
     2    0.005279    0.168767    0.153193    4.384751 ^ _820_/Y (sky130_fd_sc_hd__xnor2_1)
                                                         _297_ (net)
                      0.168767    0.000036    4.384788 ^ _821_/B (sky130_fd_sc_hd__or2_1)
     3    0.012694    0.126674    0.186596    4.571383 ^ _821_/X (sky130_fd_sc_hd__or2_1)
                                                         _298_ (net)
                      0.126674    0.000027    4.571411 ^ _824_/A (sky130_fd_sc_hd__nand2_1)
     3    0.008281    0.074942    0.099778    4.671188 v _824_/Y (sky130_fd_sc_hd__nand2_1)
                                                         _301_ (net)
                      0.074942    0.000039    4.671227 v _826_/B (sky130_fd_sc_hd__nor2_1)
     3    0.007193    0.151895    0.146912    4.818139 ^ _826_/Y (sky130_fd_sc_hd__nor2_1)
                                                         _303_ (net)
                      0.151895    0.000009    4.818148 ^ _892_/A2 (sky130_fd_sc_hd__o21ai_1)
     2    0.004458    0.086187    0.086583    4.904731 v _892_/Y (sky130_fd_sc_hd__o21ai_1)
                                                         _374_ (net)
                      0.086187    0.000014    4.904745 v _917_/A (sky130_fd_sc_hd__or2_1)
     1    0.002707    0.048655    0.234452    5.139197 v _917_/X (sky130_fd_sc_hd__or2_1)
                                                         _401_ (net)
                      0.048655    0.000007    5.139204 v _923_/A2 (sky130_fd_sc_hd__a311o_1)
     1    0.001876    0.048464    0.295556    5.434760 v _923_/X (sky130_fd_sc_hd__a311o_1)
                                                         net28 (net)
                      0.048464    0.000003    5.434762 v output28/A (sky130_fd_sc_hd__buf_2)
     1    0.033943    0.088522    0.181458    5.616220 v output28/X (sky130_fd_sc_hd__buf_2)
                                                         op_out[7] (net)
                      0.088522    0.000071    5.616292 v op_out[7] (out)
                                              5.616292   data arrival time

                      0.000000   10.000000   10.000000   clock __VIRTUAL_CLK__ (rise edge)
                                  0.000000   10.000000   clock network delay (ideal)
                                 -0.250000    9.750000   clock uncertainty
                                  0.000000    9.750000   clock reconvergence pessimism
                                 -2.000000    7.750000   output external delay
                                              7.750000   data required time
---------------------------------------------------------------------------------------------
                                              7.750000   data required time
                                             -5.616292   data arrival time
---------------------------------------------------------------------------------------------
                                              2.133708   slack (MET)


Startpoint: op_b[5] (input port clocked by __VIRTUAL_CLK__)
Endpoint: op_out[4] (output port clocked by __VIRTUAL_CLK__)
Path Group: __VIRTUAL_CLK__
Path Type: max

Fanout         Cap        Slew       Delay        Time   Description
---------------------------------------------------------------------------------------------
                      0.000000    0.000000    0.000000   clock __VIRTUAL_CLK__ (rise edge)
                                  0.000000    0.000000   clock network delay (ideal)
                                  2.000000    2.000000 v input external delay
     1    0.002629    0.008236    0.004124    2.004124 v op_b[5] (in)
                                                         op_b[5] (net)
                      0.008236    0.000000    2.004124 v input18/A (sky130_fd_sc_hd__buf_1)
     2    0.011267    0.071446    0.110128    2.114252 v input18/X (sky130_fd_sc_hd__buf_1)
                                                         net18 (net)
                      0.071446    0.000026    2.114277 v fanout52/A (sky130_fd_sc_hd__clkbuf_4)
    10    0.037646    0.085578    0.199566    2.313844 v fanout52/X (sky130_fd_sc_hd__clkbuf_4)
                                                         net52 (net)
                      0.085585    0.000805    2.314649 v _469_/A (sky130_fd_sc_hd__or4_4)
     6    0.022032    0.115188    0.595479    2.910128 v _469_/X (sky130_fd_sc_hd__or4_4)
                                                         _306_ (net)
                      0.115188    0.000103    2.910231 v _472_/A3 (sky130_fd_sc_hd__o41ai_4)
     5    0.015447    0.366166    0.401838    3.312069 ^ _472_/Y (sky130_fd_sc_hd__o41ai_4)
                                                         _338_ (net)
                      0.366166    0.000061    3.312130 ^ _481_/A1 (sky130_fd_sc_hd__a211o_1)
     4    0.010457    0.104514    0.230542    3.542671 ^ _481_/X (sky130_fd_sc_hd__a211o_1)
                                                         _410_ (net)
                      0.104514    0.000030    3.542702 ^ _484_/A2 (sky130_fd_sc_hd__a21o_1)
     4    0.010896    0.104867    0.170631    3.713333 ^ _484_/X (sky130_fd_sc_hd__a21o_1)
                                                         _413_ (net)
                      0.104867    0.000023    3.713356 ^ _493_/A1 (sky130_fd_sc_hd__a211oi_1)
     3    0.007924    0.084627    0.106971    3.820327 v _493_/Y (sky130_fd_sc_hd__a211oi_1)
                                                         _422_ (net)
                      0.084627    0.000063    3.820390 v _503_/D (sky130_fd_sc_hd__or4_1)
     3    0.007103    0.114588    0.445021    4.265411 v _503_/X (sky130_fd_sc_hd__or4_1)
                                                         _432_ (net)
                      0.114588    0.000002    4.265413 v _507_/A3 (sky130_fd_sc_hd__a31o_1)
     2    0.005134    0.048962    0.251045    4.516459 v _507_/X (sky130_fd_sc_hd__a31o_1)
                                                         _436_ (net)
                      0.048962    0.000006    4.516465 v _509_/A2 (sky130_fd_sc_hd__a211o_1)
     3    0.013950    0.099002    0.345865    4.862330 v _509_/X (sky130_fd_sc_hd__a211o_1)
                                                         _438_ (net)
                      0.099002    0.000030    4.862360 v _515_/A1 (sky130_fd_sc_hd__a21oi_4)
     8    0.029834    0.243820    0.253753    5.116114 ^ _515_/Y (sky130_fd_sc_hd__a21oi_4)
                                                         _444_ (net)
                      0.243820    0.000153    5.116267 ^ _797_/A2 (sky130_fd_sc_hd__a211oi_1)
     1    0.003354    0.074876    0.116953    5.233219 v _797_/Y (sky130_fd_sc_hd__a211oi_1)
                                                         _272_ (net)
                      0.074876    0.000021    5.233240 v _798_/B1 (sky130_fd_sc_hd__o31ai_1)
     1    0.003089    0.199709    0.075532    5.308772 ^ _798_/Y (sky130_fd_sc_hd__o31ai_1)
                                                         net25 (net)
                      0.199709    0.000021    5.308793 ^ output25/A (sky130_fd_sc_hd__buf_2)
     1    0.034432    0.171364    0.248376    5.557168 ^ output25/X (sky130_fd_sc_hd__buf_2)
                                                         op_out[4] (net)
                      0.171364    0.000218    5.557387 ^ op_out[4] (out)
                                              5.557387   data arrival time

                      0.000000   10.000000   10.000000   clock __VIRTUAL_CLK__ (rise edge)
                                  0.000000   10.000000   clock network delay (ideal)
                                 -0.250000    9.750000   clock uncertainty
                                  0.000000    9.750000   clock reconvergence pessimism
                                 -2.000000    7.750000   output external delay
                                              7.750000   data required time
---------------------------------------------------------------------------------------------
                                              7.750000   data required time
                                             -5.557387   data arrival time
---------------------------------------------------------------------------------------------
                                              2.192613   slack (MET)


Startpoint: op_b[0] (input port clocked by __VIRTUAL_CLK__)
Endpoint: op_out[6] (output port clocked by __VIRTUAL_CLK__)
Path Group: __VIRTUAL_CLK__
Path Type: max

Fanout         Cap        Slew       Delay        Time   Description
---------------------------------------------------------------------------------------------
                      0.000000    0.000000    0.000000   clock __VIRTUAL_CLK__ (rise edge)
                                  0.000000    0.000000   clock network delay (ideal)
                                  2.000000    2.000000 ^ input external delay
     1    0.003129    0.021152    0.011448    2.011448 ^ op_b[0] (in)
                                                         op_b[0] (net)
                      0.021152    0.000000    2.011448 ^ input13/A (sky130_fd_sc_hd__clkbuf_2)
     4    0.018485    0.106700    0.141201    2.152648 ^ input13/X (sky130_fd_sc_hd__clkbuf_2)
                                                         net13 (net)
                      0.106700    0.000248    2.152896 ^ fanout66/A (sky130_fd_sc_hd__buf_2)
    10    0.031648    0.158179    0.212477    2.365373 ^ fanout66/X (sky130_fd_sc_hd__buf_2)
                                                         net66 (net)
                      0.158179    0.000169    2.365542 ^ fanout65/A (sky130_fd_sc_hd__buf_2)
    10    0.028818    0.145210    0.218543    2.584085 ^ fanout65/X (sky130_fd_sc_hd__buf_2)
                                                         net65 (net)
                      0.145210    0.000033    2.584117 ^ _458_/A (sky130_fd_sc_hd__inv_2)
     4    0.010496    0.048409    0.065146    2.649263 v _458_/Y (sky130_fd_sc_hd__inv_2)
                                                         _188_ (net)
                      0.048409    0.000036    2.649298 v fanout34/A (sky130_fd_sc_hd__clkbuf_4)
    10    0.033205    0.077523    0.182796    2.832095 v fanout34/X (sky130_fd_sc_hd__clkbuf_4)
                                                         net34 (net)
                      0.077523    0.000073    2.832168 v _536_/A (sky130_fd_sc_hd__nor2_1)
     4    0.012064    0.228878    0.222635    3.054803 ^ _536_/Y (sky130_fd_sc_hd__nor2_1)
                                                         _007_ (net)
                      0.228878    0.000108    3.054911 ^ _780_/C (sky130_fd_sc_hd__and3_1)
     2    0.005348    0.074993    0.204790    3.259701 ^ _780_/X (sky130_fd_sc_hd__and3_1)
                                                         _254_ (net)
                      0.074993    0.000008    3.259708 ^ _781_/B1 (sky130_fd_sc_hd__a21oi_1)
     2    0.008280    0.076806    0.065647    3.325355 v _781_/Y (sky130_fd_sc_hd__a21oi_1)
                                                         _255_ (net)
                      0.076806    0.000014    3.325369 v _805_/A3 (sky130_fd_sc_hd__a31oi_1)
     2    0.007431    0.222442    0.237596    3.562965 ^ _805_/Y (sky130_fd_sc_hd__a31oi_1)
                                                         _280_ (net)
                      0.222442    0.000030    3.562994 ^ _813_/A (sky130_fd_sc_hd__xnor2_1)
     2    0.004871    0.160428    0.160328    3.723323 ^ _813_/Y (sky130_fd_sc_hd__xnor2_1)
                                                         _289_ (net)
                      0.160428    0.000013    3.723336 ^ _814_/B (sky130_fd_sc_hd__or2_1)
     1    0.002653    0.041100    0.119892    3.843228 ^ _814_/X (sky130_fd_sc_hd__or2_1)
                                                         _290_ (net)
                      0.041100    0.000004    3.843232 ^ _816_/A (sky130_fd_sc_hd__nand2_1)
     2    0.005833    0.052287    0.058645    3.901877 v _816_/Y (sky130_fd_sc_hd__nand2_1)
                                                         _292_ (net)
                      0.052287    0.000051    3.901928 v _817_/C (sky130_fd_sc_hd__and3_1)
     1    0.002861    0.038215    0.176815    4.078743 v _817_/X (sky130_fd_sc_hd__and3_1)
                                                         _293_ (net)
                      0.038215    0.000008    4.078750 v _819_/A (sky130_fd_sc_hd__nor2_1)
     2    0.007576    0.158384    0.152798    4.231548 ^ _819_/Y (sky130_fd_sc_hd__nor2_1)
                                                         _296_ (net)
                      0.158384    0.000011    4.231559 ^ _820_/B (sky130_fd_sc_hd__xnor2_1)
     2    0.004896    0.059350    0.096254    4.327813 v _820_/Y (sky130_fd_sc_hd__xnor2_1)
                                                         _297_ (net)
                      0.059350    0.000033    4.327845 v _821_/B (sky130_fd_sc_hd__or2_1)
     3    0.011869    0.087700    0.256604    4.584449 v _821_/X (sky130_fd_sc_hd__or2_1)
                                                         _298_ (net)
                      0.087700    0.000025    4.584475 v _824_/A (sky130_fd_sc_hd__nand2_1)
     3    0.009084    0.095806    0.112176    4.696651 ^ _824_/Y (sky130_fd_sc_hd__nand2_1)
                                                         _301_ (net)
                      0.095806    0.000043    4.696693 ^ _826_/B (sky130_fd_sc_hd__nor2_1)
     3    0.006612    0.052274    0.065790    4.762483 v _826_/Y (sky130_fd_sc_hd__nor2_1)
                                                         _303_ (net)
                      0.052274    0.000014    4.762497 v _878_/A (sky130_fd_sc_hd__or2_1)
     1    0.002596    0.047914    0.221009    4.983506 v _878_/X (sky130_fd_sc_hd__or2_1)
                                                         _359_ (net)
                      0.047914    0.000004    4.983510 v _885_/A2 (sky130_fd_sc_hd__a31o_1)
     1    0.001962    0.033937    0.193463    5.176974 v _885_/X (sky130_fd_sc_hd__a31o_1)
                                                         net27 (net)
                      0.033937    0.000004    5.176978 v output27/A (sky130_fd_sc_hd__buf_2)
     1    0.034013    0.088781    0.175315    5.352293 v output27/X (sky130_fd_sc_hd__buf_2)
                                                         op_out[6] (net)
                      0.088781    0.000087    5.352380 v op_out[6] (out)
                                              5.352380   data arrival time

                      0.000000   10.000000   10.000000   clock __VIRTUAL_CLK__ (rise edge)
                                  0.000000   10.000000   clock network delay (ideal)
                                 -0.250000    9.750000   clock uncertainty
                                  0.000000    9.750000   clock reconvergence pessimism
                                 -2.000000    7.750000   output external delay
                                              7.750000   data required time
---------------------------------------------------------------------------------------------
                                              7.750000   data required time
                                             -5.352380   data arrival time
---------------------------------------------------------------------------------------------
                                              2.397619   slack (MET)



