
===========================================================================
report_checks -path_delay min (Hold)
============================================================================
======================= nom_tt_025C_1v80 Corner ===================================

Startpoint: inst[2] (input port clocked by __VIRTUAL_CLK__)
Endpoint: op_out[6] (output port clocked by __VIRTUAL_CLK__)
Path Group: __VIRTUAL_CLK__
Path Type: min

Fanout         Cap        Slew       Delay        Time   Description
---------------------------------------------------------------------------------------------
                      0.000000    0.000000    0.000000   clock __VIRTUAL_CLK__ (rise edge)
                                  0.000000    0.000000   clock network delay (ideal)
                                  0.000000    0.000000 ^ input external delay
     8    0.021900    0.104135    0.071468    0.071468 ^ inst[2] (in)
                                                         inst[2] (net)
                      0.104135    0.000000    0.071468 ^ _694_/A (sky130_fd_sc_hd__nor3_2)
     8    0.023038    0.062407    0.095233    0.166701 v _694_/Y (sky130_fd_sc_hd__nor3_2)
                                                         _165_ (net)
                      0.062407    0.000231    0.166933 v _885_/A1 (sky130_fd_sc_hd__a31o_2)
     1    0.034577    0.101984    0.283598    0.450531 v _885_/X (sky130_fd_sc_hd__a31o_2)
                                                         op_out[6] (net)
                      0.101984    0.000175    0.450706 v op_out[6] (out)
                                              0.450706   data arrival time

                      0.000000    0.000000    0.000000   clock __VIRTUAL_CLK__ (rise edge)
                                  0.000000    0.000000   clock network delay (ideal)
                                  0.250000    0.250000   clock uncertainty
                                  0.000000    0.250000   clock reconvergence pessimism
                                  0.000000    0.250000   output external delay
                                              0.250000   data required time
---------------------------------------------------------------------------------------------
                                              0.250000   data required time
                                             -0.450706   data arrival time
---------------------------------------------------------------------------------------------
                                              0.200706   slack (MET)


Startpoint: inst[2] (input port clocked by __VIRTUAL_CLK__)
Endpoint: op_out[0] (output port clocked by __VIRTUAL_CLK__)
Path Group: __VIRTUAL_CLK__
Path Type: min

Fanout         Cap        Slew       Delay        Time   Description
---------------------------------------------------------------------------------------------
                      0.000000    0.000000    0.000000   clock __VIRTUAL_CLK__ (rise edge)
                                  0.000000    0.000000   clock network delay (ideal)
                                  0.000000    0.000000 v input external delay
     8    0.020402    0.046898    0.032829    0.032829 v inst[2] (in)
                                                         inst[2] (net)
                      0.046899    0.000000    0.032829 v _459_/A (sky130_fd_sc_hd__inv_2)
     4    0.010692    0.056152    0.066521    0.099351 ^ _459_/Y (sky130_fd_sc_hd__inv_2)
                                                         _199_ (net)
                      0.056152    0.000008    0.099359 ^ _685_/B1 (sky130_fd_sc_hd__o2111a_2)
     1    0.001909    0.036698    0.181733    0.281091 ^ _685_/X (sky130_fd_sc_hd__o2111a_2)
                                                         _156_ (net)
                      0.036698    0.000002    0.281093 ^ _700_/B (sky130_fd_sc_hd__or3_2)
     1    0.035187    0.177374    0.208795    0.489889 ^ _700_/X (sky130_fd_sc_hd__or3_2)
                                                         op_out[0] (net)
                      0.177374    0.000377    0.490266 ^ op_out[0] (out)
                                              0.490266   data arrival time

                      0.000000    0.000000    0.000000   clock __VIRTUAL_CLK__ (rise edge)
                                  0.000000    0.000000   clock network delay (ideal)
                                  0.250000    0.250000   clock uncertainty
                                  0.000000    0.250000   clock reconvergence pessimism
                                  0.000000    0.250000   output external delay
                                              0.250000   data required time
---------------------------------------------------------------------------------------------
                                              0.250000   data required time
                                             -0.490266   data arrival time
---------------------------------------------------------------------------------------------
                                              0.240266   slack (MET)


Startpoint: op_a[3] (input port clocked by __VIRTUAL_CLK__)
Endpoint: op_out[4] (output port clocked by __VIRTUAL_CLK__)
Path Group: __VIRTUAL_CLK__
Path Type: min

Fanout         Cap        Slew       Delay        Time   Description
---------------------------------------------------------------------------------------------
                      0.000000    0.000000    0.000000   clock __VIRTUAL_CLK__ (rise edge)
                                  0.000000    0.000000   clock network delay (ideal)
                                  0.000000    0.000000 v input external delay
    15    0.062094    0.137582    0.100449    0.100449 v op_a[3] (in)
                                                         op_a[3] (net)
                      0.137623    0.000000    0.100449 v _745_/A (sky130_fd_sc_hd__nand2_2)
     3    0.011432    0.078271    0.118801    0.219250 ^ _745_/Y (sky130_fd_sc_hd__nand2_2)
                                                         _216_ (net)
                      0.078271    0.000026    0.219276 ^ _774_/A (sky130_fd_sc_hd__and3_2)
     1    0.004822    0.052990    0.175681    0.394957 ^ _774_/X (sky130_fd_sc_hd__and3_2)
                                                         _247_ (net)
                      0.052990    0.000005    0.394962 ^ _798_/A2 (sky130_fd_sc_hd__o31ai_2)
     1    0.035757    0.145009    0.150656    0.545618 v _798_/Y (sky130_fd_sc_hd__o31ai_2)
                                                         op_out[4] (net)
                      0.145009    0.000530    0.546148 v op_out[4] (out)
                                              0.546148   data arrival time

                      0.000000    0.000000    0.000000   clock __VIRTUAL_CLK__ (rise edge)
                                  0.000000    0.000000   clock network delay (ideal)
                                  0.250000    0.250000   clock uncertainty
                                  0.000000    0.250000   clock reconvergence pessimism
                                  0.000000    0.250000   output external delay
                                              0.250000   data required time
---------------------------------------------------------------------------------------------
                                              0.250000   data required time
                                             -0.546148   data arrival time
---------------------------------------------------------------------------------------------
                                              0.296148   slack (MET)


Startpoint: op_a[6] (input port clocked by __VIRTUAL_CLK__)
Endpoint: op_out[5] (output port clocked by __VIRTUAL_CLK__)
Path Group: __VIRTUAL_CLK__
Path Type: min

Fanout         Cap        Slew       Delay        Time   Description
---------------------------------------------------------------------------------------------
                      0.000000    0.000000    0.000000   clock __VIRTUAL_CLK__ (rise edge)
                                  0.000000    0.000000   clock network delay (ideal)
                                  0.000000    0.000000 ^ input external delay
    16    0.064902    0.295562    0.204209    0.204209 ^ op_a[6] (in)
                                                         op_a[6] (net)
                      0.295568    0.000000    0.204209 ^ _839_/B2 (sky130_fd_sc_hd__a32o_2)
     1    0.001826    0.038144    0.162644    0.366853 ^ _839_/X (sky130_fd_sc_hd__a32o_2)
                                                         _318_ (net)
                      0.038144    0.000002    0.366855 ^ _842_/A (sky130_fd_sc_hd__or3_2)
     1    0.036130    0.181474    0.214201    0.581056 ^ _842_/X (sky130_fd_sc_hd__or3_2)
                                                         op_out[5] (net)
                      0.181528    0.000637    0.581693 ^ op_out[5] (out)
                                              0.581693   data arrival time

                      0.000000    0.000000    0.000000   clock __VIRTUAL_CLK__ (rise edge)
                                  0.000000    0.000000   clock network delay (ideal)
                                  0.250000    0.250000   clock uncertainty
                                  0.000000    0.250000   clock reconvergence pessimism
                                  0.000000    0.250000   output external delay
                                              0.250000   data required time
---------------------------------------------------------------------------------------------
                                              0.250000   data required time
                                             -0.581693   data arrival time
---------------------------------------------------------------------------------------------
                                              0.331693   slack (MET)


Startpoint: inst[2] (input port clocked by __VIRTUAL_CLK__)
Endpoint: op_out[7] (output port clocked by __VIRTUAL_CLK__)
Path Group: __VIRTUAL_CLK__
Path Type: min

Fanout         Cap        Slew       Delay        Time   Description
---------------------------------------------------------------------------------------------
                      0.000000    0.000000    0.000000   clock __VIRTUAL_CLK__ (rise edge)
                                  0.000000    0.000000   clock network delay (ideal)
                                  0.000000    0.000000 ^ input external delay
     8    0.021900    0.104135    0.071468    0.071468 ^ inst[2] (in)
                                                         inst[2] (net)
                      0.104135    0.000000    0.071468 ^ _694_/A (sky130_fd_sc_hd__nor3_2)
     8    0.023038    0.062407    0.095233    0.166701 v _694_/Y (sky130_fd_sc_hd__nor3_2)
                                                         _165_ (net)
                      0.062407    0.000234    0.166935 v _923_/A1 (sky130_fd_sc_hd__a311o_2)
     1    0.034717    0.126149    0.416337    0.583272 v _923_/X (sky130_fd_sc_hd__a311o_2)
                                                         op_out[7] (net)
                      0.126149    0.000202    0.583474 v op_out[7] (out)
                                              0.583474   data arrival time

                      0.000000    0.000000    0.000000   clock __VIRTUAL_CLK__ (rise edge)
                                  0.000000    0.000000   clock network delay (ideal)
                                  0.250000    0.250000   clock uncertainty
                                  0.000000    0.250000   clock reconvergence pessimism
                                  0.000000    0.250000   output external delay
                                              0.250000   data required time
---------------------------------------------------------------------------------------------
                                              0.250000   data required time
                                             -0.583474   data arrival time
---------------------------------------------------------------------------------------------
                                              0.333474   slack (MET)


Startpoint: op_a[1] (input port clocked by __VIRTUAL_CLK__)
Endpoint: op_out[2] (output port clocked by __VIRTUAL_CLK__)
Path Group: __VIRTUAL_CLK__
Path Type: min

Fanout         Cap        Slew       Delay        Time   Description
---------------------------------------------------------------------------------------------
                      0.000000    0.000000    0.000000   clock __VIRTUAL_CLK__ (rise edge)
                                  0.000000    0.000000   clock network delay (ideal)
                                  0.000000    0.000000 v input external delay
    21    0.082275    0.181290    0.133560    0.133560 v op_a[1] (in)
                                                         op_a[1] (net)
                      0.181365    0.000000    0.133560 v _713_/A (sky130_fd_sc_hd__nand2_2)
     2    0.007365    0.060199    0.116850    0.250410 ^ _713_/Y (sky130_fd_sc_hd__nand2_2)
                                                         _183_ (net)
                      0.060199    0.000010    0.250420 ^ _724_/A1 (sky130_fd_sc_hd__a21o_2)
     3    0.007391    0.045993    0.129191    0.379611 ^ _724_/X (sky130_fd_sc_hd__a21o_2)
                                                         _194_ (net)
                      0.045993    0.000012    0.379623 ^ _741_/A1 (sky130_fd_sc_hd__a21o_2)
     1    0.034725    0.175021    0.220153    0.599777 ^ _741_/X (sky130_fd_sc_hd__a21o_2)
                                                         op_out[2] (net)
                      0.175021    0.000291    0.600067 ^ op_out[2] (out)
                                              0.600067   data arrival time

                      0.000000    0.000000    0.000000   clock __VIRTUAL_CLK__ (rise edge)
                                  0.000000    0.000000   clock network delay (ideal)
                                  0.250000    0.250000   clock uncertainty
                                  0.000000    0.250000   clock reconvergence pessimism
                                  0.000000    0.250000   output external delay
                                              0.250000   data required time
---------------------------------------------------------------------------------------------
                                              0.250000   data required time
                                             -0.600067   data arrival time
---------------------------------------------------------------------------------------------
                                              0.350068   slack (MET)


Startpoint: inst[2] (input port clocked by __VIRTUAL_CLK__)
Endpoint: op_out[3] (output port clocked by __VIRTUAL_CLK__)
Path Group: __VIRTUAL_CLK__
Path Type: min

Fanout         Cap        Slew       Delay        Time   Description
---------------------------------------------------------------------------------------------
                      0.000000    0.000000    0.000000   clock __VIRTUAL_CLK__ (rise edge)
                                  0.000000    0.000000   clock network delay (ideal)
                                  0.000000    0.000000 ^ input external delay
     8    0.021900    0.104135    0.071511    0.071511 ^ inst[2] (in)
                                                         inst[2] (net)
                      0.104136    0.000000    0.071511 ^ _690_/A (sky130_fd_sc_hd__or4b_2)
     8    0.037840    0.220210    0.267647    0.339158 ^ _690_/X (sky130_fd_sc_hd__or4b_2)
                                                         _161_ (net)
                      0.220210    0.000134    0.339292 ^ _749_/A (sky130_fd_sc_hd__or3b_2)
     1    0.005092    0.043584    0.168736    0.508028 ^ _749_/X (sky130_fd_sc_hd__or3b_2)
                                                         _221_ (net)
                      0.043584    0.000008    0.508036 ^ _770_/B (sky130_fd_sc_hd__nand2b_2)
     1    0.034672    0.144911    0.141498    0.649534 v _770_/Y (sky130_fd_sc_hd__nand2b_2)
                                                         op_out[3] (net)
                      0.144912    0.000278    0.649812 v op_out[3] (out)
                                              0.649812   data arrival time

                      0.000000    0.000000    0.000000   clock __VIRTUAL_CLK__ (rise edge)
                                  0.000000    0.000000   clock network delay (ideal)
                                  0.250000    0.250000   clock uncertainty
                                  0.000000    0.250000   clock reconvergence pessimism
                                  0.000000    0.250000   output external delay
                                              0.250000   data required time
---------------------------------------------------------------------------------------------
                                              0.250000   data required time
                                             -0.649812   data arrival time
---------------------------------------------------------------------------------------------
                                              0.399812   slack (MET)


Startpoint: op_a[0] (input port clocked by __VIRTUAL_CLK__)
Endpoint: op_out[1] (output port clocked by __VIRTUAL_CLK__)
Path Group: __VIRTUAL_CLK__
Path Type: min

Fanout         Cap        Slew       Delay        Time   Description
---------------------------------------------------------------------------------------------
                      0.000000    0.000000    0.000000   clock __VIRTUAL_CLK__ (rise edge)
                                  0.000000    0.000000   clock network delay (ideal)
                                  0.000000    0.000000 ^ input external delay
    21    0.077950    0.353805    0.245092    0.245092 ^ op_a[0] (in)
                                                         op_a[0] (net)
                      0.353826    0.000000    0.245092 ^ _709_/B2 (sky130_fd_sc_hd__a32o_2)
     1    0.001710    0.038118    0.168221    0.413314 ^ _709_/X (sky130_fd_sc_hd__a32o_2)
                                                         _179_ (net)
                      0.038118    0.000002    0.413315 ^ _710_/C (sky130_fd_sc_hd__or3_2)
     1    0.005353    0.038999    0.104102    0.517417 ^ _710_/X (sky130_fd_sc_hd__or3_2)
                                                         _180_ (net)
                      0.038999    0.000055    0.517472 ^ _718_/A (sky130_fd_sc_hd__or2_2)
     1    0.034652    0.181775    0.207442    0.724914 ^ _718_/X (sky130_fd_sc_hd__or2_2)
                                                         op_out[1] (net)
                      0.181775    0.000277    0.725191 ^ op_out[1] (out)
                                              0.725191   data arrival time

                      0.000000    0.000000    0.000000   clock __VIRTUAL_CLK__ (rise edge)
                                  0.000000    0.000000   clock network delay (ideal)
                                  0.250000    0.250000   clock uncertainty
                                  0.000000    0.250000   clock reconvergence pessimism
                                  0.000000    0.250000   output external delay
                                              0.250000   data required time
---------------------------------------------------------------------------------------------
                                              0.250000   data required time
                                             -0.725191   data arrival time
---------------------------------------------------------------------------------------------
                                              0.475191   slack (MET)



