
===========================================================================
report_checks -path_delay min (Hold)
============================================================================
======================= max_tt_025C_1v80 Corner ===================================

Startpoint: inst[2] (input port clocked by virtual_clk)
Endpoint: op_out[6] (output port clocked by virtual_clk)
Path Group: virtual_clk
Path Type: min

Fanout         Cap        Slew       Delay        Time   Description
---------------------------------------------------------------------------------------------
                      0.000000    0.000000    0.000000   clock virtual_clk (rise edge)
                                  0.000000    0.000000   clock network delay (ideal)
                                  2.000000    2.000000 ^ input external delay
     1    0.003521    0.000000    0.000000    2.000000 ^ inst[2] (in)
                                                         inst[2] (net)
                      0.000178    0.000089    2.000089 ^ input3/A (sky130_fd_sc_hd__buf_2)
     8    0.033743    0.167611    0.178314    2.178404 ^ input3/X (sky130_fd_sc_hd__buf_2)
                                                         net3 (net)
                      0.167638    0.001771    2.180175 ^ _694_/A (sky130_fd_sc_hd__nor3_4)
     8    0.033201    0.059752    0.100864    2.281038 v _694_/Y (sky130_fd_sc_hd__nor3_4)
                                                         _165_ (net)
                      0.060651    0.005730    2.286768 v _885_/A1 (sky130_fd_sc_hd__a31o_1)
     1    0.002486    0.032319    0.172581    2.459349 v _885_/X (sky130_fd_sc_hd__a31o_1)
                                                         net27 (net)
                      0.032319    0.000173    2.459522 v output27/A (sky130_fd_sc_hd__buf_1)
     1    0.000628    0.015533    0.069173    2.528695 v output27/X (sky130_fd_sc_hd__buf_1)
                                                         op_out[6] (net)
                      0.015533    0.000018    2.528713 v op_out[6] (out)
                                              2.528713   data arrival time

                      0.000000    0.000000    0.000000   clock virtual_clk (rise edge)
                                  0.000000    0.000000   clock network delay (ideal)
                                  0.000000    0.000000   clock reconvergence pessimism
                                 -2.000000   -2.000000   output external delay
                                             -2.000000   data required time
---------------------------------------------------------------------------------------------
                                             -2.000000   data required time
                                             -2.528713   data arrival time
---------------------------------------------------------------------------------------------
                                              4.528714   slack (MET)


Startpoint: op_a[4] (input port clocked by virtual_clk)
Endpoint: op_out[5] (output port clocked by virtual_clk)
Path Group: virtual_clk
Path Type: min

Fanout         Cap        Slew       Delay        Time   Description
---------------------------------------------------------------------------------------------
                      0.000000    0.000000    0.000000   clock virtual_clk (rise edge)
                                  0.000000    0.000000   clock network delay (ideal)
                                  2.000000    2.000000 ^ input external delay
     1    0.003546    0.000000    0.000000    2.000000 ^ op_a[4] (in)
                                                         op_a[4] (net)
                      0.000207    0.000104    2.000104 ^ input9/A (sky130_fd_sc_hd__clkbuf_2)
     4    0.031532    0.174556    0.179751    2.179855 ^ input9/X (sky130_fd_sc_hd__clkbuf_2)
                                                         net9 (net)
                      0.174637    0.003101    2.182956 ^ _840_/A1 (sky130_fd_sc_hd__a221o_1)
     1    0.003316    0.045454    0.176824    2.359780 ^ _840_/X (sky130_fd_sc_hd__a221o_1)
                                                         _319_ (net)
                      0.045454    0.000135    2.359915 ^ _842_/B (sky130_fd_sc_hd__or3_1)
     1    0.006487    0.068845    0.116787    2.476702 ^ _842_/X (sky130_fd_sc_hd__or3_1)
                                                         net26 (net)
                      0.068848    0.000502    2.477205 ^ output26/A (sky130_fd_sc_hd__buf_1)
     1    0.001299    0.028520    0.075233    2.552438 ^ output26/X (sky130_fd_sc_hd__buf_1)
                                                         op_out[5] (net)
                      0.028520    0.000036    2.552474 ^ op_out[5] (out)
                                              2.552474   data arrival time

                      0.000000    0.000000    0.000000   clock virtual_clk (rise edge)
                                  0.000000    0.000000   clock network delay (ideal)
                                  0.000000    0.000000   clock reconvergence pessimism
                                 -2.000000   -2.000000   output external delay
                                             -2.000000   data required time
---------------------------------------------------------------------------------------------
                                             -2.000000   data required time
                                             -2.552474   data arrival time
---------------------------------------------------------------------------------------------
                                              4.552474   slack (MET)


Startpoint: inst[3] (input port clocked by virtual_clk)
Endpoint: op_out[0] (output port clocked by virtual_clk)
Path Group: virtual_clk
Path Type: min

Fanout         Cap        Slew       Delay        Time   Description
---------------------------------------------------------------------------------------------
                      0.000000    0.000000    0.000000   clock virtual_clk (rise edge)
                                  0.000000    0.000000   clock network delay (ideal)
                                  2.000000    2.000000 ^ input external delay
     1    0.003235    0.000000    0.000000    2.000000 ^ inst[3] (in)
                                                         inst[3] (net)
                      0.000164    0.000082    2.000082 ^ input4/A (sky130_fd_sc_hd__buf_2)
    11    0.039241    0.193077    0.196609    2.196691 ^ input4/X (sky130_fd_sc_hd__buf_2)
                                                         net4 (net)
                      0.193101    0.001806    2.198497 ^ _685_/C1 (sky130_fd_sc_hd__o2111a_1)
     1    0.002215    0.043849    0.200410    2.398907 ^ _685_/X (sky130_fd_sc_hd__o2111a_1)
                                                         _156_ (net)
                      0.043849    0.000098    2.399005 ^ _700_/B (sky130_fd_sc_hd__or3_1)
     1    0.004027    0.047691    0.100550    2.499556 ^ _700_/X (sky130_fd_sc_hd__or3_1)
                                                         net21 (net)
                      0.047691    0.000285    2.499841 ^ output21/A (sky130_fd_sc_hd__buf_1)
     1    0.001200    0.027212    0.068415    2.568256 ^ output21/X (sky130_fd_sc_hd__buf_1)
                                                         op_out[0] (net)
                      0.027212    0.000032    2.568287 ^ op_out[0] (out)
                                              2.568287   data arrival time

                      0.000000    0.000000    0.000000   clock virtual_clk (rise edge)
                                  0.000000    0.000000   clock network delay (ideal)
                                  0.000000    0.000000   clock reconvergence pessimism
                                 -2.000000   -2.000000   output external delay
                                             -2.000000   data required time
---------------------------------------------------------------------------------------------
                                             -2.000000   data required time
                                             -2.568287   data arrival time
---------------------------------------------------------------------------------------------
                                              4.568287   slack (MET)


Startpoint: op_a[3] (input port clocked by virtual_clk)
Endpoint: op_out[4] (output port clocked by virtual_clk)
Path Group: virtual_clk
Path Type: min

Fanout         Cap        Slew       Delay        Time   Description
---------------------------------------------------------------------------------------------
                      0.000000    0.000000    0.000000   clock virtual_clk (rise edge)
                                  0.000000    0.000000   clock network delay (ideal)
                                  2.000000    2.000000 ^ input external delay
     1    0.003200    0.000000    0.000000    2.000000 ^ op_a[3] (in)
                                                         op_a[3] (net)
                      0.000199    0.000099    2.000099 ^ input8/A (sky130_fd_sc_hd__buf_4)
    15    0.068397    0.192443    0.198626    2.198725 ^ input8/X (sky130_fd_sc_hd__buf_4)
                                                         net8 (net)
                      0.193034    0.008733    2.207458 ^ _795_/B2 (sky130_fd_sc_hd__a32o_1)
     1    0.003506    0.056542    0.157755    2.365213 ^ _795_/X (sky130_fd_sc_hd__a32o_1)
                                                         _270_ (net)
                      0.056544    0.000238    2.365451 ^ _797_/B1 (sky130_fd_sc_hd__a211oi_1)
     1    0.004657    0.039840    0.053271    2.418722 v _797_/Y (sky130_fd_sc_hd__a211oi_1)
                                                         _272_ (net)
                      0.039841    0.000355    2.419077 v _798_/B1 (sky130_fd_sc_hd__o31ai_1)
     1    0.005511    0.079716    0.076442    2.495519 ^ _798_/Y (sky130_fd_sc_hd__o31ai_1)
                                                         net25 (net)
                      0.079717    0.000429    2.495948 ^ output25/A (sky130_fd_sc_hd__buf_1)
     1    0.000960    0.025261    0.075074    2.571023 ^ output25/X (sky130_fd_sc_hd__buf_1)
                                                         op_out[4] (net)
                      0.025261    0.000023    2.571046 ^ op_out[4] (out)
                                              2.571046   data arrival time

                      0.000000    0.000000    0.000000   clock virtual_clk (rise edge)
                                  0.000000    0.000000   clock network delay (ideal)
                                  0.000000    0.000000   clock reconvergence pessimism
                                 -2.000000   -2.000000   output external delay
                                             -2.000000   data required time
---------------------------------------------------------------------------------------------
                                             -2.000000   data required time
                                             -2.571046   data arrival time
---------------------------------------------------------------------------------------------
                                              4.571046   slack (MET)


Startpoint: op_a[6] (input port clocked by virtual_clk)
Endpoint: op_out[7] (output port clocked by virtual_clk)
Path Group: virtual_clk
Path Type: min

Fanout         Cap        Slew       Delay        Time   Description
---------------------------------------------------------------------------------------------
                      0.000000    0.000000    0.000000   clock virtual_clk (rise edge)
                                  0.000000    0.000000   clock network delay (ideal)
                                  2.000000    2.000000 ^ input external delay
     1    0.004060    0.000000    0.000000    2.000000 ^ op_a[6] (in)
                                                         op_a[6] (net)
                      0.000220    0.000110    2.000110 ^ input11/A (sky130_fd_sc_hd__buf_4)
    16    0.075618    0.211613    0.212984    2.213094 ^ input11/X (sky130_fd_sc_hd__buf_4)
                                                         net11 (net)
                      0.211822    0.005521    2.218616 ^ _922_/A1 (sky130_fd_sc_hd__a211o_1)
     1    0.007382    0.072729    0.183801    2.402417 ^ _922_/X (sky130_fd_sc_hd__a211o_1)
                                                         _407_ (net)
                      0.072732    0.000558    2.402975 ^ _923_/B1 (sky130_fd_sc_hd__a311o_1)
     1    0.002552    0.043590    0.108665    2.511640 ^ _923_/X (sky130_fd_sc_hd__a311o_1)
                                                         net28 (net)
                      0.043590    0.000186    2.511825 ^ output28/A (sky130_fd_sc_hd__buf_1)
     1    0.000460    0.019574    0.060488    2.572313 ^ output28/X (sky130_fd_sc_hd__buf_1)
                                                         op_out[7] (net)
                      0.019574    0.000012    2.572325 ^ op_out[7] (out)
                                              2.572325   data arrival time

                      0.000000    0.000000    0.000000   clock virtual_clk (rise edge)
                                  0.000000    0.000000   clock network delay (ideal)
                                  0.000000    0.000000   clock reconvergence pessimism
                                 -2.000000   -2.000000   output external delay
                                             -2.000000   data required time
---------------------------------------------------------------------------------------------
                                             -2.000000   data required time
                                             -2.572325   data arrival time
---------------------------------------------------------------------------------------------
                                              4.572325   slack (MET)


Startpoint: op_a[1] (input port clocked by virtual_clk)
Endpoint: op_out[2] (output port clocked by virtual_clk)
Path Group: virtual_clk
Path Type: min

Fanout         Cap        Slew       Delay        Time   Description
---------------------------------------------------------------------------------------------
                      0.000000    0.000000    0.000000   clock virtual_clk (rise edge)
                                  0.000000    0.000000   clock network delay (ideal)
                                  2.000000    2.000000 v input external delay
     1    0.002048    0.000000    0.000000    2.000000 v op_a[1] (in)
                                                         op_a[1] (net)
                      0.000123    0.000061    2.000061 v input6/A (sky130_fd_sc_hd__buf_2)
     6    0.039341    0.098281    0.166781    2.166842 v input6/X (sky130_fd_sc_hd__buf_2)
                                                         net6 (net)
                      0.099168    0.007521    2.174363 v _713_/A (sky130_fd_sc_hd__nand2_1)
     2    0.005744    0.067031    0.095750    2.270113 ^ _713_/Y (sky130_fd_sc_hd__nand2_1)
                                                         _183_ (net)
                      0.067031    0.000199    2.270313 ^ _725_/A1 (sky130_fd_sc_hd__a31oi_1)
     1    0.003326    0.044745    0.075778    2.346090 v _725_/Y (sky130_fd_sc_hd__a31oi_1)
                                                         _195_ (net)
                      0.044745    0.000226    2.346316 v _741_/A2 (sky130_fd_sc_hd__a21o_1)
     1    0.004402    0.038195    0.179015    2.525331 v _741_/X (sky130_fd_sc_hd__a21o_1)
                                                         net23 (net)
                      0.038198    0.000324    2.525655 v output23/A (sky130_fd_sc_hd__buf_1)
     1    0.001820    0.021576    0.079023    2.604679 v output23/X (sky130_fd_sc_hd__buf_1)
                                                         op_out[2] (net)
                      0.021576    0.000077    2.604755 v op_out[2] (out)
                                              2.604755   data arrival time

                      0.000000    0.000000    0.000000   clock virtual_clk (rise edge)
                                  0.000000    0.000000   clock network delay (ideal)
                                  0.000000    0.000000   clock reconvergence pessimism
                                 -2.000000   -2.000000   output external delay
                                             -2.000000   data required time
---------------------------------------------------------------------------------------------
                                             -2.000000   data required time
                                             -2.604755   data arrival time
---------------------------------------------------------------------------------------------
                                              4.604755   slack (MET)


Startpoint: op_a[0] (input port clocked by virtual_clk)
Endpoint: op_out[1] (output port clocked by virtual_clk)
Path Group: virtual_clk
Path Type: min

Fanout         Cap        Slew       Delay        Time   Description
---------------------------------------------------------------------------------------------
                      0.000000    0.000000    0.000000   clock virtual_clk (rise edge)
                                  0.000000    0.000000   clock network delay (ideal)
                                  2.000000    2.000000 ^ input external delay
     1    0.003103    0.000000    0.000000    2.000000 ^ op_a[0] (in)
                                                         op_a[0] (net)
                      0.000190    0.000095    2.000095 ^ input5/A (sky130_fd_sc_hd__clkbuf_2)
     6    0.034361    0.190115    0.188312    2.188407 ^ input5/X (sky130_fd_sc_hd__clkbuf_2)
                                                         net5 (net)
                      0.190265    0.004401    2.192807 ^ _709_/B2 (sky130_fd_sc_hd__a32o_1)
     1    0.002293    0.046632    0.146349    2.339156 ^ _709_/X (sky130_fd_sc_hd__a32o_1)
                                                         _179_ (net)
                      0.046633    0.000145    2.339301 ^ _710_/C (sky130_fd_sc_hd__or3_1)
     1    0.007986    0.081785    0.123852    2.463154 ^ _710_/X (sky130_fd_sc_hd__or3_1)
                                                         _180_ (net)
                      0.081788    0.000596    2.463750 ^ _718_/A (sky130_fd_sc_hd__or2_1)
     1    0.003665    0.046649    0.108328    2.572078 ^ _718_/X (sky130_fd_sc_hd__or2_1)
                                                         net22 (net)
                      0.046649    0.000235    2.572313 ^ output22/A (sky130_fd_sc_hd__buf_1)
     1    0.000926    0.024390    0.065648    2.637961 ^ output22/X (sky130_fd_sc_hd__buf_1)
                                                         op_out[1] (net)
                      0.024390    0.000022    2.637983 ^ op_out[1] (out)
                                              2.637983   data arrival time

                      0.000000    0.000000    0.000000   clock virtual_clk (rise edge)
                                  0.000000    0.000000   clock network delay (ideal)
                                  0.000000    0.000000   clock reconvergence pessimism
                                 -2.000000   -2.000000   output external delay
                                             -2.000000   data required time
---------------------------------------------------------------------------------------------
                                             -2.000000   data required time
                                             -2.637983   data arrival time
---------------------------------------------------------------------------------------------
                                              4.637983   slack (MET)


Startpoint: inst[2] (input port clocked by virtual_clk)
Endpoint: op_out[3] (output port clocked by virtual_clk)
Path Group: virtual_clk
Path Type: min

Fanout         Cap        Slew       Delay        Time   Description
---------------------------------------------------------------------------------------------
                      0.000000    0.000000    0.000000   clock virtual_clk (rise edge)
                                  0.000000    0.000000   clock network delay (ideal)
                                  2.000000    2.000000 ^ input external delay
     1    0.003521    0.000000    0.000000    2.000000 ^ inst[2] (in)
                                                         inst[2] (net)
                      0.000178    0.000089    2.000089 ^ input3/A (sky130_fd_sc_hd__buf_2)
     8    0.033743    0.167611    0.178314    2.178404 ^ input3/X (sky130_fd_sc_hd__buf_2)
                                                         net3 (net)
                      0.167643    0.001927    2.180330 ^ _690_/A (sky130_fd_sc_hd__or4b_4)
     8    0.038079    0.119638    0.227028    2.407358 ^ _690_/X (sky130_fd_sc_hd__or4b_4)
                                                         _161_ (net)
                      0.119775    0.003623    2.410981 ^ _749_/A (sky130_fd_sc_hd__or3b_1)
     1    0.003144    0.040403    0.124745    2.535726 ^ _749_/X (sky130_fd_sc_hd__or3b_1)
                                                         _221_ (net)
                      0.040403    0.000219    2.535945 ^ _770_/B (sky130_fd_sc_hd__nand2b_1)
     1    0.004625    0.045640    0.058761    2.594707 v _770_/Y (sky130_fd_sc_hd__nand2b_1)
                                                         net24 (net)
                      0.045641    0.000332    2.595038 v output24/A (sky130_fd_sc_hd__buf_1)
     1    0.001157    0.018326    0.078552    2.673590 v output24/X (sky130_fd_sc_hd__buf_1)
                                                         op_out[3] (net)
                      0.018326    0.000031    2.673621 v op_out[3] (out)
                                              2.673621   data arrival time

                      0.000000    0.000000    0.000000   clock virtual_clk (rise edge)
                                  0.000000    0.000000   clock network delay (ideal)
                                  0.000000    0.000000   clock reconvergence pessimism
                                 -2.000000   -2.000000   output external delay
                                             -2.000000   data required time
---------------------------------------------------------------------------------------------
                                             -2.000000   data required time
                                             -2.673621   data arrival time
---------------------------------------------------------------------------------------------
                                              4.673621   slack (MET)



