┏━━━━━━━━━━━━━━━━━━━━━━┳━━━━━━━━━━┳━━━━━━━━━━┳━━━━━━━━━━┳━━━━━━━━━━┳━━━━━━━━━━━┳━━━━━━━━━━┳━━━━━━━━━━━┳━━━━━━━━━━┳━━━━━━━━━━━┳━━━━━━━━━━┳━━━━━━━━━━━┳━━━━━━━━━━┓
┃                      ┃ Hold     ┃ Reg to   ┃          ┃          ┃ of which  ┃ Setup    ┃           ┃          ┃           ┃ of which ┃           ┃          ┃
┃                      ┃ Worst    ┃ Reg      ┃          ┃ Hold Vio ┃ reg to    ┃ Worst    ┃ Reg to    ┃ Setup    ┃ Setup Vio ┃ reg to   ┃ Max Cap   ┃ Max Slew ┃
┃ Corner/Group         ┃ Slack    ┃ Paths    ┃ Hold TNS ┃ Count    ┃ reg       ┃ Slack    ┃ Reg Paths ┃ TNS      ┃ Count     ┃ reg      ┃ Violatio… ┃ Violati… ┃
┡━━━━━━━━━━━━━━━━━━━━━━╇━━━━━━━━━━╇━━━━━━━━━━╇━━━━━━━━━━╇━━━━━━━━━━╇━━━━━━━━━━━╇━━━━━━━━━━╇━━━━━━━━━━━╇━━━━━━━━━━╇━━━━━━━━━━━╇━━━━━━━━━━╇━━━━━━━━━━━╇━━━━━━━━━━┩
│ Overall              │ 4.1563   │ N/A      │ 0.0000   │ 0        │ 0         │ -12.5892 │ N/A       │ -38.0512 │ 36        │ 0        │ 0         │ 0        │
│ nom_tt_025C_1v80     │ 4.3874   │ N/A      │ 0.0000   │ 0        │ 0         │ -3.6818  │ N/A       │ -7.0274  │ 3         │ 0        │ 0         │ 0        │
│ nom_ss_100C_1v60     │ 4.9404   │ N/A      │ 0.0000   │ 0        │ 0         │ -12.4458 │ N/A       │ -37.1977 │ 8         │ 0        │ 0         │ 0        │
│ nom_ff_n40C_1v95     │ 4.1654   │ N/A      │ 0.0000   │ 0        │ 0         │ -0.1320  │ N/A       │ -0.1320  │ 1         │ 0        │ 0         │ 0        │
│ min_tt_025C_1v80     │ 4.3746   │ N/A      │ 0.0000   │ 0        │ 0         │ -3.6081  │ N/A       │ -6.8283  │ 3         │ 0        │ 0         │ 0        │
│ min_ss_100C_1v60     │ 4.9194   │ N/A      │ 0.0000   │ 0        │ 0         │ -12.3062 │ N/A       │ -36.3988 │ 8         │ 0        │ 0         │ 0        │
│ min_ff_n40C_1v95     │ 4.1563   │ N/A      │ 0.0000   │ 0        │ 0         │ -0.0701  │ N/A       │ -0.0701  │ 1         │ 0        │ 0         │ 0        │
│ max_tt_025C_1v80     │ 4.4028   │ N/A      │ 0.0000   │ 0        │ 0         │ -3.7552  │ N/A       │ -7.2320  │ 3         │ 0        │ 0         │ 0        │
│ max_ss_100C_1v60     │ 4.9658   │ N/A      │ 0.0000   │ 0        │ 0         │ -12.5892 │ N/A       │ -38.0512 │ 8         │ 0        │ 0         │ 0        │
│ max_ff_n40C_1v95     │ 4.1755   │ N/A      │ 0.0000   │ 0        │ 0         │ -0.1957  │ N/A       │ -0.1957  │ 1         │ 0        │ 0         │ 0        │
└──────────────────────┴──────────┴──────────┴──────────┴──────────┴───────────┴──────────┴───────────┴──────────┴───────────┴──────────┴───────────┴──────────┘
