                                                                        Cells by Master                                                                         
┏━━━━━━━━━━━━━━━━━━━━━━━━━━━━━━━━━━━━━━━━━━━━━━━━━━━━━━━━━━━━━━━━━━━━━━━━━━━━━━━━━━━━━━━━━━━━━━━━━━━━━━━━━━━━━━━━━━━━━━━━━━━━━━━━━━┳━━━━━━━━━━━━━━━━━━━━━━━━━━━┓
┃ Cell                                                                                                                             ┃ Count                     ┃
┡━━━━━━━━━━━━━━━━━━━━━━━━━━━━━━━━━━━━━━━━━━━━━━━━━━━━━━━━━━━━━━━━━━━━━━━━━━━━━━━━━━━━━━━━━━━━━━━━━━━━━━━━━━━━━━━━━━━━━━━━━━━━━━━━━━╇━━━━━━━━━━━━━━━━━━━━━━━━━━━┩
│ sky130_ef_sc_hd__decap_12                                                                                                        │ 485                       │
│ sky130_fd_sc_hd__a2111o_1                                                                                                        │ 1                         │
│ sky130_fd_sc_hd__a2111oi_1                                                                                                       │ 1                         │
│ sky130_fd_sc_hd__a211o_1                                                                                                         │ 15                        │
│ sky130_fd_sc_hd__a211o_2                                                                                                         │ 1                         │
│ sky130_fd_sc_hd__a211oi_1                                                                                                        │ 3                         │
│ sky130_fd_sc_hd__a211oi_2                                                                                                        │ 2                         │
│ sky130_fd_sc_hd__a21o_1                                                                                                          │ 25                        │
│ sky130_fd_sc_hd__a21oi_1                                                                                                         │ 24                        │
│ sky130_fd_sc_hd__a21oi_2                                                                                                         │ 2                         │
│ sky130_fd_sc_hd__a21oi_4                                                                                                         │ 2                         │
│ sky130_fd_sc_hd__a221o_1                                                                                                         │ 5                         │
│ sky130_fd_sc_hd__a22o_1                                                                                                          │ 7                         │
│ sky130_fd_sc_hd__a22oi_1                                                                                                         │ 5                         │
│ sky130_fd_sc_hd__a311o_1                                                                                                         │ 4                         │
│ sky130_fd_sc_hd__a311oi_2                                                                                                        │ 1                         │
│ sky130_fd_sc_hd__a311oi_4                                                                                                        │ 1                         │
│ sky130_fd_sc_hd__a31o_1                                                                                                          │ 7                         │
│ sky130_fd_sc_hd__a31oi_1                                                                                                         │ 1                         │
│ sky130_fd_sc_hd__a31oi_2                                                                                                         │ 1                         │
│ sky130_fd_sc_hd__a32o_1                                                                                                          │ 8                         │
│ sky130_fd_sc_hd__and2_1                                                                                                          │ 15                        │
│ sky130_fd_sc_hd__and2b_1                                                                                                         │ 6                         │
│ sky130_fd_sc_hd__and3_1                                                                                                          │ 20                        │
│ sky130_fd_sc_hd__and3b_1                                                                                                         │ 1                         │
│ sky130_fd_sc_hd__and3b_2                                                                                                         │ 1                         │
│ sky130_fd_sc_hd__and4_1                                                                                                          │ 4                         │
│ sky130_fd_sc_hd__and4b_1                                                                                                         │ 1                         │
│ sky130_fd_sc_hd__and4b_2                                                                                                         │ 2                         │
│ sky130_fd_sc_hd__and4bb_2                                                                                                        │ 2                         │
│ sky130_fd_sc_hd__buf_1                                                                                                           │ 8                         │
│ sky130_fd_sc_hd__buf_2                                                                                                           │ 24                        │
│ sky130_fd_sc_hd__buf_4                                                                                                           │ 1                         │
│ sky130_fd_sc_hd__buf_6                                                                                                           │ 1                         │
│ sky130_fd_sc_hd__clkbuf_1                                                                                                        │ 8                         │
│ sky130_fd_sc_hd__clkbuf_2                                                                                                        │ 10                        │
│ sky130_fd_sc_hd__clkbuf_4                                                                                                        │ 13                        │
│ sky130_fd_sc_hd__decap_3                                                                                                         │ 165                       │
│ sky130_fd_sc_hd__decap_4                                                                                                         │ 83                        │
│ sky130_fd_sc_hd__decap_6                                                                                                         │ 102                       │
│ sky130_fd_sc_hd__decap_8                                                                                                         │ 89                        │
│ sky130_fd_sc_hd__dlygate4sd1_1                                                                                                   │ 1                         │
│ sky130_fd_sc_hd__dlymetal6s2s_1                                                                                                  │ 4                         │
│ sky130_fd_sc_hd__fill_1                                                                                                          │ 190                       │
│ sky130_fd_sc_hd__fill_2                                                                                                          │ 88                        │
│ sky130_fd_sc_hd__inv_2                                                                                                           │ 19                        │
│ sky130_fd_sc_hd__mux2_1                                                                                                          │ 9                         │
│ sky130_fd_sc_hd__mux2_2                                                                                                          │ 2                         │
│ sky130_fd_sc_hd__nand2_1                                                                                                         │ 49                        │
│ sky130_fd_sc_hd__nand2b_1                                                                                                        │ 6                         │
│ sky130_fd_sc_hd__nand3_1                                                                                                         │ 2                         │
│ sky130_fd_sc_hd__nand4_1                                                                                                         │ 2                         │
│ sky130_fd_sc_hd__nand4b_1                                                                                                        │ 1                         │
│ sky130_fd_sc_hd__nor2_1                                                                                                          │ 36                        │
│ sky130_fd_sc_hd__nor3_1                                                                                                          │ 5                         │
│ sky130_fd_sc_hd__nor4_1                                                                                                          │ 2                         │
│ sky130_fd_sc_hd__o2111a_1                                                                                                        │ 1                         │
│ sky130_fd_sc_hd__o211a_1                                                                                                         │ 7                         │
│ sky130_fd_sc_hd__o211ai_2                                                                                                        │ 1                         │
│ sky130_fd_sc_hd__o21a_1                                                                                                          │ 9                         │
│ sky130_fd_sc_hd__o21ai_1                                                                                                         │ 6                         │
│ sky130_fd_sc_hd__o21ai_2                                                                                                         │ 1                         │
│ sky130_fd_sc_hd__o21ba_1                                                                                                         │ 2                         │
│ sky130_fd_sc_hd__o21bai_1                                                                                                        │ 4                         │
│ sky130_fd_sc_hd__o221a_1                                                                                                         │ 1                         │
│ sky130_fd_sc_hd__o22a_1                                                                                                          │ 9                         │
│ sky130_fd_sc_hd__o2bb2a_1                                                                                                        │ 2                         │
│ sky130_fd_sc_hd__o31a_1                                                                                                          │ 3                         │
│ sky130_fd_sc_hd__o31ai_1                                                                                                         │ 1                         │
│ sky130_fd_sc_hd__o32a_1                                                                                                          │ 1                         │
│ sky130_fd_sc_hd__o41ai_4                                                                                                         │ 1                         │
│ sky130_fd_sc_hd__or2_1                                                                                                           │ 28                        │
│ sky130_fd_sc_hd__or2_2                                                                                                           │ 2                         │
│ sky130_fd_sc_hd__or3_1                                                                                                           │ 12                        │
│ sky130_fd_sc_hd__or3b_1                                                                                                          │ 3                         │
│ sky130_fd_sc_hd__or3b_4                                                                                                          │ 1                         │
│ sky130_fd_sc_hd__or4_1                                                                                                           │ 6                         │
│ sky130_fd_sc_hd__or4_4                                                                                                           │ 1                         │
│ sky130_fd_sc_hd__or4b_1                                                                                                          │ 2                         │
│ sky130_fd_sc_hd__or4b_4                                                                                                          │ 2                         │
│ sky130_fd_sc_hd__or4bb_4                                                                                                         │ 1                         │
│ sky130_fd_sc_hd__tapvpwrvgnd_1                                                                                                   │ 207                       │
│ sky130_fd_sc_hd__xnor2_1                                                                                                         │ 44                        │
│ sky130_fd_sc_hd__xnor2_2                                                                                                         │ 2                         │
│ sky130_fd_sc_hd__xor2_1                                                                                                          │ 12                        │
└──────────────────────────────────────────────────────────────────────────────────────────────────────────────────────────────────┴───────────────────────────┘
