Reading OpenROAD database at '/home/letienthanh/8bitalu/runs/RUN_2026-08-05_09-54-51/20-openroad-generatepdn/alu8bit.odb'…
Reading library file at '/home/letienthanh/.volare/volare/sky130/versions/0fe599b2afb6708d281543108caf8310912f54af/sky130A/libs.ref/sky130_fd_sc_hd/lib/sky130_fd_sc_hd__tt_025C_1v80.lib'…
Reading design constraints file at '/nix/store/ss2cw3sxbrwwx9jl0rrppbw4kgcmgi2n-python3-3.11.9-env/lib/python3.11/site-packages/openlane/scripts/base.sdc'…
[WARNING STA-0366] port '__VIRTUAL_CLK__' not found.
[INFO] Using clock __VIRTUAL_CLK__…
[INFO] Setting output delay to: 2
[INFO] Setting input delay to: 2
[WARNING STA-0366] port '__VIRTUAL_CLK__' not found.
[INFO] Setting load to: 0.033442
[INFO] Setting clock uncertainty to: 0.25
[INFO] Setting clock transition to: 0.1499999999999999944488848768742172978818416595458984375
[WARNING STA-0419] transition time can not be specified for virtual clocks.
[INFO] Setting timing derate to: 5%
[WARNING STA-0450] virtual clock __VIRTUAL_CLK__ can not be propagated.
+ global_placement -density 0.5 -skip_io -pad_right 0 -pad_left 0 -init_wirelength_coef 0.25
[INFO GPL-0002] DBU: 1000
[INFO GPL-0003] SiteSize: (  0.460  2.720 ) um
[INFO GPL-0004] CoreBBox: (  5.520 10.880 ) ( 126.040 130.560 ) um
[INFO GPL-0006] NumInstances:               761
[INFO GPL-0007] NumPlaceInstances:          466
[INFO GPL-0008] NumFixedInstances:          295
[INFO GPL-0009] NumDummyInstances:            0
[INFO GPL-0010] NumNets:                    486
[INFO GPL-0011] NumPins:                   1767
[INFO GPL-0012] DieBBox:  (  0.000  0.000 ) ( 131.705 142.425 ) um
[INFO GPL-0013] CoreBBox: (  5.520 10.880 ) ( 126.040 130.560 ) um
[INFO GPL-0016] CoreArea:             14423.834 um^2
[INFO GPL-0017] NonPlaceInstsArea:      589.315 um^2
[INFO GPL-0018] PlaceInstsArea:        4367.939 um^2
[INFO GPL-0019] Util:                    31.573 %
[INFO GPL-0020] StdInstsArea:          4367.939 um^2
[INFO GPL-0021] MacroInstsArea:           0.000 um^2
[INFO GPL-0031] FillerInit:NumGCells:       741
[INFO GPL-0032] FillerInit:NumGNets:        486
[INFO GPL-0033] FillerInit:NumGPins:       1767
[INFO GPL-0023] TargetDensity:            0.500
[INFO GPL-0024] AvrgPlaceInstArea:        9.373 um^2
[INFO GPL-0025] IdealBinArea:            18.747 um^2
[INFO GPL-0026] IdealBinCnt:                769
[INFO GPL-0027] TotalBinArea:         14423.834 um^2
[INFO GPL-0028] BinCnt:        16     16
[INFO GPL-0029] BinSize: (  7.533  7.480 )
[INFO GPL-0030] NumBins: 256
[NesterovSolve] Iter:    1 overflow: 0.974 HPWL: 1196387
[NesterovSolve] Iter:   10 overflow: 0.974 HPWL: 781687
[NesterovSolve] Iter:   20 overflow: 0.974 HPWL: 780381
[NesterovSolve] Iter:   30 overflow: 0.974 HPWL: 780200
[NesterovSolve] Iter:   40 overflow: 0.974 HPWL: 780333
[NesterovSolve] Iter:   50 overflow: 0.974 HPWL: 780665
[NesterovSolve] Iter:   60 overflow: 0.974 HPWL: 781110
[NesterovSolve] Iter:   70 overflow: 0.974 HPWL: 782187
[NesterovSolve] Iter:   80 overflow: 0.974 HPWL: 784208
[NesterovSolve] Iter:   90 overflow: 0.973 HPWL: 787313
[NesterovSolve] Iter:  100 overflow: 0.973 HPWL: 791665
[NesterovSolve] Iter:  110 overflow: 0.973 HPWL: 797444
[NesterovSolve] Iter:  120 overflow: 0.973 HPWL: 806788
[NesterovSolve] Iter:  130 overflow: 0.972 HPWL: 817489
[NesterovSolve] Iter:  140 overflow: 0.970 HPWL: 825801
[NesterovSolve] Iter:  150 overflow: 0.959 HPWL: 838071
[NesterovSolve] Iter:  160 overflow: 0.946 HPWL: 1039734
[NesterovSolve] Iter:  170 overflow: 0.917 HPWL: 1629076
[NesterovSolve] Iter:  180 overflow: 0.885 HPWL: 1920030
[NesterovSolve] Iter:  190 overflow: 0.835 HPWL: 2479649
[NesterovSolve] Iter:  200 overflow: 0.799 HPWL: 3006749
[NesterovSolve] Iter:  210 overflow: 0.756 HPWL: 3250589
[NesterovSolve] Iter:  220 overflow: 0.719 HPWL: 3754893
[NesterovSolve] Iter:  230 overflow: 0.680 HPWL: 4063058
[NesterovSolve] Iter:  240 overflow: 0.630 HPWL: 4498969
[NesterovSolve] Iter:  250 overflow: 0.578 HPWL: 4892647
[NesterovSolve] Iter:  260 overflow: 0.531 HPWL: 5195592
[NesterovSolve] Iter:  270 overflow: 0.481 HPWL: 5577756
[NesterovSolve] Iter:  280 overflow: 0.431 HPWL: 5896813
[NesterovSolve] Iter:  290 overflow: 0.378 HPWL: 6120803
[NesterovSolve] Iter:  300 overflow: 0.328 HPWL: 6360533
[NesterovSolve] Iter:  310 overflow: 0.289 HPWL: 6499981
[NesterovSolve] Iter:  320 overflow: 0.254 HPWL: 6627411
[NesterovSolve] Iter:  330 overflow: 0.222 HPWL: 6760445
[NesterovSolve] Iter:  340 overflow: 0.196 HPWL: 6886368
[NesterovSolve] Iter:  350 overflow: 0.172 HPWL: 6997825
[NesterovSolve] Iter:  360 overflow: 0.144 HPWL: 7070681
[NesterovSolve] Iter:  370 overflow: 0.122 HPWL: 7128864
[NesterovSolve] Iter:  380 overflow: 0.105 HPWL: 7184404
[NesterovSolve] Finished with Overflow: 0.099522
[INFO] Setting RC values…
Setting global connections for newly added cells…
[INFO] Setting global connections...
Updating metrics…
Cell type report:                       Count       Area
  Fill cell                                88     330.32
  Tap cell                                207     259.00
  Inverter                                 19      71.32
  Multi-Input combinational cell          447    4296.62
  Total                                   761    4957.25
Writing OpenROAD database to '/home/letienthanh/8bitalu/runs/RUN_2026-08-05_09-54-51/23-openroad-globalplacementskipio/alu8bit.odb'…
Writing netlist to '/home/letienthanh/8bitalu/runs/RUN_2026-08-05_09-54-51/23-openroad-globalplacementskipio/alu8bit.nl.v'…
Writing powered netlist to '/home/letienthanh/8bitalu/runs/RUN_2026-08-05_09-54-51/23-openroad-globalplacementskipio/alu8bit.pnl.v'…
Writing layout to '/home/letienthanh/8bitalu/runs/RUN_2026-08-05_09-54-51/23-openroad-globalplacementskipio/alu8bit.def'…
Writing timing constraints to '/home/letienthanh/8bitalu/runs/RUN_2026-08-05_09-54-51/23-openroad-globalplacementskipio/alu8bit.sdc'…
