Reading OpenROAD database at '/home/letienthanh/8bitalu/runs/RUN_2026-08-05_11-42-16/41-openroad-repairantennas/1-diodeinsertion/alu8bit.odb'…
Reading library file at '/home/letienthanh/.volare/volare/sky130/versions/0fe599b2afb6708d281543108caf8310912f54af/sky130A/libs.ref/sky130_fd_sc_hd/lib/sky130_fd_sc_hd__tt_025C_1v80.lib'…
Reading design constraints file at '/nix/store/ss2cw3sxbrwwx9jl0rrppbw4kgcmgi2n-python3-3.11.9-env/lib/python3.11/site-packages/openlane/scripts/base.sdc'…
[WARNING STA-0366] port '__VIRTUAL_CLK__' not found.
[INFO] Using clock __VIRTUAL_CLK__…
[INFO] Setting output delay to: 4
[INFO] Setting input delay to: 4
[WARNING STA-0366] port '__VIRTUAL_CLK__' not found.
[INFO] Setting load to: 0.033442
[INFO] Setting clock uncertainty to: 0.25
[INFO] Setting clock transition to: 0.1499999999999999944488848768742172978818416595458984375
[WARNING STA-0419] transition time can not be specified for virtual clocks.
[INFO] Setting timing derate to: 5%
[WARNING STA-0450] virtual clock __VIRTUAL_CLK__ can not be propagated.
[INFO ORD-0030] Using 16 thread(s).
[INFO DRT-0149] Reading tech and libs.
[WARNING DRT-0349] LEF58_ENCLOSURE with no CUTCLASS is not supported. Skipping for layer mcon
[WARNING DRT-0349] LEF58_ENCLOSURE with no CUTCLASS is not supported. Skipping for layer mcon
[WARNING DRT-0349] LEF58_ENCLOSURE with no CUTCLASS is not supported. Skipping for layer via
[WARNING DRT-0349] LEF58_ENCLOSURE with no CUTCLASS is not supported. Skipping for layer via
[WARNING DRT-0349] LEF58_ENCLOSURE with no CUTCLASS is not supported. Skipping for layer via2
[WARNING DRT-0349] LEF58_ENCLOSURE with no CUTCLASS is not supported. Skipping for layer via2
[WARNING DRT-0349] LEF58_ENCLOSURE with no CUTCLASS is not supported. Skipping for layer via3
[WARNING DRT-0349] LEF58_ENCLOSURE with no CUTCLASS is not supported. Skipping for layer via3
[WARNING DRT-0349] LEF58_ENCLOSURE with no CUTCLASS is not supported. Skipping for layer via4
[WARNING DRT-0349] LEF58_ENCLOSURE with no CUTCLASS is not supported. Skipping for layer via4

Units:                1000
Number of layers:     13
Number of macros:     441
Number of vias:       28
Number of viarulegen: 25

[INFO DRT-0150] Reading design.

Design:                   alu8bit
Die area:                 ( 0 0 ) ( 131705 142425 )
Number of track patterns: 12
Number of DEF vias:       0
Number of components:     858
Number of terminals:      30
Number of snets:          2
Number of nets:           583

[INFO DRT-0167] List of default vias:
  Layer via
    default via: M1M2_PR
  Layer via2
    default via: M2M3_PR
  Layer via3
    default via: M3M4_PR
  Layer via4
    default via: M4M5_PR
[INFO DRT-0162] Library cell analysis.
[INFO DRT-0163] Instance analysis.
[INFO DRT-0164] Number of unique instances = 206.
[INFO DRT-0168] Init region query.
[INFO DRT-0024]   Complete FR_MASTERSLICE.
[INFO DRT-0024]   Complete licon.
[INFO DRT-0024]   Complete li1.
[INFO DRT-0024]   Complete mcon.
[INFO DRT-0024]   Complete met1.
[INFO DRT-0024]   Complete via.
[INFO DRT-0024]   Complete met2.
[INFO DRT-0024]   Complete via2.
[INFO DRT-0024]   Complete met3.
[INFO DRT-0024]   Complete via3.
[INFO DRT-0024]   Complete met4.
[INFO DRT-0024]   Complete via4.
[INFO DRT-0024]   Complete met5.
[INFO DRT-0033] FR_MASTERSLICE shape region query size = 0.
[INFO DRT-0033] licon shape region query size = 0.
[INFO DRT-0033] li1 shape region query size = 17032.
[INFO DRT-0033] mcon shape region query size = 0.
[INFO DRT-0033] met1 shape region query size = 1817.
[INFO DRT-0033] via shape region query size = 225.
[INFO DRT-0033] met2 shape region query size = 147.
[INFO DRT-0033] via2 shape region query size = 180.
[INFO DRT-0033] met3 shape region query size = 151.
[INFO DRT-0033] via3 shape region query size = 180.
[INFO DRT-0033] met4 shape region query size = 49.
[INFO DRT-0033] via4 shape region query size = 0.
[INFO DRT-0033] met5 shape region query size = 0.
[INFO DRT-0165] Start pin access.
[INFO DRT-0078]   Complete 781 pins.
[INFO DRT-0079]   Complete 100 unique inst patterns.
[INFO DRT-0079]   Complete 200 unique inst patterns.
[INFO DRT-0081]   Complete 200 unique inst patterns.
[INFO DRT-0084]   Complete 328 groups.
#scanned instances     = 858
#unique  instances     = 206
#stdCellGenAp          = 5751
#stdCellValidPlanarAp  = 7
#stdCellValidViaAp     = 4562
#stdCellPinNoAp        = 0
#stdCellPinCnt         = 1961
#instTermValidViaApCnt = 0
#macroGenAp            = 0
#macroValidPlanarAp    = 0
#macroValidViaAp       = 0
#macroNoAp             = 0
[INFO DRT-0166] Complete pin access.
[INFO DRT-0267] cpu time = 00:00:21, elapsed time = 00:00:01, memory = 145.68 (MB), peak = 144.46 (MB)

[INFO DRT-0157] Number of guides:     4064

[INFO DRT-0169] Post process guides.
[INFO DRT-0176] GCELLGRID X 0 DO 19 STEP 6900 ;
[INFO DRT-0177] GCELLGRID Y 0 DO 20 STEP 6900 ;
[INFO DRT-0028]   Complete FR_MASTERSLICE.
[INFO DRT-0028]   Complete licon.
[INFO DRT-0028]   Complete li1.
[INFO DRT-0028]   Complete mcon.
[INFO DRT-0028]   Complete met1.
[INFO DRT-0028]   Complete via.
[INFO DRT-0028]   Complete met2.
[INFO DRT-0028]   Complete via2.
[INFO DRT-0028]   Complete met3.
[INFO DRT-0028]   Complete via3.
[INFO DRT-0028]   Complete met4.
[INFO DRT-0028]   Complete via4.
[INFO DRT-0028]   Complete met5.
[INFO DRT-0178] Init guide query.
[INFO DRT-0035]   Complete FR_MASTERSLICE (guide).
[INFO DRT-0035]   Complete licon (guide).
[INFO DRT-0035]   Complete li1 (guide).
[INFO DRT-0035]   Complete mcon (guide).
[INFO DRT-0035]   Complete met1 (guide).
[INFO DRT-0035]   Complete via (guide).
[INFO DRT-0035]   Complete met2 (guide).
[INFO DRT-0035]   Complete via2 (guide).
[INFO DRT-0035]   Complete met3 (guide).
[INFO DRT-0035]   Complete via3 (guide).
[INFO DRT-0035]   Complete met4 (guide).
[INFO DRT-0035]   Complete via4 (guide).
[INFO DRT-0035]   Complete met5 (guide).
[INFO DRT-0036] FR_MASTERSLICE guide region query size = 0.
[INFO DRT-0036] licon guide region query size = 0.
[INFO DRT-0036] li1 guide region query size = 1483.
[INFO DRT-0036] mcon guide region query size = 0.
[INFO DRT-0036] met1 guide region query size = 1085.
[INFO DRT-0036] via guide region query size = 0.
[INFO DRT-0036] met2 guide region query size = 566.
[INFO DRT-0036] via2 guide region query size = 0.
[INFO DRT-0036] met3 guide region query size = 42.
[INFO DRT-0036] via3 guide region query size = 0.
[INFO DRT-0036] met4 guide region query size = 6.
[INFO DRT-0036] via4 guide region query size = 0.
[INFO DRT-0036] met5 guide region query size = 0.
[INFO DRT-0179] Init gr pin query.
[INFO DRT-0245] skipped writing guide updates to database.
[INFO DRT-0185] Post process initialize RPin region query.
[INFO DRT-0181] Start track assignment.
[INFO DRT-0184] Done with 2055 vertical wires in 1 frboxes and 1127 horizontal wires in 1 frboxes.
[INFO DRT-0186] Done with 174 vertical wires in 1 frboxes and 362 horizontal wires in 1 frboxes.
[INFO DRT-0182] Complete track assignment.
[INFO DRT-0267] cpu time = 00:00:01, elapsed time = 00:00:00, memory = 151.83 (MB), peak = 150.59 (MB)
[INFO DRT-0187] Start routing data preparation.
[INFO DRT-0267] cpu time = 00:00:00, elapsed time = 00:00:00, memory = 151.89 (MB), peak = 150.59 (MB)
[INFO DRT-0194] Start detail routing.
[INFO DRT-0195] Start 0th optimization iteration.
    Completing 10% with 0 violations.
    elapsed time = 00:00:00, memory = 152.20 (MB).
    Completing 20% with 0 violations.
    elapsed time = 00:00:00, memory = 177.20 (MB).
    Completing 30% with 0 violations.
    elapsed time = 00:00:00, memory = 179.93 (MB).
    Completing 40% with 0 violations.
    elapsed time = 00:00:00, memory = 168.25 (MB).
    Completing 50% with 58 violations.
    elapsed time = 00:00:01, memory = 195.21 (MB).
    Completing 60% with 58 violations.
    elapsed time = 00:00:01, memory = 178.95 (MB).
    Completing 70% with 165 violations.
    elapsed time = 00:00:01, memory = 203.06 (MB).
    Completing 80% with 165 violations.
    elapsed time = 00:00:03, memory = 185.04 (MB).
    Completing 90% with 230 violations.
    elapsed time = 00:00:05, memory = 189.88 (MB).
    Completing 100% with 282 violations.
    elapsed time = 00:00:05, memory = 189.88 (MB).
[INFO DRT-0199]   Number of violations = 299.
Viol/Layer         li1   met1   met2   met3
Metal Spacing        9     53      8      8
Recheck              0     12      5      0
Short                0    182     22      0
[INFO DRT-0267] cpu time = 00:00:17, elapsed time = 00:00:05, memory = 536.74 (MB), peak = 535.02 (MB)
Total wire length = 13141 um.
Total wire length on LAYER li1 = 0 um.
Total wire length on LAYER met1 = 6693 um.
Total wire length on LAYER met2 = 5803 um.
Total wire length on LAYER met3 = 473 um.
Total wire length on LAYER met4 = 171 um.
Total wire length on LAYER met5 = 0 um.
Total number of vias = 3980.
Up-via summary (total 3980):

-----------------------
 FR_MASTERSLICE       0
            li1    1964
           met1    1948
           met2      60
           met3       8
           met4       0
-----------------------
                   3980


[INFO DRT-0195] Start 1st optimization iteration.
    Completing 10% with 299 violations.
    elapsed time = 00:00:00, memory = 536.74 (MB).
    Completing 20% with 299 violations.
    elapsed time = 00:00:00, memory = 584.00 (MB).
    Completing 30% with 299 violations.
    elapsed time = 00:00:01, memory = 588.02 (MB).
    Completing 40% with 215 violations.
    elapsed time = 00:00:01, memory = 588.02 (MB).
    Completing 50% with 215 violations.
    elapsed time = 00:00:01, memory = 593.51 (MB).
    Completing 60% with 215 violations.
    elapsed time = 00:00:02, memory = 604.50 (MB).
    Completing 70% with 191 violations.
    elapsed time = 00:00:02, memory = 604.50 (MB).
    Completing 80% with 191 violations.
    elapsed time = 00:00:04, memory = 604.50 (MB).
    Completing 90% with 128 violations.
    elapsed time = 00:00:04, memory = 546.30 (MB).
    Completing 100% with 98 violations.
    elapsed time = 00:00:05, memory = 336.77 (MB).
[INFO DRT-0199]   Number of violations = 98.
Viol/Layer        met1   met2   met3
Metal Spacing       26      6      4
Short               62      0      0
[INFO DRT-0267] cpu time = 00:00:18, elapsed time = 00:00:05, memory = 608.68 (MB), peak = 630.64 (MB)
Total wire length = 13009 um.
Total wire length on LAYER li1 = 0 um.
Total wire length on LAYER met1 = 6576 um.
Total wire length on LAYER met2 = 5769 um.
Total wire length on LAYER met3 = 497 um.
Total wire length on LAYER met4 = 166 um.
Total wire length on LAYER met5 = 0 um.
Total number of vias = 3945.
Up-via summary (total 3945):

-----------------------
 FR_MASTERSLICE       0
            li1    1960
           met1    1914
           met2      63
           met3       8
           met4       0
-----------------------
                   3945


[INFO DRT-0195] Start 2nd optimization iteration.
    Completing 10% with 98 violations.
    elapsed time = 00:00:00, memory = 608.68 (MB).
    Completing 20% with 98 violations.
    elapsed time = 00:00:02, memory = 629.35 (MB).
    Completing 30% with 91 violations.
    elapsed time = 00:00:02, memory = 629.35 (MB).
    Completing 40% with 91 violations.
    elapsed time = 00:00:02, memory = 646.35 (MB).
    Completing 50% with 91 violations.
    elapsed time = 00:00:02, memory = 648.03 (MB).
    Completing 60% with 87 violations.
    elapsed time = 00:00:02, memory = 648.03 (MB).
    Completing 70% with 87 violations.
    elapsed time = 00:00:05, memory = 682.71 (MB).
    Completing 80% with 65 violations.
    elapsed time = 00:00:05, memory = 410.00 (MB).
    Completing 90% with 65 violations.
    elapsed time = 00:00:05, memory = 419.58 (MB).
    Completing 100% with 67 violations.
    elapsed time = 00:00:05, memory = 419.58 (MB).
[INFO DRT-0199]   Number of violations = 67.
Viol/Layer        met1   met2
Metal Spacing       16      4
Short               46      1
[INFO DRT-0267] cpu time = 00:00:18, elapsed time = 00:00:05, memory = 692.42 (MB), peak = 690.98 (MB)
Total wire length = 12987 um.
Total wire length on LAYER li1 = 0 um.
Total wire length on LAYER met1 = 6584 um.
Total wire length on LAYER met2 = 5704 um.
Total wire length on LAYER met3 = 531 um.
Total wire length on LAYER met4 = 166 um.
Total wire length on LAYER met5 = 0 um.
Total number of vias = 3961.
Up-via summary (total 3961):

-----------------------
 FR_MASTERSLICE       0
            li1    1960
           met1    1925
           met2      68
           met3       8
           met4       0
-----------------------
                   3961


[INFO DRT-0195] Start 3rd optimization iteration.
    Completing 10% with 67 violations.
    elapsed time = 00:00:00, memory = 692.42 (MB).
    Completing 20% with 67 violations.
    elapsed time = 00:00:00, memory = 692.42 (MB).
    Completing 30% with 67 violations.
    elapsed time = 00:00:00, memory = 702.75 (MB).
    Completing 40% with 67 violations.
    elapsed time = 00:00:00, memory = 704.93 (MB).
    Completing 50% with 33 violations.
    elapsed time = 00:00:00, memory = 435.93 (MB).
    Completing 60% with 33 violations.
    elapsed time = 00:00:01, memory = 435.93 (MB).
    Completing 70% with 25 violations.
    elapsed time = 00:00:01, memory = 435.93 (MB).
    Completing 80% with 25 violations.
    elapsed time = 00:00:02, memory = 464.83 (MB).
    Completing 90% with 10 violations.
    elapsed time = 00:00:02, memory = 485.90 (MB).
    Completing 100% with 0 violations.
    elapsed time = 00:00:02, memory = 485.90 (MB).
[INFO DRT-0199]   Number of violations = 0.
[INFO DRT-0267] cpu time = 00:00:15, elapsed time = 00:00:02, memory = 758.70 (MB), peak = 757.29 (MB)
Total wire length = 12957 um.
Total wire length on LAYER li1 = 0 um.
Total wire length on LAYER met1 = 6370 um.
Total wire length on LAYER met2 = 5733 um.
Total wire length on LAYER met3 = 687 um.
Total wire length on LAYER met4 = 166 um.
Total wire length on LAYER met5 = 0 um.
Total number of vias = 4000.
Up-via summary (total 4000):

-----------------------
 FR_MASTERSLICE       0
            li1    1960
           met1    1928
           met2     104
           met3       8
           met4       0
-----------------------
                   4000


[INFO DRT-0198] Complete detail routing.
Total wire length = 12957 um.
Total wire length on LAYER li1 = 0 um.
Total wire length on LAYER met1 = 6370 um.
Total wire length on LAYER met2 = 5733 um.
Total wire length on LAYER met3 = 687 um.
Total wire length on LAYER met4 = 166 um.
Total wire length on LAYER met5 = 0 um.
Total number of vias = 4000.
Up-via summary (total 4000):

-----------------------
 FR_MASTERSLICE       0
            li1    1960
           met1    1928
           met2     104
           met3       8
           met4       0
-----------------------
                   4000


[INFO DRT-0267] cpu time = 00:01:09, elapsed time = 00:00:19, memory = 758.70 (MB), peak = 757.29 (MB)

[INFO DRT-0180] Post processing.
Setting global connections for newly added cells…
[INFO] Setting global connections...
Updating metrics…
Cell type report:                       Count       Area
  Fill cell                                88     330.32
  Tap cell                                207     259.00
  Timing Repair Buffer                     97     698.17
  Inverter                                 19      71.32
  Multi-Input combinational cell          447    3356.97
  Total                                   858    4715.77
Writing OpenROAD database to '/home/letienthanh/8bitalu/runs/RUN_2026-08-05_11-42-16/43-openroad-detailedrouting/alu8bit.odb'…
Writing netlist to '/home/letienthanh/8bitalu/runs/RUN_2026-08-05_11-42-16/43-openroad-detailedrouting/alu8bit.nl.v'…
Writing powered netlist to '/home/letienthanh/8bitalu/runs/RUN_2026-08-05_11-42-16/43-openroad-detailedrouting/alu8bit.pnl.v'…
Writing layout to '/home/letienthanh/8bitalu/runs/RUN_2026-08-05_11-42-16/43-openroad-detailedrouting/alu8bit.def'…
Writing timing constraints to '/home/letienthanh/8bitalu/runs/RUN_2026-08-05_11-42-16/43-openroad-detailedrouting/alu8bit.sdc'…
