Reading OpenROAD database at '/home/letienthanh/8bitalu/runs/RUN_2026-08-05_13-41-28/17-openroad-cutrows/alu8bit.odb'…
Reading library file at '/home/letienthanh/.volare/volare/sky130/versions/0fe599b2afb6708d281543108caf8310912f54af/sky130A/libs.ref/sky130_fd_sc_hd/lib/sky130_fd_sc_hd__tt_025C_1v80.lib'…
Reading design constraints file at '/home/letienthanh/8bitalu/constraints/alu.sdc'…
[INFO] No information on clock propagation in input SDC file-- propagating all clocks.
[WARNING STA-0450] virtual clock virtual_clk can not be propagated.
[INFO TAP-0004] Inserted 76 endcaps.
[INFO TAP-0005] Inserted 140 tapcells.
Setting global connections for newly added cells…
[INFO] Setting global connections...
Updating metrics…
Cell type report:                       Count       Area
  Fill cell                                76     285.27
  Tap cell                                140     175.17
  Inverter                                 19      71.32
  Multi-Input combinational cell          447    4296.62
  Total                                   682    4828.38
Writing OpenROAD database to '/home/letienthanh/8bitalu/runs/RUN_2026-08-05_13-41-28/18-openroad-tapendcapinsertion/alu8bit.odb'…
Writing netlist to '/home/letienthanh/8bitalu/runs/RUN_2026-08-05_13-41-28/18-openroad-tapendcapinsertion/alu8bit.nl.v'…
Writing powered netlist to '/home/letienthanh/8bitalu/runs/RUN_2026-08-05_13-41-28/18-openroad-tapendcapinsertion/alu8bit.pnl.v'…
Writing layout to '/home/letienthanh/8bitalu/runs/RUN_2026-08-05_13-41-28/18-openroad-tapendcapinsertion/alu8bit.def'…
Writing timing constraints to '/home/letienthanh/8bitalu/runs/RUN_2026-08-05_13-41-28/18-openroad-tapendcapinsertion/alu8bit.sdc'…
