
===========================================================================
report_checks -path_delay max (Setup)
============================================================================
======================= nom_ss_100C_1v60 Corner ===================================

Startpoint: op_b[4] (input port clocked by __VIRTUAL_CLK__)
Endpoint: op_out[0] (output port clocked by __VIRTUAL_CLK__)
Path Group: __VIRTUAL_CLK__
Path Type: max

Fanout         Cap        Slew       Delay        Time   Description
---------------------------------------------------------------------------------------------
                      0.000000    0.000000    0.000000   clock __VIRTUAL_CLK__ (rise edge)
                                  0.000000    0.000000   clock network delay (ideal)
                                  0.000000    0.000000 v input external delay
    23    0.075280    0.321424    0.230127    0.230127 v op_b[4] (in)
                                                         op_b[4] (net)
                      0.321424    0.000000    0.230127 v _469_/B (sky130_fd_sc_hd__or4_2)
     6    0.018391    0.337000    1.809147    2.039275 v _469_/X (sky130_fd_sc_hd__or4_2)
                                                         _306_ (net)
                      0.337000    0.000000    2.039275 v _472_/A3 (sky130_fd_sc_hd__o41ai_2)
     5    0.015391    0.770087    0.857302    2.896577 ^ _472_/Y (sky130_fd_sc_hd__o41ai_2)
                                                         _338_ (net)
                      0.770087    0.000000    2.896577 ^ _481_/A1 (sky130_fd_sc_hd__a211o_2)
     4    0.011169    0.119419    0.552107    3.448684 ^ _481_/X (sky130_fd_sc_hd__a211o_2)
                                                         _410_ (net)
                      0.119419    0.000000    3.448684 ^ _482_/C (sky130_fd_sc_hd__and3_2)
     2    0.007144    0.116693    0.412464    3.861147 ^ _482_/X (sky130_fd_sc_hd__and3_2)
                                                         _411_ (net)
                      0.116693    0.000000    3.861147 ^ _493_/C1 (sky130_fd_sc_hd__a211oi_2)
     3    0.007645    0.131867    0.095278    3.956425 v _493_/Y (sky130_fd_sc_hd__a211oi_2)
                                                         _422_ (net)
                      0.131867    0.000000    3.956425 v _503_/D (sky130_fd_sc_hd__or4_2)
     3    0.008765    0.268547    1.404731    5.361156 v _503_/X (sky130_fd_sc_hd__or4_2)
                                                         _432_ (net)
                      0.268547    0.000000    5.361156 v _507_/A3 (sky130_fd_sc_hd__a31o_2)
     2    0.006528    0.083052    0.551476    5.912632 v _507_/X (sky130_fd_sc_hd__a31o_2)
                                                         _436_ (net)
                      0.083052    0.000000    5.912632 v _509_/A2 (sky130_fd_sc_hd__a211o_2)
     3    0.008920    0.116726    0.662569    6.575201 v _509_/X (sky130_fd_sc_hd__a211o_2)
                                                         _438_ (net)
                      0.116726    0.000000    6.575201 v _515_/A1 (sky130_fd_sc_hd__a21oi_2)
     8    0.027907    0.572257    0.543843    7.119043 ^ _515_/Y (sky130_fd_sc_hd__a21oi_2)
                                                         _444_ (net)
                      0.572257    0.000000    7.119043 ^ _517_/S (sky130_fd_sc_hd__mux2_1)
     3    0.016585    0.236751    1.006476    8.125519 v _517_/X (sky130_fd_sc_hd__mux2_1)
                                                         _446_ (net)
                      0.236751    0.000000    8.125519 v _519_/B (sky130_fd_sc_hd__xnor2_2)
     3    0.015988    0.394728    0.423801    8.549320 ^ _519_/Y (sky130_fd_sc_hd__xnor2_2)
                                                         _448_ (net)
                      0.394728    0.000000    8.549320 ^ _543_/A1 (sky130_fd_sc_hd__a311oi_2)
     4    0.008438    0.240556    0.355636    8.904957 v _543_/Y (sky130_fd_sc_hd__a311oi_2)
                                                         _014_ (net)
                      0.240556    0.000000    8.904957 v _572_/A (sky130_fd_sc_hd__or3_2)
     4    0.012556    0.229054    1.268839   10.173797 v _572_/X (sky130_fd_sc_hd__or3_2)
                                                         _043_ (net)
                      0.229054    0.000000   10.173797 v _574_/C (sky130_fd_sc_hd__and3_2)
     3    0.007800    0.097399    0.542972   10.716768 v _574_/X (sky130_fd_sc_hd__and3_2)
                                                         _045_ (net)
                      0.097399    0.000000   10.716768 v _585_/A (sky130_fd_sc_hd__or4_2)
     1    0.001350    0.197245    1.516213   12.232981 v _585_/X (sky130_fd_sc_hd__or4_2)
                                                         _056_ (net)
                      0.197245    0.000000   12.232981 v _586_/C (sky130_fd_sc_hd__or4b_2)
     1    0.004402    0.233929    1.507801   13.740782 v _586_/X (sky130_fd_sc_hd__or4b_2)
                                                         _057_ (net)
                      0.233929    0.000000   13.740782 v _590_/A1 (sky130_fd_sc_hd__a311oi_2)
     8    0.025614    0.888059    0.844837   14.585619 ^ _590_/Y (sky130_fd_sc_hd__a311oi_2)
                                                         _061_ (net)
                      0.888059    0.000000   14.585619 ^ _619_/S (sky130_fd_sc_hd__mux2_1)
     5    0.022495    0.281785    1.110617   15.696236 v _619_/X (sky130_fd_sc_hd__mux2_1)
                                                         _090_ (net)
                      0.281785    0.000000   15.696236 v _623_/B1 (sky130_fd_sc_hd__o22a_2)
     2    0.003713    0.077845    0.474662   16.170898 v _623_/X (sky130_fd_sc_hd__o22a_2)
                                                         _094_ (net)
                      0.077845    0.000000   16.170898 v _624_/B (sky130_fd_sc_hd__or4bb_2)
     4    0.011206    0.273952    1.527329   17.698227 v _624_/X (sky130_fd_sc_hd__or4bb_2)
                                                         _095_ (net)
                      0.273952    0.000000   17.698227 v _628_/A1 (sky130_fd_sc_hd__a21oi_2)
    12    0.035679    0.717863    0.719059   18.417286 ^ _628_/Y (sky130_fd_sc_hd__a21oi_2)
                                                         _099_ (net)
                      0.717863    0.000000   18.417286 ^ _665_/S (sky130_fd_sc_hd__mux2_1)
     3    0.008744    0.170552    0.957066   19.374352 v _665_/X (sky130_fd_sc_hd__mux2_1)
                                                         _136_ (net)
                      0.170552    0.000000   19.374352 v _669_/A2 (sky130_fd_sc_hd__a21o_2)
     1    0.002203    0.055149    0.409273   19.783625 v _669_/X (sky130_fd_sc_hd__a21o_2)
                                                         _140_ (net)
                      0.055149    0.000000   19.783625 v _671_/A2 (sky130_fd_sc_hd__o211a_2)
     1    0.002251    0.067741    0.429287   20.212912 v _671_/X (sky130_fd_sc_hd__o211a_2)
                                                         _142_ (net)
                      0.067741    0.000000   20.212912 v _672_/B2 (sky130_fd_sc_hd__o221a_2)
     1    0.002285    0.077020    0.422725   20.635635 v _672_/X (sky130_fd_sc_hd__o221a_2)
                                                         _143_ (net)
                      0.077020    0.000000   20.635635 v _675_/A2 (sky130_fd_sc_hd__o21a_2)
     1    0.002254    0.056956    0.350182   20.985819 v _675_/X (sky130_fd_sc_hd__o21a_2)
                                                         _146_ (net)
                      0.056956    0.000000   20.985819 v _679_/A1 (sky130_fd_sc_hd__o21a_2)
     1    0.001413    0.051386    0.361304   21.347122 v _679_/X (sky130_fd_sc_hd__o21a_2)
                                                         _150_ (net)
                      0.051386    0.000000   21.347122 v _700_/A (sky130_fd_sc_hd__or3_2)
     1    0.033442    0.327596    1.343116   22.690237 v _700_/X (sky130_fd_sc_hd__or3_2)
                                                         op_out[0] (net)
                      0.327596    0.000000   22.690237 v op_out[0] (out)
                                             22.690237   data arrival time

                      0.000000   20.000000   20.000000   clock __VIRTUAL_CLK__ (rise edge)
                                  0.000000   20.000000   clock network delay (ideal)
                                 -0.250000   19.750002   clock uncertainty
                                  0.000000   19.750002   clock reconvergence pessimism
                                  0.000000   19.750002   output external delay
                                             19.750002   data required time
---------------------------------------------------------------------------------------------
                                             19.750002   data required time
                                            -22.690237   data arrival time
---------------------------------------------------------------------------------------------
                                             -2.940237   slack (VIOLATED)


Startpoint: op_b[4] (input port clocked by __VIRTUAL_CLK__)
Endpoint: op_out[1] (output port clocked by __VIRTUAL_CLK__)
Path Group: __VIRTUAL_CLK__
Path Type: max

Fanout         Cap        Slew       Delay        Time   Description
---------------------------------------------------------------------------------------------
                      0.000000    0.000000    0.000000   clock __VIRTUAL_CLK__ (rise edge)
                                  0.000000    0.000000   clock network delay (ideal)
                                  0.000000    0.000000 v input external delay
    23    0.075280    0.321424    0.230127    0.230127 v op_b[4] (in)
                                                         op_b[4] (net)
                      0.321424    0.000000    0.230127 v _469_/B (sky130_fd_sc_hd__or4_2)
     6    0.018391    0.337000    1.809147    2.039275 v _469_/X (sky130_fd_sc_hd__or4_2)
                                                         _306_ (net)
                      0.337000    0.000000    2.039275 v _472_/A3 (sky130_fd_sc_hd__o41ai_2)
     5    0.015391    0.770087    0.857302    2.896577 ^ _472_/Y (sky130_fd_sc_hd__o41ai_2)
                                                         _338_ (net)
                      0.770087    0.000000    2.896577 ^ _481_/A1 (sky130_fd_sc_hd__a211o_2)
     4    0.011169    0.119419    0.552107    3.448684 ^ _481_/X (sky130_fd_sc_hd__a211o_2)
                                                         _410_ (net)
                      0.119419    0.000000    3.448684 ^ _482_/C (sky130_fd_sc_hd__and3_2)
     2    0.007144    0.116693    0.412464    3.861147 ^ _482_/X (sky130_fd_sc_hd__and3_2)
                                                         _411_ (net)
                      0.116693    0.000000    3.861147 ^ _493_/C1 (sky130_fd_sc_hd__a211oi_2)
     3    0.007645    0.131867    0.095278    3.956425 v _493_/Y (sky130_fd_sc_hd__a211oi_2)
                                                         _422_ (net)
                      0.131867    0.000000    3.956425 v _503_/D (sky130_fd_sc_hd__or4_2)
     3    0.008765    0.268547    1.404731    5.361156 v _503_/X (sky130_fd_sc_hd__or4_2)
                                                         _432_ (net)
                      0.268547    0.000000    5.361156 v _507_/A3 (sky130_fd_sc_hd__a31o_2)
     2    0.006528    0.083052    0.551476    5.912632 v _507_/X (sky130_fd_sc_hd__a31o_2)
                                                         _436_ (net)
                      0.083052    0.000000    5.912632 v _509_/A2 (sky130_fd_sc_hd__a211o_2)
     3    0.008920    0.116726    0.662569    6.575201 v _509_/X (sky130_fd_sc_hd__a211o_2)
                                                         _438_ (net)
                      0.116726    0.000000    6.575201 v _515_/A1 (sky130_fd_sc_hd__a21oi_2)
     8    0.027907    0.572257    0.543843    7.119043 ^ _515_/Y (sky130_fd_sc_hd__a21oi_2)
                                                         _444_ (net)
                      0.572257    0.000000    7.119043 ^ _517_/S (sky130_fd_sc_hd__mux2_1)
     3    0.016585    0.236751    1.006476    8.125519 v _517_/X (sky130_fd_sc_hd__mux2_1)
                                                         _446_ (net)
                      0.236751    0.000000    8.125519 v _519_/B (sky130_fd_sc_hd__xnor2_2)
     3    0.015988    0.394728    0.423801    8.549320 ^ _519_/Y (sky130_fd_sc_hd__xnor2_2)
                                                         _448_ (net)
                      0.394728    0.000000    8.549320 ^ _543_/A1 (sky130_fd_sc_hd__a311oi_2)
     4    0.008438    0.240556    0.355636    8.904957 v _543_/Y (sky130_fd_sc_hd__a311oi_2)
                                                         _014_ (net)
                      0.240556    0.000000    8.904957 v _572_/A (sky130_fd_sc_hd__or3_2)
     4    0.012556    0.229054    1.268839   10.173797 v _572_/X (sky130_fd_sc_hd__or3_2)
                                                         _043_ (net)
                      0.229054    0.000000   10.173797 v _574_/C (sky130_fd_sc_hd__and3_2)
     3    0.007800    0.097399    0.542972   10.716768 v _574_/X (sky130_fd_sc_hd__and3_2)
                                                         _045_ (net)
                      0.097399    0.000000   10.716768 v _585_/A (sky130_fd_sc_hd__or4_2)
     1    0.001350    0.197245    1.516213   12.232981 v _585_/X (sky130_fd_sc_hd__or4_2)
                                                         _056_ (net)
                      0.197245    0.000000   12.232981 v _586_/C (sky130_fd_sc_hd__or4b_2)
     1    0.004402    0.233929    1.507801   13.740782 v _586_/X (sky130_fd_sc_hd__or4b_2)
                                                         _057_ (net)
                      0.233929    0.000000   13.740782 v _590_/A1 (sky130_fd_sc_hd__a311oi_2)
     8    0.025614    0.888059    0.844837   14.585619 ^ _590_/Y (sky130_fd_sc_hd__a311oi_2)
                                                         _061_ (net)
                      0.888059    0.000000   14.585619 ^ _619_/S (sky130_fd_sc_hd__mux2_1)
     5    0.022495    0.281785    1.110617   15.696236 v _619_/X (sky130_fd_sc_hd__mux2_1)
                                                         _090_ (net)
                      0.281785    0.000000   15.696236 v _623_/B1 (sky130_fd_sc_hd__o22a_2)
     2    0.003713    0.077845    0.474662   16.170898 v _623_/X (sky130_fd_sc_hd__o22a_2)
                                                         _094_ (net)
                      0.077845    0.000000   16.170898 v _624_/B (sky130_fd_sc_hd__or4bb_2)
     4    0.011206    0.273952    1.527329   17.698227 v _624_/X (sky130_fd_sc_hd__or4bb_2)
                                                         _095_ (net)
                      0.273952    0.000000   17.698227 v _628_/A1 (sky130_fd_sc_hd__a21oi_2)
    12    0.035679    0.717863    0.719059   18.417286 ^ _628_/Y (sky130_fd_sc_hd__a21oi_2)
                                                         _099_ (net)
                      0.717863    0.000000   18.417286 ^ _717_/A2 (sky130_fd_sc_hd__a22o_2)
     1    0.001417    0.057295    0.494573   18.911860 ^ _717_/X (sky130_fd_sc_hd__a22o_2)
                                                         _187_ (net)
                      0.057295    0.000000   18.911860 ^ _718_/B (sky130_fd_sc_hd__or2_2)
     1    0.033442    0.281834    0.343345   19.255203 ^ _718_/X (sky130_fd_sc_hd__or2_2)
                                                         op_out[1] (net)
                      0.281834    0.000000   19.255203 ^ op_out[1] (out)
                                             19.255203   data arrival time

                      0.000000   20.000000   20.000000   clock __VIRTUAL_CLK__ (rise edge)
                                  0.000000   20.000000   clock network delay (ideal)
                                 -0.250000   19.750002   clock uncertainty
                                  0.000000   19.750002   clock reconvergence pessimism
                                  0.000000   19.750002   output external delay
                                             19.750002   data required time
---------------------------------------------------------------------------------------------
                                             19.750002   data required time
                                            -19.255203   data arrival time
---------------------------------------------------------------------------------------------
                                              0.494797   slack (MET)


Startpoint: op_b[4] (input port clocked by __VIRTUAL_CLK__)
Endpoint: op_out[2] (output port clocked by __VIRTUAL_CLK__)
Path Group: __VIRTUAL_CLK__
Path Type: max

Fanout         Cap        Slew       Delay        Time   Description
---------------------------------------------------------------------------------------------
                      0.000000    0.000000    0.000000   clock __VIRTUAL_CLK__ (rise edge)
                                  0.000000    0.000000   clock network delay (ideal)
                                  0.000000    0.000000 v input external delay
    23    0.075280    0.321424    0.230127    0.230127 v op_b[4] (in)
                                                         op_b[4] (net)
                      0.321424    0.000000    0.230127 v _469_/B (sky130_fd_sc_hd__or4_2)
     6    0.018391    0.337000    1.809147    2.039275 v _469_/X (sky130_fd_sc_hd__or4_2)
                                                         _306_ (net)
                      0.337000    0.000000    2.039275 v _472_/A3 (sky130_fd_sc_hd__o41ai_2)
     5    0.015391    0.770087    0.857302    2.896577 ^ _472_/Y (sky130_fd_sc_hd__o41ai_2)
                                                         _338_ (net)
                      0.770087    0.000000    2.896577 ^ _481_/A1 (sky130_fd_sc_hd__a211o_2)
     4    0.011169    0.119419    0.552107    3.448684 ^ _481_/X (sky130_fd_sc_hd__a211o_2)
                                                         _410_ (net)
                      0.119419    0.000000    3.448684 ^ _482_/C (sky130_fd_sc_hd__and3_2)
     2    0.007144    0.116693    0.412464    3.861147 ^ _482_/X (sky130_fd_sc_hd__and3_2)
                                                         _411_ (net)
                      0.116693    0.000000    3.861147 ^ _493_/C1 (sky130_fd_sc_hd__a211oi_2)
     3    0.007645    0.131867    0.095278    3.956425 v _493_/Y (sky130_fd_sc_hd__a211oi_2)
                                                         _422_ (net)
                      0.131867    0.000000    3.956425 v _503_/D (sky130_fd_sc_hd__or4_2)
     3    0.008765    0.268547    1.404731    5.361156 v _503_/X (sky130_fd_sc_hd__or4_2)
                                                         _432_ (net)
                      0.268547    0.000000    5.361156 v _507_/A3 (sky130_fd_sc_hd__a31o_2)
     2    0.006528    0.083052    0.551476    5.912632 v _507_/X (sky130_fd_sc_hd__a31o_2)
                                                         _436_ (net)
                      0.083052    0.000000    5.912632 v _509_/A2 (sky130_fd_sc_hd__a211o_2)
     3    0.008920    0.116726    0.662569    6.575201 v _509_/X (sky130_fd_sc_hd__a211o_2)
                                                         _438_ (net)
                      0.116726    0.000000    6.575201 v _515_/A1 (sky130_fd_sc_hd__a21oi_2)
     8    0.027907    0.572257    0.543843    7.119043 ^ _515_/Y (sky130_fd_sc_hd__a21oi_2)
                                                         _444_ (net)
                      0.572257    0.000000    7.119043 ^ _517_/S (sky130_fd_sc_hd__mux2_1)
     3    0.016585    0.236751    1.006476    8.125519 v _517_/X (sky130_fd_sc_hd__mux2_1)
                                                         _446_ (net)
                      0.236751    0.000000    8.125519 v _519_/B (sky130_fd_sc_hd__xnor2_2)
     3    0.015988    0.394728    0.423801    8.549320 ^ _519_/Y (sky130_fd_sc_hd__xnor2_2)
                                                         _448_ (net)
                      0.394728    0.000000    8.549320 ^ _543_/A1 (sky130_fd_sc_hd__a311oi_2)
     4    0.008438    0.240556    0.355636    8.904957 v _543_/Y (sky130_fd_sc_hd__a311oi_2)
                                                         _014_ (net)
                      0.240556    0.000000    8.904957 v _572_/A (sky130_fd_sc_hd__or3_2)
     4    0.012556    0.229054    1.268839   10.173797 v _572_/X (sky130_fd_sc_hd__or3_2)
                                                         _043_ (net)
                      0.229054    0.000000   10.173797 v _574_/C (sky130_fd_sc_hd__and3_2)
     3    0.007800    0.097399    0.542972   10.716768 v _574_/X (sky130_fd_sc_hd__and3_2)
                                                         _045_ (net)
                      0.097399    0.000000   10.716768 v _585_/A (sky130_fd_sc_hd__or4_2)
     1    0.001350    0.197245    1.516213   12.232981 v _585_/X (sky130_fd_sc_hd__or4_2)
                                                         _056_ (net)
                      0.197245    0.000000   12.232981 v _586_/C (sky130_fd_sc_hd__or4b_2)
     1    0.004402    0.233929    1.507801   13.740782 v _586_/X (sky130_fd_sc_hd__or4b_2)
                                                         _057_ (net)
                      0.233929    0.000000   13.740782 v _590_/A1 (sky130_fd_sc_hd__a311oi_2)
     8    0.025614    0.888059    0.844837   14.585619 ^ _590_/Y (sky130_fd_sc_hd__a311oi_2)
                                                         _061_ (net)
                      0.888059    0.000000   14.585619 ^ _740_/A2 (sky130_fd_sc_hd__a211o_2)
     1    0.002547    0.062453    0.505048   15.090667 ^ _740_/X (sky130_fd_sc_hd__a211o_2)
                                                         _212_ (net)
                      0.062453    0.000000   15.090667 ^ _741_/B1 (sky130_fd_sc_hd__a21o_2)
     1    0.033442    0.275690    0.311957   15.402623 ^ _741_/X (sky130_fd_sc_hd__a21o_2)
                                                         op_out[2] (net)
                      0.275690    0.000000   15.402623 ^ op_out[2] (out)
                                             15.402623   data arrival time

                      0.000000   20.000000   20.000000   clock __VIRTUAL_CLK__ (rise edge)
                                  0.000000   20.000000   clock network delay (ideal)
                                 -0.250000   19.750002   clock uncertainty
                                  0.000000   19.750002   clock reconvergence pessimism
                                  0.000000   19.750002   output external delay
                                             19.750002   data required time
---------------------------------------------------------------------------------------------
                                             19.750002   data required time
                                            -15.402623   data arrival time
---------------------------------------------------------------------------------------------
                                              4.347378   slack (MET)


Startpoint: op_b[4] (input port clocked by __VIRTUAL_CLK__)
Endpoint: op_out[3] (output port clocked by __VIRTUAL_CLK__)
Path Group: __VIRTUAL_CLK__
Path Type: max

Fanout         Cap        Slew       Delay        Time   Description
---------------------------------------------------------------------------------------------
                      0.000000    0.000000    0.000000   clock __VIRTUAL_CLK__ (rise edge)
                                  0.000000    0.000000   clock network delay (ideal)
                                  0.000000    0.000000 v input external delay
    23    0.075280    0.321424    0.230127    0.230127 v op_b[4] (in)
                                                         op_b[4] (net)
                      0.321424    0.000000    0.230127 v _469_/B (sky130_fd_sc_hd__or4_2)
     6    0.018391    0.337000    1.809147    2.039275 v _469_/X (sky130_fd_sc_hd__or4_2)
                                                         _306_ (net)
                      0.337000    0.000000    2.039275 v _472_/A3 (sky130_fd_sc_hd__o41ai_2)
     5    0.015391    0.770087    0.857302    2.896577 ^ _472_/Y (sky130_fd_sc_hd__o41ai_2)
                                                         _338_ (net)
                      0.770087    0.000000    2.896577 ^ _481_/A1 (sky130_fd_sc_hd__a211o_2)
     4    0.011169    0.119419    0.552107    3.448684 ^ _481_/X (sky130_fd_sc_hd__a211o_2)
                                                         _410_ (net)
                      0.119419    0.000000    3.448684 ^ _482_/C (sky130_fd_sc_hd__and3_2)
     2    0.007144    0.116693    0.412464    3.861147 ^ _482_/X (sky130_fd_sc_hd__and3_2)
                                                         _411_ (net)
                      0.116693    0.000000    3.861147 ^ _493_/C1 (sky130_fd_sc_hd__a211oi_2)
     3    0.007645    0.131867    0.095278    3.956425 v _493_/Y (sky130_fd_sc_hd__a211oi_2)
                                                         _422_ (net)
                      0.131867    0.000000    3.956425 v _503_/D (sky130_fd_sc_hd__or4_2)
     3    0.008765    0.268547    1.404731    5.361156 v _503_/X (sky130_fd_sc_hd__or4_2)
                                                         _432_ (net)
                      0.268547    0.000000    5.361156 v _507_/A3 (sky130_fd_sc_hd__a31o_2)
     2    0.006528    0.083052    0.551476    5.912632 v _507_/X (sky130_fd_sc_hd__a31o_2)
                                                         _436_ (net)
                      0.083052    0.000000    5.912632 v _509_/A2 (sky130_fd_sc_hd__a211o_2)
     3    0.008920    0.116726    0.662569    6.575201 v _509_/X (sky130_fd_sc_hd__a211o_2)
                                                         _438_ (net)
                      0.116726    0.000000    6.575201 v _515_/A1 (sky130_fd_sc_hd__a21oi_2)
     8    0.027907    0.572257    0.543843    7.119043 ^ _515_/Y (sky130_fd_sc_hd__a21oi_2)
                                                         _444_ (net)
                      0.572257    0.000000    7.119043 ^ _524_/S (sky130_fd_sc_hd__mux2_1)
     2    0.004505    0.133437    0.878107    7.997151 v _524_/X (sky130_fd_sc_hd__mux2_1)
                                                         _453_ (net)
                      0.133437    0.000000    7.997151 v _539_/A2 (sky130_fd_sc_hd__a221o_2)
     3    0.010689    0.134720    0.797597    8.794747 v _539_/X (sky130_fd_sc_hd__a221o_2)
                                                         _010_ (net)
                      0.134720    0.000000    8.794747 v _543_/A3 (sky130_fd_sc_hd__a311oi_2)
     4    0.009249    0.459391    0.576224    9.370972 ^ _543_/Y (sky130_fd_sc_hd__a311oi_2)
                                                         _014_ (net)
                      0.459391    0.000000    9.370972 ^ _548_/A (sky130_fd_sc_hd__nor2_2)
     2    0.006621    0.106822    0.208630    9.579601 v _548_/Y (sky130_fd_sc_hd__nor2_2)
                                                         _019_ (net)
                      0.106822    0.000000    9.579601 v _769_/A2 (sky130_fd_sc_hd__a211o_2)
     1    0.001204    0.070662    0.601988   10.181589 v _769_/X (sky130_fd_sc_hd__a211o_2)
                                                         _243_ (net)
                      0.070662    0.000000   10.181589 v _770_/A_N (sky130_fd_sc_hd__nand2b_2)
     1    0.033442    0.292363    0.535556   10.717146 v _770_/Y (sky130_fd_sc_hd__nand2b_2)
                                                         op_out[3] (net)
                      0.292363    0.000000   10.717146 v op_out[3] (out)
                                             10.717146   data arrival time

                      0.000000   20.000000   20.000000   clock __VIRTUAL_CLK__ (rise edge)
                                  0.000000   20.000000   clock network delay (ideal)
                                 -0.250000   19.750002   clock uncertainty
                                  0.000000   19.750002   clock reconvergence pessimism
                                  0.000000   19.750002   output external delay
                                             19.750002   data required time
---------------------------------------------------------------------------------------------
                                             19.750002   data required time
                                            -10.717146   data arrival time
---------------------------------------------------------------------------------------------
                                              9.032856   slack (MET)


Startpoint: op_b[4] (input port clocked by __VIRTUAL_CLK__)
Endpoint: op_out[4] (output port clocked by __VIRTUAL_CLK__)
Path Group: __VIRTUAL_CLK__
Path Type: max

Fanout         Cap        Slew       Delay        Time   Description
---------------------------------------------------------------------------------------------
                      0.000000    0.000000    0.000000   clock __VIRTUAL_CLK__ (rise edge)
                                  0.000000    0.000000   clock network delay (ideal)
                                  0.000000    0.000000 v input external delay
    23    0.075280    0.321424    0.230127    0.230127 v op_b[4] (in)
                                                         op_b[4] (net)
                      0.321424    0.000000    0.230127 v _469_/B (sky130_fd_sc_hd__or4_2)
     6    0.018391    0.337000    1.809147    2.039275 v _469_/X (sky130_fd_sc_hd__or4_2)
                                                         _306_ (net)
                      0.337000    0.000000    2.039275 v _472_/A3 (sky130_fd_sc_hd__o41ai_2)
     5    0.015391    0.770087    0.857302    2.896577 ^ _472_/Y (sky130_fd_sc_hd__o41ai_2)
                                                         _338_ (net)
                      0.770087    0.000000    2.896577 ^ _481_/A1 (sky130_fd_sc_hd__a211o_2)
     4    0.011169    0.119419    0.552107    3.448684 ^ _481_/X (sky130_fd_sc_hd__a211o_2)
                                                         _410_ (net)
                      0.119419    0.000000    3.448684 ^ _482_/C (sky130_fd_sc_hd__and3_2)
     2    0.007144    0.116693    0.412464    3.861147 ^ _482_/X (sky130_fd_sc_hd__and3_2)
                                                         _411_ (net)
                      0.116693    0.000000    3.861147 ^ _493_/C1 (sky130_fd_sc_hd__a211oi_2)
     3    0.007645    0.131867    0.095278    3.956425 v _493_/Y (sky130_fd_sc_hd__a211oi_2)
                                                         _422_ (net)
                      0.131867    0.000000    3.956425 v _503_/D (sky130_fd_sc_hd__or4_2)
     3    0.008765    0.268547    1.404731    5.361156 v _503_/X (sky130_fd_sc_hd__or4_2)
                                                         _432_ (net)
                      0.268547    0.000000    5.361156 v _507_/A3 (sky130_fd_sc_hd__a31o_2)
     2    0.006528    0.083052    0.551476    5.912632 v _507_/X (sky130_fd_sc_hd__a31o_2)
                                                         _436_ (net)
                      0.083052    0.000000    5.912632 v _509_/A2 (sky130_fd_sc_hd__a211o_2)
     3    0.008920    0.116726    0.662569    6.575201 v _509_/X (sky130_fd_sc_hd__a211o_2)
                                                         _438_ (net)
                      0.116726    0.000000    6.575201 v _515_/A1 (sky130_fd_sc_hd__a21oi_2)
     8    0.027907    0.572257    0.543843    7.119043 ^ _515_/Y (sky130_fd_sc_hd__a21oi_2)
                                                         _444_ (net)
                      0.572257    0.000000    7.119043 ^ _797_/A2 (sky130_fd_sc_hd__a211oi_2)
     1    0.004312    0.141057    0.307258    7.426301 v _797_/Y (sky130_fd_sc_hd__a211oi_2)
                                                         _272_ (net)
                      0.141057    0.000000    7.426301 v _798_/B1 (sky130_fd_sc_hd__o31ai_2)
     1    0.033442    1.085121    0.304384    7.730685 ^ _798_/Y (sky130_fd_sc_hd__o31ai_2)
                                                         op_out[4] (net)
                      1.085121    0.000000    7.730685 ^ op_out[4] (out)
                                              7.730685   data arrival time

                      0.000000   20.000000   20.000000   clock __VIRTUAL_CLK__ (rise edge)
                                  0.000000   20.000000   clock network delay (ideal)
                                 -0.250000   19.750002   clock uncertainty
                                  0.000000   19.750002   clock reconvergence pessimism
                                  0.000000   19.750002   output external delay
                                             19.750002   data required time
---------------------------------------------------------------------------------------------
                                             19.750002   data required time
                                             -7.730685   data arrival time
---------------------------------------------------------------------------------------------
                                             12.019317   slack (MET)


Startpoint: op_b[0] (input port clocked by __VIRTUAL_CLK__)
Endpoint: op_out[7] (output port clocked by __VIRTUAL_CLK__)
Path Group: __VIRTUAL_CLK__
Path Type: max

Fanout         Cap        Slew       Delay        Time   Description
---------------------------------------------------------------------------------------------
                      0.000000    0.000000    0.000000   clock __VIRTUAL_CLK__ (rise edge)
                                  0.000000    0.000000   clock network delay (ideal)
                                  0.000000    0.000000 v input external delay
    22    0.065269    0.280737    0.199781    0.199781 v op_b[0] (in)
                                                         op_b[0] (net)
                      0.280737    0.000000    0.199781 v _488_/A (sky130_fd_sc_hd__and2_2)
     4    0.008359    0.097062    0.483901    0.683683 v _488_/X (sky130_fd_sc_hd__and2_2)
                                                         _417_ (net)
                      0.097062    0.000000    0.683683 v _861_/C (sky130_fd_sc_hd__and3_2)
     2    0.002611    0.071547    0.438744    1.122427 v _861_/X (sky130_fd_sc_hd__and3_2)
                                                         _341_ (net)
                      0.071547    0.000000    1.122427 v _863_/A (sky130_fd_sc_hd__or2_2)
     1    0.008022    0.142565    0.705969    1.828396 v _863_/X (sky130_fd_sc_hd__or2_2)
                                                         _343_ (net)
                      0.142565    0.000000    1.828396 v _864_/B (sky130_fd_sc_hd__xor2_2)
     2    0.006430    0.106276    0.300097    2.128493 v _864_/X (sky130_fd_sc_hd__xor2_2)
                                                         _344_ (net)
                      0.106276    0.000000    2.128493 v _866_/B1 (sky130_fd_sc_hd__o21a_2)
     2    0.005465    0.074629    0.240522    2.369015 v _866_/X (sky130_fd_sc_hd__o21a_2)
                                                         _346_ (net)
                      0.074629    0.000000    2.369015 v _867_/B (sky130_fd_sc_hd__or2_2)
     2    0.012322    0.164883    0.698635    3.067650 v _867_/X (sky130_fd_sc_hd__or2_2)
                                                         _347_ (net)
                      0.164883    0.000000    3.067650 v _869_/B (sky130_fd_sc_hd__xor2_2)
     2    0.005589    0.114947    0.304876    3.372526 v _869_/X (sky130_fd_sc_hd__xor2_2)
                                                         _350_ (net)
                      0.114947    0.000000    3.372526 v _870_/C (sky130_fd_sc_hd__and3_2)
     2    0.006146    0.091334    0.477271    3.849797 v _870_/X (sky130_fd_sc_hd__and3_2)
                                                         _351_ (net)
                      0.091334    0.000000    3.849797 v _873_/B (sky130_fd_sc_hd__or3_2)
     3    0.007135    0.197484    1.105268    4.955065 v _873_/X (sky130_fd_sc_hd__or3_2)
                                                         _354_ (net)
                      0.197484    0.000000    4.955065 v _875_/C (sky130_fd_sc_hd__and3_2)
     1    0.008219    0.099457    0.529651    5.484716 v _875_/X (sky130_fd_sc_hd__and3_2)
                                                         _356_ (net)
                      0.099457    0.000000    5.484716 v _893_/B (sky130_fd_sc_hd__xnor2_2)
     1    0.008431    0.130709    0.271646    5.756362 v _893_/Y (sky130_fd_sc_hd__xnor2_2)
                                                         _375_ (net)
                      0.130709    0.000000    5.756362 v _916_/A (sky130_fd_sc_hd__xnor2_2)
     2    0.005521    0.109528    0.268515    6.024878 v _916_/Y (sky130_fd_sc_hd__xnor2_2)
                                                         _400_ (net)
                      0.109528    0.000000    6.024878 v _917_/B (sky130_fd_sc_hd__or2_2)
     1    0.002240    0.108014    0.621409    6.646286 v _917_/X (sky130_fd_sc_hd__or2_2)
                                                         _401_ (net)
                      0.108014    0.000000    6.646286 v _923_/A2 (sky130_fd_sc_hd__a311o_2)
     1    0.033442    0.230509    0.868478    7.514764 v _923_/X (sky130_fd_sc_hd__a311o_2)
                                                         op_out[7] (net)
                      0.230509    0.000000    7.514764 v op_out[7] (out)
                                              7.514764   data arrival time

                      0.000000   20.000000   20.000000   clock __VIRTUAL_CLK__ (rise edge)
                                  0.000000   20.000000   clock network delay (ideal)
                                 -0.250000   19.750002   clock uncertainty
                                  0.000000   19.750002   clock reconvergence pessimism
                                  0.000000   19.750002   output external delay
                                             19.750002   data required time
---------------------------------------------------------------------------------------------
                                             19.750002   data required time
                                             -7.514764   data arrival time
---------------------------------------------------------------------------------------------
                                             12.235237   slack (MET)


Startpoint: inst[0] (input port clocked by __VIRTUAL_CLK__)
Endpoint: op_out[5] (output port clocked by __VIRTUAL_CLK__)
Path Group: __VIRTUAL_CLK__
Path Type: max

Fanout         Cap        Slew       Delay        Time   Description
---------------------------------------------------------------------------------------------
                      0.000000    0.000000    0.000000   clock __VIRTUAL_CLK__ (rise edge)
                                  0.000000    0.000000   clock network delay (ideal)
                                  0.000000    0.000000 v input external delay
     7    0.015559    0.071049    0.048067    0.048067 v inst[0] (in)
                                                         inst[0] (net)
                      0.071049    0.000000    0.048067 v _689_/A (sky130_fd_sc_hd__or4b_2)
     7    0.019981    0.342387    1.773310    1.821377 v _689_/X (sky130_fd_sc_hd__or4b_2)
                                                         _160_ (net)
                      0.342387    0.000000    1.821377 v _719_/B1 (sky130_fd_sc_hd__o21a_2)
     1    0.008219    0.086946    0.366387    2.187764 v _719_/X (sky130_fd_sc_hd__o21a_2)
                                                         _189_ (net)
                      0.086946    0.000000    2.187764 v _720_/B (sky130_fd_sc_hd__xnor2_2)
     2    0.005521    0.138517    0.246717    2.434480 v _720_/Y (sky130_fd_sc_hd__xnor2_2)
                                                         _190_ (net)
                      0.138517    0.000000    2.434480 v _721_/B (sky130_fd_sc_hd__or2_2)
     1    0.004330    0.122330    0.658432    3.092912 v _721_/X (sky130_fd_sc_hd__or2_2)
                                                         _191_ (net)
                      0.122330    0.000000    3.092912 v _723_/A (sky130_fd_sc_hd__nand2_2)
     2    0.007196    0.096869    0.127514    3.220426 ^ _723_/Y (sky130_fd_sc_hd__nand2_2)
                                                         _193_ (net)
                      0.096869    0.000000    3.220426 ^ _724_/B1 (sky130_fd_sc_hd__a21o_2)
     3    0.006353    0.081279    0.180970    3.401396 ^ _724_/X (sky130_fd_sc_hd__a21o_2)
                                                         _194_ (net)
                      0.081279    0.000000    3.401396 ^ _748_/A2 (sky130_fd_sc_hd__a21o_2)
     3    0.008008    0.092840    0.272085    3.673481 ^ _748_/X (sky130_fd_sc_hd__a21o_2)
                                                         _219_ (net)
                      0.092840    0.000000    3.673481 ^ _775_/A2 (sky130_fd_sc_hd__a21oi_2)
     2    0.006299    0.089753    0.130755    3.804236 v _775_/Y (sky130_fd_sc_hd__a21oi_2)
                                                         _248_ (net)
                      0.089753    0.000000    3.804236 v _828_/B1 (sky130_fd_sc_hd__a21o_2)
     2    0.005699    0.074371    0.363386    4.167622 v _828_/X (sky130_fd_sc_hd__a21o_2)
                                                         _305_ (net)
                      0.074371    0.000000    4.167622 v _835_/A (sky130_fd_sc_hd__or2_2)
     1    0.001397    0.101700    0.637228    4.804850 v _835_/X (sky130_fd_sc_hd__or2_2)
                                                         _313_ (net)
                      0.101700    0.000000    4.804850 v _836_/C (sky130_fd_sc_hd__and3b_2)
     1    0.002214    0.069514    0.437714    5.242563 v _836_/X (sky130_fd_sc_hd__and3b_2)
                                                         _314_ (net)
                      0.069514    0.000000    5.242563 v _841_/B1 (sky130_fd_sc_hd__a31o_2)
     1    0.001248    0.054248    0.370469    5.613032 v _841_/X (sky130_fd_sc_hd__a31o_2)
                                                         _320_ (net)
                      0.054248    0.000000    5.613032 v _842_/C (sky130_fd_sc_hd__or3_2)
     1    0.033442    0.328347    1.215409    6.828441 v _842_/X (sky130_fd_sc_hd__or3_2)
                                                         op_out[5] (net)
                      0.328347    0.000000    6.828441 v op_out[5] (out)
                                              6.828441   data arrival time

                      0.000000   20.000000   20.000000   clock __VIRTUAL_CLK__ (rise edge)
                                  0.000000   20.000000   clock network delay (ideal)
                                 -0.250000   19.750002   clock uncertainty
                                  0.000000   19.750002   clock reconvergence pessimism
                                  0.000000   19.750002   output external delay
                                             19.750002   data required time
---------------------------------------------------------------------------------------------
                                             19.750002   data required time
                                             -6.828441   data arrival time
---------------------------------------------------------------------------------------------
                                             12.921561   slack (MET)


Startpoint: op_b[0] (input port clocked by __VIRTUAL_CLK__)
Endpoint: op_out[6] (output port clocked by __VIRTUAL_CLK__)
Path Group: __VIRTUAL_CLK__
Path Type: max

Fanout         Cap        Slew       Delay        Time   Description
---------------------------------------------------------------------------------------------
                      0.000000    0.000000    0.000000   clock __VIRTUAL_CLK__ (rise edge)
                                  0.000000    0.000000   clock network delay (ideal)
                                  0.000000    0.000000 v input external delay
    22    0.065269    0.280737    0.199781    0.199781 v op_b[0] (in)
                                                         op_b[0] (net)
                      0.280737    0.000000    0.199781 v _488_/A (sky130_fd_sc_hd__and2_2)
     4    0.008359    0.097062    0.483901    0.683683 v _488_/X (sky130_fd_sc_hd__and2_2)
                                                         _417_ (net)
                      0.097062    0.000000    0.683683 v _861_/C (sky130_fd_sc_hd__and3_2)
     2    0.002611    0.071547    0.438744    1.122427 v _861_/X (sky130_fd_sc_hd__and3_2)
                                                         _341_ (net)
                      0.071547    0.000000    1.122427 v _863_/A (sky130_fd_sc_hd__or2_2)
     1    0.008022    0.142565    0.705969    1.828396 v _863_/X (sky130_fd_sc_hd__or2_2)
                                                         _343_ (net)
                      0.142565    0.000000    1.828396 v _864_/B (sky130_fd_sc_hd__xor2_2)
     2    0.006430    0.106276    0.300097    2.128493 v _864_/X (sky130_fd_sc_hd__xor2_2)
                                                         _344_ (net)
                      0.106276    0.000000    2.128493 v _866_/B1 (sky130_fd_sc_hd__o21a_2)
     2    0.005465    0.074629    0.240522    2.369015 v _866_/X (sky130_fd_sc_hd__o21a_2)
                                                         _346_ (net)
                      0.074629    0.000000    2.369015 v _867_/B (sky130_fd_sc_hd__or2_2)
     2    0.012322    0.164883    0.698635    3.067650 v _867_/X (sky130_fd_sc_hd__or2_2)
                                                         _347_ (net)
                      0.164883    0.000000    3.067650 v _869_/B (sky130_fd_sc_hd__xor2_2)
     2    0.005589    0.114947    0.304876    3.372526 v _869_/X (sky130_fd_sc_hd__xor2_2)
                                                         _350_ (net)
                      0.114947    0.000000    3.372526 v _870_/C (sky130_fd_sc_hd__and3_2)
     2    0.006146    0.091334    0.477271    3.849797 v _870_/X (sky130_fd_sc_hd__and3_2)
                                                         _351_ (net)
                      0.091334    0.000000    3.849797 v _873_/B (sky130_fd_sc_hd__or3_2)
     3    0.007135    0.197484    1.105268    4.955065 v _873_/X (sky130_fd_sc_hd__or3_2)
                                                         _354_ (net)
                      0.197484    0.000000    4.955065 v _874_/B (sky130_fd_sc_hd__nand2_2)
     1    0.008492    0.110191    0.185765    5.140830 ^ _874_/Y (sky130_fd_sc_hd__nand2_2)
                                                         _355_ (net)
                      0.110191    0.000000    5.140830 ^ _876_/B (sky130_fd_sc_hd__xnor2_2)
     2    0.012489    0.164687    0.186821    5.327651 v _876_/Y (sky130_fd_sc_hd__xnor2_2)
                                                         _357_ (net)
                      0.164687    0.000000    5.327651 v _877_/B (sky130_fd_sc_hd__xnor2_2)
     2    0.005521    0.106702    0.281618    5.609269 v _877_/Y (sky130_fd_sc_hd__xnor2_2)
                                                         _358_ (net)
                      0.106702    0.000000    5.609269 v _878_/B (sky130_fd_sc_hd__or2_2)
     1    0.002291    0.108363    0.620902    6.230171 v _878_/X (sky130_fd_sc_hd__or2_2)
                                                         _359_ (net)
                      0.108363    0.000000    6.230171 v _885_/A2 (sky130_fd_sc_hd__a31o_2)
     1    0.033442    0.190719    0.575775    6.805946 v _885_/X (sky130_fd_sc_hd__a31o_2)
                                                         op_out[6] (net)
                      0.190719    0.000000    6.805946 v op_out[6] (out)
                                              6.805946   data arrival time

                      0.000000   20.000000   20.000000   clock __VIRTUAL_CLK__ (rise edge)
                                  0.000000   20.000000   clock network delay (ideal)
                                 -0.250000   19.750002   clock uncertainty
                                  0.000000   19.750002   clock reconvergence pessimism
                                  0.000000   19.750002   output external delay
                                             19.750002   data required time
---------------------------------------------------------------------------------------------
                                             19.750002   data required time
                                             -6.805946   data arrival time
---------------------------------------------------------------------------------------------
                                             12.944056   slack (MET)



