
===========================================================================
report_checks -unconstrained
===========================================================================
======================= nom_tt_025C_1v80 Corner ===================================

Startpoint: op_b[0] (input port clocked by __VIRTUAL_CLK__)
Endpoint: op_out[0] (output port clocked by __VIRTUAL_CLK__)
Path Group: __VIRTUAL_CLK__
Path Type: max

Fanout         Cap        Slew       Delay        Time   Description
---------------------------------------------------------------------------------------------
                      0.000000    0.000000    0.000000   clock __VIRTUAL_CLK__ (rise edge)
                                  0.000000    0.000000   clock network delay (ideal)
                                  2.000000    2.000000 ^ input external delay
     1    0.003403    0.022346    0.012440    2.012440 ^ op_b[0] (in)
                                                         op_b[0] (net)
                      0.022346    0.000000    2.012440 ^ input13/A (sky130_fd_sc_hd__clkbuf_2)
     4    0.021056    0.119817    0.150319    2.162759 ^ input13/X (sky130_fd_sc_hd__clkbuf_2)
                                                         net13 (net)
                      0.119828    0.000946    2.163705 ^ fanout66/A (sky130_fd_sc_hd__buf_4)
    10    0.034541    0.103306    0.183566    2.347271 ^ fanout66/X (sky130_fd_sc_hd__buf_4)
                                                         net66 (net)
                      0.103314    0.000985    2.348257 ^ fanout65/A (sky130_fd_sc_hd__clkbuf_4)
    10    0.030588    0.102337    0.198672    2.546928 ^ fanout65/X (sky130_fd_sc_hd__clkbuf_4)
                                                         net65 (net)
                      0.102337    0.000463    2.547391 ^ _458_/A (sky130_fd_sc_hd__inv_2)
     4    0.012119    0.043240    0.060771    2.608161 v _458_/Y (sky130_fd_sc_hd__inv_2)
                                                         _188_ (net)
                      0.043241    0.000234    2.608395 v fanout34/A (sky130_fd_sc_hd__clkbuf_4)
    10    0.043003    0.095416    0.194905    2.803301 v fanout34/X (sky130_fd_sc_hd__clkbuf_4)
                                                         net34 (net)
                      0.095435    0.001310    2.804610 v _472_/A1 (sky130_fd_sc_hd__o41ai_4)
     5    0.016631    0.370019    0.465644    3.270254 ^ _472_/Y (sky130_fd_sc_hd__o41ai_4)
                                                         _338_ (net)
                      0.370019    0.000391    3.270645 ^ _481_/A2 (sky130_fd_sc_hd__a211o_1)
     4    0.010771    0.104189    0.232122    3.502767 ^ _481_/X (sky130_fd_sc_hd__a211o_1)
                                                         _410_ (net)
                      0.104189    0.000214    3.502981 ^ _484_/A1 (sky130_fd_sc_hd__a21o_1)
     4    0.013888    0.126985    0.184680    3.687660 ^ _484_/X (sky130_fd_sc_hd__a21o_1)
                                                         _413_ (net)
                      0.126985    0.000204    3.687865 ^ _493_/A1 (sky130_fd_sc_hd__a211oi_2)
     3    0.009694    0.074719    0.101982    3.789846 v _493_/Y (sky130_fd_sc_hd__a211oi_2)
                                                         _422_ (net)
                      0.074720    0.000369    3.790215 v _503_/D (sky130_fd_sc_hd__or4_4)
     3    0.009028    0.092377    0.435279    4.225494 v _503_/X (sky130_fd_sc_hd__or4_4)
                                                         _432_ (net)
                      0.092377    0.000260    4.225754 v _507_/A1 (sky130_fd_sc_hd__a31o_1)
     2    0.008831    0.062926    0.218502    4.444256 v _507_/X (sky130_fd_sc_hd__a31o_1)
                                                         _436_ (net)
                      0.062926    0.000282    4.444538 v _509_/A2 (sky130_fd_sc_hd__a211o_4)
     3    0.015570    0.067381    0.360691    4.805229 v _509_/X (sky130_fd_sc_hd__a211o_4)
                                                         _438_ (net)
                      0.067381    0.000363    4.805593 v _515_/A2 (sky130_fd_sc_hd__a21oi_4)
     8    0.036799    0.287076    0.292017    5.097609 ^ _515_/Y (sky130_fd_sc_hd__a21oi_4)
                                                         _444_ (net)
                      0.287079    0.000751    5.098360 ^ _524_/S (sky130_fd_sc_hd__mux2_4)
     2    0.007593    0.056351    0.341994    5.440354 v _524_/X (sky130_fd_sc_hd__mux2_4)
                                                         _453_ (net)
                      0.056351    0.000243    5.440597 v _539_/A1 (sky130_fd_sc_hd__a221o_1)
     3    0.010162    0.087542    0.357434    5.798030 v _539_/X (sky130_fd_sc_hd__a221o_1)
                                                         _010_ (net)
                      0.087542    0.000282    5.798312 v _543_/A3 (sky130_fd_sc_hd__a311oi_2)
     4    0.012217    0.323566    0.378412    6.176724 ^ _543_/Y (sky130_fd_sc_hd__a311oi_2)
                                                         _014_ (net)
                      0.323566    0.000239    6.176963 ^ _572_/A (sky130_fd_sc_hd__or3_4)
     4    0.011486    0.051266    0.208840    6.385802 ^ _572_/X (sky130_fd_sc_hd__or3_4)
                                                         _043_ (net)
                      0.051267    0.000268    6.386071 ^ _574_/B (sky130_fd_sc_hd__and3_1)
     3    0.009096    0.103761    0.189357    6.575428 ^ _574_/X (sky130_fd_sc_hd__and3_1)
                                                         _045_ (net)
                      0.103761    0.000179    6.575606 ^ rebuffer9/A (sky130_fd_sc_hd__dlygate4sd3_1)
     1    0.003737    0.060798    0.560251    7.135858 ^ rebuffer9/X (sky130_fd_sc_hd__dlygate4sd3_1)
                                                         net78 (net)
                      0.060798    0.000126    7.135983 ^ _587_/B1 (sky130_fd_sc_hd__a21o_1)
     2    0.005268    0.058612    0.095241    7.231225 ^ _587_/X (sky130_fd_sc_hd__a21o_1)
                                                         _058_ (net)
                      0.058612    0.000150    7.231375 ^ _588_/C_N (sky130_fd_sc_hd__or3b_1)
     1    0.009256    0.100935    0.390886    7.622261 v _588_/X (sky130_fd_sc_hd__or3b_1)
                                                         _059_ (net)
                      0.100935    0.000338    7.622599 v _590_/A1 (sky130_fd_sc_hd__a311oi_4)
     2    0.011329    0.271992    0.269870    7.892469 ^ _590_/Y (sky130_fd_sc_hd__a311oi_4)
                                                         _061_ (net)
                      0.271992    0.000221    7.892690 ^ rebuffer6/A (sky130_fd_sc_hd__buf_6)
     3    0.019250    0.052206    0.162295    8.054985 ^ rebuffer6/X (sky130_fd_sc_hd__buf_6)
                                                         net75 (net)
                      0.052215    0.000675    8.055660 ^ _615_/S (sky130_fd_sc_hd__mux2_4)
     4    0.014054    0.065677    0.318980    8.374640 v _615_/X (sky130_fd_sc_hd__mux2_4)
                                                         _086_ (net)
                      0.065679    0.000483    8.375124 v _623_/A2 (sky130_fd_sc_hd__o22a_1)
     2    0.006907    0.064840    0.219320    8.594443 v _623_/X (sky130_fd_sc_hd__o22a_1)
                                                         _094_ (net)
                      0.064840    0.000198    8.594642 v _624_/B (sky130_fd_sc_hd__or4bb_4)
     4    0.016862    0.110055    0.559287    9.153929 v _624_/X (sky130_fd_sc_hd__or4bb_4)
                                                         _095_ (net)
                      0.110055    0.000295    9.154223 v _628_/A1 (sky130_fd_sc_hd__a21oi_4)
     3    0.012599    0.139329    0.174584    9.328807 ^ _628_/Y (sky130_fd_sc_hd__a21oi_4)
                                                         _099_ (net)
                      0.139329    0.000297    9.329104 ^ fanout29/A (sky130_fd_sc_hd__buf_6)
    10    0.036898    0.081984    0.158028    9.487132 ^ fanout29/X (sky130_fd_sc_hd__buf_6)
                                                         net29 (net)
                      0.082021    0.001622    9.488754 ^ _665_/S (sky130_fd_sc_hd__mux2_2)
     3    0.008531    0.063729    0.356840    9.845594 v _665_/X (sky130_fd_sc_hd__mux2_2)
                                                         _136_ (net)
                      0.063729    0.000154    9.845748 v _669_/A2 (sky130_fd_sc_hd__a21o_1)
     1    0.003290    0.035311    0.181175   10.026922 v _669_/X (sky130_fd_sc_hd__a21o_1)
                                                         _140_ (net)
                      0.035311    0.000083   10.027005 v _671_/A1 (sky130_fd_sc_hd__o211a_1)
     1    0.003320    0.041101    0.215338   10.242343 v _671_/X (sky130_fd_sc_hd__o211a_1)
                                                         _142_ (net)
                      0.041101    0.000110   10.242454 v _672_/B2 (sky130_fd_sc_hd__o221a_1)
     1    0.002536    0.043504    0.196575   10.439029 v _672_/X (sky130_fd_sc_hd__o221a_1)
                                                         _143_ (net)
                      0.043504    0.000052   10.439080 v _675_/A2 (sky130_fd_sc_hd__o21a_1)
     1    0.003537    0.038640    0.166199   10.605279 v _675_/X (sky130_fd_sc_hd__o21a_1)
                                                         _146_ (net)
                      0.038640    0.000094   10.605372 v _679_/A2 (sky130_fd_sc_hd__o21a_1)
     1    0.005456    0.047064    0.174024   10.779397 v _679_/X (sky130_fd_sc_hd__o21a_1)
                                                         _150_ (net)
                      0.047064    0.000203   10.779600 v _700_/B (sky130_fd_sc_hd__or3_4)
     1    0.008335    0.072158    0.371879   11.151478 v _700_/X (sky130_fd_sc_hd__or3_4)
                                                         net21 (net)
                      0.072158    0.000345   11.151823 v output21/A (sky130_fd_sc_hd__buf_8)
     1    0.035071    0.040450    0.146082   11.297905 v output21/X (sky130_fd_sc_hd__buf_8)
                                                         op_out[0] (net)
                      0.040486    0.001092   11.298997 v op_out[0] (out)
                                             11.298997   data arrival time

                      0.000000   10.000000   10.000000   clock __VIRTUAL_CLK__ (rise edge)
                                  0.000000   10.000000   clock network delay (ideal)
                                 -0.250000    9.750000   clock uncertainty
                                  0.000000    9.750000   clock reconvergence pessimism
                                 -2.000000    7.750000   output external delay
                                              7.750000   data required time
---------------------------------------------------------------------------------------------
                                              7.750000   data required time
                                            -11.298997   data arrival time
---------------------------------------------------------------------------------------------
                                             -3.548997   slack (VIOLATED)




===========================================================================
report_checks --slack_max -0.01
============================================================================
======================= nom_tt_025C_1v80 Corner ===================================

Startpoint: op_b[0] (input port clocked by __VIRTUAL_CLK__)
Endpoint: op_out[0] (output port clocked by __VIRTUAL_CLK__)
Path Group: __VIRTUAL_CLK__
Path Type: max

Fanout         Cap        Slew       Delay        Time   Description
---------------------------------------------------------------------------------------------
                      0.000000    0.000000    0.000000   clock __VIRTUAL_CLK__ (rise edge)
                                  0.000000    0.000000   clock network delay (ideal)
                                  2.000000    2.000000 ^ input external delay
     1    0.003403    0.022346    0.012440    2.012440 ^ op_b[0] (in)
                                                         op_b[0] (net)
                      0.022346    0.000000    2.012440 ^ input13/A (sky130_fd_sc_hd__clkbuf_2)
     4    0.021056    0.119817    0.150319    2.162759 ^ input13/X (sky130_fd_sc_hd__clkbuf_2)
                                                         net13 (net)
                      0.119828    0.000946    2.163705 ^ fanout66/A (sky130_fd_sc_hd__buf_4)
    10    0.034541    0.103306    0.183566    2.347271 ^ fanout66/X (sky130_fd_sc_hd__buf_4)
                                                         net66 (net)
                      0.103314    0.000985    2.348257 ^ fanout65/A (sky130_fd_sc_hd__clkbuf_4)
    10    0.030588    0.102337    0.198672    2.546928 ^ fanout65/X (sky130_fd_sc_hd__clkbuf_4)
                                                         net65 (net)
                      0.102337    0.000463    2.547391 ^ _458_/A (sky130_fd_sc_hd__inv_2)
     4    0.012119    0.043240    0.060771    2.608161 v _458_/Y (sky130_fd_sc_hd__inv_2)
                                                         _188_ (net)
                      0.043241    0.000234    2.608395 v fanout34/A (sky130_fd_sc_hd__clkbuf_4)
    10    0.043003    0.095416    0.194905    2.803301 v fanout34/X (sky130_fd_sc_hd__clkbuf_4)
                                                         net34 (net)
                      0.095435    0.001310    2.804610 v _472_/A1 (sky130_fd_sc_hd__o41ai_4)
     5    0.016631    0.370019    0.465644    3.270254 ^ _472_/Y (sky130_fd_sc_hd__o41ai_4)
                                                         _338_ (net)
                      0.370019    0.000391    3.270645 ^ _481_/A2 (sky130_fd_sc_hd__a211o_1)
     4    0.010771    0.104189    0.232122    3.502767 ^ _481_/X (sky130_fd_sc_hd__a211o_1)
                                                         _410_ (net)
                      0.104189    0.000214    3.502981 ^ _484_/A1 (sky130_fd_sc_hd__a21o_1)
     4    0.013888    0.126985    0.184680    3.687660 ^ _484_/X (sky130_fd_sc_hd__a21o_1)
                                                         _413_ (net)
                      0.126985    0.000204    3.687865 ^ _493_/A1 (sky130_fd_sc_hd__a211oi_2)
     3    0.009694    0.074719    0.101982    3.789846 v _493_/Y (sky130_fd_sc_hd__a211oi_2)
                                                         _422_ (net)
                      0.074720    0.000369    3.790215 v _503_/D (sky130_fd_sc_hd__or4_4)
     3    0.009028    0.092377    0.435279    4.225494 v _503_/X (sky130_fd_sc_hd__or4_4)
                                                         _432_ (net)
                      0.092377    0.000260    4.225754 v _507_/A1 (sky130_fd_sc_hd__a31o_1)
     2    0.008831    0.062926    0.218502    4.444256 v _507_/X (sky130_fd_sc_hd__a31o_1)
                                                         _436_ (net)
                      0.062926    0.000282    4.444538 v _509_/A2 (sky130_fd_sc_hd__a211o_4)
     3    0.015570    0.067381    0.360691    4.805229 v _509_/X (sky130_fd_sc_hd__a211o_4)
                                                         _438_ (net)
                      0.067381    0.000363    4.805593 v _515_/A2 (sky130_fd_sc_hd__a21oi_4)
     8    0.036799    0.287076    0.292017    5.097609 ^ _515_/Y (sky130_fd_sc_hd__a21oi_4)
                                                         _444_ (net)
                      0.287079    0.000751    5.098360 ^ _524_/S (sky130_fd_sc_hd__mux2_4)
     2    0.007593    0.056351    0.341994    5.440354 v _524_/X (sky130_fd_sc_hd__mux2_4)
                                                         _453_ (net)
                      0.056351    0.000243    5.440597 v _539_/A1 (sky130_fd_sc_hd__a221o_1)
     3    0.010162    0.087542    0.357434    5.798030 v _539_/X (sky130_fd_sc_hd__a221o_1)
                                                         _010_ (net)
                      0.087542    0.000282    5.798312 v _543_/A3 (sky130_fd_sc_hd__a311oi_2)
     4    0.012217    0.323566    0.378412    6.176724 ^ _543_/Y (sky130_fd_sc_hd__a311oi_2)
                                                         _014_ (net)
                      0.323566    0.000239    6.176963 ^ _572_/A (sky130_fd_sc_hd__or3_4)
     4    0.011486    0.051266    0.208840    6.385802 ^ _572_/X (sky130_fd_sc_hd__or3_4)
                                                         _043_ (net)
                      0.051267    0.000268    6.386071 ^ _574_/B (sky130_fd_sc_hd__and3_1)
     3    0.009096    0.103761    0.189357    6.575428 ^ _574_/X (sky130_fd_sc_hd__and3_1)
                                                         _045_ (net)
                      0.103761    0.000179    6.575606 ^ rebuffer9/A (sky130_fd_sc_hd__dlygate4sd3_1)
     1    0.003737    0.060798    0.560251    7.135858 ^ rebuffer9/X (sky130_fd_sc_hd__dlygate4sd3_1)
                                                         net78 (net)
                      0.060798    0.000126    7.135983 ^ _587_/B1 (sky130_fd_sc_hd__a21o_1)
     2    0.005268    0.058612    0.095241    7.231225 ^ _587_/X (sky130_fd_sc_hd__a21o_1)
                                                         _058_ (net)
                      0.058612    0.000150    7.231375 ^ _588_/C_N (sky130_fd_sc_hd__or3b_1)
     1    0.009256    0.100935    0.390886    7.622261 v _588_/X (sky130_fd_sc_hd__or3b_1)
                                                         _059_ (net)
                      0.100935    0.000338    7.622599 v _590_/A1 (sky130_fd_sc_hd__a311oi_4)
     2    0.011329    0.271992    0.269870    7.892469 ^ _590_/Y (sky130_fd_sc_hd__a311oi_4)
                                                         _061_ (net)
                      0.271992    0.000221    7.892690 ^ rebuffer6/A (sky130_fd_sc_hd__buf_6)
     3    0.019250    0.052206    0.162295    8.054985 ^ rebuffer6/X (sky130_fd_sc_hd__buf_6)
                                                         net75 (net)
                      0.052215    0.000675    8.055660 ^ _615_/S (sky130_fd_sc_hd__mux2_4)
     4    0.014054    0.065677    0.318980    8.374640 v _615_/X (sky130_fd_sc_hd__mux2_4)
                                                         _086_ (net)
                      0.065679    0.000483    8.375124 v _623_/A2 (sky130_fd_sc_hd__o22a_1)
     2    0.006907    0.064840    0.219320    8.594443 v _623_/X (sky130_fd_sc_hd__o22a_1)
                                                         _094_ (net)
                      0.064840    0.000198    8.594642 v _624_/B (sky130_fd_sc_hd__or4bb_4)
     4    0.016862    0.110055    0.559287    9.153929 v _624_/X (sky130_fd_sc_hd__or4bb_4)
                                                         _095_ (net)
                      0.110055    0.000295    9.154223 v _628_/A1 (sky130_fd_sc_hd__a21oi_4)
     3    0.012599    0.139329    0.174584    9.328807 ^ _628_/Y (sky130_fd_sc_hd__a21oi_4)
                                                         _099_ (net)
                      0.139329    0.000297    9.329104 ^ fanout29/A (sky130_fd_sc_hd__buf_6)
    10    0.036898    0.081984    0.158028    9.487132 ^ fanout29/X (sky130_fd_sc_hd__buf_6)
                                                         net29 (net)
                      0.082021    0.001622    9.488754 ^ _665_/S (sky130_fd_sc_hd__mux2_2)
     3    0.008531    0.063729    0.356840    9.845594 v _665_/X (sky130_fd_sc_hd__mux2_2)
                                                         _136_ (net)
                      0.063729    0.000154    9.845748 v _669_/A2 (sky130_fd_sc_hd__a21o_1)
     1    0.003290    0.035311    0.181175   10.026922 v _669_/X (sky130_fd_sc_hd__a21o_1)
                                                         _140_ (net)
                      0.035311    0.000083   10.027005 v _671_/A1 (sky130_fd_sc_hd__o211a_1)
     1    0.003320    0.041101    0.215338   10.242343 v _671_/X (sky130_fd_sc_hd__o211a_1)
                                                         _142_ (net)
                      0.041101    0.000110   10.242454 v _672_/B2 (sky130_fd_sc_hd__o221a_1)
     1    0.002536    0.043504    0.196575   10.439029 v _672_/X (sky130_fd_sc_hd__o221a_1)
                                                         _143_ (net)
                      0.043504    0.000052   10.439080 v _675_/A2 (sky130_fd_sc_hd__o21a_1)
     1    0.003537    0.038640    0.166199   10.605279 v _675_/X (sky130_fd_sc_hd__o21a_1)
                                                         _146_ (net)
                      0.038640    0.000094   10.605372 v _679_/A2 (sky130_fd_sc_hd__o21a_1)
     1    0.005456    0.047064    0.174024   10.779397 v _679_/X (sky130_fd_sc_hd__o21a_1)
                                                         _150_ (net)
                      0.047064    0.000203   10.779600 v _700_/B (sky130_fd_sc_hd__or3_4)
     1    0.008335    0.072158    0.371879   11.151478 v _700_/X (sky130_fd_sc_hd__or3_4)
                                                         net21 (net)
                      0.072158    0.000345   11.151823 v output21/A (sky130_fd_sc_hd__buf_8)
     1    0.035071    0.040450    0.146082   11.297905 v output21/X (sky130_fd_sc_hd__buf_8)
                                                         op_out[0] (net)
                      0.040486    0.001092   11.298997 v op_out[0] (out)
                                             11.298997   data arrival time

                      0.000000   10.000000   10.000000   clock __VIRTUAL_CLK__ (rise edge)
                                  0.000000   10.000000   clock network delay (ideal)
                                 -0.250000    9.750000   clock uncertainty
                                  0.000000    9.750000   clock reconvergence pessimism
                                 -2.000000    7.750000   output external delay
                                              7.750000   data required time
---------------------------------------------------------------------------------------------
                                              7.750000   data required time
                                            -11.298997   data arrival time
---------------------------------------------------------------------------------------------
                                             -3.548997   slack (VIOLATED)




===========================================================================
 report_check_types -max_slew -max_cap -max_fanout -violators
============================================================================
======================= nom_tt_025C_1v80 Corner ===================================



===========================================================================
report_parasitic_annotation -report_unannotated
============================================================================
Found 0 unannotated drivers.
Found 0 partially unannotated drivers.

===========================================================================
max slew violation count 0
Writing metric design__max_slew_violation__count__corner:nom_tt_025C_1v80: 0
max fanout violation count 0
Writing metric design__max_fanout_violation__count__corner:nom_tt_025C_1v80: 0
max cap violation count 0
Writing metric design__max_cap_violation__count__corner:nom_tt_025C_1v80: 0
============================================================================

===========================================================================
check_setup -verbose -unconstrained_endpoints -multiple_clock -no_clock -no_input_delay -loops -generated_clocks
===========================================================================
