
===========================================================================
report_checks -unconstrained
===========================================================================
======================= min_ff_n40C_1v95 Corner ===================================

Startpoint: op_b[0] (input port clocked by __VIRTUAL_CLK__)
Endpoint: op_out[0] (output port clocked by __VIRTUAL_CLK__)
Path Group: __VIRTUAL_CLK__
Path Type: max

Fanout         Cap        Slew       Delay        Time   Description
---------------------------------------------------------------------------------------------
                      0.000000    0.000000    0.000000   clock __VIRTUAL_CLK__ (rise edge)
                                  0.000000    0.000000   clock network delay (ideal)
                                  0.000000    0.000000 ^ input external delay
     1    0.002968    0.014514    0.007659    0.007659 ^ op_b[0] (in)
                                                         op_b[0] (net)
                      0.014514    0.000000    0.007659 ^ input13/A (sky130_fd_sc_hd__clkbuf_2)
     4    0.023560    0.101881    0.112125    0.119784 ^ input13/X (sky130_fd_sc_hd__clkbuf_2)
                                                         net13 (net)
                      0.101883    0.000393    0.120177 ^ fanout66/A (sky130_fd_sc_hd__buf_2)
    10    0.046856    0.172882    0.185479    0.305657 ^ fanout66/X (sky130_fd_sc_hd__buf_2)
                                                         net66 (net)
                      0.172882    0.000120    0.305777 ^ fanout65/A (sky130_fd_sc_hd__buf_2)
    10    0.039986    0.148416    0.178978    0.484755 ^ fanout65/X (sky130_fd_sc_hd__buf_2)
                                                         net65 (net)
                      0.148472    0.001031    0.485786 ^ _458_/A (sky130_fd_sc_hd__inv_2)
     4    0.013016    0.048716    0.040258    0.526044 v _458_/Y (sky130_fd_sc_hd__inv_2)
                                                         _188_ (net)
                      0.048716    0.000070    0.526114 v fanout35/A (sky130_fd_sc_hd__clkbuf_4)
    10    0.040579    0.064213    0.137124    0.663238 v fanout35/X (sky130_fd_sc_hd__clkbuf_4)
                                                         net35 (net)
                      0.064222    0.000775    0.664013 v _472_/A1 (sky130_fd_sc_hd__o41ai_4)
     5    0.015898    0.266956    0.312027    0.976040 ^ _472_/Y (sky130_fd_sc_hd__o41ai_4)
                                                         _338_ (net)
                      0.266956    0.000122    0.976162 ^ _481_/A2 (sky130_fd_sc_hd__a211o_1)
     4    0.012346    0.087216    0.138526    1.114687 ^ _481_/X (sky130_fd_sc_hd__a211o_1)
                                                         _410_ (net)
                      0.087216    0.000164    1.114851 ^ _484_/A2 (sky130_fd_sc_hd__a21o_1)
     4    0.012765    0.088677    0.120686    1.235537 ^ _484_/X (sky130_fd_sc_hd__a21o_1)
                                                         _413_ (net)
                      0.088677    0.000078    1.235615 ^ _493_/A1 (sky130_fd_sc_hd__a211oi_1)
     3    0.008193    0.059248    0.065963    1.301579 v _493_/Y (sky130_fd_sc_hd__a211oi_1)
                                                         _422_ (net)
                      0.059248    0.000094    1.301672 v _503_/D (sky130_fd_sc_hd__or4_1)
     3    0.008009    0.075917    0.253640    1.555312 v _503_/X (sky130_fd_sc_hd__or4_1)
                                                         _432_ (net)
                      0.075917    0.000066    1.555378 v _507_/A3 (sky130_fd_sc_hd__a31o_1)
     2    0.005928    0.036807    0.162884    1.718262 v _507_/X (sky130_fd_sc_hd__a31o_1)
                                                         _436_ (net)
                      0.036807    0.000062    1.718324 v _509_/A2 (sky130_fd_sc_hd__a211o_1)
     3    0.014588    0.069547    0.222958    1.941282 v _509_/X (sky130_fd_sc_hd__a211o_1)
                                                         _438_ (net)
                      0.069547    0.000133    1.941416 v _515_/A2 (sky130_fd_sc_hd__a21oi_4)
     8    0.037643    0.218853    0.218699    2.160114 ^ _515_/Y (sky130_fd_sc_hd__a21oi_4)
                                                         _444_ (net)
                      0.218857    0.000689    2.160803 ^ _524_/S (sky130_fd_sc_hd__mux2_1)
     2    0.008071    0.058616    0.217298    2.378101 v _524_/X (sky130_fd_sc_hd__mux2_1)
                                                         _453_ (net)
                      0.058616    0.000097    2.378197 v _539_/A2 (sky130_fd_sc_hd__a221o_1)
     3    0.009657    0.056097    0.213805    2.592003 v _539_/X (sky130_fd_sc_hd__a221o_1)
                                                         _010_ (net)
                      0.056097    0.000064    2.592067 v _544_/A3 (sky130_fd_sc_hd__a311o_1)
     5    0.015602    0.080705    0.271477    2.863544 v _544_/X (sky130_fd_sc_hd__a311o_1)
                                                         _015_ (net)
                      0.080705    0.000241    2.863785 v _571_/A1 (sky130_fd_sc_hd__a21o_1)
     4    0.011341    0.047948    0.139793    3.003578 v _571_/X (sky130_fd_sc_hd__a21o_1)
                                                         _042_ (net)
                      0.047948    0.000141    3.003719 v _574_/B (sky130_fd_sc_hd__and3_1)
     3    0.007311    0.040503    0.122503    3.126222 v _574_/X (sky130_fd_sc_hd__and3_1)
                                                         _045_ (net)
                      0.040503    0.000071    3.126293 v _585_/A (sky130_fd_sc_hd__or4_1)
     1    0.002531    0.051772    0.290983    3.417276 v _585_/X (sky130_fd_sc_hd__or4_1)
                                                         _056_ (net)
                      0.051772    0.000030    3.417306 v _586_/C (sky130_fd_sc_hd__or4b_1)
     1    0.008834    0.079574    0.297319    3.714625 v _586_/X (sky130_fd_sc_hd__or4b_1)
                                                         _057_ (net)
                      0.079574    0.000097    3.714721 v _590_/A2 (sky130_fd_sc_hd__a311oi_4)
     4    0.019775    0.264403    0.268928    3.983649 ^ _590_/Y (sky130_fd_sc_hd__a311oi_4)
                                                         _061_ (net)
                      0.264403    0.000351    3.984000 ^ max_cap30/A (sky130_fd_sc_hd__buf_6)
     5    0.026458    0.049543    0.099358    4.083359 ^ max_cap30/X (sky130_fd_sc_hd__buf_6)
                                                         net30 (net)
                      0.049543    0.000104    4.083463 ^ _619_/S (sky130_fd_sc_hd__mux2_2)
     5    0.021922    0.069926    0.241210    4.324673 v _619_/X (sky130_fd_sc_hd__mux2_2)
                                                         _090_ (net)
                      0.069929    0.000565    4.325239 v _620_/B (sky130_fd_sc_hd__xnor2_1)
     2    0.009687    0.177394    0.171964    4.497203 ^ _620_/Y (sky130_fd_sc_hd__xnor2_1)
                                                         _091_ (net)
                      0.177394    0.000085    4.497288 ^ _622_/D (sky130_fd_sc_hd__nand4_1)
     1    0.004600    0.071037    0.069213    4.566501 v _622_/Y (sky130_fd_sc_hd__nand4_1)
                                                         _093_ (net)
                      0.071037    0.000040    4.566542 v _627_/A3 (sky130_fd_sc_hd__o31a_1)
     4    0.018975    0.080988    0.208359    4.774900 v _627_/X (sky130_fd_sc_hd__o31a_1)
                                                         _098_ (net)
                      0.080988    0.000139    4.775040 v _628_/A2 (sky130_fd_sc_hd__a21oi_4)
     3    0.013721    0.109958    0.142242    4.917282 ^ _628_/Y (sky130_fd_sc_hd__a21oi_4)
                                                         _099_ (net)
                      0.109959    0.000130    4.917412 ^ fanout29/A (sky130_fd_sc_hd__clkbuf_4)
    10    0.041923    0.100853    0.160016    5.077428 ^ fanout29/X (sky130_fd_sc_hd__clkbuf_4)
                                                         net29 (net)
                      0.100855    0.000567    5.077995 ^ _665_/S (sky130_fd_sc_hd__mux2_1)
     3    0.008371    0.060017    0.215963    5.293958 v _665_/X (sky130_fd_sc_hd__mux2_1)
                                                         _136_ (net)
                      0.060017    0.000033    5.293991 v _669_/A2 (sky130_fd_sc_hd__a21o_1)
     1    0.003293    0.025508    0.121976    5.415967 v _669_/X (sky130_fd_sc_hd__a21o_1)
                                                         _140_ (net)
                      0.025508    0.000036    5.416002 v _671_/A2 (sky130_fd_sc_hd__o211a_1)
     1    0.002877    0.028221    0.122959    5.538961 v _671_/X (sky130_fd_sc_hd__o211a_1)
                                                         _142_ (net)
                      0.028221    0.000028    5.538989 v _672_/B2 (sky130_fd_sc_hd__o221a_1)
     1    0.003532    0.035472    0.122623    5.661612 v _672_/X (sky130_fd_sc_hd__o221a_1)
                                                         _143_ (net)
                      0.035472    0.000046    5.661658 v _675_/A2 (sky130_fd_sc_hd__o21a_1)
     1    0.002325    0.023458    0.100930    5.762588 v _675_/X (sky130_fd_sc_hd__o21a_1)
                                                         _146_ (net)
                      0.023458    0.000008    5.762596 v _679_/A1 (sky130_fd_sc_hd__o21a_1)
     1    0.007096    0.038212    0.125369    5.887965 v _679_/X (sky130_fd_sc_hd__o21a_1)
                                                         _150_ (net)
                      0.038212    0.000211    5.888176 v _700_/A (sky130_fd_sc_hd__or3_1)
     1    0.004350    0.049330    0.219079    6.107256 v _700_/X (sky130_fd_sc_hd__or3_1)
                                                         net21 (net)
                      0.049330    0.000075    6.107330 v output21/A (sky130_fd_sc_hd__buf_2)
     1    0.034336    0.062775    0.125249    6.232580 v output21/X (sky130_fd_sc_hd__buf_2)
                                                         op_out[0] (net)
                      0.062777    0.000391    6.232971 v op_out[0] (out)
                                              6.232971   data arrival time

                      0.000000   20.000000   20.000000   clock __VIRTUAL_CLK__ (rise edge)
                                  0.000000   20.000000   clock network delay (ideal)
                                 -0.250000   19.750002   clock uncertainty
                                  0.000000   19.750002   clock reconvergence pessimism
                                  0.000000   19.750002   output external delay
                                             19.750002   data required time
---------------------------------------------------------------------------------------------
                                             19.750002   data required time
                                             -6.232971   data arrival time
---------------------------------------------------------------------------------------------
                                             13.517031   slack (MET)




===========================================================================
report_checks --slack_max -0.01
============================================================================
======================= min_ff_n40C_1v95 Corner ===================================

No paths found.


===========================================================================
 report_check_types -max_slew -max_cap -max_fanout -violators
============================================================================
======================= min_ff_n40C_1v95 Corner ===================================



===========================================================================
report_parasitic_annotation -report_unannotated
============================================================================
Found 0 unannotated drivers.
Found 0 partially unannotated drivers.

===========================================================================
max slew violation count 0
max fanout violation count 0
max cap violation count 0
============================================================================

===========================================================================
check_setup -verbose -unconstrained_endpoints -multiple_clock -no_clock -no_input_delay -loops -generated_clocks
===========================================================================
