
===========================================================================
report_checks -unconstrained
===========================================================================
======================= max_ss_100C_1v60 Corner ===================================

Startpoint: op_b[4] (input port clocked by virtual_clk)
Endpoint: op_out[0] (output port clocked by virtual_clk)
Path Group: virtual_clk
Path Type: max

Fanout         Cap        Slew       Delay        Time   Description
---------------------------------------------------------------------------------------------
                      0.000000    0.000000    0.000000   clock virtual_clk (rise edge)
                                  0.000000    0.000000   clock network delay (ideal)
                                  2.000000    2.000000 v input external delay
     1    0.002294    0.000000    0.000000    2.000000 v op_b[4] (in)
                                                         op_b[4] (net)
                      0.000127    0.000063    2.000063 v input17/A (sky130_fd_sc_hd__buf_2)
     8    0.052819    0.239499    0.368336    2.368399 v input17/X (sky130_fd_sc_hd__buf_2)
                                                         net17 (net)
                      0.239515    0.002187    2.370586 v fanout35/A (sky130_fd_sc_hd__buf_4)
    16    0.080863    0.197121    0.461475    2.832060 v fanout35/X (sky130_fd_sc_hd__buf_4)
                                                         net35 (net)
                      0.197463    0.007234    2.839295 v _469_/B (sky130_fd_sc_hd__or4_4)
     6    0.026739    0.227555    1.186357    4.025651 v _469_/X (sky130_fd_sc_hd__or4_4)
                                                         _306_ (net)
                      0.227555    0.001621    4.027273 v _472_/A3 (sky130_fd_sc_hd__o41ai_4)
     5    0.017132    0.595129    0.717477    4.744750 ^ _472_/Y (sky130_fd_sc_hd__o41ai_4)
                                                         _338_ (net)
                      0.595129    0.000550    4.745300 ^ _481_/A1 (sky130_fd_sc_hd__a211o_1)
     4    0.013131    0.197811    0.530251    5.275551 ^ _481_/X (sky130_fd_sc_hd__a211o_1)
                                                         _410_ (net)
                      0.197812    0.000825    5.276376 ^ _484_/A2 (sky130_fd_sc_hd__a21o_1)
     4    0.013074    0.192341    0.361379    5.637755 ^ _484_/X (sky130_fd_sc_hd__a21o_1)
                                                         _413_ (net)
                      0.192341    0.000656    5.638412 ^ _493_/A1 (sky130_fd_sc_hd__a211oi_1)
     3    0.011664    0.233939    0.283807    5.922218 v _493_/Y (sky130_fd_sc_hd__a211oi_1)
                                                         _422_ (net)
                      0.233939    0.000621    5.922840 v _503_/D (sky130_fd_sc_hd__or4_1)
     3    0.008625    0.246357    1.116347    7.039186 v _503_/X (sky130_fd_sc_hd__or4_1)
                                                         _432_ (net)
                      0.246357    0.000409    7.039595 v _507_/A3 (sky130_fd_sc_hd__a31o_1)
     2    0.005292    0.087114    0.486475    7.526070 v _507_/X (sky130_fd_sc_hd__a31o_1)
                                                         _436_ (net)
                      0.087114    0.000261    7.526331 v _509_/A2 (sky130_fd_sc_hd__a211o_1)
     3    0.014856    0.184218    0.664007    8.190337 v _509_/X (sky130_fd_sc_hd__a211o_1)
                                                         _438_ (net)
                      0.184220    0.000978    8.191316 v _515_/A1 (sky130_fd_sc_hd__a21oi_4)
     8    0.039797    0.480467    0.508501    8.699816 ^ _515_/Y (sky130_fd_sc_hd__a21oi_4)
                                                         _444_ (net)
                      0.480478    0.001855    8.701671 ^ _524_/S (sky130_fd_sc_hd__mux2_1)
     2    0.008865    0.167240    0.903579    9.605250 v _524_/X (sky130_fd_sc_hd__mux2_1)
                                                         _453_ (net)
                      0.167240    0.000496    9.605746 v _539_/A2 (sky130_fd_sc_hd__a221o_1)
     3    0.011084    0.172617    0.767031   10.372777 v _539_/X (sky130_fd_sc_hd__a221o_1)
                                                         _010_ (net)
                      0.172617    0.000481   10.373258 v _544_/A3 (sky130_fd_sc_hd__a311o_1)
     5    0.015635    0.203197    0.814303   11.187561 v _544_/X (sky130_fd_sc_hd__a311o_1)
                                                         _015_ (net)
                      0.203197    0.000727   11.188288 v _571_/A1 (sky130_fd_sc_hd__a21o_1)
     4    0.012715    0.139065    0.420492   11.608780 v _571_/X (sky130_fd_sc_hd__a21o_1)
                                                         _042_ (net)
                      0.139067    0.000675   11.609455 v _574_/B (sky130_fd_sc_hd__and3_1)
     3    0.007840    0.111778    0.410487   12.019942 v _574_/X (sky130_fd_sc_hd__and3_1)
                                                         _045_ (net)
                      0.111778    0.000455   12.020396 v _585_/A (sky130_fd_sc_hd__or4_1)
     1    0.003584    0.187305    1.234818   13.255214 v _585_/X (sky130_fd_sc_hd__or4_1)
                                                         _056_ (net)
                      0.187305    0.000244   13.255459 v _586_/C (sky130_fd_sc_hd__or4b_1)
     1    0.009073    0.251008    1.249599   14.505057 v _586_/X (sky130_fd_sc_hd__or4b_1)
                                                         _057_ (net)
                      0.251008    0.000688   14.505746 v _590_/A1 (sky130_fd_sc_hd__a311oi_4)
     8    0.036077    0.781160    0.780957   15.286702 ^ _590_/Y (sky130_fd_sc_hd__a311oi_4)
                                                         _061_ (net)
                      0.781161    0.001011   15.287713 ^ _615_/S (sky130_fd_sc_hd__mux2_1)
     4    0.018365    0.243071    1.059767   16.347481 v _615_/X (sky130_fd_sc_hd__mux2_1)
                                                         _086_ (net)
                      0.243072    0.001236   16.348717 v _616_/B (sky130_fd_sc_hd__and2_1)
     3    0.007946    0.109075    0.443578   16.792294 v _616_/X (sky130_fd_sc_hd__and2_1)
                                                         _087_ (net)
                      0.109075    0.000426   16.792721 v _624_/A (sky130_fd_sc_hd__or4bb_2)
     4    0.020013    0.322099    1.688417   18.481136 v _624_/X (sky130_fd_sc_hd__or4bb_2)
                                                         _095_ (net)
                      0.322099    0.001236   18.482374 v _628_/A1 (sky130_fd_sc_hd__a21oi_4)
    12    0.049024    0.572297    0.636680   19.119053 ^ _628_/Y (sky130_fd_sc_hd__a21oi_4)
                                                         _099_ (net)
                      0.572348    0.004466   19.123520 ^ _665_/S (sky130_fd_sc_hd__mux2_1)
     3    0.008504    0.163571    0.924153   20.047672 v _665_/X (sky130_fd_sc_hd__mux2_1)
                                                         _136_ (net)
                      0.163571    0.000266   20.047939 v _669_/A2 (sky130_fd_sc_hd__a21o_1)
     1    0.002669    0.058631    0.350870   20.398809 v _669_/X (sky130_fd_sc_hd__a21o_1)
                                                         _140_ (net)
                      0.058631    0.000190   20.398998 v _671_/A2 (sky130_fd_sc_hd__o211a_1)
     1    0.004191    0.084256    0.384910   20.783909 v _671_/X (sky130_fd_sc_hd__o211a_1)
                                                         _142_ (net)
                      0.084256    0.000316   20.784225 v _672_/B2 (sky130_fd_sc_hd__o221a_1)
     1    0.002646    0.089628    0.394920   21.179144 v _672_/X (sky130_fd_sc_hd__o221a_1)
                                                         _143_ (net)
                      0.089628    0.000194   21.179338 v _675_/A2 (sky130_fd_sc_hd__o21a_1)
     1    0.003573    0.072294    0.322080   21.501419 v _675_/X (sky130_fd_sc_hd__o21a_1)
                                                         _146_ (net)
                      0.072294    0.000245   21.501663 v _679_/A1 (sky130_fd_sc_hd__o21a_1)
     1    0.006872    0.100568    0.373746   21.875408 v _679_/X (sky130_fd_sc_hd__o21a_1)
                                                         _150_ (net)
                      0.100568    0.000437   21.875845 v _700_/A (sky130_fd_sc_hd__or3_1)
     1    0.003832    0.147139    0.869187   22.745033 v _700_/X (sky130_fd_sc_hd__or3_1)
                                                         net21 (net)
                      0.147139    0.000268   22.745302 v output21/A (sky130_fd_sc_hd__buf_1)
     1    0.001200    0.035312    0.180652   22.925953 v output21/X (sky130_fd_sc_hd__buf_1)
                                                         op_out[0] (net)
                      0.035312    0.000032   22.925985 v op_out[0] (out)
                                             22.925985   data arrival time

                      0.000000   25.000000   25.000000   clock virtual_clk (rise edge)
                                  0.000000   25.000000   clock network delay (ideal)
                                  0.000000   25.000000   clock reconvergence pessimism
                                 -2.000000   22.999998   output external delay
                                             22.999998   data required time
---------------------------------------------------------------------------------------------
                                             22.999998   data required time
                                            -22.925985   data arrival time
---------------------------------------------------------------------------------------------
                                              0.074014   slack (MET)




===========================================================================
report_checks --slack_max -0.01
============================================================================
======================= max_ss_100C_1v60 Corner ===================================

No paths found.


===========================================================================
 report_check_types -max_slew -max_cap -max_fanout -violators
============================================================================
======================= max_ss_100C_1v60 Corner ===================================



===========================================================================
report_parasitic_annotation -report_unannotated
============================================================================
Found 0 unannotated drivers.
Found 0 partially unannotated drivers.

===========================================================================
max slew violation count 0
max fanout violation count 0
max cap violation count 0
============================================================================

===========================================================================
check_setup -verbose -unconstrained_endpoints -multiple_clock -no_clock -no_input_delay -loops -generated_clocks
===========================================================================
