
===========================================================================
report_checks -unconstrained
===========================================================================
======================= nom_ff_n40C_1v95 Corner ===================================

Startpoint: op_b[4] (input port clocked by virtual_clk)
Endpoint: op_out[0] (output port clocked by virtual_clk)
Path Group: virtual_clk
Path Type: max

Fanout         Cap        Slew       Delay        Time   Description
---------------------------------------------------------------------------------------------
                      0.000000    0.000000    0.000000   clock virtual_clk (rise edge)
                                  0.000000    0.000000   clock network delay (ideal)
                                  2.000000    2.000000 v input external delay
     1    0.002345    0.000000    0.000000    2.000000 v op_b[4] (in)
                                                         op_b[4] (net)
                      0.000059    0.000030    2.000030 v input17/A (sky130_fd_sc_hd__buf_2)
     8    0.049711    0.084352    0.123046    2.123076 v input17/X (sky130_fd_sc_hd__buf_2)
                                                         net17 (net)
                      0.084362    0.000795    2.123871 v fanout35/A (sky130_fd_sc_hd__buf_4)
    16    0.077506    0.074554    0.163266    2.287137 v fanout35/X (sky130_fd_sc_hd__buf_4)
                                                         net35 (net)
                      0.074889    0.003689    2.290826 v _469_/B (sky130_fd_sc_hd__or4_4)
     6    0.025982    0.083526    0.355716    2.646542 v _469_/X (sky130_fd_sc_hd__or4_4)
                                                         _306_ (net)
                      0.083549    0.000693    2.647236 v _472_/A3 (sky130_fd_sc_hd__o41ai_4)
     5    0.016970    0.275852    0.285792    2.933028 ^ _472_/Y (sky130_fd_sc_hd__o41ai_4)
                                                         _338_ (net)
                      0.275852    0.000220    2.933247 ^ _481_/A1 (sky130_fd_sc_hd__a211o_1)
     4    0.012885    0.090900    0.136960    3.070207 ^ _481_/X (sky130_fd_sc_hd__a211o_1)
                                                         _410_ (net)
                      0.090900    0.000353    3.070560 ^ _484_/A2 (sky130_fd_sc_hd__a21o_1)
     4    0.012817    0.089065    0.121386    3.191947 ^ _484_/X (sky130_fd_sc_hd__a21o_1)
                                                         _413_ (net)
                      0.089065    0.000264    3.192211 ^ _493_/A1 (sky130_fd_sc_hd__a211oi_1)
     3    0.011113    0.069465    0.076261    3.268471 v _493_/Y (sky130_fd_sc_hd__a211oi_1)
                                                         _422_ (net)
                      0.069467    0.000309    3.268780 v _503_/D (sky130_fd_sc_hd__or4_1)
     3    0.008399    0.077794    0.259083    3.527863 v _503_/X (sky130_fd_sc_hd__or4_1)
                                                         _432_ (net)
                      0.077794    0.000163    3.528026 v _507_/A3 (sky130_fd_sc_hd__a31o_1)
     2    0.005180    0.034623    0.160978    3.689004 v _507_/X (sky130_fd_sc_hd__a31o_1)
                                                         _436_ (net)
                      0.034623    0.000100    3.689104 v _509_/A2 (sky130_fd_sc_hd__a211o_1)
     3    0.014497    0.069374    0.221804    3.910908 v _509_/X (sky130_fd_sc_hd__a211o_1)
                                                         _438_ (net)
                      0.069375    0.000395    3.911303 v _515_/A1 (sky130_fd_sc_hd__a21oi_4)
     8    0.039254    0.226353    0.211703    4.123005 ^ _515_/Y (sky130_fd_sc_hd__a21oi_4)
                                                         _444_ (net)
                      0.226358    0.000867    4.123873 ^ _524_/S (sky130_fd_sc_hd__mux2_1)
     2    0.008526    0.060648    0.219267    4.343140 v _524_/X (sky130_fd_sc_hd__mux2_1)
                                                         _453_ (net)
                      0.060648    0.000215    4.343356 v _539_/A2 (sky130_fd_sc_hd__a221o_1)
     3    0.010749    0.058891    0.218423    4.561778 v _539_/X (sky130_fd_sc_hd__a221o_1)
                                                         _010_ (net)
                      0.058891    0.000190    4.561968 v _544_/A3 (sky130_fd_sc_hd__a311o_1)
     5    0.015177    0.079434    0.271067    4.833035 v _544_/X (sky130_fd_sc_hd__a311o_1)
                                                         _015_ (net)
                      0.079434    0.000274    4.833310 v _571_/A1 (sky130_fd_sc_hd__a21o_1)
     4    0.012533    0.051275    0.142154    4.975463 v _571_/X (sky130_fd_sc_hd__a21o_1)
                                                         _042_ (net)
                      0.051276    0.000300    4.975763 v _574_/B (sky130_fd_sc_hd__and3_1)
     3    0.007843    0.042228    0.125417    5.101181 v _574_/X (sky130_fd_sc_hd__and3_1)
                                                         _045_ (net)
                      0.042228    0.000169    5.101350 v _585_/A (sky130_fd_sc_hd__or4_1)
     1    0.003473    0.056740    0.298530    5.399879 v _585_/X (sky130_fd_sc_hd__or4_1)
                                                         _056_ (net)
                      0.056740    0.000118    5.399998 v _586_/C (sky130_fd_sc_hd__or4b_1)
     1    0.008855    0.079759    0.298703    5.698701 v _586_/X (sky130_fd_sc_hd__or4b_1)
                                                         _057_ (net)
                      0.079759    0.000266    5.698967 v _590_/A1 (sky130_fd_sc_hd__a311oi_4)
     8    0.036465    0.380827    0.322764    6.021732 ^ _590_/Y (sky130_fd_sc_hd__a311oi_4)
                                                         _061_ (net)
                      0.380827    0.000753    6.022484 ^ _593_/S (sky130_fd_sc_hd__mux2_1)
     3    0.011188    0.069308    0.226694    6.249178 v _593_/X (sky130_fd_sc_hd__mux2_1)
                                                         _064_ (net)
                      0.069308    0.000312    6.249490 v _610_/B (sky130_fd_sc_hd__xor2_1)
     4    0.011233    0.189009    0.180854    6.430345 ^ _610_/X (sky130_fd_sc_hd__xor2_1)
                                                         _081_ (net)
                      0.189010    0.000349    6.430693 ^ _624_/C_N (sky130_fd_sc_hd__or4bb_2)
     4    0.019352    0.099149    0.401989    6.832682 v _624_/X (sky130_fd_sc_hd__or4bb_2)
                                                         _095_ (net)
                      0.099151    0.000560    6.833242 v _628_/A1 (sky130_fd_sc_hd__a21oi_4)
    12    0.048727    0.270426    0.254487    7.087729 ^ _628_/Y (sky130_fd_sc_hd__a21oi_4)
                                                         _099_ (net)
                      0.270447    0.001934    7.089662 ^ _665_/S (sky130_fd_sc_hd__mux2_1)
     3    0.008292    0.059689    0.218733    7.308395 v _665_/X (sky130_fd_sc_hd__mux2_1)
                                                         _136_ (net)
                      0.059689    0.000109    7.308505 v _669_/A2 (sky130_fd_sc_hd__a21o_1)
     1    0.002595    0.023263    0.118772    7.427276 v _669_/X (sky130_fd_sc_hd__a21o_1)
                                                         _140_ (net)
                      0.023263    0.000075    7.427352 v _671_/A2 (sky130_fd_sc_hd__o211a_1)
     1    0.004021    0.032150    0.127671    7.555023 v _671_/X (sky130_fd_sc_hd__o211a_1)
                                                         _142_ (net)
                      0.032150    0.000127    7.555150 v _672_/B2 (sky130_fd_sc_hd__o221a_1)
     1    0.002592    0.031968    0.119257    7.674407 v _672_/X (sky130_fd_sc_hd__o221a_1)
                                                         _143_ (net)
                      0.031968    0.000073    7.674480 v _675_/A2 (sky130_fd_sc_hd__o21a_1)
     1    0.003461    0.027095    0.104732    7.779212 v _675_/X (sky130_fd_sc_hd__o21a_1)
                                                         _146_ (net)
                      0.027096    0.000106    7.779318 v _679_/A1 (sky130_fd_sc_hd__o21a_1)
     1    0.006895    0.037566    0.126000    7.905317 v _679_/X (sky130_fd_sc_hd__o21a_1)
                                                         _150_ (net)
                      0.037567    0.000266    7.905583 v _700_/A (sky130_fd_sc_hd__or3_1)
     1    0.003769    0.047370    0.216016    8.121599 v _700_/X (sky130_fd_sc_hd__or3_1)
                                                         net21 (net)
                      0.047370    0.000123    8.121722 v output21/A (sky130_fd_sc_hd__buf_1)
     1    0.001144    0.012942    0.056890    8.178613 v output21/X (sky130_fd_sc_hd__buf_1)
                                                         op_out[0] (net)
                      0.012942    0.000014    8.178627 v op_out[0] (out)
                                              8.178627   data arrival time

                      0.000000   25.000000   25.000000   clock virtual_clk (rise edge)
                                  0.000000   25.000000   clock network delay (ideal)
                                  0.000000   25.000000   clock reconvergence pessimism
                                 -2.000000   22.999998   output external delay
                                             22.999998   data required time
---------------------------------------------------------------------------------------------
                                             22.999998   data required time
                                             -8.178627   data arrival time
---------------------------------------------------------------------------------------------
                                             14.821372   slack (MET)




===========================================================================
report_checks --slack_max -0.01
============================================================================
======================= nom_ff_n40C_1v95 Corner ===================================

No paths found.


===========================================================================
 report_check_types -max_slew -max_cap -max_fanout -violators
============================================================================
======================= nom_ff_n40C_1v95 Corner ===================================



===========================================================================
report_parasitic_annotation -report_unannotated
============================================================================
Found 0 unannotated drivers.
Found 0 partially unannotated drivers.

===========================================================================
max slew violation count 0
max fanout violation count 0
max cap violation count 0
============================================================================

===========================================================================
check_setup -verbose -unconstrained_endpoints -multiple_clock -no_clock -no_input_delay -loops -generated_clocks
===========================================================================
